
> isl-lang-monorepo@1.0.0 build C:\Users\mevla\OneDrive\Desktop\projects\IntentOS
> turbo build

ΓÇó turbo 2.8.1
ΓÇó Packages in scope: @demos/verification-demo, @isl-demos/5280-remodeling-landing, @isl-demos/e2e-login, @isl-demos/spec-assist, @isl-lang/adapters, @isl-lang/agent-os, @isl-lang/ai-copilot, @isl-lang/ai-generator, @isl-lang/api-gateway, @isl-lang/api-generator, @isl-lang/api-versioning, @isl-lang/audit-viewer, @isl-lang/autofix, @isl-lang/build-runner, @isl-lang/ci-docker, @isl-lang/circuit-breaker, @isl-lang/claims-verifier, @isl-lang/cli-ux, @isl-lang/codegen, @isl-lang/codegen-client, @isl-lang/codegen-core, @isl-lang/codegen-csharp, @isl-lang/codegen-db, @isl-lang/codegen-docs, @isl-lang/codegen-edge, @isl-lang/codegen-go, @isl-lang/codegen-graphql, @isl-lang/codegen-grpc, @isl-lang/codegen-harness, @isl-lang/codegen-jvm, @isl-lang/codegen-k8s, @isl-lang/codegen-kubernetes, @isl-lang/codegen-loadtest, @isl-lang/codegen-migrations, @isl-lang/codegen-mocks, @isl-lang/codegen-openapi, @isl-lang/codegen-pipelines, @isl-lang/codegen-property-tests, @isl-lang/codegen-python, @isl-lang/codegen-python-advanced, @isl-lang/codegen-runtime, @isl-lang/codegen-rust, @isl-lang/codegen-sdk, @isl-lang/codegen-terraform, @isl-lang/codegen-tests, @isl-lang/codegen-types, @isl-lang/codegen-ui, @isl-lang/codegen-validators, @isl-lang/codegen-wasm, @isl-lang/comparator, @isl-lang/compliance, @isl-lang/contract-testing, @isl-lang/contracts, @isl-lang/core, @isl-lang/coverage, @isl-lang/dashboard-api, @isl-lang/dashboard-web, @isl-lang/datadog, @isl-lang/db-generator, @isl-lang/db-reality-verifier, @isl-lang/dependency-analyzer, @isl-lang/diff-viewer, @isl-lang/distributed, @isl-lang/distributed-tracing, @isl-lang/docs, @isl-lang/docs-advanced, @isl-lang/e2e-tests, @isl-lang/edge-runtime, @isl-lang/effect-handlers, @isl-lang/effect-system, @isl-lang/effects, @isl-lang/env-reality-checker, @isl-lang/error-catalog, @isl-lang/errors, @isl-lang/evaluator, @isl-lang/event-sourcing, @isl-lang/evidence, @isl-lang/evidence-html, @isl-lang/evidence-schema, @isl-lang/expression-compiler, @isl-lang/fake-success-ui-detector, @isl-lang/feature-flags, @isl-lang/firewall, @isl-lang/flagship-demo, @isl-lang/formal-verification, @isl-lang/fuzzer, @isl-lang/gate, @isl-lang/gate-action, @isl-lang/generator, @isl-lang/generator-sdk, @isl-lang/github-action, @isl-lang/github-action-gate, @isl-lang/github-app, @isl-lang/grafana, @isl-lang/graphql-codegen, @isl-lang/hallucination-scanner, @isl-lang/healer, @isl-lang/health-check, @isl-lang/import-resolver, @isl-lang/inference, @isl-lang/intent-translator, @isl-lang/interpreter, @isl-lang/isl-ai, @isl-lang/isl-cli, @isl-lang/isl-compiler, @isl-lang/isl-core, @isl-lang/isl-coverage, @isl-lang/isl-discovery, @isl-lang/isl-federation, @isl-lang/isl-lsp, @isl-lang/isl-policy-engine, @isl-lang/isl-runtime, @isl-lang/isl-ship, @isl-lang/isl-smt, @isl-lang/isl-stdlib, @isl-lang/isl-verify, @isl-lang/islstudio, @isl-lang/java-resolver, @isl-lang/language-server, @isl-lang/lsp, @isl-lang/lsp-core, @isl-lang/lsp-server, @isl-lang/marketplace-api, @isl-lang/marketplace-web, @isl-lang/mcp-server, @isl-lang/migration-tools, @isl-lang/migrations, @isl-lang/mock-detector, @isl-lang/mock-server, @isl-lang/multi-tenant, @isl-lang/mutation-testing, @isl-lang/observability, @isl-lang/opentelemetry, @isl-lang/parser, @isl-lang/patch-engine, @isl-lang/pbt, @isl-lang/phantom-dependency-scanner, @isl-lang/pipeline, @isl-lang/playground, @isl-lang/policy-engine, @isl-lang/policy-packs, @isl-lang/postconditions, @isl-lang/private-registry, @isl-lang/prometheus, @isl-lang/proof, @isl-lang/prover, @isl-lang/reality-probe, @isl-lang/registry-client, @isl-lang/repl, @isl-lang/runtime, @isl-lang/runtime-adapters, @isl-lang/runtime-interpreter, @isl-lang/runtime-sdk, @isl-lang/runtime-universal, @isl-lang/runtime-verify, @isl-lang/schema-evolution, @isl-lang/sdk-react-native, @isl-lang/sdk-typescript, @isl-lang/sdk-web, @isl-lang/secrets-hygiene, @isl-lang/security-policies, @isl-lang/security-scanner, @isl-lang/security-verifier-enhancer, @isl-lang/semantic-analysis, @isl-lang/semantics, @isl-lang/sentry, @isl-lang/shipgate-metrics, @isl-lang/simulator, @isl-lang/slack-bot, @isl-lang/snapshot-testing, @isl-lang/solver-z3-wasm, @isl-lang/spec-assist, @isl-lang/spec-federation, @isl-lang/spec-reviewer, @isl-lang/state-machine, @isl-lang/static-analyzer, @isl-lang/stdlib-actors, @isl-lang/stdlib-ai, @isl-lang/stdlib-analytics, @isl-lang/stdlib-api, @isl-lang/stdlib-audit, @isl-lang/stdlib-auth, @isl-lang/stdlib-billing, @isl-lang/stdlib-cache, @isl-lang/stdlib-core, @isl-lang/stdlib-database, @isl-lang/stdlib-distributed, @isl-lang/stdlib-email, @isl-lang/stdlib-events, @isl-lang/stdlib-files, @isl-lang/stdlib-http, @isl-lang/stdlib-idempotency, @isl-lang/stdlib-messaging, @isl-lang/stdlib-ml, @isl-lang/stdlib-notifications, @isl-lang/stdlib-observability, @isl-lang/stdlib-payments, @isl-lang/stdlib-queue, @isl-lang/stdlib-rate-limit, @isl-lang/stdlib-realtime, @isl-lang/stdlib-runtime, @isl-lang/stdlib-saas, @isl-lang/stdlib-scheduling, @isl-lang/stdlib-search, @isl-lang/stdlib-time, @isl-lang/stdlib-workflow, @isl-lang/streaming, @isl-lang/test-generator, @isl-lang/test-runtime, @isl-lang/test-runtime-legacy, @isl-lang/trace-format, @isl-lang/trace-viewer, @isl-lang/translator, @isl-lang/trust-score, @isl-lang/truthpack-v2, @isl-lang/typechecker, @isl-lang/ui-generator, @isl-lang/verified-build, @isl-lang/verifier, @isl-lang/verifier-chaos, @isl-lang/verifier-formal, @isl-lang/verifier-runtime, @isl-lang/verifier-sandbox, @isl-lang/verifier-security, @isl-lang/verifier-temporal, @isl-lang/verify-pipeline, @isl-lang/versioner, @isl-lang/visual-editor, @isl/samples, @shipgate/sdk, chaos-checkout-demo, checkout-api, evaluator-demo, isl-demo, islstudio-hello-gate, playwright-showcase, reality-probe-demo, repo-isl-verified, repo-isl-violation, safe-ai-demo, shipgate, shipgate-isl, vscode-islstudio
ΓÇó Running build in 243 packages
ΓÇó Remote caching disabled
@isl-lang/java-resolver:build: cache hit, replaying logs 39414932bb368fd6
@isl-lang/java-resolver:build: 
@isl-lang/java-resolver:build: > @isl-lang/java-resolver@0.1.0 build C:\Users\mevla\OneDrive\Desktop\projects\IntentOS\packages\java-resolver
@isl-lang/java-resolver:build: > tsup src/index.ts --format esm --dts --clean
@isl-lang/java-resolver:build: 
@isl-lang/java-resolver:build: [34mCLI[39m Building entry: src/index.ts
@isl-lang/java-resolver:build: [34mCLI[39m Using tsconfig: tsconfig.json
@isl-lang/java-resolver:build: [34mCLI[39m tsup v8.5.1
@isl-lang/java-resolver:build: [34mCLI[39m Target: es2022
@isl-lang/java-resolver:build: [34mCLI[39m Cleaning output folder
@isl-lang/java-resolver:build: [34mESM[39m Build start
@isl-lang/java-resolver:build: [32mESM[39m [1mdist\index.js [22m[32m2.68 KB[39m
@isl-lang/java-resolver:build: [32mESM[39m ΓÜí∩╕Å Build success in 544ms
@isl-lang/java-resolver:build: [34mDTS[39m Build start
@isl-lang/java-resolver:build: [32mDTS[39m ΓÜí∩╕Å Build success in 5265ms
@isl-lang/java-resolver:build: [32mDTS[39m [1mdist\index.d.ts [22m[32m2.37 KB[39m
@isl-lang/shipgate-metrics:build: cache hit, replaying logs 29dfa9a97048f132
@isl-lang/shipgate-metrics:build: 
@isl-lang/shipgate-metrics:build: > @isl-lang/shipgate-metrics@0.1.0 build C:\Users\mevla\OneDrive\Desktop\projects\IntentOS\packages\shipgate-metrics
@isl-lang/shipgate-metrics:build: > tsup src/index.ts --format esm --dts --clean
@isl-lang/shipgate-metrics:build: 
@isl-lang/shipgate-metrics:build: [34mCLI[39m Building entry: src/index.ts
@isl-lang/shipgate-metrics:build: [34mCLI[39m Using tsconfig: tsconfig.json
@isl-lang/shipgate-metrics:build: [34mCLI[39m tsup v8.5.1
@isl-lang/shipgate-metrics:build: [34mCLI[39m Target: es2022
@isl-lang/shipgate-metrics:build: [34mCLI[39m Cleaning output folder
@isl-lang/shipgate-metrics:build: [34mESM[39m Build start
@isl-lang/shipgate-metrics:build: [32mESM[39m [1mdist\index.js [22m[32m3.76 KB[39m
@isl-lang/shipgate-metrics:build: [32mESM[39m ΓÜí∩╕Å Build success in 603ms
@isl-lang/shipgate-metrics:build: [34mDTS[39m Build start
@isl-lang/shipgate-metrics:build: [32mDTS[39m ΓÜí∩╕Å Build success in 5097ms
@isl-lang/shipgate-metrics:build: [32mDTS[39m [1mdist\index.d.ts [22m[32m1.54 KB[39m
@isl-lang/runtime-interpreter:build: cache hit, replaying logs a8a2bdccfdff88d8
@isl-lang/runtime-interpreter:build: 
@isl-lang/runtime-interpreter:build: > @isl-lang/runtime-interpreter@1.0.0 build C:\Users\mevla\OneDrive\Desktop\projects\IntentOS\packages\runtime-interpreter
@isl-lang/runtime-interpreter:build: > tsup
@isl-lang/runtime-interpreter:build: 
@isl-lang/runtime-interpreter:build: [34mCLI[39m Building entry: src/index.ts
@isl-lang/runtime-interpreter:build: [34mCLI[39m Using tsconfig: tsconfig.json
@isl-lang/runtime-interpreter:build: [34mCLI[39m tsup v8.5.1
@isl-lang/runtime-interpreter:build: [34mCLI[39m Using tsup config: C:\Users\mevla\OneDrive\Desktop\projects\IntentOS\packages\runtime-interpreter\tsup.config.ts
@isl-lang/runtime-interpreter:build: [34mCLI[39m Target: es2022
@isl-lang/runtime-interpreter:build: [34mCLI[39m Cleaning output folder
@isl-lang/runtime-interpreter:build: [34mESM[39m Build start
@isl-lang/runtime-interpreter:build: [34mCJS[39m Build start
@isl-lang/runtime-interpreter:build: [34mDTS[39m Build start
@isl-lang/runtime-interpreter:build: [32mESM[39m [1mdist\index.js     [22m[32m71.44 KB[39m
@isl-lang/runtime-interpreter:build: [32mESM[39m [1mdist\index.js.map [22m[32m196.02 KB[39m
@isl-lang/runtime-interpreter:build: [32mESM[39m ΓÜí∩╕Å Build success in 1922ms
@isl-lang/runtime-interpreter:build: [32mCJS[39m [1mdist\index.cjs     [22m[32m72.39 KB[39m
@isl-lang/runtime-interpreter:build: [32mCJS[39m [1mdist\index.cjs.map [22m[32m196.03 KB[39m
@isl-lang/runtime-interpreter:build: [32mCJS[39m ΓÜí∩╕Å Build success in 1921ms
@isl-lang/runtime-interpreter:build: [32mDTS[39m ΓÜí∩╕Å Build success in 7124ms
@isl-lang/runtime-interpreter:build: [32mDTS[39m [1mdist\index.d.ts  [22m[32m19.88 KB[39m
@isl-lang/runtime-interpreter:build: [32mDTS[39m [1mdist\index.d.cts [22m[32m19.88 KB[39m
@isl-lang/effect-handlers:build: cache hit, replaying logs 7285fc7dbfeb9a93
@isl-lang/effect-handlers:build: 
@isl-lang/effect-handlers:build: > @isl-lang/effect-handlers@1.0.0 build C:\Users\mevla\OneDrive\Desktop\projects\IntentOS\packages\effect-handlers
@isl-lang/effect-handlers:build: > echo 'Skipping build - package has known issues'
@isl-lang/effect-handlers:build: 
@isl-lang/effect-handlers:build: 'Skipping build - package has known issues'
vscode-islstudio:build: cache hit, replaying logs 04705c4af4d8ec69
vscode-islstudio:build: 
vscode-islstudio:build: > vscode-islstudio@1.0.0 build C:\Users\mevla\OneDrive\Desktop\projects\IntentOS\packages\vscode-islstudio
vscode-islstudio:build: > tsup
vscode-islstudio:build: 
vscode-islstudio:build: [34mCLI[39m Building entry: src/extension.ts
vscode-islstudio:build: [34mCLI[39m Using tsconfig: tsconfig.json
vscode-islstudio:build: [34mCLI[39m tsup v8.5.1
vscode-islstudio:build: [34mCLI[39m Using tsup config: C:\Users\mevla\OneDrive\Desktop\projects\IntentOS\packages\vscode-islstudio\tsup.config.ts
vscode-islstudio:build: [34mCLI[39m Target: es2022
vscode-islstudio:build: [34mCLI[39m Cleaning output folder
vscode-islstudio:build: [34mCJS[39m Build start
vscode-islstudio:build: [32mCJS[39m [1mdist\extension.cjs [22m[32m236.26 KB[39m
vscode-islstudio:build: [32mCJS[39m ΓÜí∩╕Å Build success in 907ms
@isl-lang/codegen-sdk:build: cache hit, replaying logs d7f69d1954fbe9b8
@isl-lang/codegen-sdk:build: 
@isl-lang/codegen-sdk:build: > @isl-lang/codegen-sdk@0.1.0 build C:\Users\mevla\OneDrive\Desktop\projects\IntentOS\packages\codegen-sdk
@isl-lang/codegen-sdk:build: > tsc
@isl-lang/codegen-sdk:build: 
@isl-lang/marketplace-web:build: cache hit, replaying logs 46f1dc33dac3f30d
@isl-lang/marketplace-web:build: 
@isl-lang/marketplace-web:build: > @isl-lang/marketplace-web@0.1.0 build C:\Users\mevla\OneDrive\Desktop\projects\IntentOS\packages\marketplace-web
@isl-lang/marketplace-web:build: > echo 'Skipping Next.js build'
@isl-lang/marketplace-web:build: 
@isl-lang/marketplace-web:build: 'Skipping Next.js build'
@isl-lang/runtime:build: cache hit, replaying logs 5b9b3507b1504fcf
@isl-lang/runtime:build: 
@isl-lang/runtime:build: > @isl-lang/runtime@0.1.0 build C:\Users\mevla\OneDrive\Desktop\projects\IntentOS\packages\runtime
@isl-lang/runtime:build: > tsup src/index.ts --format esm --dts --clean
@isl-lang/runtime:build: 
@isl-lang/runtime:build: [34mCLI[39m Building entry: src/index.ts
@isl-lang/runtime:build: [34mCLI[39m Using tsconfig: tsconfig.json
@isl-lang/runtime:build: [34mCLI[39m tsup v8.5.1
@isl-lang/runtime:build: [34mCLI[39m Target: es2022
@isl-lang/runtime:build: [34mCLI[39m Cleaning output folder
@isl-lang/runtime:build: [34mESM[39m Build start
@isl-lang/runtime:build: [32mESM[39m [1mdist\index.js [22m[32m27.31 KB[39m
@isl-lang/runtime:build: [32mESM[39m ΓÜí∩╕Å Build success in 165ms
@isl-lang/runtime:build: [34mDTS[39m Build start
@isl-lang/runtime:build: [32mDTS[39m ΓÜí∩╕Å Build success in 4818ms
@isl-lang/runtime:build: [32mDTS[39m [1mdist\index.d.ts [22m[32m13.27 KB[39m
@isl-lang/prover:build: cache hit, replaying logs f6606579e0941973
@isl-lang/prover:build: 
@isl-lang/prover:build: > @isl-lang/prover@0.1.0 build C:\Users\mevla\OneDrive\Desktop\projects\IntentOS\packages\prover
@isl-lang/prover:build: > tsc
@isl-lang/prover:build: 
@isl-lang/stdlib-scheduling:build: cache hit, replaying logs 277e7cb69a945229
@isl-lang/stdlib-scheduling:build: 
@isl-lang/stdlib-scheduling:build: > @isl-lang/stdlib-scheduling@1.0.0 build C:\Users\mevla\OneDrive\Desktop\projects\IntentOS\packages\stdlib-scheduling
@isl-lang/stdlib-scheduling:build: > tsup implementations/typescript/index.ts --format esm --dts --clean --outDir dist
@isl-lang/stdlib-scheduling:build: 
@isl-lang/stdlib-scheduling:build: [34mCLI[39m Building entry: implementations/typescript/index.ts
@isl-lang/stdlib-scheduling:build: [34mCLI[39m Using tsconfig: tsconfig.json
@isl-lang/stdlib-scheduling:build: [34mCLI[39m tsup v8.5.1
@isl-lang/stdlib-scheduling:build: [34mCLI[39m Target: es2022
@isl-lang/stdlib-scheduling:build: [34mCLI[39m Cleaning output folder
@isl-lang/stdlib-scheduling:build: [34mESM[39m Build start
@isl-lang/stdlib-scheduling:build: [32mESM[39m [1mdist\index.js [22m[32m28.18 KB[39m
@isl-lang/stdlib-scheduling:build: [32mESM[39m ΓÜí∩╕Å Build success in 194ms
@isl-lang/stdlib-scheduling:build: [34mDTS[39m Build start
@isl-lang/stdlib-scheduling:build: [32mDTS[39m ΓÜí∩╕Å Build success in 6203ms
@isl-lang/stdlib-scheduling:build: [32mDTS[39m [1mdist\index.d.ts [22m[32m13.24 KB[39m
@isl-lang/cli-ux:build: cache hit, replaying logs 7c05220677d53b49
@isl-lang/cli-ux:build: 
@isl-lang/cli-ux:build: > @isl-lang/cli-ux@0.1.0 build C:\Users\mevla\OneDrive\Desktop\projects\IntentOS\packages\cli-ux
@isl-lang/cli-ux:build: > tsup
@isl-lang/cli-ux:build: 
@isl-lang/cli-ux:build: [34mCLI[39m Building entry: src/index.ts
@isl-lang/cli-ux:build: [34mCLI[39m Using tsconfig: tsconfig.json
@isl-lang/cli-ux:build: [34mCLI[39m tsup v8.5.1
@isl-lang/cli-ux:build: [34mCLI[39m Using tsup config: C:\Users\mevla\OneDrive\Desktop\projects\IntentOS\packages\cli-ux\tsup.config.ts
@isl-lang/cli-ux:build: [34mCLI[39m Target: es2022
@isl-lang/cli-ux:build: [34mCLI[39m Cleaning output folder
@isl-lang/cli-ux:build: [34mCJS[39m Build start
@isl-lang/cli-ux:build: [34mESM[39m Build start
@isl-lang/cli-ux:build: [32mESM[39m [1mdist\index.js     [22m[32m35.03 KB[39m
@isl-lang/cli-ux:build: [32mESM[39m [1mdist\index.js.map [22m[32m108.92 KB[39m
@isl-lang/cli-ux:build: [32mESM[39m ΓÜí∩╕Å Build success in 783ms
@isl-lang/cli-ux:build: [32mCJS[39m [1mdist\index.cjs     [22m[32m37.42 KB[39m
@isl-lang/cli-ux:build: [32mCJS[39m [1mdist\index.cjs.map [22m[32m109.01 KB[39m
@isl-lang/cli-ux:build: [32mCJS[39m ΓÜí∩╕Å Build success in 783ms
@isl-lang/cli-ux:build: [34mDTS[39m Build start
@isl-lang/cli-ux:build: [32mDTS[39m ΓÜí∩╕Å Build success in 7032ms
@isl-lang/cli-ux:build: [32mDTS[39m [1mdist\index.d.cts [22m[32m90.58 KB[39m
@isl-lang/cli-ux:build: [32mDTS[39m [1mdist\index.d.ts  [22m[32m90.58 KB[39m
@isl-lang/distributed-tracing:build: cache hit, replaying logs dbfee870652b470c
@isl-lang/distributed-tracing:build: 
@isl-lang/distributed-tracing:build: > @isl-lang/distributed-tracing@1.0.0 build C:\Users\mevla\OneDrive\Desktop\projects\IntentOS\packages\distributed-tracing
@isl-lang/distributed-tracing:build: > tsup src/index.ts --format cjs,esm --no-dts
@isl-lang/distributed-tracing:build: 
@isl-lang/distributed-tracing:build: [34mCLI[39m Building entry: src/index.ts
@isl-lang/distributed-tracing:build: [34mCLI[39m Using tsconfig: tsconfig.json
@isl-lang/distributed-tracing:build: [34mCLI[39m tsup v8.5.1
@isl-lang/distributed-tracing:build: [34mCLI[39m Target: es2022
@isl-lang/distributed-tracing:build: [34mCJS[39m Build start
@isl-lang/distributed-tracing:build: [34mESM[39m Build start
@isl-lang/distributed-tracing:build: [32mCJS[39m [1mdist\index.cjs [22m[32m23.12 KB[39m
@isl-lang/distributed-tracing:build: [32mCJS[39m ΓÜí∩╕Å Build success in 147ms
@isl-lang/distributed-tracing:build: [32mESM[39m [1mdist\index.js [22m[32m21.15 KB[39m
@isl-lang/distributed-tracing:build: [32mESM[39m ΓÜí∩╕Å Build success in 181ms
checkout-api:build: cache hit, replaying logs a197f9256135786c
checkout-api:build: 
checkout-api:build: > checkout-api@1.2.0 build C:\Users\mevla\OneDrive\Desktop\projects\IntentOS\demos\repo-specless
checkout-api:build: > tsc
checkout-api:build: 
@isl-lang/dashboard-api:build: cache hit, replaying logs 3a1fd5f63f8b9726
@isl-lang/dashboard-api:build: 
@isl-lang/dashboard-api:build: > @isl-lang/dashboard-api@1.0.0 build C:\Users\mevla\OneDrive\Desktop\projects\IntentOS\packages\dashboard-api
@isl-lang/dashboard-api:build: > tsup
@isl-lang/dashboard-api:build: 
@isl-lang/dashboard-api:build: [34mCLI[39m Building entry: src/index.ts
@isl-lang/dashboard-api:build: [34mCLI[39m Using tsconfig: tsconfig.json
@isl-lang/dashboard-api:build: [34mCLI[39m tsup v8.5.1
@isl-lang/dashboard-api:build: [34mCLI[39m Using tsup config: C:\Users\mevla\OneDrive\Desktop\projects\IntentOS\packages\dashboard-api\tsup.config.ts
@isl-lang/dashboard-api:build: [34mCLI[39m Target: node18
@isl-lang/dashboard-api:build: [34mCLI[39m Cleaning output folder
@isl-lang/dashboard-api:build: [34mESM[39m Build start
@isl-lang/dashboard-api:build: [32mESM[39m [1mdist\index.js     [22m[32m247.74 KB[39m
@isl-lang/dashboard-api:build: [32mESM[39m [1mdist\index.js.map [22m[32m487.96 KB[39m
@isl-lang/dashboard-api:build: [32mESM[39m ΓÜí∩╕Å Build success in 743ms
@isl-lang/dashboard-api:build: [34mDTS[39m Build start
@isl-lang/dashboard-api:build: [32mDTS[39m ΓÜí∩╕Å Build success in 6150ms
@isl-lang/dashboard-api:build: [32mDTS[39m [1mdist\index.d.ts [22m[32m28.05 KB[39m
@isl-lang/hallucination-scanner:build: cache hit, replaying logs 7c327cce6f0ac985
@isl-lang/hallucination-scanner:build: 
@isl-lang/hallucination-scanner:build: > @isl-lang/hallucination-scanner@0.1.0 build C:\Users\mevla\OneDrive\Desktop\projects\IntentOS\packages\hallucination-scanner
@isl-lang/hallucination-scanner:build: > tsup src/index.ts --format esm --dts --clean
@isl-lang/hallucination-scanner:build: 
@isl-lang/hallucination-scanner:build: [34mCLI[39m Building entry: src/index.ts
@isl-lang/hallucination-scanner:build: [34mCLI[39m Using tsconfig: tsconfig.json
@isl-lang/hallucination-scanner:build: [34mCLI[39m tsup v8.5.1
@isl-lang/hallucination-scanner:build: [34mCLI[39m Using tsup config: C:\Users\mevla\OneDrive\Desktop\projects\IntentOS\packages\hallucination-scanner\tsup.config.ts
@isl-lang/hallucination-scanner:build: [34mCLI[39m Target: node18
@isl-lang/hallucination-scanner:build: [34mCLI[39m Cleaning output folder
@isl-lang/hallucination-scanner:build: [34mESM[39m Build start
@isl-lang/hallucination-scanner:build: [32mESM[39m [1mdist\use-parser-3NRRTYXS.js     [22m[32m234.00 B[39m
@isl-lang/hallucination-scanner:build: [32mESM[39m [1mdist\index.js                   [22m[32m28.84 KB[39m
@isl-lang/hallucination-scanner:build: [32mESM[39m [1mdist\chunk-LSR47TRT.js          [22m[32m3.20 KB[39m
@isl-lang/hallucination-scanner:build: [32mESM[39m [1mdist\use-parser-3NRRTYXS.js.map [22m[32m71.00 B[39m
@isl-lang/hallucination-scanner:build: [32mESM[39m [1mdist\index.js.map               [22m[32m61.72 KB[39m
@isl-lang/hallucination-scanner:build: [32mESM[39m [1mdist\chunk-LSR47TRT.js.map      [22m[32m7.22 KB[39m
@isl-lang/hallucination-scanner:build: [32mESM[39m ΓÜí∩╕Å Build success in 411ms
@isl-lang/hallucination-scanner:build: [34mDTS[39m Build start
@isl-lang/hallucination-scanner:build: [32mDTS[39m ΓÜí∩╕Å Build success in 5216ms
@isl-lang/hallucination-scanner:build: [32mDTS[39m [1mdist\index.d.ts [22m[32m8.59 KB[39m
@isl-lang/stdlib-ml:build: cache hit, replaying logs b826d653a930f425
@isl-lang/stdlib-ml:build: 
@isl-lang/stdlib-ml:build: > @isl-lang/stdlib-ml@0.1.0 build C:\Users\mevla\OneDrive\Desktop\projects\IntentOS\packages\stdlib-ml
@isl-lang/stdlib-ml:build: > tsc
@isl-lang/stdlib-ml:build: 
@isl-lang/stdlib-database:build: cache hit, replaying logs 86460fd460d51380
@isl-lang/stdlib-database:build: 
@isl-lang/stdlib-database:build: > @isl-lang/stdlib-database@0.1.0 build C:\Users\mevla\OneDrive\Desktop\projects\IntentOS\packages\stdlib-database
@isl-lang/stdlib-database:build: > tsup src/index.ts --format esm --dts --clean
@isl-lang/stdlib-database:build: 
@isl-lang/stdlib-database:build: [34mCLI[39m Building entry: src/index.ts
@isl-lang/stdlib-database:build: [34mCLI[39m Using tsconfig: tsconfig.json
@isl-lang/stdlib-database:build: [34mCLI[39m tsup v8.5.1
@isl-lang/stdlib-database:build: [34mCLI[39m Target: es2022
@isl-lang/stdlib-database:build: [34mCLI[39m Cleaning output folder
@isl-lang/stdlib-database:build: [34mESM[39m Build start
@isl-lang/stdlib-database:build: [32mESM[39m [1mdist\index.js [22m[32m9.28 KB[39m
@isl-lang/stdlib-database:build: [32mESM[39m ΓÜí∩╕Å Build success in 273ms
@isl-lang/stdlib-database:build: [34mDTS[39m Build start
@isl-lang/stdlib-database:build: [32mDTS[39m ΓÜí∩╕Å Build success in 5945ms
@isl-lang/stdlib-database:build: [32mDTS[39m [1mdist\index.d.ts [22m[32m4.77 KB[39m
@isl-lang/fake-success-ui-detector:build: cache hit, replaying logs 045c5ffc26475c4c
@isl-lang/fake-success-ui-detector:build: 
@isl-lang/fake-success-ui-detector:build: > @isl-lang/fake-success-ui-detector@0.1.0 build C:\Users\mevla\OneDrive\Desktop\projects\IntentOS\packages\fake-success-ui-detector
@isl-lang/fake-success-ui-detector:build: > tsup src/index.ts --format esm --dts --clean
@isl-lang/fake-success-ui-detector:build: 
@isl-lang/fake-success-ui-detector:build: [34mCLI[39m Building entry: src/index.ts
@isl-lang/fake-success-ui-detector:build: [34mCLI[39m Using tsconfig: tsconfig.json
@isl-lang/fake-success-ui-detector:build: [34mCLI[39m tsup v8.5.1
@isl-lang/fake-success-ui-detector:build: [34mCLI[39m Using tsup config: C:\Users\mevla\OneDrive\Desktop\projects\IntentOS\packages\fake-success-ui-detector\tsup.config.ts
@isl-lang/fake-success-ui-detector:build: [34mCLI[39m Target: es2022
@isl-lang/fake-success-ui-detector:build: [34mCLI[39m Cleaning output folder
@isl-lang/fake-success-ui-detector:build: [34mESM[39m Build start
@isl-lang/fake-success-ui-detector:build: [32mESM[39m [1mdist\index.js     [22m[32m22.12 KB[39m
@isl-lang/fake-success-ui-detector:build: [32mESM[39m [1mdist\index.js.map [22m[32m46.53 KB[39m
@isl-lang/fake-success-ui-detector:build: [32mESM[39m ΓÜí∩╕Å Build success in 238ms
@isl-lang/fake-success-ui-detector:build: [34mDTS[39m Build start
@isl-lang/fake-success-ui-detector:build: [32mDTS[39m ΓÜí∩╕Å Build success in 4781ms
@isl-lang/fake-success-ui-detector:build: [32mDTS[39m [1mdist\index.d.ts [22m[32m3.52 KB[39m
@isl-lang/registry-client:build: cache hit, replaying logs 183fd76c2a2062f4
@isl-lang/registry-client:build: 
@isl-lang/registry-client:build: > @isl-lang/registry-client@0.1.0 build C:\Users\mevla\OneDrive\Desktop\projects\IntentOS\packages\registry-client
@isl-lang/registry-client:build: > tsup src/index.ts --format esm --dts --clean
@isl-lang/registry-client:build: 
@isl-lang/registry-client:build: [34mCLI[39m Building entry: src/index.ts
@isl-lang/registry-client:build: [34mCLI[39m Using tsconfig: tsconfig.json
@isl-lang/registry-client:build: [34mCLI[39m tsup v8.5.1
@isl-lang/registry-client:build: [34mCLI[39m Target: es2022
@isl-lang/registry-client:build: [34mCLI[39m Cleaning output folder
@isl-lang/registry-client:build: [34mESM[39m Build start
@isl-lang/registry-client:build: [32mESM[39m [1mdist\index.js [22m[32m6.73 KB[39m
@isl-lang/registry-client:build: [32mESM[39m ΓÜí∩╕Å Build success in 124ms
@isl-lang/registry-client:build: [34mDTS[39m Build start
@isl-lang/registry-client:build: [32mDTS[39m ΓÜí∩╕Å Build success in 4993ms
@isl-lang/registry-client:build: [32mDTS[39m [1mdist\index.d.ts [22m[32m4.04 KB[39m
@isl-lang/codegen-kubernetes:build: cache hit, replaying logs a6d1532f0c0c3ca0
@isl-lang/codegen-kubernetes:build: 
@isl-lang/codegen-kubernetes:build: > @isl-lang/codegen-kubernetes@1.0.0 build C:\Users\mevla\OneDrive\Desktop\projects\IntentOS\packages\codegen-kubernetes
@isl-lang/codegen-kubernetes:build: > tsc
@isl-lang/codegen-kubernetes:build: 
@isl-lang/grafana:build: cache hit, replaying logs efa3bc5e0a142b63
@isl-lang/grafana:build: 
@isl-lang/grafana:build: > @isl-lang/grafana@0.1.0 build C:\Users\mevla\OneDrive\Desktop\projects\IntentOS\packages\grafana
@isl-lang/grafana:build: > tsc
@isl-lang/grafana:build: 
@isl-lang/stdlib-distributed:build: cache hit, replaying logs 5b23364edacf6de8
@isl-lang/stdlib-distributed:build: 
@isl-lang/stdlib-distributed:build: > @isl-lang/stdlib-distributed@1.0.0 build C:\Users\mevla\OneDrive\Desktop\projects\IntentOS\packages\stdlib-distributed
@isl-lang/stdlib-distributed:build: > tsup && tsc --emitDeclarationOnly
@isl-lang/stdlib-distributed:build: 
@isl-lang/stdlib-distributed:build: [34mCLI[39m Building entry: src/actor.ts, src/consensus.ts, src/coordination.ts, src/crdt.ts, src/index.ts, src/saga.ts, src/service-mesh.ts
@isl-lang/stdlib-distributed:build: [34mCLI[39m Using tsconfig: tsconfig.json
@isl-lang/stdlib-distributed:build: [34mCLI[39m tsup v8.5.1
@isl-lang/stdlib-distributed:build: [34mCLI[39m Using tsup config: C:\Users\mevla\OneDrive\Desktop\projects\IntentOS\packages\stdlib-distributed\tsup.config.ts
@isl-lang/stdlib-distributed:build: [34mCLI[39m Target: es2022
@isl-lang/stdlib-distributed:build: [34mCLI[39m Cleaning output folder
@isl-lang/stdlib-distributed:build: [34mESM[39m Build start
@isl-lang/stdlib-distributed:build: [34mCJS[39m Build start
@isl-lang/stdlib-distributed:build: [32mESM[39m [1mdist\consensus.js        [22m[32m8.80 KB[39m
@isl-lang/stdlib-distributed:build: [32mESM[39m [1mdist\saga.js             [22m[32m7.50 KB[39m
@isl-lang/stdlib-distributed:build: [32mESM[39m [1mdist\actor.js            [22m[32m7.20 KB[39m
@isl-lang/stdlib-distributed:build: [32mESM[39m [1mdist\coordination.js     [22m[32m7.50 KB[39m
@isl-lang/stdlib-distributed:build: [32mESM[39m [1mdist\service-mesh.js     [22m[32m10.56 KB[39m
@isl-lang/stdlib-distributed:build: [32mESM[39m [1mdist\index.js            [22m[32m56.64 KB[39m
@isl-lang/stdlib-distributed:build: [32mESM[39m [1mdist\crdt.js             [22m[32m8.77 KB[39m
@isl-lang/stdlib-distributed:build: [32mESM[39m [1mdist\saga.js.map         [22m[32m17.10 KB[39m
@isl-lang/stdlib-distributed:build: [32mESM[39m [1mdist\consensus.js.map    [22m[32m19.87 KB[39m
@isl-lang/stdlib-distributed:build: [32mESM[39m [1mdist\coordination.js.map [22m[32m16.73 KB[39m
@isl-lang/stdlib-distributed:build: [32mESM[39m [1mdist\actor.js.map        [22m[32m17.86 KB[39m
@isl-lang/stdlib-distributed:build: [32mESM[39m [1mdist\index.js.map        [22m[32m130.45 KB[39m
@isl-lang/stdlib-distributed:build: [32mESM[39m [1mdist\service-mesh.js.map [22m[32m23.65 KB[39m
@isl-lang/stdlib-distributed:build: [32mESM[39m [1mdist\crdt.js.map         [22m[32m20.19 KB[39m
@isl-lang/stdlib-distributed:build: [32mESM[39m ΓÜí∩╕Å Build success in 511ms
@isl-lang/stdlib-distributed:build: [32mCJS[39m [1mdist\actor.cjs            [22m[32m8.31 KB[39m
@isl-lang/stdlib-distributed:build: [32mCJS[39m [1mdist\crdt.cjs             [22m[32m10.98 KB[39m
@isl-lang/stdlib-distributed:build: [32mCJS[39m [1mdist\service-mesh.cjs     [22m[32m11.89 KB[39m
@isl-lang/stdlib-distributed:build: [32mCJS[39m [1mdist\coordination.cjs     [22m[32m8.71 KB[39m
@isl-lang/stdlib-distributed:build: [32mCJS[39m [1mdist\consensus.cjs        [22m[32m9.83 KB[39m
@isl-lang/stdlib-distributed:build: [32mCJS[39m [1mdist\index.cjs            [22m[32m60.10 KB[39m
@isl-lang/stdlib-distributed:build: [32mCJS[39m [1mdist\saga.cjs             [22m[32m8.69 KB[39m
@isl-lang/stdlib-distributed:build: [32mCJS[39m [1mdist\actor.cjs.map        [22m[32m17.92 KB[39m
@isl-lang/stdlib-distributed:build: [32mCJS[39m [1mdist\service-mesh.cjs.map [22m[32m23.73 KB[39m
@isl-lang/stdlib-distributed:build: [32mCJS[39m [1mdist\crdt.cjs.map         [22m[32m20.39 KB[39m
@isl-lang/stdlib-distributed:build: [32mCJS[39m [1mdist\coordination.cjs.map [22m[32m16.79 KB[39m
@isl-lang/stdlib-distributed:build: [32mCJS[39m [1mdist\consensus.cjs.map    [22m[32m19.92 KB[39m
@isl-lang/stdlib-distributed:build: [32mCJS[39m [1mdist\saga.cjs.map         [22m[32m17.18 KB[39m
@isl-lang/stdlib-distributed:build: [32mCJS[39m [1mdist\index.cjs.map        [22m[32m133.11 KB[39m
@isl-lang/stdlib-distributed:build: [32mCJS[39m ΓÜí∩╕Å Build success in 512ms
@isl-lang/prometheus:build: cache hit, replaying logs 0f945bcf8aae8e15
@isl-lang/prometheus:build: 
@isl-lang/prometheus:build: > @isl-lang/prometheus@0.1.0 build C:\Users\mevla\OneDrive\Desktop\projects\IntentOS\packages\prometheus
@isl-lang/prometheus:build: > tsc
@isl-lang/prometheus:build: 
@isl-lang/healer:build: cache hit, replaying logs bf86ee5498940b7b
@isl-lang/healer:build: 
@isl-lang/healer:build: > @isl-lang/healer@0.1.0 build C:\Users\mevla\OneDrive\Desktop\projects\IntentOS\packages\isl-healer
@isl-lang/healer:build: > tsup && tsc -p tsconfig.build.json
@isl-lang/healer:build: 
@isl-lang/healer:build: [34mCLI[39m Building entry: src/index.ts
@isl-lang/healer:build: [34mCLI[39m Using tsconfig: tsconfig.json
@isl-lang/healer:build: [34mCLI[39m tsup v8.5.1
@isl-lang/healer:build: [34mCLI[39m Using tsup config: C:\Users\mevla\OneDrive\Desktop\projects\IntentOS\packages\isl-healer\tsup.config.ts
@isl-lang/healer:build: [34mCLI[39m Target: es2022
@isl-lang/healer:build: [34mCLI[39m Cleaning output folder
@isl-lang/healer:build: [34mESM[39m Build start
@isl-lang/healer:build: [32mESM[39m [1mdist\index.js     [22m[32m173.08 KB[39m
@isl-lang/healer:build: [32mESM[39m [1mdist\index.js.map [22m[32m340.71 KB[39m
@isl-lang/healer:build: [32mESM[39m ΓÜí∩╕Å Build success in 166ms
@isl-lang/errors:build: cache hit, replaying logs db968991e825a4a4
@isl-lang/errors:build: 
@isl-lang/errors:build: > @isl-lang/errors@1.0.0 build C:\Users\mevla\OneDrive\Desktop\projects\IntentOS\packages\errors
@isl-lang/errors:build: > tsc
@isl-lang/errors:build: 
@isl-lang/datadog:build: cache hit, replaying logs 784580cbef61c149
@isl-lang/datadog:build: 
@isl-lang/datadog:build: > @isl-lang/datadog@1.0.0 build C:\Users\mevla\OneDrive\Desktop\projects\IntentOS\packages\datadog
@isl-lang/datadog:build: > tsc
@isl-lang/datadog:build: 
@isl-lang/stdlib-rate-limit:build: cache hit, replaying logs 753a738e3f53a855
@isl-lang/stdlib-rate-limit:build: 
@isl-lang/stdlib-rate-limit:build: > @isl-lang/stdlib-rate-limit@1.0.0 build C:\Users\mevla\OneDrive\Desktop\projects\IntentOS\packages\stdlib-rate-limit
@isl-lang/stdlib-rate-limit:build: > tsup
@isl-lang/stdlib-rate-limit:build: 
@isl-lang/stdlib-rate-limit:build: [34mCLI[39m Building entry: {"index":"implementations/typescript/index.ts","types":"implementations/typescript/types.ts","storage/memory":"implementations/typescript/storage/memory.ts","storage/redis":"implementations/typescript/storage/redis.ts","adapters/express":"implementations/typescript/adapters/express.ts"}
@isl-lang/stdlib-rate-limit:build: [34mCLI[39m Using tsconfig: tsconfig.json
@isl-lang/stdlib-rate-limit:build: [34mCLI[39m tsup v8.5.1
@isl-lang/stdlib-rate-limit:build: [34mCLI[39m Using tsup config: C:\Users\mevla\OneDrive\Desktop\projects\IntentOS\packages\stdlib-rate-limit\tsup.config.ts
@isl-lang/stdlib-rate-limit:build: [34mCLI[39m Target: es2022
@isl-lang/stdlib-rate-limit:build: [34mCLI[39m Cleaning output folder
@isl-lang/stdlib-rate-limit:build: [34mCJS[39m Build start
@isl-lang/stdlib-rate-limit:build: [34mESM[39m Build start
@isl-lang/stdlib-rate-limit:build: [32mESM[39m [1mdist\storage\memory.js       [22m[32m5.80 KB[39m
@isl-lang/stdlib-rate-limit:build: [32mESM[39m [1mdist\index.js                [22m[32m34.43 KB[39m
@isl-lang/stdlib-rate-limit:build: [32mESM[39m [1mdist\adapters\express.js     [22m[32m5.20 KB[39m
@isl-lang/stdlib-rate-limit:build: [32mESM[39m [1mdist\storage\redis.js        [22m[32m7.87 KB[39m
@isl-lang/stdlib-rate-limit:build: [32mESM[39m [1mdist\types.js                [22m[32m1.45 KB[39m
@isl-lang/stdlib-rate-limit:build: [32mESM[39m [1mdist\storage\memory.js.map   [22m[32m12.99 KB[39m
@isl-lang/stdlib-rate-limit:build: [32mESM[39m [1mdist\types.js.map            [22m[32m8.60 KB[39m
@isl-lang/stdlib-rate-limit:build: [32mESM[39m [1mdist\index.js.map            [22m[32m83.70 KB[39m
@isl-lang/stdlib-rate-limit:build: [32mESM[39m [1mdist\adapters\express.js.map [22m[32m14.82 KB[39m
@isl-lang/stdlib-rate-limit:build: [32mESM[39m [1mdist\storage\redis.js.map    [22m[32m20.27 KB[39m
@isl-lang/stdlib-rate-limit:build: [32mESM[39m ΓÜí∩╕Å Build success in 453ms
@isl-lang/stdlib-rate-limit:build: [32mCJS[39m [1mdist\index.cjs                [22m[32m36.17 KB[39m
@isl-lang/stdlib-rate-limit:build: [32mCJS[39m [1mdist\storage\memory.cjs       [22m[32m6.86 KB[39m
@isl-lang/stdlib-rate-limit:build: [32mCJS[39m [1mdist\adapters\express.cjs     [22m[32m6.40 KB[39m
@isl-lang/stdlib-rate-limit:build: [32mCJS[39m [1mdist\storage\redis.cjs        [22m[32m8.93 KB[39m
@isl-lang/stdlib-rate-limit:build: [32mCJS[39m [1mdist\types.cjs                [22m[32m2.57 KB[39m
@isl-lang/stdlib-rate-limit:build: [32mCJS[39m [1mdist\index.cjs.map            [22m[32m85.00 KB[39m
@isl-lang/stdlib-rate-limit:build: [32mCJS[39m [1mdist\adapters\express.cjs.map [22m[32m14.89 KB[39m
@isl-lang/stdlib-rate-limit:build: [32mCJS[39m [1mdist\storage\memory.cjs.map   [22m[32m13.04 KB[39m
@isl-lang/stdlib-rate-limit:build: [32mCJS[39m [1mdist\storage\redis.cjs.map    [22m[32m20.31 KB[39m
@isl-lang/stdlib-rate-limit:build: [32mCJS[39m [1mdist\types.cjs.map            [22m[32m8.66 KB[39m
@isl-lang/stdlib-rate-limit:build: [32mCJS[39m ΓÜí∩╕Å Build success in 455ms
@isl-lang/stdlib-rate-limit:build: [34mDTS[39m Build start
@isl-lang/stdlib-rate-limit:build: [32mDTS[39m ΓÜí∩╕Å Build success in 16200ms
@isl-lang/stdlib-rate-limit:build: [32mDTS[39m [1mdist\index.d.cts            [22m[32m853.00 B[39m
@isl-lang/stdlib-rate-limit:build: [32mDTS[39m [1mdist\storage\memory.d.cts   [22m[32m2.23 KB[39m
@isl-lang/stdlib-rate-limit:build: [32mDTS[39m [1mdist\storage\redis.d.cts    [22m[32m3.11 KB[39m
@isl-lang/stdlib-rate-limit:build: [32mDTS[39m [1mdist\types.d.cts            [22m[32m5.26 KB[39m
@isl-lang/stdlib-rate-limit:build: [32mDTS[39m [1mdist\adapters\express.d.cts [22m[32m317.00 B[39m
@isl-lang/stdlib-rate-limit:build: [32mDTS[39m [1mdist\express-BsLa5qaN.d.cts [22m[32m6.40 KB[39m
@isl-lang/stdlib-rate-limit:build: [32mDTS[39m [1mdist\index.d.ts             [22m[32m849.00 B[39m
@isl-lang/stdlib-rate-limit:build: [32mDTS[39m [1mdist\storage\memory.d.ts    [22m[32m2.22 KB[39m
@isl-lang/stdlib-rate-limit:build: [32mDTS[39m [1mdist\storage\redis.d.ts     [22m[32m3.11 KB[39m
@isl-lang/stdlib-rate-limit:build: [32mDTS[39m [1mdist\types.d.ts             [22m[32m5.26 KB[39m
@isl-lang/stdlib-rate-limit:build: [32mDTS[39m [1mdist\adapters\express.d.ts  [22m[32m315.00 B[39m
@isl-lang/stdlib-rate-limit:build: [32mDTS[39m [1mdist\express-Bpwbcetw.d.ts  [22m[32m6.40 KB[39m
@isl-lang/semantics:build: cache hit, replaying logs 1fdf87c01b95c373
@isl-lang/semantics:build: 
@isl-lang/semantics:build: > @isl-lang/semantics@0.1.0 build C:\Users\mevla\OneDrive\Desktop\projects\IntentOS\packages\semantics
@isl-lang/semantics:build: > tsc
@isl-lang/semantics:build: 
@isl-lang/isl-stdlib:build: cache hit, replaying logs 7719a7a8d9047c90
@isl-lang/isl-stdlib:build: 
@isl-lang/translator:build: cache hit, replaying logs ff55a79ba2851584
@isl-lang/isl-stdlib:build: > @isl-lang/isl-stdlib@1.0.0 build C:\Users\mevla\OneDrive\Desktop\projects\IntentOS\packages\isl-stdlib
@isl-lang/isl-stdlib:build: > tsup
@isl-lang/isl-stdlib:build: 
@isl-lang/isl-stdlib:build: [34mCLI[39m Building entry: src/index.ts, src/registry.ts, src/resolver.ts, src/validate-registry.ts
@isl-lang/isl-stdlib:build: [34mCLI[39m Using tsconfig: tsconfig.json
@isl-lang/isl-stdlib:build: [34mCLI[39m tsup v8.5.1
@isl-lang/isl-stdlib:build: [34mCLI[39m Using tsup config: C:\Users\mevla\OneDrive\Desktop\projects\IntentOS\packages\isl-stdlib\tsup.config.ts
@isl-lang/isl-stdlib:build: [34mCLI[39m Target: es2022
@isl-lang/isl-stdlib:build: [34mCLI[39m Cleaning output folder
@isl-lang/isl-stdlib:build: [34mESM[39m Build start
@isl-lang/isl-stdlib:build: [34mCJS[39m Build start
@isl-lang/isl-stdlib:build: [32mESM[39m [1mdist\registry.js              [22m[32m23.10 KB[39m
@isl-lang/isl-stdlib:build: [32mESM[39m [1mdist\index.js                 [22m[32m30.44 KB[39m
@isl-lang/isl-stdlib:build: [32mESM[39m [1mdist\resolver.js              [22m[32m23.71 KB[39m
@isl-lang/isl-stdlib:build: [32mESM[39m [1mdist\validate-registry.js     [22m[32m20.88 KB[39m
@isl-lang/isl-stdlib:build: [32mESM[39m [1mdist\registry.js.map          [22m[32m45.84 KB[39m
@isl-lang/isl-stdlib:build: [32mESM[39m [1mdist\index.js.map             [22m[32m73.49 KB[39m
@isl-lang/isl-stdlib:build: [32mESM[39m [1mdist\resolver.js.map          [22m[32m56.06 KB[39m
@isl-lang/isl-stdlib:build: [32mESM[39m [1mdist\validate-registry.js.map [22m[32m45.44 KB[39m
@isl-lang/isl-stdlib:build: [32mESM[39m ΓÜí∩╕Å Build success in 265ms
@isl-lang/isl-stdlib:build: [32mCJS[39m [1mdist\registry.cjs              [22m[32m23.59 KB[39m
@isl-lang/isl-stdlib:build: [32mCJS[39m [1mdist\resolver.cjs              [22m[32m23.93 KB[39m
@isl-lang/isl-stdlib:build: [32mCJS[39m [1mdist\validate-registry.cjs     [22m[32m20.96 KB[39m
@isl-lang/isl-stdlib:build: [32mCJS[39m [1mdist\index.cjs                 [22m[32m31.21 KB[39m
@isl-lang/isl-stdlib:build: [32mCJS[39m [1mdist\registry.cjs.map          [22m[32m45.84 KB[39m
@isl-lang/isl-stdlib:build: [32mCJS[39m [1mdist\resolver.cjs.map          [22m[32m56.07 KB[39m
@isl-lang/isl-stdlib:build: [32mCJS[39m [1mdist\validate-registry.cjs.map [22m[32m45.44 KB[39m
@isl-lang/isl-stdlib:build: [32mCJS[39m [1mdist\index.cjs.map             [22m[32m73.49 KB[39m
@isl-lang/translator:build: 
@isl-lang/translator:build: > @isl-lang/translator@0.1.0 build C:\Users\mevla\OneDrive\Desktop\projects\IntentOS\packages\isl-translator
@isl-lang/isl-stdlib:build: [32mCJS[39m ΓÜí∩╕Å Build success in 266ms
@isl-lang/isl-stdlib:build: [34mDTS[39m Build start
@isl-lang/translator:build: > tsup src/index.ts --format esm --dts --clean
@isl-lang/translator:build: 
@isl-lang/translator:build: [34mCLI[39m Building entry: src/index.ts
@isl-lang/isl-stdlib:build: [32mDTS[39m ΓÜí∩╕Å Build success in 3196ms
@isl-lang/isl-stdlib:build: [32mDTS[39m [1mdist\index.d.ts              [22m[32m1.77 KB[39m
@isl-lang/isl-stdlib:build: [32mDTS[39m [1mdist\resolver.d.ts           [22m[32m2.08 KB[39m
@isl-lang/translator:build: [34mCLI[39m Using tsconfig: tsconfig.json
@isl-lang/translator:build: [34mCLI[39m tsup v8.5.1
@isl-lang/isl-stdlib:build: [32mDTS[39m [1mdist\validate-registry.d.ts  [22m[32m499.00 B[39m
@isl-lang/isl-stdlib:build: [32mDTS[39m [1mdist\registry.d.ts           [22m[32m3.06 KB[39m
@isl-lang/isl-stdlib:build: [32mDTS[39m [1mdist\types-CDVsvWAN.d.ts     [22m[32m4.88 KB[39m
@isl-lang/translator:build: [34mCLI[39m Target: es2022
@isl-lang/translator:build: [34mCLI[39m Cleaning output folder
@isl-lang/isl-stdlib:build: [32mDTS[39m [1mdist\index.d.cts             [22m[32m1.77 KB[39m
@isl-lang/isl-stdlib:build: [32mDTS[39m [1mdist\resolver.d.cts          [22m[32m2.09 KB[39m
@isl-lang/isl-stdlib:build: [32mDTS[39m [1mdist\validate-registry.d.cts [22m[32m501.00 B[39m
@isl-lang/isl-stdlib:build: [32mDTS[39m [1mdist\registry.d.cts          [22m[32m3.06 KB[39m
@isl-lang/isl-stdlib:build: [32mDTS[39m [1mdist\types-CDVsvWAN.d.cts    [22m[32m4.88 KB[39m
@isl-lang/translator:build: [34mESM[39m Build start
@isl-lang/translator:build: [32mESM[39m [1mdist\index.js [22m[32m18.38 KB[39m
@isl-lang/translator:build: [32mESM[39m ΓÜí∩╕Å Build success in 363ms
@isl-lang/translator:build: [34mDTS[39m Build start
@isl-lang/translator:build: [32mDTS[39m ΓÜí∩╕Å Build success in 6069ms
@isl-lang/translator:build: [32mDTS[39m [1mdist\index.d.ts [22m[32m5.46 KB[39m
@isl-lang/db-reality-verifier:build: cache hit, replaying logs 86ee83f8e349f313
@isl-lang/db-reality-verifier:build: 
@isl-lang/db-reality-verifier:build: > @isl-lang/db-reality-verifier@0.1.0 build C:\Users\mevla\OneDrive\Desktop\projects\IntentOS\packages\db-reality-verifier
@isl-lang/db-reality-verifier:build: > tsup src/index.ts --format esm --dts --clean
@isl-lang/db-reality-verifier:build: 
@isl-lang/db-reality-verifier:build: [34mCLI[39m Building entry: src/index.ts
@isl-lang/db-reality-verifier:build: [34mCLI[39m Using tsconfig: tsconfig.json
@isl-lang/db-reality-verifier:build: [34mCLI[39m tsup v8.5.1
@isl-lang/db-reality-verifier:build: [34mCLI[39m Using tsup config: C:\Users\mevla\OneDrive\Desktop\projects\IntentOS\packages\db-reality-verifier\tsup.config.ts
@isl-lang/db-reality-verifier:build: [34mCLI[39m Target: node18
@isl-lang/db-reality-verifier:build: [34mCLI[39m Cleaning output folder
@isl-lang/db-reality-verifier:build: [34mESM[39m Build start
@isl-lang/db-reality-verifier:build: [32mESM[39m [1mdist\index.js     [22m[32m26.67 KB[39m
@isl-lang/db-reality-verifier:build: [32mESM[39m [1mdist\index.js.map [22m[32m61.45 KB[39m
@isl-lang/db-reality-verifier:build: [32mESM[39m ΓÜí∩╕Å Build success in 232ms
@isl-lang/db-reality-verifier:build: [34mDTS[39m Build start
@isl-lang/db-reality-verifier:build: [32mDTS[39m ΓÜí∩╕Å Build success in 6083ms
@isl-lang/db-reality-verifier:build: [32mDTS[39m [1mdist\index.d.ts [22m[32m4.09 KB[39m
@isl-lang/postconditions:build: cache hit, replaying logs 1485fd893744cdd2
@isl-lang/postconditions:build: 
@isl-lang/postconditions:build: > @isl-lang/postconditions@0.1.0 build C:\Users\mevla\OneDrive\Desktop\projects\IntentOS\packages\postconditions
@isl-lang/postconditions:build: > tsc
@isl-lang/postconditions:build: 
repo-isl-verified:build: cache hit, replaying logs d6c08382f66829dd
repo-isl-verified:build: 
repo-isl-verified:build: > repo-isl-verified@1.0.0 build C:\Users\mevla\OneDrive\Desktop\projects\IntentOS\demos\repo-isl-verified
repo-isl-verified:build: > tsc
repo-isl-verified:build: 
@isl-lang/stdlib-core:build: cache hit, replaying logs 8305cac8707f6c83
@isl-lang/stdlib-core:build: 
@isl-lang/stdlib-core:build: > @isl-lang/stdlib-core@0.1.0 build C:\Users\mevla\OneDrive\Desktop\projects\IntentOS\packages\stdlib-core
@isl-lang/stdlib-core:build: > tsup && tsc -p tsconfig.build.json
@isl-lang/stdlib-core:build: 
@isl-lang/stdlib-core:build: [34mCLI[39m Building entry: {"index":"src/index.ts","primitives":"src/primitives.ts","validation":"src/validation.ts","time":"src/time.ts","geo":"src/geo.ts","ids":"src/ids.ts"}
@isl-lang/stdlib-core:build: [34mCLI[39m Using tsconfig: tsconfig.json
@isl-lang/stdlib-core:build: [34mCLI[39m tsup v8.5.1
@isl-lang/stdlib-core:build: [34mCLI[39m Using tsup config: C:\Users\mevla\OneDrive\Desktop\projects\IntentOS\packages\stdlib-core\tsup.config.ts
@isl-lang/stdlib-core:build: [34mCLI[39m Target: es2022
@isl-lang/stdlib-core:build: [34mCLI[39m Cleaning output folder
@isl-lang/stdlib-core:build: [34mESM[39m Build start
@isl-lang/stdlib-core:build: [34mCJS[39m Build start
@isl-lang/stdlib-core:build: Entry module "dist/primitives.cjs" is using named and default exports together. Consumers of your bundle will have to use `chunk.default` to access the default export, which may not be what you want. Use `output.exports: "named"` to disable this warning.
@isl-lang/stdlib-core:build: Entry module "dist/validation.cjs" is using named and default exports together. Consumers of your bundle will have to use `chunk.default` to access the default export, which may not be what you want. Use `output.exports: "named"` to disable this warning.
@isl-lang/stdlib-core:build: Entry module "dist/geo.cjs" is using named and default exports together. Consumers of your bundle will have to use `chunk.default` to access the default export, which may not be what you want. Use `output.exports: "named"` to disable this warning.
@isl-lang/stdlib-core:build: Entry module "dist/time.cjs" is using named and default exports together. Consumers of your bundle will have to use `chunk.default` to access the default export, which may not be what you want. Use `output.exports: "named"` to disable this warning.
@isl-lang/stdlib-core:build: Entry module "dist/ids.cjs" is using named and default exports together. Consumers of your bundle will have to use `chunk.default` to access the default export, which may not be what you want. Use `output.exports: "named"` to disable this warning.
@isl-lang/stdlib-core:build: Entry module "dist/index.cjs" is using named and default exports together. Consumers of your bundle will have to use `chunk.default` to access the default export, which may not be what you want. Use `output.exports: "named"` to disable this warning.
@isl-lang/stdlib-core:build: [32mESM[39m [1mdist\primitives.js     [22m[32m8.57 KB[39m
@isl-lang/stdlib-core:build: [32mESM[39m [1mdist\time.js           [22m[32m11.70 KB[39m
@isl-lang/stdlib-core:build: [32mESM[39m [1mdist\ids.js            [22m[32m12.02 KB[39m
@isl-lang/stdlib-core:build: [32mESM[39m [1mdist\validation.js     [22m[32m8.05 KB[39m
@isl-lang/stdlib-core:build: [32mESM[39m [1mdist\geo.js            [22m[32m7.80 KB[39m
@isl-lang/stdlib-core:build: [32mESM[39m [1mdist\index.js          [22m[32m47.98 KB[39m
@isl-lang/stdlib-core:build: [32mESM[39m [1mdist\primitives.js.map [22m[32m21.58 KB[39m
@isl-lang/stdlib-core:build: [32mESM[39m [1mdist\time.js.map       [22m[32m27.00 KB[39m
@isl-lang/stdlib-core:build: [32mESM[39m [1mdist\geo.js.map        [22m[32m20.60 KB[39m
@isl-lang/stdlib-core:build: [32mESM[39m [1mdist\ids.js.map        [22m[32m30.29 KB[39m
@isl-lang/stdlib-core:build: [32mESM[39m [1mdist\index.js.map      [22m[32m122.89 KB[39m
@isl-lang/stdlib-core:build: [32mESM[39m [1mdist\validation.js.map [22m[32m21.94 KB[39m
@isl-lang/stdlib-core:build: [32mESM[39m ΓÜí∩╕Å Build success in 1133ms
@isl-lang/stdlib-core:build: [32mCJS[39m [1mdist\validation.cjs     [22m[32m8.59 KB[39m
@isl-lang/stdlib-core:build: [32mCJS[39m [1mdist\index.cjs          [22m[32m52.47 KB[39m
@isl-lang/stdlib-core:build: [32mCJS[39m [1mdist\geo.cjs            [22m[32m8.66 KB[39m
@isl-lang/stdlib-core:build: [32mCJS[39m [1mdist\primitives.cjs     [22m[32m9.67 KB[39m
@isl-lang/stdlib-core:build: [32mCJS[39m [1mdist\ids.cjs            [22m[32m13.30 KB[39m
@isl-lang/stdlib-core:build: [32mCJS[39m [1mdist\time.cjs           [22m[32m12.93 KB[39m
@isl-lang/stdlib-core:build: [32mCJS[39m [1mdist\geo.cjs.map        [22m[32m20.61 KB[39m
@isl-lang/stdlib-core:build: [32mCJS[39m [1mdist\index.cjs.map      [22m[32m122.89 KB[39m
@isl-lang/stdlib-core:build: [32mCJS[39m [1mdist\validation.cjs.map [22m[32m21.94 KB[39m
@isl-lang/stdlib-core:build: [32mCJS[39m [1mdist\primitives.cjs.map [22m[32m21.58 KB[39m
@isl-lang/stdlib-core:build: [32mCJS[39m [1mdist\ids.cjs.map        [22m[32m30.30 KB[39m
@isl-lang/stdlib-core:build: [32mCJS[39m [1mdist\time.cjs.map       [22m[32m27.00 KB[39m
@isl-lang/stdlib-core:build: [32mCJS[39m ΓÜí∩╕Å Build success in 1137ms
@isl-lang/circuit-breaker:build: cache hit, replaying logs d8263d43b1f9470e
@isl-lang/circuit-breaker:build: 
@isl-lang/circuit-breaker:build: > @isl-lang/circuit-breaker@1.0.0 build C:\Users\mevla\OneDrive\Desktop\projects\IntentOS\packages\circuit-breaker
@isl-lang/circuit-breaker:build: > tsup src/index.ts --format cjs,esm --dts
@isl-lang/circuit-breaker:build: 
@isl-lang/circuit-breaker:build: [34mCLI[39m Building entry: src/index.ts
@isl-lang/circuit-breaker:build: [34mCLI[39m Using tsconfig: tsconfig.json
@isl-lang/circuit-breaker:build: [34mCLI[39m tsup v8.5.1
@isl-lang/circuit-breaker:build: [34mCLI[39m Target: es2022
@isl-lang/circuit-breaker:build: [34mCJS[39m Build start
@isl-lang/circuit-breaker:build: [34mESM[39m Build start
@isl-lang/circuit-breaker:build: [32mCJS[39m [1mdist\index.cjs [22m[32m15.15 KB[39m
@isl-lang/circuit-breaker:build: [32mCJS[39m ΓÜí∩╕Å Build success in 223ms
@isl-lang/circuit-breaker:build: [32mESM[39m [1mdist\index.js [22m[32m13.72 KB[39m
@isl-lang/circuit-breaker:build: [32mESM[39m ΓÜí∩╕Å Build success in 224ms
@isl-lang/circuit-breaker:build: [34mDTS[39m Build start
@isl-lang/circuit-breaker:build: [32mDTS[39m ΓÜí∩╕Å Build success in 4313ms
@isl-lang/circuit-breaker:build: [32mDTS[39m [1mdist\index.d.cts [22m[32m6.34 KB[39m
@isl-lang/circuit-breaker:build: [32mDTS[39m [1mdist\index.d.ts  [22m[32m6.34 KB[39m
@isl-lang/parser:build: cache hit, replaying logs c6d99d8d4b9a076a
@isl-lang/parser:build: 
@isl-lang/parser:build: > @isl-lang/parser@0.1.0 build C:\Users\mevla\OneDrive\Desktop\projects\IntentOS\packages\parser
@isl-lang/parser:build: > pnpm run build:grammar && tsup
@isl-lang/parser:build: 
@isl-lang/parser:build: 
@isl-lang/parser:build: > @isl-lang/parser@0.1.0 build:grammar C:\Users\mevla\OneDrive\Desktop\projects\IntentOS\packages\parser
@isl-lang/parser:build: > peggy src/grammar/isl.peggy -o src/grammar/isl-parser.js --format es
@isl-lang/parser:build: 
@isl-lang/parser:build: [34mCLI[39m Building entry: src/index.ts
@isl-lang/parser:build: [34mCLI[39m Using tsconfig: tsconfig.json
@isl-lang/parser:build: [34mCLI[39m tsup v8.5.1
@isl-lang/parser:build: [34mCLI[39m Using tsup config: C:\Users\mevla\OneDrive\Desktop\projects\IntentOS\packages\parser\tsup.config.ts
@isl-lang/parser:build: [34mCLI[39m Target: es2022
@isl-lang/parser:build: [34mCLI[39m Cleaning output folder
@isl-lang/parser:build: [34mESM[39m Build start
@isl-lang/parser:build: [34mCJS[39m Build start
@isl-lang/parser:build: Entry module "dist/index.cjs" is using named and default exports together. Consumers of your bundle will have to use `chunk.default` to access the default export, which may not be what you want. Use `output.exports: "named"` to disable this warning.
@isl-lang/parser:build: [34mDTS[39m Build start
@isl-lang/parser:build: [32mCJS[39m [1mdist\index.cjs     [22m[32m477.18 KB[39m
@isl-lang/parser:build: [32mCJS[39m [1mdist\index.cjs.map [22m[32m1015.05 KB[39m
@isl-lang/parser:build: [32mCJS[39m ΓÜí∩╕Å Build success in 955ms
@isl-lang/parser:build: [32mESM[39m [1mdist\index.js     [22m[32m475.54 KB[39m
@isl-lang/parser:build: [32mESM[39m [1mdist\index.js.map [22m[32m1015.00 KB[39m
@isl-lang/parser:build: [32mESM[39m ΓÜí∩╕Å Build success in 956ms
@isl-lang/parser:build: [32mDTS[39m ΓÜí∩╕Å Build success in 2171ms
@isl-lang/parser:build: [32mDTS[39m [1mdist\index.d.ts  [22m[32m42.24 KB[39m
@isl-lang/parser:build: [32mDTS[39m [1mdist\index.d.cts [22m[32m42.24 KB[39m
@isl-lang/visual-editor:build: cache hit, replaying logs ed90ab1ace872726
@isl-lang/visual-editor:build: 
@isl-lang/visual-editor:build: > @isl-lang/visual-editor@0.1.0 build C:\Users\mevla\OneDrive\Desktop\projects\IntentOS\packages\visual-editor
@isl-lang/visual-editor:build: > echo 'Skipping Next.js build'
@isl-lang/visual-editor:build: 
@isl-lang/visual-editor:build: 'Skipping Next.js build'
@isl-lang/claims-verifier:build: cache hit, replaying logs 43db9e5973c36773
@isl-lang/claims-verifier:build: 
@isl-lang/claims-verifier:build: > @isl-lang/claims-verifier@0.1.0 build C:\Users\mevla\OneDrive\Desktop\projects\IntentOS\packages\claims-verifier
@isl-lang/claims-verifier:build: > tsup
@isl-lang/claims-verifier:build: 
@isl-lang/claims-verifier:build: [34mCLI[39m Building entry: src/cli.ts, src/index.ts
@isl-lang/claims-verifier:build: [34mCLI[39m Using tsconfig: tsconfig.json
@isl-lang/claims-verifier:build: [34mCLI[39m tsup v8.5.1
@isl-lang/claims-verifier:build: [34mCLI[39m Using tsup config: C:\Users\mevla\OneDrive\Desktop\projects\IntentOS\packages\claims-verifier\tsup.config.ts
@isl-lang/claims-verifier:build: [34mCLI[39m Target: es2022
@isl-lang/claims-verifier:build: [34mCLI[39m Cleaning output folder
@isl-lang/claims-verifier:build: [34mESM[39m Build start
@isl-lang/claims-verifier:build: [34mCJS[39m Build start
@isl-lang/claims-verifier:build: [32mESM[39m [1mdist\cli.js       [22m[32m27.51 KB[39m
@isl-lang/claims-verifier:build: [32mESM[39m [1mdist\index.js     [22m[32m22.79 KB[39m
@isl-lang/claims-verifier:build: [32mESM[39m [1mdist\cli.js.map   [22m[32m61.11 KB[39m
@isl-lang/claims-verifier:build: [32mESM[39m [1mdist\index.js.map [22m[32m49.70 KB[39m
@isl-lang/claims-verifier:build: [32mESM[39m ΓÜí∩╕Å Build success in 313ms
@isl-lang/claims-verifier:build: [32mCJS[39m [1mdist\cli.cjs       [22m[32m28.57 KB[39m
@isl-lang/claims-verifier:build: [32mCJS[39m [1mdist\index.cjs     [22m[32m24.63 KB[39m
@isl-lang/claims-verifier:build: [32mCJS[39m [1mdist\cli.cjs.map   [22m[32m61.13 KB[39m
@isl-lang/claims-verifier:build: [32mCJS[39m [1mdist\index.cjs.map [22m[32m52.52 KB[39m
@isl-lang/claims-verifier:build: [32mCJS[39m ΓÜí∩╕Å Build success in 329ms
@isl-lang/claims-verifier:build: [34mDTS[39m Build start
@isl-lang/claims-verifier:build: [32mDTS[39m ΓÜí∩╕Å Build success in 10677ms
@isl-lang/claims-verifier:build: [32mDTS[39m [1mdist\cli.d.ts    [22m[32m127.00 B[39m
@isl-lang/claims-verifier:build: [32mDTS[39m [1mdist\index.d.ts  [22m[32m13.16 KB[39m
@isl-lang/claims-verifier:build: [32mDTS[39m [1mdist\cli.d.cts   [22m[32m127.00 B[39m
@isl-lang/claims-verifier:build: [32mDTS[39m [1mdist\index.d.cts [22m[32m13.16 KB[39m
@isl-lang/codegen-core:build: cache hit, replaying logs 782506c0093b4c58
@isl-lang/codegen-core:build: 
@isl-lang/codegen-core:build: > @isl-lang/codegen-core@0.1.0 build C:\Users\mevla\OneDrive\Desktop\projects\IntentOS\packages\codegen-core
@isl-lang/codegen-core:build: > tsup src/index.ts src/formatter.ts src/sorter.ts src/types.ts --format esm --clean && tsc -p tsconfig.build.json
@isl-lang/codegen-core:build: 
@isl-lang/codegen-core:build: [34mCLI[39m Building entry: src/formatter.ts, src/index.ts, src/sorter.ts, src/types.ts
@isl-lang/codegen-core:build: [34mCLI[39m Using tsconfig: tsconfig.json
@isl-lang/codegen-core:build: [34mCLI[39m tsup v8.5.1
@isl-lang/codegen-core:build: [34mCLI[39m Target: es2022
@isl-lang/codegen-core:build: [34mCLI[39m Cleaning output folder
@isl-lang/codegen-core:build: [34mESM[39m Build start
@isl-lang/codegen-core:build: [32mESM[39m [1mdist\formatter.js      [22m[32m465.00 B[39m
@isl-lang/codegen-core:build: [32mESM[39m [1mdist\chunk-PEQRIORX.js [22m[32m5.22 KB[39m
@isl-lang/codegen-core:build: [32mESM[39m [1mdist\chunk-ATFPOPVW.js [22m[32m1.20 KB[39m
@isl-lang/codegen-core:build: [32mESM[39m [1mdist\chunk-2YHC7INK.js [22m[32m7.12 KB[39m
@isl-lang/codegen-core:build: [32mESM[39m [1mdist\index.js          [22m[32m831.00 B[39m
@isl-lang/codegen-core:build: [32mESM[39m [1mdist\sorter.js         [22m[32m317.00 B[39m
@isl-lang/codegen-core:build: [32mESM[39m [1mdist\types.js          [22m[32m101.00 B[39m
@isl-lang/codegen-core:build: [32mESM[39m ΓÜí∩╕Å Build success in 379ms
@isl-lang/trace-viewer:build: cache hit, replaying logs 0b73940967b185de
@isl-lang/trace-viewer:build: 
@isl-lang/trace-viewer:build: > @isl-lang/trace-viewer@0.1.0 build C:\Users\mevla\OneDrive\Desktop\projects\IntentOS\packages\trace-viewer
@isl-lang/trace-viewer:build: > echo 'Skipping Next.js build - requires working Next.js environment'
@isl-lang/trace-viewer:build: 
@isl-lang/trace-viewer:build: 'Skipping Next.js build - requires working Next.js environment'
@isl-lang/phantom-dependency-scanner:build: cache hit, replaying logs 4f066cc9cb64acf6
@isl-lang/phantom-dependency-scanner:build: 
@isl-lang/phantom-dependency-scanner:build: > @isl-lang/phantom-dependency-scanner@0.1.0 build C:\Users\mevla\OneDrive\Desktop\projects\IntentOS\packages\phantom-dependency-scanner
@isl-lang/phantom-dependency-scanner:build: > tsup src/index.ts --format esm --dts --clean
@isl-lang/phantom-dependency-scanner:build: 
@isl-lang/phantom-dependency-scanner:build: [34mCLI[39m Building entry: src/index.ts
@isl-lang/phantom-dependency-scanner:build: [34mCLI[39m Using tsconfig: tsconfig.json
@isl-lang/phantom-dependency-scanner:build: [34mCLI[39m tsup v8.5.1
@isl-lang/phantom-dependency-scanner:build: [34mCLI[39m Using tsup config: C:\Users\mevla\OneDrive\Desktop\projects\IntentOS\packages\phantom-dependency-scanner\tsup.config.ts
@isl-lang/phantom-dependency-scanner:build: [34mCLI[39m Target: node18
@isl-lang/phantom-dependency-scanner:build: [34mCLI[39m Cleaning output folder
@isl-lang/phantom-dependency-scanner:build: [34mESM[39m Build start
@isl-lang/phantom-dependency-scanner:build: [32mESM[39m [1mdist\index.js     [22m[32m16.82 KB[39m
@isl-lang/phantom-dependency-scanner:build: [32mESM[39m [1mdist\index.js.map [22m[32m36.12 KB[39m
@isl-lang/phantom-dependency-scanner:build: [32mESM[39m ΓÜí∩╕Å Build success in 214ms
@isl-lang/phantom-dependency-scanner:build: [34mDTS[39m Build start
@isl-lang/phantom-dependency-scanner:build: [32mDTS[39m ΓÜí∩╕Å Build success in 5274ms
@isl-lang/phantom-dependency-scanner:build: [32mDTS[39m [1mdist\index.d.ts [22m[32m6.75 KB[39m
@isl-lang/evidence-schema:build: cache hit, replaying logs 830f4d8cacbe8846
@isl-lang/evidence-schema:build: 
@isl-lang/evidence-schema:build: > @isl-lang/evidence-schema@1.0.0 build C:\Users\mevla\OneDrive\Desktop\projects\IntentOS\packages\evidence
@isl-lang/evidence-schema:build: > tsc
@isl-lang/evidence-schema:build: 
@isl-lang/ai-copilot:build: cache hit, replaying logs 0962bbedcac9528d
@isl-lang/ai-copilot:build: 
@isl-lang/ai-copilot:build: > @isl-lang/ai-copilot@1.0.0 build C:\Users\mevla\OneDrive\Desktop\projects\IntentOS\packages\ai-copilot
@isl-lang/ai-copilot:build: > tsup src/index.ts --format cjs,esm --dts
@isl-lang/ai-copilot:build: 
@isl-lang/ai-copilot:build: [34mCLI[39m Building entry: src/index.ts
@isl-lang/ai-copilot:build: [34mCLI[39m Using tsconfig: tsconfig.json
@isl-lang/ai-copilot:build: [34mCLI[39m tsup v8.5.1
@isl-lang/ai-copilot:build: [34mCLI[39m Target: es2022
@isl-lang/ai-copilot:build: [34mCJS[39m Build start
@isl-lang/ai-copilot:build: [34mESM[39m Build start
@isl-lang/ai-copilot:build: [32mESM[39m [1mdist\index.js [22m[32m20.92 KB[39m
@isl-lang/ai-copilot:build: [32mESM[39m ΓÜí∩╕Å Build success in 1057ms
@isl-lang/ai-copilot:build: [32mCJS[39m [1mdist\index.cjs [22m[32m22.68 KB[39m
@isl-lang/ai-copilot:build: [32mCJS[39m ΓÜí∩╕Å Build success in 1076ms
@isl-lang/ai-copilot:build: [34mDTS[39m Build start
@isl-lang/ai-copilot:build: [32mDTS[39m ΓÜí∩╕Å Build success in 5375ms
@isl-lang/ai-copilot:build: [32mDTS[39m [1mdist\index.d.cts [22m[32m8.57 KB[39m
@isl-lang/ai-copilot:build: [32mDTS[39m [1mdist\index.d.ts  [22m[32m8.57 KB[39m
@isl-lang/snapshot-testing:build: cache hit, replaying logs f6b965f47bd37049
@isl-lang/snapshot-testing:build: 
@isl-lang/snapshot-testing:build: > @isl-lang/snapshot-testing@0.1.0 build C:\Users\mevla\OneDrive\Desktop\projects\IntentOS\packages\snapshot-testing
@isl-lang/snapshot-testing:build: > tsup src/index.ts src/vitest.ts src/jest.ts --format esm --dts --clean
@isl-lang/snapshot-testing:build: 
@isl-lang/snapshot-testing:build: [34mCLI[39m Building entry: src/index.ts, src/jest.ts, src/vitest.ts
@isl-lang/snapshot-testing:build: [34mCLI[39m Using tsconfig: tsconfig.json
@isl-lang/snapshot-testing:build: [34mCLI[39m tsup v8.5.1
@isl-lang/snapshot-testing:build: [34mCLI[39m Target: es2022
@isl-lang/snapshot-testing:build: [34mCLI[39m Cleaning output folder
@isl-lang/snapshot-testing:build: [34mESM[39m Build start
@isl-lang/snapshot-testing:build: [32mESM[39m [1mdist\chunk-KFGZD6TC.js [22m[32m38.90 KB[39m
@isl-lang/snapshot-testing:build: [32mESM[39m [1mdist\index.js          [22m[32m2.69 KB[39m
@isl-lang/snapshot-testing:build: [32mESM[39m [1mdist\jest.js           [22m[32m2.47 KB[39m
@isl-lang/snapshot-testing:build: [32mESM[39m [1mdist\vitest.js         [22m[32m2.43 KB[39m
@isl-lang/snapshot-testing:build: [32mESM[39m ΓÜí∩╕Å Build success in 542ms
@isl-lang/snapshot-testing:build: [34mDTS[39m Build start
@isl-lang/snapshot-testing:build: [32mDTS[39m ΓÜí∩╕Å Build success in 11191ms
@isl-lang/snapshot-testing:build: [32mDTS[39m [1mdist\jest.d.ts   [22m[32m876.00 B[39m
@isl-lang/snapshot-testing:build: [32mDTS[39m [1mdist\vitest.d.ts [22m[32m1.15 KB[39m
@isl-lang/snapshot-testing:build: [32mDTS[39m [1mdist\index.d.ts  [22m[32m18.23 KB[39m
@isl-lang/stdlib-time:build: cache hit, replaying logs e56a26650fe9a834
@isl-lang/stdlib-time:build: 
@isl-lang/stdlib-time:build: > @isl-lang/stdlib-time@0.1.0 build C:\Users\mevla\OneDrive\Desktop\projects\IntentOS\packages\stdlib-time
@isl-lang/stdlib-time:build: > tsc
@isl-lang/stdlib-time:build: 
@isl-lang/effects:build: cache hit, replaying logs f56f08a4b85c9f6c
@isl-lang/effects:build: 
@isl-lang/effects:build: > @isl-lang/effects@0.1.0 build C:\Users\mevla\OneDrive\Desktop\projects\IntentOS\packages\effects
@isl-lang/effects:build: > tsc
@isl-lang/effects:build: 
@isl-lang/playground:build: cache hit, replaying logs 66467124abde6f9d
@isl-lang/playground:build: 
@isl-lang/playground:build: > @isl-lang/playground@0.1.0 build C:\Users\mevla\OneDrive\Desktop\projects\IntentOS\packages\playground
@isl-lang/playground:build: > echo 'Skipping Next.js build'
@isl-lang/playground:build: 
@isl-lang/playground:build: 'Skipping Next.js build'
@isl-lang/marketplace-api:build: cache hit, replaying logs d634ad7ea3cbb727
@isl-lang/marketplace-api:build: 
@isl-lang/marketplace-api:build: > @isl-lang/marketplace-api@0.1.0 build C:\Users\mevla\OneDrive\Desktop\projects\IntentOS\packages\marketplace-api
@isl-lang/marketplace-api:build: > tsup src/index.ts --format esm --dts --clean
@isl-lang/marketplace-api:build: 
@isl-lang/marketplace-api:build: [34mCLI[39m Building entry: src/index.ts
@isl-lang/marketplace-api:build: [34mCLI[39m Using tsconfig: tsconfig.json
@isl-lang/marketplace-api:build: [34mCLI[39m tsup v8.5.1
@isl-lang/marketplace-api:build: [34mCLI[39m Target: es2022
@isl-lang/marketplace-api:build: [34mCLI[39m Cleaning output folder
@isl-lang/marketplace-api:build: [34mESM[39m Build start
@isl-lang/marketplace-api:build: [32mESM[39m [1mdist\index.js [22m[32m18.85 KB[39m
@isl-lang/marketplace-api:build: [32mESM[39m ΓÜí∩╕Å Build success in 258ms
@isl-lang/marketplace-api:build: [34mDTS[39m Build start
@isl-lang/marketplace-api:build: [32mDTS[39m ΓÜí∩╕Å Build success in 7892ms
@isl-lang/marketplace-api:build: [32mDTS[39m [1mdist\index.d.ts [22m[32m4.16 KB[39m
@isl-lang/observability:build: cache hit, replaying logs 1f78645298e993c7
@isl-lang/observability:build: 
@isl-lang/observability:build: > @isl-lang/observability@0.1.0 build C:\Users\mevla\OneDrive\Desktop\projects\IntentOS\packages\observability
@isl-lang/observability:build: > tsup src/index.ts src/exporters/console.ts src/exporters/otlp.ts --format esm --no-dts --clean && tsc -p tsconfig.build.json
@isl-lang/observability:build: 
@isl-lang/observability:build: [34mCLI[39m Building entry: src/index.ts, src/exporters/console.ts, src/exporters/otlp.ts
@isl-lang/observability:build: [34mCLI[39m Using tsconfig: tsconfig.json
@isl-lang/observability:build: [34mCLI[39m tsup v8.5.1
@isl-lang/observability:build: [34mCLI[39m Target: es2022
@isl-lang/observability:build: [34mCLI[39m Cleaning output folder
@isl-lang/observability:build: [34mESM[39m Build start
@isl-lang/observability:build: [32mESM[39m [1mdist\index.js             [22m[32m5.77 KB[39m
@isl-lang/observability:build: [32mESM[39m [1mdist\exporters\otlp.js    [22m[32m779.00 B[39m
@isl-lang/observability:build: [32mESM[39m [1mdist\exporters\console.js [22m[32m269.00 B[39m
@isl-lang/observability:build: [32mESM[39m [1mdist\chunk-3RG5ZIWI.js    [22m[32m390.00 B[39m
@isl-lang/observability:build: [32mESM[39m ΓÜí∩╕Å Build success in 298ms
@isl-lang/opentelemetry:build: cache hit, replaying logs ecf2fee63f298c3a
@isl-lang/opentelemetry:build: 
@isl-lang/opentelemetry:build: > @isl-lang/opentelemetry@1.0.0 build C:\Users\mevla\OneDrive\Desktop\projects\IntentOS\packages\opentelemetry
@isl-lang/opentelemetry:build: > tsup
@isl-lang/opentelemetry:build: 
@isl-lang/opentelemetry:build: Γû▓ [WARNING] The condition "types" here will never be used as it comes after both "import" and "require" [package.json]
@isl-lang/opentelemetry:build: 
@isl-lang/opentelemetry:build:     package.json:12:6:
@isl-lang/opentelemetry:build:       12 Γöé       "types": "./dist/index.d.ts"
@isl-lang/opentelemetry:build:          Γò╡       ~~~~~~~
@isl-lang/opentelemetry:build: 
@isl-lang/opentelemetry:build:   The "import" condition comes earlier and will be used for all "import" statements:
@isl-lang/opentelemetry:build: 
@isl-lang/opentelemetry:build:     package.json:10:6:
@isl-lang/opentelemetry:build:       10 Γöé       "import": "./dist/index.mjs",
@isl-lang/opentelemetry:build:          Γò╡       ~~~~~~~~
@isl-lang/opentelemetry:build: 
@isl-lang/opentelemetry:build:   The "require" condition comes earlier and will be used for all "require" calls:
@isl-lang/opentelemetry:build: 
@isl-lang/opentelemetry:build:     package.json:11:6:
@isl-lang/opentelemetry:build:       11 Γöé       "require": "./dist/index.js",
@isl-lang/opentelemetry:build:          Γò╡       ~~~~~~~~~
@isl-lang/opentelemetry:build: 
@isl-lang/opentelemetry:build: Γû▓ [WARNING] The condition "types" here will never be used as it comes after both "import" and "require" [package.json]
@isl-lang/opentelemetry:build: 
@isl-lang/opentelemetry:build:     package.json:17:6:
@isl-lang/opentelemetry:build:       17 Γöé       "types": "./dist/spans/index.d.ts"
@isl-lang/opentelemetry:build:          Γò╡       ~~~~~~~
@isl-lang/opentelemetry:build: 
@isl-lang/opentelemetry:build:   The "import" condition comes earlier and will be used for all "import" statements:
@isl-lang/opentelemetry:build: 
@isl-lang/opentelemetry:build:     package.json:15:6:
@isl-lang/opentelemetry:build:       15 Γöé       "import": "./dist/spans/index.mjs",
@isl-lang/opentelemetry:build:          Γò╡       ~~~~~~~~
@isl-lang/opentelemetry:build: 
@isl-lang/opentelemetry:build:   The "require" condition comes earlier and will be used for all "require" calls:
@isl-lang/opentelemetry:build: 
@isl-lang/opentelemetry:build:     package.json:16:6:
@isl-lang/opentelemetry:build:       16 Γöé       "require": "./dist/spans/index.js",
@isl-lang/opentelemetry:build:          Γò╡       ~~~~~~~~~
@isl-lang/opentelemetry:build: 
@isl-lang/opentelemetry:build: Γû▓ [WARNING] The condition "types" here will never be used as it comes after both "import" and "require" [package.json]
@isl-lang/opentelemetry:build: 
@isl-lang/opentelemetry:build:     package.json:22:6:
@isl-lang/opentelemetry:build:       22 Γöé       "types": "./dist/metrics/index.d.ts"
@isl-lang/opentelemetry:build:          Γò╡       ~~~~~~~
@isl-lang/opentelemetry:build: 
@isl-lang/opentelemetry:build:   The "import" condition comes earlier and will be used for all "import" statements:
@isl-lang/opentelemetry:build: 
@isl-lang/opentelemetry:build:     package.json:20:6:
@isl-lang/opentelemetry:build:       20 Γöé       "import": "./dist/metrics/index.mjs",
@isl-lang/opentelemetry:build:          Γò╡       ~~~~~~~~
@isl-lang/opentelemetry:build: 
@isl-lang/opentelemetry:build:   The "require" condition comes earlier and will be used for all "require" calls:
@isl-lang/opentelemetry:build: 
@isl-lang/opentelemetry:build:     package.json:21:6:
@isl-lang/opentelemetry:build:       21 Γöé       "require": "./dist/metrics/index.js",
@isl-lang/opentelemetry:build:          Γò╡       ~~~~~~~~~
@isl-lang/opentelemetry:build: 
@isl-lang/opentelemetry:build: Γû▓ [WARNING] The condition "types" here will never be used as it comes after both "import" and "require" [package.json]
@isl-lang/opentelemetry:build: 
@isl-lang/opentelemetry:build:     package.json:27:6:
@isl-lang/opentelemetry:build:       27 Γöé       "types": "./dist/exporters/index.d.ts"
@isl-lang/opentelemetry:build:          Γò╡       ~~~~~~~
@isl-lang/opentelemetry:build: 
@isl-lang/opentelemetry:build:   The "import" condition comes earlier and will be used for all "import" statements:
@isl-lang/opentelemetry:build: 
@isl-lang/opentelemetry:build:     package.json:25:6:
@isl-lang/opentelemetry:build:       25 Γöé       "import": "./dist/exporters/index.mjs",
@isl-lang/opentelemetry:build:          Γò╡       ~~~~~~~~
@isl-lang/opentelemetry:build: 
@isl-lang/opentelemetry:build:   The "require" condition comes earlier and will be used for all "require" calls:
@isl-lang/opentelemetry:build: 
@isl-lang/opentelemetry:build:     package.json:26:6:
@isl-lang/opentelemetry:build:       26 Γöé       "require": "./dist/exporters/index.js",
@isl-lang/opentelemetry:build:          Γò╡       ~~~~~~~~~
@isl-lang/opentelemetry:build: 
@isl-lang/opentelemetry:build: Γû▓ [WARNING] The condition "types" here will never be used as it comes after both "import" and "require" [package.json]
@isl-lang/opentelemetry:build: 
@isl-lang/opentelemetry:build:     package.json:32:6:
@isl-lang/opentelemetry:build:       32 Γöé       "types": "./dist/instrumentation/index.d.ts"
@isl-lang/opentelemetry:build:          Γò╡       ~~~~~~~
@isl-lang/opentelemetry:build: 
@isl-lang/opentelemetry:build:   The "import" condition comes earlier and will be used for all "import" statements:
@isl-lang/opentelemetry:build: 
@isl-lang/opentelemetry:build:     package.json:30:6:
@isl-lang/opentelemetry:build:       30 Γöé       "import": "./dist/instrumentation/index.mjs",
@isl-lang/opentelemetry:build:          Γò╡       ~~~~~~~~
@isl-lang/opentelemetry:build: 
@isl-lang/opentelemetry:build:   The "require" condition comes earlier and will be used for all "require" calls:
@isl-lang/opentelemetry:build: 
@isl-lang/opentelemetry:build:     package.json:31:6:
@isl-lang/opentelemetry:build:       31 Γöé       "require": "./dist/instrumentation/index.js",
@isl-lang/opentelemetry:build:          Γò╡       ~~~~~~~~~
@isl-lang/opentelemetry:build: 
@isl-lang/opentelemetry:build: [34mCLI[39m Building entry: src/index.ts
@isl-lang/opentelemetry:build: [34mCLI[39m Using tsconfig: tsconfig.json
@isl-lang/opentelemetry:build: [34mCLI[39m tsup v8.5.1
@isl-lang/opentelemetry:build: [34mCLI[39m Using tsup config: C:\Users\mevla\OneDrive\Desktop\projects\IntentOS\packages\opentelemetry\tsup.config.ts
@isl-lang/opentelemetry:build: [34mCLI[39m Target: es2022
@isl-lang/opentelemetry:build: [34mCLI[39m Cleaning output folder
@isl-lang/opentelemetry:build: [34mESM[39m Build start
@isl-lang/opentelemetry:build: [34mCJS[39m Build start
@isl-lang/opentelemetry:build: 
@isl-lang/opentelemetry:build:  WARN  [33mΓû▓ [43;33m[[43;30mWARNING[43;33m][0m [1mThe condition "types" here will never be used as it comes after both "import" and "require"[0m [package.json]
@isl-lang/opentelemetry:build: 
@isl-lang/opentelemetry:build:     package.json:12:6:
@isl-lang/opentelemetry:build: [37m      12 Γöé       [32m"types"[37m: "./dist/index.d.ts"
@isl-lang/opentelemetry:build:          Γò╡       [32m~~~~~~~[0m
@isl-lang/opentelemetry:build: 
@isl-lang/opentelemetry:build:   The "import" condition comes earlier and will be used for all "import" statements:
@isl-lang/opentelemetry:build: 
@isl-lang/opentelemetry:build:     package.json:10:6:
@isl-lang/opentelemetry:build: [37m      10 Γöé       [32m"import"[37m: "./dist/index.mjs",
@isl-lang/opentelemetry:build:          Γò╡       [32m~~~~~~~~[0m
@isl-lang/opentelemetry:build: 
@isl-lang/opentelemetry:build:   The "require" condition comes earlier and will be used for all "require" calls:
@isl-lang/opentelemetry:build: 
@isl-lang/opentelemetry:build:     package.json:11:6:
@isl-lang/opentelemetry:build: [37m      11 Γöé       [32m"require"[37m: "./dist/index.js",
@isl-lang/opentelemetry:build:          Γò╡       [32m~~~~~~~~~[0m
@isl-lang/opentelemetry:build: 
@isl-lang/opentelemetry:build: 
@isl-lang/opentelemetry:build: 
@isl-lang/opentelemetry:build: 
@isl-lang/opentelemetry:build:  WARN  [33mΓû▓ [43;33m[[43;30mWARNING[43;33m][0m [1mThe condition "types" here will never be used as it comes after both "import" and "require"[0m [package.json]
@isl-lang/opentelemetry:build: 
@isl-lang/opentelemetry:build:     package.json:17:6:
@isl-lang/opentelemetry:build: [37m      17 Γöé       [32m"types"[37m: "./dist/spans/index.d.ts"
@isl-lang/opentelemetry:build:          Γò╡       [32m~~~~~~~[0m
@isl-lang/opentelemetry:build: 
@isl-lang/opentelemetry:build:   The "import" condition comes earlier and will be used for all "import" statements:
@isl-lang/opentelemetry:build: 
@isl-lang/opentelemetry:build:     package.json:15:6:
@isl-lang/opentelemetry:build: [37m      15 Γöé       [32m"import"[37m: "./dist/spans/index.mjs",
@isl-lang/opentelemetry:build:          Γò╡       [32m~~~~~~~~[0m
@isl-lang/opentelemetry:build: 
@isl-lang/opentelemetry:build:   The "require" condition comes earlier and will be used for all "require" calls:
@isl-lang/opentelemetry:build: 
@isl-lang/opentelemetry:build:     package.json:16:6:
@isl-lang/opentelemetry:build: [37m      16 Γöé       [32m"require"[37m: "./dist/spans/index.js",
@isl-lang/opentelemetry:build:          Γò╡       [32m~~~~~~~~~[0m
@isl-lang/stdlib-actors:build: cache hit, replaying logs eec8fde24c6236b3
@isl-lang/opentelemetry:build: 
@isl-lang/opentelemetry:build: 
@isl-lang/opentelemetry:build: 
@isl-lang/opentelemetry:build: 
@isl-lang/opentelemetry:build:  WARN  [33mΓû▓ [43;33m[[43;30mWARNING[43;33m][0m [1mThe condition "types" here will never be used as it comes after both "import" and "require"[0m [package.json]
@isl-lang/opentelemetry:build: 
@isl-lang/opentelemetry:build:     package.json:22:6:
@isl-lang/opentelemetry:build: [37m      22 Γöé       [32m"types"[37m: "./dist/metrics/index.d.ts"
@isl-lang/opentelemetry:build:          Γò╡       [32m~~~~~~~[0m
@isl-lang/opentelemetry:build: 
@isl-lang/opentelemetry:build:   The "import" condition comes earlier and will be used for all "import" statements:
@isl-lang/opentelemetry:build: 
@isl-lang/opentelemetry:build:     package.json:20:6:
@isl-lang/opentelemetry:build: [37m      20 Γöé       [32m"import"[37m: "./dist/metrics/index.mjs",
@isl-lang/opentelemetry:build:          Γò╡       [32m~~~~~~~~[0m
@isl-lang/opentelemetry:build: 
@isl-lang/opentelemetry:build:   The "require" condition comes earlier and will be used for all "require" calls:
@isl-lang/opentelemetry:build: 
@isl-lang/opentelemetry:build:     package.json:21:6:
@isl-lang/opentelemetry:build: [37m      21 Γöé       [32m"require"[37m: "./dist/metrics/index.js",
@isl-lang/opentelemetry:build:          Γò╡       [32m~~~~~~~~~[0m
@isl-lang/opentelemetry:build: 
@isl-lang/opentelemetry:build: 
@isl-lang/opentelemetry:build: 
@isl-lang/opentelemetry:build: 
@isl-lang/opentelemetry:build:  WARN  [33mΓû▓ [43;33m[[43;30mWARNING[43;33m][0m [1mThe condition "types" here will never be used as it comes after both "import" and "require"[0m [package.json]
@isl-lang/opentelemetry:build: 
@isl-lang/stdlib-actors:build: 
@isl-lang/stdlib-actors:build: > @isl-lang/stdlib-actors@0.1.0 build C:\Users\mevla\OneDrive\Desktop\projects\IntentOS\packages\stdlib-actors
@isl-lang/stdlib-actors:build: > tsc
@isl-lang/opentelemetry:build:     package.json:27:6:
@isl-lang/opentelemetry:build: [37m      27 Γöé       [32m"types"[37m: "./dist/exporters/index.d.ts"
@isl-lang/opentelemetry:build:          Γò╡       [32m~~~~~~~[0m
@isl-lang/opentelemetry:build: 
@isl-lang/opentelemetry:build:   The "import" condition comes earlier and will be used for all "import" statements:
@isl-lang/opentelemetry:build: 
@isl-lang/opentelemetry:build:     package.json:25:6:
@isl-lang/opentelemetry:build: [37m      25 Γöé       [32m"import"[37m: "./dist/exporters/index.mjs",
@isl-lang/opentelemetry:build:          Γò╡       [32m~~~~~~~~[0m
@isl-lang/opentelemetry:build: 
@isl-lang/opentelemetry:build:   The "require" condition comes earlier and will be used for all "require" calls:
@isl-lang/opentelemetry:build: 
@isl-lang/opentelemetry:build:     package.json:26:6:
@isl-lang/opentelemetry:build: [37m      26 Γöé       [32m"require"[37m: "./dist/exporters/index.js",
@isl-lang/opentelemetry:build:          Γò╡       [32m~~~~~~~~~[0m
@isl-lang/opentelemetry:build: 
@isl-lang/opentelemetry:build: 
@isl-lang/opentelemetry:build: 
@isl-lang/opentelemetry:build: 
@isl-lang/opentelemetry:build:  WARN  [33mΓû▓ [43;33m[[43;30mWARNING[43;33m][0m [1mThe condition "types" here will never be used as it comes after both "import" and "require"[0m [package.json]
@isl-lang/opentelemetry:build: 
@isl-lang/opentelemetry:build:     package.json:32:6:
@isl-lang/opentelemetry:build: [37m      32 Γöé       [32m"types"[37m: "./dist/instrumentation/index.d.ts"
@isl-lang/opentelemetry:build:          Γò╡       [32m~~~~~~~[0m
@isl-lang/opentelemetry:build: 
@isl-lang/opentelemetry:build:   The "import" condition comes earlier and will be used for all "import" statements:
@isl-lang/opentelemetry:build: 
@isl-lang/opentelemetry:build:     package.json:30:6:
@isl-lang/opentelemetry:build: [37m      30 Γöé       [32m"import"[37m: "./dist/instrumentation/index.mjs",
@isl-lang/opentelemetry:build:          Γò╡       [32m~~~~~~~~[0m
@isl-lang/opentelemetry:build: 
@isl-lang/opentelemetry:build:   The "require" condition comes earlier and will be used for all "require" calls:
@isl-lang/opentelemetry:build: 
@isl-lang/opentelemetry:build:     package.json:31:6:
@isl-lang/opentelemetry:build: [37m      31 Γöé       [32m"require"[37m: "./dist/instrumentation/index.js",
@isl-lang/opentelemetry:build:          Γò╡       [32m~~~~~~~~~[0m
@isl-lang/opentelemetry:build: 
@isl-lang/opentelemetry:build: 
@isl-lang/opentelemetry:build: 
@isl-lang/opentelemetry:build: [32mCJS[39m [1mdist\index.cjs     [22m[32m96.06 KB[39m
@isl-lang/opentelemetry:build: [32mCJS[39m [1mdist\index.cjs.map [22m[32m186.71 KB[39m
@isl-lang/opentelemetry:build: [32mCJS[39m ΓÜí∩╕Å Build success in 281ms
@isl-lang/opentelemetry:build: 
@isl-lang/opentelemetry:build:  WARN  [33mΓû▓ [43;33m[[43;30mWARNING[43;33m][0m [1mThe condition "types" here will never be used as it comes after both "import" and "require"[0m [package.json]
@isl-lang/opentelemetry:build: 
@isl-lang/opentelemetry:build:     package.json:12:6:
@isl-lang/opentelemetry:build: [37m      12 Γöé       [32m"types"[37m: "./dist/index.d.ts"
@isl-lang/opentelemetry:build:          Γò╡       [32m~~~~~~~[0m
@isl-lang/opentelemetry:build: 
@isl-lang/opentelemetry:build:   The "import" condition comes earlier and will be used for all "import" statements:
@isl-lang/opentelemetry:build: 
@isl-lang/opentelemetry:build:     package.json:10:6:
@isl-lang/opentelemetry:build: [37m      10 Γöé       [32m"import"[37m: "./dist/index.mjs",
@isl-lang/opentelemetry:build:          Γò╡       [32m~~~~~~~~[0m
@isl-lang/opentelemetry:build: 
@isl-lang/opentelemetry:build:   The "require" condition comes earlier and will be used for all "require" calls:
@isl-lang/stdlib-actors:build: 
@isl-lang/opentelemetry:build: 
@isl-lang/opentelemetry:build:     package.json:11:6:
@isl-lang/opentelemetry:build: [37m      11 Γöé       [32m"require"[37m: "./dist/index.js",
@isl-lang/opentelemetry:build:          Γò╡       [32m~~~~~~~~~[0m
@isl-lang/opentelemetry:build: 
@isl-lang/opentelemetry:build: 
@isl-lang/opentelemetry:build: 
@isl-lang/opentelemetry:build: 
@isl-lang/opentelemetry:build:  WARN  [33mΓû▓ [43;33m[[43;30mWARNING[43;33m][0m [1mThe condition "types" here will never be used as it comes after both "import" and "require"[0m [package.json]
@isl-lang/opentelemetry:build: 
@isl-lang/opentelemetry:build:     package.json:17:6:
@isl-lang/opentelemetry:build: [37m      17 Γöé       [32m"types"[37m: "./dist/spans/index.d.ts"
@isl-lang/opentelemetry:build:          Γò╡       [32m~~~~~~~[0m
@isl-lang/opentelemetry:build: 
@isl-lang/opentelemetry:build:   The "import" condition comes earlier and will be used for all "import" statements:
@isl-lang/opentelemetry:build: 
@isl-lang/opentelemetry:build:     package.json:15:6:
@isl-lang/opentelemetry:build: [37m      15 Γöé       [32m"import"[37m: "./dist/spans/index.mjs",
@isl-lang/opentelemetry:build:          Γò╡       [32m~~~~~~~~[0m
@isl-lang/opentelemetry:build: 
@isl-lang/opentelemetry:build:   The "require" condition comes earlier and will be used for all "require" calls:
@isl-lang/opentelemetry:build: 
@isl-lang/opentelemetry:build:     package.json:16:6:
@isl-lang/opentelemetry:build: [37m      16 Γöé       [32m"require"[37m: "./dist/spans/index.js",
@isl-lang/opentelemetry:build:          Γò╡       [32m~~~~~~~~~[0m
@isl-lang/opentelemetry:build: 
@isl-lang/opentelemetry:build: 
@isl-lang/opentelemetry:build: 
@isl-lang/opentelemetry:build: 
@isl-lang/opentelemetry:build:  WARN  [33mΓû▓ [43;33m[[43;30mWARNING[43;33m][0m [1mThe condition "types" here will never be used as it comes after both "import" and "require"[0m [package.json]
@isl-lang/opentelemetry:build: 
@isl-lang/opentelemetry:build:     package.json:22:6:
@isl-lang/opentelemetry:build: [37m      22 Γöé       [32m"types"[37m: "./dist/metrics/index.d.ts"
@isl-lang/opentelemetry:build:          Γò╡       [32m~~~~~~~[0m
@isl-lang/opentelemetry:build: 
@isl-lang/opentelemetry:build:   The "import" condition comes earlier and will be used for all "import" statements:
@isl-lang/opentelemetry:build: 
@isl-lang/opentelemetry:build:     package.json:20:6:
@isl-lang/opentelemetry:build: [37m      20 Γöé       [32m"import"[37m: "./dist/metrics/index.mjs",
@isl-lang/opentelemetry:build:          Γò╡       [32m~~~~~~~~[0m
@isl-lang/opentelemetry:build: 
@isl-lang/opentelemetry:build:   The "require" condition comes earlier and will be used for all "require" calls:
@isl-lang/opentelemetry:build: 
@isl-lang/opentelemetry:build:     package.json:21:6:
@isl-lang/opentelemetry:build: [37m      21 Γöé       [32m"require"[37m: "./dist/metrics/index.js",
@isl-lang/opentelemetry:build:          Γò╡       [32m~~~~~~~~~[0m
@isl-lang/opentelemetry:build: 
@isl-lang/opentelemetry:build: 
@isl-lang/opentelemetry:build: 
@isl-lang/opentelemetry:build: 
@isl-lang/opentelemetry:build:  WARN  [33mΓû▓ [43;33m[[43;30mWARNING[43;33m][0m [1mThe condition "types" here will never be used as it comes after both "import" and "require"[0m [package.json]
@isl-lang/opentelemetry:build: 
@isl-lang/opentelemetry:build:     package.json:27:6:
@isl-lang/opentelemetry:build: [37m      27 Γöé       [32m"types"[37m: "./dist/exporters/index.d.ts"
@isl-lang/opentelemetry:build:          Γò╡       [32m~~~~~~~[0m
@isl-lang/opentelemetry:build: 
@isl-lang/opentelemetry:build:   The "import" condition comes earlier and will be used for all "import" statements:
@isl-lang/opentelemetry:build: 
@isl-lang/opentelemetry:build:     package.json:25:6:
@isl-lang/opentelemetry:build: [37m      25 Γöé       [32m"import"[37m: "./dist/exporters/index.mjs",
@isl-lang/opentelemetry:build:          Γò╡       [32m~~~~~~~~[0m
@isl-lang/opentelemetry:build: 
@isl-lang/opentelemetry:build:   The "require" condition comes earlier and will be used for all "require" calls:
@isl-lang/opentelemetry:build: 
@isl-lang/opentelemetry:build:     package.json:26:6:
@isl-lang/opentelemetry:build: [37m      26 Γöé       [32m"require"[37m: "./dist/exporters/index.js",
@isl-lang/opentelemetry:build:          Γò╡       [32m~~~~~~~~~[0m
@isl-lang/opentelemetry:build: 
@isl-lang/opentelemetry:build: 
@isl-lang/opentelemetry:build: 
@isl-lang/opentelemetry:build: 
@isl-lang/opentelemetry:build:  WARN  [33mΓû▓ [43;33m[[43;30mWARNING[43;33m][0m [1mThe condition "types" here will never be used as it comes after both "import" and "require"[0m [package.json]
@isl-lang/opentelemetry:build: 
@isl-lang/opentelemetry:build:     package.json:32:6:
@isl-lang/opentelemetry:build: [37m      32 Γöé       [32m"types"[37m: "./dist/instrumentation/index.d.ts"
@isl-lang/opentelemetry:build:          Γò╡       [32m~~~~~~~[0m
@isl-lang/opentelemetry:build: 
@isl-lang/opentelemetry:build:   The "import" condition comes earlier and will be used for all "import" statements:
@isl-lang/opentelemetry:build: 
@isl-lang/opentelemetry:build:     package.json:30:6:
@isl-lang/opentelemetry:build: [37m      30 Γöé       [32m"import"[37m: "./dist/instrumentation/index.mjs",
@isl-lang/opentelemetry:build:          Γò╡       [32m~~~~~~~~[0m
@isl-lang/opentelemetry:build: 
@isl-lang/opentelemetry:build:   The "require" condition comes earlier and will be used for all "require" calls:
@isl-lang/opentelemetry:build: 
@isl-lang/opentelemetry:build:     package.json:31:6:
@isl-lang/opentelemetry:build: [37m      31 Γöé       [32m"require"[37m: "./dist/instrumentation/index.js",
@isl-lang/opentelemetry:build:          Γò╡       [32m~~~~~~~~~[0m
@isl-lang/opentelemetry:build: 
@isl-lang/opentelemetry:build: 
@isl-lang/opentelemetry:build: 
@isl-lang/opentelemetry:build: [32mESM[39m [1mdist\index.js     [22m[32m90.65 KB[39m
@isl-lang/opentelemetry:build: [32mESM[39m [1mdist\index.js.map [22m[32m187.43 KB[39m
@isl-lang/opentelemetry:build: [32mESM[39m ΓÜí∩╕Å Build success in 337ms
@isl-lang/opentelemetry:build: [34mDTS[39m Build start
@isl-lang/opentelemetry:build: [32mDTS[39m ΓÜí∩╕Å Build success in 8882ms
@isl-lang/opentelemetry:build: [32mDTS[39m [1mdist\index.d.ts  [22m[32m46.32 KB[39m
@isl-lang/opentelemetry:build: [32mDTS[39m [1mdist\index.d.cts [22m[32m46.32 KB[39m
@isl-lang/secrets-hygiene:build: cache hit, replaying logs 5fef5a51a99caa5e
@isl-lang/secrets-hygiene:build: 
@isl-lang/secrets-hygiene:build: > @isl-lang/secrets-hygiene@0.1.0 build C:\Users\mevla\OneDrive\Desktop\projects\IntentOS\packages\secrets-hygiene
@isl-lang/secrets-hygiene:build: > tsc
@isl-lang/secrets-hygiene:build: 
@isl-lang/codegen-k8s:build: cache hit, replaying logs b550b5b3922a9ddd
@isl-lang/codegen-k8s:build: 
@isl-lang/codegen-k8s:build: > @isl-lang/codegen-k8s@0.1.0 build C:\Users\mevla\OneDrive\Desktop\projects\IntentOS\packages\codegen-k8s
@isl-lang/codegen-k8s:build: > tsup
@isl-lang/codegen-k8s:build: 
@isl-lang/codegen-k8s:build: [34mCLI[39m Building entry: src/index.ts
@isl-lang/codegen-k8s:build: [34mCLI[39m Using tsconfig: tsconfig.json
@isl-lang/codegen-k8s:build: [34mCLI[39m tsup v8.5.1
@isl-lang/codegen-k8s:build: [34mCLI[39m Using tsup config: C:\Users\mevla\OneDrive\Desktop\projects\IntentOS\packages\codegen-k8s\tsup.config.ts
@isl-lang/codegen-k8s:build: [34mCLI[39m Target: es2022
@isl-lang/codegen-k8s:build: [34mCLI[39m Cleaning output folder
@isl-lang/private-registry:build: cache hit, replaying logs 752aab7505fd7220
@isl-lang/codegen-k8s:build: [34mESM[39m Build start
@isl-lang/codegen-k8s:build: [34mCJS[39m Build start
@isl-lang/codegen-k8s:build: [32mCJS[39m [1mdist\index.cjs     [22m[32m11.72 KB[39m
@isl-lang/codegen-k8s:build: [32mCJS[39m [1mdist\index.cjs.map [22m[32m21.56 KB[39m
@isl-lang/codegen-k8s:build: [32mCJS[39m ΓÜí∩╕Å Build success in 95ms
@isl-lang/codegen-k8s:build: [32mESM[39m [1mdist\index.js     [22m[32m10.08 KB[39m
@isl-lang/codegen-k8s:build: [32mESM[39m [1mdist\index.js.map [22m[32m21.19 KB[39m
@isl-lang/codegen-k8s:build: [32mESM[39m ΓÜí∩╕Å Build success in 123ms
@isl-lang/codegen-k8s:build: [34mDTS[39m Build start
@isl-lang/codegen-k8s:build: [32mDTS[39m ΓÜí∩╕Å Build success in 4513ms
@isl-lang/codegen-k8s:build: [32mDTS[39m [1mdist\index.d.ts  [22m[32m7.58 KB[39m
@isl-lang/codegen-k8s:build: [32mDTS[39m [1mdist\index.d.cts [22m[32m7.58 KB[39m
@isl-lang/private-registry:build: 
@isl-lang/private-registry:build: > @isl-lang/private-registry@0.1.0 build C:\Users\mevla\OneDrive\Desktop\projects\IntentOS\packages\private-registry
@isl-lang/private-registry:build: > tsup src/index.ts --format esm --dts --clean
@isl-lang/private-registry:build: 
@isl-lang/private-registry:build: [34mCLI[39m Building entry: src/index.ts
@isl-lang/private-registry:build: [34mCLI[39m Using tsconfig: tsconfig.json
@isl-lang/private-registry:build: [34mCLI[39m tsup v8.5.1
@isl-lang/private-registry:build: [34mCLI[39m Target: es2022
@isl-lang/private-registry:build: [34mCLI[39m Cleaning output folder
@isl-lang/private-registry:build: [34mESM[39m Build start
@isl-lang/private-registry:build: [32mESM[39m [1mdist\index.js [22m[32m6.73 KB[39m
@isl-lang/private-registry:build: [32mESM[39m ΓÜí∩╕Å Build success in 199ms
@isl-lang/private-registry:build: [34mDTS[39m Build start
@isl-lang/private-registry:build: [32mDTS[39m ΓÜí∩╕Å Build success in 5004ms
@isl-lang/private-registry:build: [32mDTS[39m [1mdist\index.d.ts [22m[32m3.49 KB[39m
@isl-lang/gate-action:build: cache miss, executing d7360342ca79c3b7
@isl-lang/feature-flags:build: cache hit, replaying logs 130a34236b493f32
@isl-lang/feature-flags:build: 
@isl-lang/feature-flags:build: > @isl-lang/feature-flags@1.0.0 build C:\Users\mevla\OneDrive\Desktop\projects\IntentOS\packages\feature-flags
@isl-lang/feature-flags:build: > tsup src/index.ts --format cjs,esm --dts
@isl-lang/feature-flags:build: 
@isl-lang/feature-flags:build: [34mCLI[39m Building entry: src/index.ts
@isl-lang/feature-flags:build: [34mCLI[39m Using tsconfig: tsconfig.json
@isl-lang/feature-flags:build: [34mCLI[39m tsup v8.5.1
@isl-lang/feature-flags:build: [34mCLI[39m Target: es2022
@isl-lang/feature-flags:build: [34mCJS[39m Build start
@isl-lang/feature-flags:build: [34mESM[39m Build start
@isl-lang/feature-flags:build: [32mCJS[39m [1mdist\index.cjs [22m[32m17.74 KB[39m
@isl-lang/feature-flags:build: [32mCJS[39m ΓÜí∩╕Å Build success in 269ms
@isl-lang/feature-flags:build: [32mESM[39m [1mdist\index.js [22m[32m16.06 KB[39m
@isl-lang/feature-flags:build: [32mESM[39m ΓÜí∩╕Å Build success in 284ms
@isl-lang/feature-flags:build: [34mDTS[39m Build start
@isl-lang/feature-flags:build: [32mDTS[39m ΓÜí∩╕Å Build success in 4723ms
@isl-lang/feature-flags:build: [32mDTS[39m [1mdist\index.d.cts [22m[32m7.25 KB[39m
@isl-lang/feature-flags:build: [32mDTS[39m [1mdist\index.d.ts  [22m[32m7.25 KB[39m
@isl-lang/sentry:build: cache hit, replaying logs 7f3b8705677a0bee
@isl-lang/sentry:build: 
@isl-lang/sentry:build: > @isl-lang/sentry@0.1.0 build C:\Users\mevla\OneDrive\Desktop\projects\IntentOS\packages\sentry
@isl-lang/sentry:build: > tsup
@isl-lang/sentry:build: 
@isl-lang/sentry:build: [34mCLI[39m Building entry: {"index":"src/index.ts","client":"src/client.ts","integrations/index":"src/integrations/index.ts","middleware/index":"src/middleware/index.ts"}
@isl-lang/sentry:build: [34mCLI[39m Using tsconfig: tsconfig.json
@isl-lang/sentry:build: [34mCLI[39m tsup v8.5.1
@isl-lang/sentry:build: [34mCLI[39m Using tsup config: C:\Users\mevla\OneDrive\Desktop\projects\IntentOS\packages\sentry\tsup.config.ts
@isl-lang/sentry:build: [34mCLI[39m Target: es2022
@isl-lang/sentry:build: [34mCLI[39m Cleaning output folder
@isl-lang/sentry:build: [34mCJS[39m Build start
@isl-lang/sentry:build: [34mESM[39m Build start
@isl-lang/sentry:build: [34mDTS[39m Build start
@isl-lang/sentry:build: [32mCJS[39m [1mdist\client.cjs                 [22m[32m16.44 KB[39m
@isl-lang/sentry:build: [32mCJS[39m [1mdist\index.cjs                  [22m[32m71.68 KB[39m
@isl-lang/sentry:build: [32mCJS[39m [1mdist\integrations\index.cjs     [22m[32m26.40 KB[39m
@isl-lang/sentry:build: [32mCJS[39m [1mdist\middleware\index.cjs       [22m[32m11.87 KB[39m
@isl-lang/sentry:build: [32mCJS[39m [1mdist\middleware\index.cjs.map   [22m[32m55.23 KB[39m
@isl-lang/sentry:build: [32mCJS[39m [1mdist\client.cjs.map             [22m[32m54.57 KB[39m
@isl-lang/sentry:build: [32mCJS[39m [1mdist\integrations\index.cjs.map [22m[32m75.81 KB[39m
@isl-lang/sentry:build: [32mCJS[39m [1mdist\index.cjs.map              [22m[32m172.93 KB[39m
@isl-lang/sentry:build: [32mCJS[39m ΓÜí∩╕Å Build success in 3287ms
@isl-lang/sentry:build: [32mESM[39m [1mdist\client.js                 [22m[32m15.65 KB[39m
@isl-lang/sentry:build: [32mESM[39m [1mdist\middleware\index.js       [22m[32m11.07 KB[39m
@isl-lang/sentry:build: [32mESM[39m [1mdist\index.js                  [22m[32m68.01 KB[39m
@isl-lang/sentry:build: [32mESM[39m [1mdist\integrations\index.js     [22m[32m25.30 KB[39m
@isl-lang/sentry:build: [32mESM[39m [1mdist\client.js.map             [22m[32m54.49 KB[39m
@isl-lang/sentry:build: [32mESM[39m [1mdist\middleware\index.js.map   [22m[32m55.17 KB[39m
@isl-lang/sentry:build: [32mESM[39m [1mdist\index.js.map              [22m[32m172.81 KB[39m
@isl-lang/sentry:build: [32mESM[39m [1mdist\integrations\index.js.map [22m[32m75.77 KB[39m
@isl-lang/sentry:build: [32mESM[39m ΓÜí∩╕Å Build success in 3330ms
@isl-lang/sentry:build: [32mDTS[39m ΓÜí∩╕Å Build success in 20571ms
@isl-lang/sentry:build: [32mDTS[39m [1mdist\client.d.cts             [22m[32m1.25 KB[39m
@isl-lang/sentry:build: [32mDTS[39m [1mdist\middleware\index.d.cts   [22m[32m2.06 KB[39m
@isl-lang/sentry:build: [32mDTS[39m [1mdist\index.d.cts              [22m[32m16.22 KB[39m
@isl-lang/sentry:build: [32mDTS[39m [1mdist\integrations\index.d.cts [22m[32m6.77 KB[39m
@isl-lang/sentry:build: [32mDTS[39m [1mdist\types-COi-R8iy.d.cts     [22m[32m6.29 KB[39m
@isl-lang/sentry:build: [32mDTS[39m [1mdist\client.d.ts              [22m[32m1.25 KB[39m
@isl-lang/sentry:build: [32mDTS[39m [1mdist\middleware\index.d.ts    [22m[32m2.06 KB[39m
@isl-lang/sentry:build: [32mDTS[39m [1mdist\index.d.ts               [22m[32m16.21 KB[39m
@isl-lang/sentry:build: [32mDTS[39m [1mdist\integrations\index.d.ts  [22m[32m6.77 KB[39m
@isl-lang/sentry:build: [32mDTS[39m [1mdist\types-COi-R8iy.d.ts      [22m[32m6.29 KB[39m
@isl-lang/audit-viewer:build: cache hit, replaying logs 80b80ff8a272b625
@isl-lang/audit-viewer:build: 
@isl-lang/audit-viewer:build: > @isl-lang/audit-viewer@0.1.0 build C:\Users\mevla\OneDrive\Desktop\projects\IntentOS\packages\audit-viewer
@isl-lang/audit-viewer:build: > echo 'Skipping Next.js build'
@isl-lang/audit-viewer:build: 
@isl-lang/audit-viewer:build: 'Skipping Next.js build'
playwright-showcase:build: cache miss, executing cc407e16004cb60e
@isl-lang/patch-engine:build: cache hit, replaying logs 04227aac933fda26
@isl-lang/patch-engine:build: 
@isl-lang/patch-engine:build: > @isl-lang/patch-engine@0.1.0 build C:\Users\mevla\OneDrive\Desktop\projects\IntentOS\packages\patch-engine
@isl-lang/patch-engine:build: > tsup && tsc -p tsconfig.build.json
@isl-lang/patch-engine:build: 
@isl-lang/patch-engine:build: [34mCLI[39m Building entry: src/index.ts
@isl-lang/patch-engine:build: [34mCLI[39m Using tsconfig: tsconfig.json
@isl-lang/patch-engine:build: [34mCLI[39m tsup v8.5.1
@isl-lang/patch-engine:build: [34mCLI[39m Using tsup config: C:\Users\mevla\OneDrive\Desktop\projects\IntentOS\packages\patch-engine\tsup.config.ts
@isl-lang/patch-engine:build: [34mCLI[39m Target: es2022
@isl-lang/patch-engine:build: [34mCLI[39m Cleaning output folder
@isl-lang/patch-engine:build: [34mESM[39m Build start
@isl-lang/patch-engine:build: [32mESM[39m [1mdist\index.js     [22m[32m22.70 KB[39m
@isl-lang/patch-engine:build: [32mESM[39m [1mdist\index.js.map [22m[32m65.56 KB[39m
@isl-lang/patch-engine:build: [32mESM[39m ΓÜí∩╕Å Build success in 469ms
@isl-lang/stdlib-runtime:build: cache hit, replaying logs c78fef99d2a7b793
@isl-lang/stdlib-runtime:build: 
@isl-lang/stdlib-runtime:build: > @isl-lang/stdlib-runtime@1.0.0 build C:\Users\mevla\OneDrive\Desktop\projects\IntentOS\packages\stdlib-runtime
@isl-lang/stdlib-runtime:build: > tsup && tsc -p tsconfig.build.json
@isl-lang/stdlib-runtime:build: 
@isl-lang/stdlib-runtime:build: [34mCLI[39m Building entry: {"index":"src/index.ts","string":"src/string.ts","math":"src/math.ts","collections":"src/collections.ts","json":"src/json.ts","datetime":"src/datetime.ts","uuid":"src/uuid.ts","crypto":"src/crypto.ts","encoding":"src/encoding.ts","regex":"src/regex.ts","url":"src/url.ts"}
@isl-lang/stdlib-runtime:build: [34mCLI[39m Using tsconfig: tsconfig.json
@isl-lang/stdlib-runtime:build: [34mCLI[39m tsup v8.5.1
@isl-lang/stdlib-runtime:build: [34mCLI[39m Using tsup config: C:\Users\mevla\OneDrive\Desktop\projects\IntentOS\packages\stdlib-runtime\tsup.config.ts
@isl-lang/stdlib-runtime:build: [34mCLI[39m Target: es2022
@isl-lang/stdlib-runtime:build: [34mCLI[39m Cleaning output folder
@isl-lang/stdlib-runtime:build: [34mESM[39m Build start
@isl-lang/stdlib-runtime:build: [32mESM[39m [1mdist\chunk-MU7JDJ32.js     [22m[32m9.64 KB[39m
@isl-lang/stdlib-runtime:build: [32mESM[39m [1mdist\url.js                [22m[32m1.67 KB[39m
@isl-lang/stdlib-runtime:build: [32mESM[39m [1mdist\regex.js              [22m[32m1.26 KB[39m
@isl-lang/stdlib-runtime:build: [32mESM[39m [1mdist\encoding.js           [22m[32m1.34 KB[39m
@isl-lang/stdlib-runtime:build: [32mESM[39m [1mdist\index.js              [22m[32m2.73 KB[39m
@isl-lang/stdlib-runtime:build: [32mESM[39m [1mdist\string.js             [22m[32m1.38 KB[39m
@isl-lang/stdlib-runtime:build: [32mESM[39m [1mdist\chunk-HVQ4Q5AW.js     [22m[32m10.73 KB[39m
@isl-lang/stdlib-runtime:build: [32mESM[39m [1mdist\chunk-55S7V2KP.js     [22m[32m12.37 KB[39m
@isl-lang/stdlib-runtime:build: [32mESM[39m [1mdist\math.js               [22m[32m1.15 KB[39m
@isl-lang/stdlib-runtime:build: [32mESM[39m [1mdist\collections.js        [22m[32m1.51 KB[39m
@isl-lang/stdlib-runtime:build: [32mESM[39m [1mdist\chunk-ULMT6AP4.js     [22m[32m8.85 KB[39m
@isl-lang/stdlib-runtime:build: [32mESM[39m [1mdist\chunk-CW3WNTHR.js     [22m[32m9.38 KB[39m
@isl-lang/stdlib-runtime:build: [32mESM[39m [1mdist\chunk-IQF63QAQ.js     [22m[32m13.19 KB[39m
@isl-lang/stdlib-runtime:build: [32mESM[39m [1mdist\chunk-CJD5OOQO.js     [22m[32m11.11 KB[39m
@isl-lang/stdlib-runtime:build: [32mESM[39m [1mdist\json.js               [22m[32m1022.00 B[39m
@isl-lang/stdlib-runtime:build: [32mESM[39m [1mdist\chunk-5HWVXLQ6.js     [22m[32m7.64 KB[39m
@isl-lang/stdlib-runtime:build: [32mESM[39m [1mdist\datetime.js           [22m[32m866.00 B[39m
@isl-lang/stdlib-runtime:build: [32mESM[39m [1mdist\chunk-VJYTW36K.js     [22m[32m8.57 KB[39m
@isl-lang/stdlib-runtime:build: [32mESM[39m [1mdist\chunk-5NS376SD.js     [22m[32m8.24 KB[39m
@isl-lang/stdlib-runtime:build: [32mESM[39m [1mdist\crypto.js             [22m[32m896.00 B[39m
@isl-lang/stdlib-runtime:build: [32mESM[39m [1mdist\chunk-PZ5AY32C.js     [22m[32m233.00 B[39m
@isl-lang/stdlib-runtime:build: [32mESM[39m [1mdist\uuid.js               [22m[32m884.00 B[39m
@isl-lang/stdlib-runtime:build: [32mESM[39m [1mdist\chunk-MU7JDJ32.js.map [22m[32m19.40 KB[39m
@isl-lang/stdlib-runtime:build: [32mESM[39m [1mdist\url.js.map            [22m[32m71.00 B[39m
@isl-lang/stdlib-runtime:build: [32mESM[39m [1mdist\regex.js.map          [22m[32m71.00 B[39m
@isl-lang/stdlib-runtime:build: [32mESM[39m [1mdist\string.js.map         [22m[32m71.00 B[39m
@isl-lang/stdlib-runtime:build: [32mESM[39m [1mdist\index.js.map          [22m[32m5.08 KB[39m
@isl-lang/stdlib-runtime:build: [32mESM[39m [1mdist\encoding.js.map       [22m[32m71.00 B[39m
@isl-lang/stdlib-runtime:build: [32mESM[39m [1mdist\chunk-55S7V2KP.js.map [22m[32m25.53 KB[39m
@isl-lang/stdlib-runtime:build: [32mESM[39m [1mdist\chunk-HVQ4Q5AW.js.map [22m[32m21.74 KB[39m
@isl-lang/stdlib-runtime:build: [32mESM[39m [1mdist\collections.js.map    [22m[32m71.00 B[39m
@isl-lang/stdlib-runtime:build: [32mESM[39m [1mdist\math.js.map           [22m[32m71.00 B[39m
@isl-lang/stdlib-runtime:build: [32mESM[39m [1mdist\chunk-IQF63QAQ.js.map [22m[32m27.10 KB[39m
@isl-lang/stdlib-runtime:build: [32mESM[39m [1mdist\chunk-CJD5OOQO.js.map [22m[32m23.03 KB[39m
@isl-lang/stdlib-runtime:build: [32mESM[39m [1mdist\chunk-ULMT6AP4.js.map [22m[32m17.51 KB[39m
@isl-lang/stdlib-runtime:build: [32mESM[39m [1mdist\json.js.map           [22m[32m71.00 B[39m
@isl-lang/stdlib-runtime:build: [32mESM[39m [1mdist\chunk-CW3WNTHR.js.map [22m[32m16.87 KB[39m
@isl-lang/stdlib-runtime:build: [32mESM[39m [1mdist\chunk-5HWVXLQ6.js.map [22m[32m15.48 KB[39m
@isl-lang/stdlib-runtime:build: [32mESM[39m [1mdist\datetime.js.map       [22m[32m71.00 B[39m
@isl-lang/stdlib-runtime:build: [32mESM[39m [1mdist\chunk-5NS376SD.js.map [22m[32m17.13 KB[39m
@isl-lang/stdlib-runtime:build: [32mESM[39m [1mdist\crypto.js.map         [22m[32m71.00 B[39m
@isl-lang/stdlib-runtime:build: [32mESM[39m [1mdist\chunk-VJYTW36K.js.map [22m[32m17.76 KB[39m
@isl-lang/stdlib-runtime:build: [32mESM[39m [1mdist\chunk-PZ5AY32C.js.map [22m[32m71.00 B[39m
@isl-lang/stdlib-runtime:build: [32mESM[39m [1mdist\uuid.js.map           [22m[32m71.00 B[39m
@isl-lang/stdlib-runtime:build: [32mESM[39m ΓÜí∩╕Å Build success in 1464ms
@isl-lang/ci-docker:build: cache hit, replaying logs 01a286e0ee3a28bd
@isl-lang/ci-docker:build: 
@isl-lang/ci-docker:build: > @isl-lang/ci-docker@1.0.0 build C:\Users\mevla\OneDrive\Desktop\projects\IntentOS\packages\ci-docker
@isl-lang/ci-docker:build: > echo 'Docker build skipped in CI - use docker build directly' && exit 0
@isl-lang/ci-docker:build: 
@isl-lang/ci-docker:build: 'Docker build skipped in CI - use docker build directly' 
@isl-lang/stdlib-auth:build: cache hit, replaying logs c27fec3b5b6bdd62
@isl-lang/stdlib-auth:build: 
@isl-lang/stdlib-auth:build: > @isl-lang/stdlib-auth@1.0.0 build C:\Users\mevla\OneDrive\Desktop\projects\IntentOS\packages\stdlib-auth
@isl-lang/stdlib-auth:build: > tsc
@isl-lang/stdlib-auth:build: 
@isl-lang/verifier-sandbox:build: cache hit, replaying logs 6e90aa122f2bcaf9
@isl-lang/verifier-sandbox:build: 
@isl-lang/verifier-sandbox:build: > @isl-lang/verifier-sandbox@1.0.0 build C:\Users\mevla\OneDrive\Desktop\projects\IntentOS\packages\verifier-sandbox
@isl-lang/verifier-sandbox:build: > tsup && tsc -p tsconfig.build.json
@isl-lang/verifier-sandbox:build: 
@isl-lang/verifier-sandbox:build: [34mCLI[39m Building entry: src/index.ts
@isl-lang/verifier-sandbox:build: [34mCLI[39m Using tsconfig: tsconfig.json
@isl-lang/verifier-sandbox:build: [34mCLI[39m tsup v8.5.1
@isl-lang/verifier-sandbox:build: [34mCLI[39m Using tsup config: C:\Users\mevla\OneDrive\Desktop\projects\IntentOS\packages\verifier-sandbox\tsup.config.ts
@isl-lang/verifier-sandbox:build: [34mCLI[39m Target: es2022
@isl-lang/verifier-sandbox:build: [34mCLI[39m Cleaning output folder
@isl-lang/verifier-sandbox:build: [34mESM[39m Build start
@isl-lang/verifier-sandbox:build: [32mESM[39m [1mdist\index.js     [22m[32m20.14 KB[39m
@isl-lang/verifier-sandbox:build: [32mESM[39m [1mdist\index.js.map [22m[32m37.08 KB[39m
@isl-lang/verifier-sandbox:build: [32mESM[39m ΓÜí∩╕Å Build success in 24ms
@isl-lang/api-versioning:build: cache hit, replaying logs f46afe300356e26f
@isl-lang/api-versioning:build: 
@isl-lang/api-versioning:build: > @isl-lang/api-versioning@0.1.0 build C:\Users\mevla\OneDrive\Desktop\projects\IntentOS\packages\api-versioning
@isl-lang/api-versioning:build: > tsc
@isl-lang/api-versioning:build: 
@isl-lang/policy-engine:build: cache hit, replaying logs d1c5d99b81f8d94b
@isl-lang/schema-evolution:build: cache hit, replaying logs 123fa60dad6c640b
@isl-lang/policy-engine:build: 
@isl-lang/policy-engine:build: > @isl-lang/policy-engine@1.0.0 build C:\Users\mevla\OneDrive\Desktop\projects\IntentOS\packages\policy-engine
@isl-lang/policy-engine:build: > tsup src/index.ts --format cjs,esm --dts
@isl-lang/schema-evolution:build: 
@isl-lang/schema-evolution:build: > @isl-lang/schema-evolution@1.0.0 build C:\Users\mevla\OneDrive\Desktop\projects\IntentOS\packages\schema-evolution
@isl-lang/schema-evolution:build: > tsup src/index.ts --format cjs,esm --no-dts
@isl-lang/schema-evolution:build: 
@isl-lang/schema-evolution:build: [34mCLI[39m Building entry: src/index.ts
@isl-lang/schema-evolution:build: [34mCLI[39m Using tsconfig: tsconfig.json
@isl-lang/schema-evolution:build: [34mCLI[39m tsup v8.5.1
@isl-lang/schema-evolution:build: [34mCLI[39m Target: es2022
@isl-lang/schema-evolution:build: [34mCJS[39m Build start
@isl-lang/schema-evolution:build: [34mESM[39m Build start
@isl-lang/schema-evolution:build: [32mESM[39m [1mdist\index.js [22m[32m22.12 KB[39m
@isl-lang/schema-evolution:build: [32mESM[39m ΓÜí∩╕Å Build success in 556ms
@isl-lang/schema-evolution:build: [32mCJS[39m [1mdist\index.cjs [22m[32m23.81 KB[39m
@isl-lang/schema-evolution:build: [32mCJS[39m ΓÜí∩╕Å Build success in 668ms
@isl-lang/policy-engine:build: 
@isl-lang/policy-engine:build: [34mCLI[39m Building entry: src/index.ts
@isl-lang/policy-engine:build: [34mCLI[39m Using tsconfig: tsconfig.json
@isl-lang/policy-engine:build: [34mCLI[39m tsup v8.5.1
@isl-lang/policy-engine:build: [34mCLI[39m Target: es2022
@isl-lang/policy-engine:build: [34mCJS[39m Build start
@isl-lang/policy-engine:build: [34mESM[39m Build start
@isl-lang/policy-engine:build: [32mESM[39m [1mdist\index.js [22m[32m9.80 KB[39m
@isl-lang/policy-engine:build: [32mESM[39m ΓÜí∩╕Å Build success in 95ms
@isl-lang/policy-engine:build: [32mCJS[39m [1mdist\index.cjs [22m[32m10.81 KB[39m
@isl-lang/policy-engine:build: [32mCJS[39m ΓÜí∩╕Å Build success in 95ms
@isl-lang/policy-engine:build: [34mDTS[39m Build start
@isl-lang/policy-engine:build: [32mDTS[39m ΓÜí∩╕Å Build success in 4649ms
@isl-lang/policy-engine:build: [32mDTS[39m [1mdist\index.d.cts [22m[32m5.39 KB[39m
@isl-lang/policy-engine:build: [32mDTS[39m [1mdist\index.d.ts  [22m[32m5.39 KB[39m
@isl-lang/stdlib-billing:build: cache hit, replaying logs 62707c53b36bdfc2
@isl-lang/stdlib-billing:build: 
@isl-lang/stdlib-billing:build: > @isl-lang/stdlib-billing@1.0.0 build C:\Users\mevla\OneDrive\Desktop\projects\IntentOS\packages\stdlib-billing
@isl-lang/stdlib-billing:build: > tsc
@isl-lang/stdlib-billing:build: 
@isl-lang/stdlib-idempotency:build: cache hit, replaying logs af2db7eeb0efed73
@isl-lang/stdlib-idempotency:build: 
@isl-lang/stdlib-idempotency:build: > @isl-lang/stdlib-idempotency@1.0.0 build C:\Users\mevla\OneDrive\Desktop\projects\IntentOS\packages\stdlib-idempotency
@isl-lang/stdlib-idempotency:build: > tsup
@isl-lang/stdlib-idempotency:build: 
@isl-lang/stdlib-idempotency:build: [34mCLI[39m Building entry: {"index":"implementations/typescript/index.ts","types":"implementations/typescript/types.ts","utils":"implementations/typescript/utils.ts","manager":"implementations/typescript/manager.ts","store/memory":"implementations/typescript/store/memory.ts","store/redis":"implementations/typescript/store/redis.ts","store/postgres":"implementations/typescript/store/postgres.ts","middleware/express":"implementations/typescript/middleware/express.ts","middleware/fastify":"implementations/typescript/middleware/fastify.ts"}
@isl-lang/stdlib-idempotency:build: [34mCLI[39m Using tsconfig: tsconfig.json
@isl-lang/stdlib-idempotency:build: [34mCLI[39m tsup v8.5.1
@isl-lang/stdlib-idempotency:build: [34mCLI[39m Using tsup config: C:\Users\mevla\OneDrive\Desktop\projects\IntentOS\packages\stdlib-idempotency\tsup.config.ts
@isl-lang/stdlib-idempotency:build: [34mCLI[39m Target: es2022
@isl-lang/stdlib-idempotency:build: [34mCLI[39m Cleaning output folder
@isl-lang/stdlib-idempotency:build: [34mCJS[39m Build start
@isl-lang/stdlib-idempotency:build: [34mESM[39m Build start
@isl-lang/stdlib-idempotency:build: "randomUUID" is imported from external module "crypto" but never used in "dist/manager.cjs".
@isl-lang/stdlib-idempotency:build: "createHash" is imported from external module "crypto" but never used in "dist/store/memory.cjs".
@isl-lang/stdlib-idempotency:build: "createHash" is imported from external module "crypto" but never used in "dist/store/redis.cjs".
@isl-lang/stdlib-idempotency:build: "randomUUID" is imported from external module "crypto" but never used in "dist/middleware/express.cjs".
@isl-lang/stdlib-idempotency:build: "createHash" is imported from external module "crypto" but never used in "dist/store/postgres.cjs".
@isl-lang/stdlib-idempotency:build: "randomUUID" is imported from external module "crypto" but never used in "dist/middleware/fastify.cjs".
@isl-lang/stdlib-idempotency:build: Entry module "dist/middleware/fastify.cjs" is using named and default exports together. Consumers of your bundle will have to use `chunk.default` to access the default export, which may not be what you want. Use `output.exports: "named"` to disable this warning.
@isl-lang/stdlib-idempotency:build: "randomUUID" is imported from external module "crypto" but never used in "dist/manager.js".
@isl-lang/stdlib-idempotency:build: "createHash" is imported from external module "crypto" but never used in "dist/store/memory.js".
@isl-lang/stdlib-idempotency:build: "createHash" is imported from external module "crypto" but never used in "dist/store/redis.js".
@isl-lang/stdlib-idempotency:build: "randomUUID" is imported from external module "crypto" but never used in "dist/middleware/express.js".
@isl-lang/stdlib-idempotency:build: "createHash" is imported from external module "crypto" but never used in "dist/store/postgres.js".
@isl-lang/stdlib-idempotency:build: "randomUUID" is imported from external module "crypto" but never used in "dist/middleware/fastify.js".
@isl-lang/stdlib-idempotency:build: [34mDTS[39m Build start
@isl-lang/stdlib-idempotency:build: [32mCJS[39m [1mdist\types.cjs                  [22m[32m2.03 KB[39m
@isl-lang/stdlib-idempotency:build: [32mCJS[39m [1mdist\store\memory.cjs           [22m[32m14.18 KB[39m
@isl-lang/stdlib-idempotency:build: [32mCJS[39m [1mdist\utils.cjs                  [22m[32m7.67 KB[39m
@isl-lang/stdlib-idempotency:build: [32mCJS[39m [1mdist\store\redis.cjs            [22m[32m18.30 KB[39m
@isl-lang/stdlib-idempotency:build: [32mCJS[39m [1mdist\index.cjs                  [22m[32m81.98 KB[39m
@isl-lang/stdlib-idempotency:build: [32mCJS[39m [1mdist\store\postgres.cjs         [22m[32m20.82 KB[39m
@isl-lang/stdlib-idempotency:build: [32mCJS[39m [1mdist\middleware\express.cjs     [22m[32m10.71 KB[39m
@isl-lang/stdlib-idempotency:build: [32mCJS[39m [1mdist\middleware\fastify.cjs     [22m[32m12.54 KB[39m
@isl-lang/stdlib-idempotency:build: [32mCJS[39m [1mdist\manager.cjs                [22m[32m12.81 KB[39m
@isl-lang/stdlib-idempotency:build: [32mCJS[39m [1mdist\types.cjs.map              [22m[32m12.73 KB[39m
@isl-lang/stdlib-idempotency:build: [32mCJS[39m [1mdist\store\memory.cjs.map       [22m[32m50.10 KB[39m
@isl-lang/stdlib-idempotency:build: [32mCJS[39m [1mdist\utils.cjs.map              [22m[32m29.94 KB[39m
@isl-lang/stdlib-idempotency:build: [32mCJS[39m [1mdist\index.cjs.map              [22m[32m190.02 KB[39m
@isl-lang/stdlib-idempotency:build: [32mCJS[39m [1mdist\middleware\express.cjs.map [22m[32m47.90 KB[39m
@isl-lang/stdlib-idempotency:build: [32mCJS[39m [1mdist\store\redis.cjs.map        [22m[32m55.90 KB[39m
@isl-lang/stdlib-idempotency:build: [32mCJS[39m [1mdist\middleware\fastify.cjs.map [22m[32m51.09 KB[39m
@isl-lang/stdlib-idempotency:build: [32mCJS[39m [1mdist\store\postgres.cjs.map     [22m[32m61.14 KB[39m
@isl-lang/stdlib-idempotency:build: [32mCJS[39m [1mdist\manager.cjs.map            [22m[32m47.10 KB[39m
@isl-lang/stdlib-idempotency:build: [32mCJS[39m ΓÜí∩╕Å Build success in 1114ms
@isl-lang/stdlib-idempotency:build: [32mESM[39m [1mdist\store\memory.js           [22m[32m14.11 KB[39m
@isl-lang/stdlib-idempotency:build: [32mESM[39m [1mdist\store\redis.js            [22m[32m18.23 KB[39m
@isl-lang/stdlib-idempotency:build: [32mESM[39m [1mdist\manager.js                [22m[32m12.74 KB[39m
@isl-lang/stdlib-idempotency:build: [32mESM[39m [1mdist\types.js                  [22m[32m1.92 KB[39m
@isl-lang/stdlib-idempotency:build: [32mESM[39m [1mdist\store\postgres.js         [22m[32m20.72 KB[39m
@isl-lang/stdlib-idempotency:build: [32mESM[39m [1mdist\middleware\express.js     [22m[32m10.64 KB[39m
@isl-lang/stdlib-idempotency:build: [32mESM[39m [1mdist\index.js                  [22m[32m80.92 KB[39m
@isl-lang/stdlib-idempotency:build: [32mESM[39m [1mdist\middleware\fastify.js     [22m[32m12.40 KB[39m
@isl-lang/stdlib-idempotency:build: [32mESM[39m [1mdist\utils.js                  [22m[32m7.11 KB[39m
@isl-lang/stdlib-idempotency:build: [32mESM[39m [1mdist\store\memory.js.map       [22m[32m50.08 KB[39m
@isl-lang/stdlib-idempotency:build: [32mESM[39m [1mdist\store\redis.js.map        [22m[32m55.88 KB[39m
@isl-lang/stdlib-idempotency:build: [32mESM[39m [1mdist\manager.js.map            [22m[32m47.08 KB[39m
@isl-lang/stdlib-idempotency:build: [32mESM[39m [1mdist\types.js.map              [22m[32m12.73 KB[39m
@isl-lang/stdlib-idempotency:build: [32mESM[39m [1mdist\utils.js.map              [22m[32m29.91 KB[39m
@isl-lang/stdlib-idempotency:build: [32mESM[39m [1mdist\store\postgres.js.map     [22m[32m61.12 KB[39m
@isl-lang/stdlib-idempotency:build: [32mESM[39m [1mdist\index.js.map              [22m[32m189.99 KB[39m
@isl-lang/stdlib-idempotency:build: [32mESM[39m [1mdist\middleware\fastify.js.map [22m[32m51.08 KB[39m
@isl-lang/stdlib-idempotency:build: [32mESM[39m [1mdist\middleware\express.js.map [22m[32m47.89 KB[39m
@isl-lang/stdlib-idempotency:build: [32mESM[39m ΓÜí∩╕Å Build success in 1119ms
@isl-lang/stdlib-idempotency:build: [32mDTS[39m ΓÜí∩╕Å Build success in 16728ms
@isl-lang/stdlib-idempotency:build: [32mDTS[39m [1mdist\index.d.cts              [22m[32m1.69 KB[39m
@isl-lang/stdlib-idempotency:build: [32mDTS[39m [1mdist\utils.d.cts              [22m[32m3.33 KB[39m
@isl-lang/stdlib-idempotency:build: [32mDTS[39m [1mdist\manager.d.cts            [22m[32m4.13 KB[39m
@isl-lang/stdlib-idempotency:build: [32mDTS[39m [1mdist\store\memory.d.cts       [22m[32m1.97 KB[39m
@isl-lang/stdlib-idempotency:build: [32mDTS[39m [1mdist\store\redis.d.cts        [22m[32m2.72 KB[39m
@isl-lang/stdlib-idempotency:build: [32mDTS[39m [1mdist\store\postgres.d.cts     [22m[32m2.70 KB[39m
@isl-lang/stdlib-idempotency:build: [32mDTS[39m [1mdist\middleware\express.d.cts [22m[32m2.95 KB[39m
@isl-lang/stdlib-idempotency:build: [32mDTS[39m [1mdist\middleware\fastify.d.cts [22m[32m3.02 KB[39m
@isl-lang/stdlib-idempotency:build: [32mDTS[39m [1mdist\types.d.cts              [22m[32m8.15 KB[39m
@isl-lang/stdlib-idempotency:build: [32mDTS[39m [1mdist\index.d.ts               [22m[32m1.68 KB[39m
@isl-lang/stdlib-idempotency:build: [32mDTS[39m [1mdist\utils.d.ts               [22m[32m3.33 KB[39m
@isl-lang/stdlib-idempotency:build: [32mDTS[39m [1mdist\manager.d.ts             [22m[32m4.13 KB[39m
@isl-lang/stdlib-idempotency:build: [32mDTS[39m [1mdist\store\memory.d.ts        [22m[32m1.97 KB[39m
@isl-lang/stdlib-idempotency:build: [32mDTS[39m [1mdist\store\redis.d.ts         [22m[32m2.72 KB[39m
@isl-lang/stdlib-idempotency:build: [32mDTS[39m [1mdist\store\postgres.d.ts      [22m[32m2.70 KB[39m
@isl-lang/stdlib-idempotency:build: [32mDTS[39m [1mdist\middleware\express.d.ts  [22m[32m2.95 KB[39m
@isl-lang/stdlib-idempotency:build: [32mDTS[39m [1mdist\middleware\fastify.d.ts  [22m[32m3.02 KB[39m
@isl-lang/stdlib-idempotency:build: [32mDTS[39m [1mdist\types.d.ts               [22m[32m8.15 KB[39m
@isl-lang/test-runtime-legacy:build: cache hit, replaying logs f6167d9198ac0b91
@isl-lang/test-runtime-legacy:build: 
@isl-lang/test-runtime-legacy:build: > @isl-lang/test-runtime-legacy@0.1.0 build C:\Users\mevla\OneDrive\Desktop\projects\IntentOS\packages\test-runtime
@isl-lang/test-runtime-legacy:build: > tsc
@isl-lang/test-runtime-legacy:build: 
@isl-demos/5280-remodeling-landing:build: cache hit, replaying logs cbf057ee2e0d2139
@isl-demos/5280-remodeling-landing:build: 
@isl-demos/5280-remodeling-landing:build: > @isl-demos/5280-remodeling-landing@1.0.0 build C:\Users\mevla\OneDrive\Desktop\projects\IntentOS\demos\5280-remodeling-landing
@isl-demos/5280-remodeling-landing:build: > next build
@isl-demos/5280-remodeling-landing:build: 
@isl-demos/5280-remodeling-landing:build:    Γû▓ Next.js 14.1.0
@isl-demos/5280-remodeling-landing:build: 
@isl-demos/5280-remodeling-landing:build:    Creating an optimized production build ...
@isl-demos/5280-remodeling-landing:build:  Γ£ô Compiled successfully
@isl-demos/5280-remodeling-landing:build:    Skipping validation of types
@isl-demos/5280-remodeling-landing:build:    Skipping linting
@isl-demos/5280-remodeling-landing:build:    Collecting page data ...
@isl-demos/5280-remodeling-landing:build:    Generating static pages (0/6) ...
@isl-demos/5280-remodeling-landing:build: 
@isl-demos/5280-remodeling-landing:build:    Generating static pages (1/6) 
@isl-demos/5280-remodeling-landing:build: 
@isl-demos/5280-remodeling-landing:build:    Generating static pages (2/6) 
@isl-demos/5280-remodeling-landing:build: 
@isl-demos/5280-remodeling-landing:build:    Generating static pages (4/6) 
@isl-demos/5280-remodeling-landing:build: 
@isl-demos/5280-remodeling-landing:build:  Γ£ô Generating static pages (6/6) 
@isl-demos/5280-remodeling-landing:build:    Finalizing page optimization ...
@isl-demos/5280-remodeling-landing:build:    Collecting build traces ...
@isl-demos/5280-remodeling-landing:build: 
@isl-demos/5280-remodeling-landing:build: Route (app)                              Size     First Load JS
@isl-demos/5280-remodeling-landing:build: Γöî Γùï /                                    1.91 kB        86.1 kB
@isl-demos/5280-remodeling-landing:build: Γö£ Γùï /_not-found                          882 B            85 kB
@isl-demos/5280-remodeling-landing:build: Γö£ ╬╗ /api/contact                         0 B                0 B
@isl-demos/5280-remodeling-landing:build: Γöö Γùï /api/services                        0 B                0 B
@isl-demos/5280-remodeling-landing:build: + First Load JS shared by all            84.2 kB
@isl-demos/5280-remodeling-landing:build:   Γö£ chunks/166-eb5e328621fdbacc.js       28.9 kB
@isl-demos/5280-remodeling-landing:build:   Γö£ chunks/40cc9e67-536dff04ca3ec09b.js  53.4 kB
@isl-demos/5280-remodeling-landing:build:   Γöö other shared chunks (total)          1.87 kB
@isl-demos/5280-remodeling-landing:build: 
@isl-demos/5280-remodeling-landing:build: 
@isl-demos/5280-remodeling-landing:build: Γùï  (Static)   prerendered as static content
@isl-demos/5280-remodeling-landing:build: ╬╗  (Dynamic)  server-rendered on demand using Node.js
@isl-demos/5280-remodeling-landing:build: 
@isl-lang/stdlib-audit:build: cache hit, replaying logs c7df17e1b505a7f3
@isl-lang/stdlib-audit:build: 
@isl-lang/stdlib-audit:build: > @isl-lang/stdlib-audit@1.0.0 build C:\Users\mevla\OneDrive\Desktop\projects\IntentOS\packages\stdlib-audit
@isl-lang/stdlib-audit:build: > tsup
@isl-lang/stdlib-audit:build: 
@isl-lang/stdlib-audit:build: [34mCLI[39m Building entry: {"src/index":"src/index.ts","src/types":"src/types.ts","src/errors":"src/errors.ts","src/trail/entry":"src/trail/entry.ts","src/trail/tracker":"src/trail/tracker.ts","src/trail/store":"src/trail/store.ts","src/trail/query":"src/trail/query.ts","src/compliance/checker":"src/compliance/checker.ts","src/compliance/rules":"src/compliance/rules.ts","src/compliance/report":"src/compliance/report.ts","src/aggregation/pipeline":"src/aggregation/pipeline.ts","src/aggregation/aggregator":"src/aggregation/aggregator.ts","src/retention/policy":"src/retention/policy.ts","src/retention/enforcer":"src/retention/enforcer.ts","index":"implementations/typescript/index.ts","types":"implementations/typescript/types.ts","logger":"implementations/typescript/logger.ts","storage/postgres":"implementations/typescript/storage/postgres.ts","storage/elasticsearch":"implementations/typescript/storage/elasticsearch.ts","storage/s3":"implementations/typescript/storage/s3.ts","exporters/csv":"implementations/typescript/exporters/csv.ts","exporters/json":"implementations/typescript/exporters/json.ts","utils/pii":"implementations/typescript/utils/pii.ts","utils/hashing":"implementations/typescript/utils/hashing.ts","utils/retention":"implementations/typescript/utils/retention.ts"}
@isl-lang/stdlib-audit:build: [34mCLI[39m Using tsconfig: tsconfig.json
@isl-lang/stdlib-audit:build: [34mCLI[39m tsup v8.5.1
@isl-lang/stdlib-audit:build: [34mCLI[39m Using tsup config: C:\Users\mevla\OneDrive\Desktop\projects\IntentOS\packages\stdlib-audit\tsup.config.ts
@isl-lang/stdlib-audit:build: [34mCLI[39m Target: es2022
@isl-lang/stdlib-audit:build: [34mCLI[39m Cleaning output folder
@isl-lang/stdlib-audit:build: [34mESM[39m Build start
@isl-lang/stdlib-audit:build: [34mCJS[39m Build start
@isl-lang/stdlib-audit:build: [34mDTS[39m Build start
@isl-lang/stdlib-audit:build: [32mCJS[39m [1mdist\utils\retention.cjs                [22m[32m640.00 B[39m
@isl-lang/stdlib-audit:build: [32mCJS[39m [1mdist\logger.cjs                         [22m[32m457.00 B[39m
@isl-lang/stdlib-audit:build: [32mCJS[39m [1mdist\utils\pii.cjs                      [22m[32m1.42 KB[39m
@isl-lang/stdlib-audit:build: [32mCJS[39m [1mdist\exporters\json.cjs                 [22m[32m787.00 B[39m
@isl-lang/stdlib-audit:build: [32mCJS[39m [1mdist\exporters\csv.cjs                  [22m[32m489.00 B[39m
@isl-lang/stdlib-audit:build: [32mCJS[39m [1mdist\utils\hashing.cjs                  [22m[32m987.00 B[39m
@isl-lang/stdlib-audit:build: [32mCJS[39m [1mdist\storage\postgres.cjs               [22m[32m336.00 B[39m
@isl-lang/stdlib-audit:build: [32mCJS[39m [1mdist\src\compliance\rules.cjs           [22m[32m1.75 KB[39m
@isl-lang/stdlib-audit:build: [32mCJS[39m [1mdist\src\compliance\report.cjs          [22m[32m400.00 B[39m
@isl-lang/stdlib-audit:build: [32mCJS[39m [1mdist\src\aggregation\pipeline.cjs       [22m[32m340.00 B[39m
@isl-lang/stdlib-audit:build: [32mCJS[39m [1mdist\storage\elasticsearch.cjs          [22m[32m356.00 B[39m
@isl-lang/stdlib-audit:build: [32mCJS[39m [1mdist\src\aggregation\aggregator.cjs     [22m[32m363.00 B[39m
@isl-lang/stdlib-audit:build: [32mCJS[39m [1mdist\src\retention\policy.cjs           [22m[32m656.00 B[39m
@isl-lang/stdlib-audit:build: [32mCJS[39m [1mdist\storage\s3.cjs                     [22m[32m312.00 B[39m
@isl-lang/stdlib-audit:build: [32mCJS[39m [1mdist\index.cjs                          [22m[32m3.72 KB[39m
@isl-lang/stdlib-audit:build: [32mCJS[39m [1mdist\src\retention\enforcer.cjs         [22m[32m410.00 B[39m
@isl-lang/stdlib-audit:build: [32mCJS[39m [1mdist\chunk-DLVX3M5P.cjs                 [22m[32m8.15 KB[39m
@isl-lang/stdlib-audit:build: [32mCJS[39m [1mdist\chunk-6FT5UBZM.cjs                 [22m[32m13.35 KB[39m
@isl-lang/stdlib-audit:build: [32mCJS[39m [1mdist\chunk-P5A3DU6U.cjs                 [22m[32m10.16 KB[39m
@isl-lang/stdlib-audit:build: [32mCJS[39m [1mdist\chunk-4XA3VCRK.cjs                 [22m[32m9.83 KB[39m
@isl-lang/stdlib-audit:build: [32mCJS[39m [1mdist\chunk-UXPD2O4I.cjs                 [22m[32m6.97 KB[39m
@isl-lang/stdlib-audit:build: [32mCJS[39m [1mdist\chunk-CJPWPTZR.cjs                 [22m[32m13.40 KB[39m
@isl-lang/stdlib-audit:build: [32mCJS[39m [1mdist\chunk-UMCE4K3R.cjs                 [22m[32m4.68 KB[39m
@isl-lang/stdlib-audit:build: [32mCJS[39m [1mdist\src\index.cjs                      [22m[32m6.60 KB[39m
@isl-lang/stdlib-audit:build: [32mCJS[39m [1mdist\types.cjs                          [22m[32m1.46 KB[39m
@isl-lang/stdlib-audit:build: [32mCJS[39m [1mdist\chunk-BT4FZ3RB.cjs                 [22m[32m6.33 KB[39m
@isl-lang/stdlib-audit:build: [32mCJS[39m [1mdist\chunk-APHHMRBQ.cjs                 [22m[32m6.33 KB[39m
@isl-lang/stdlib-audit:build: [32mCJS[39m [1mdist\chunk-VDNRPQAM.cjs                 [22m[32m1.89 KB[39m
@isl-lang/stdlib-audit:build: [32mCJS[39m [1mdist\src\types.cjs                      [22m[32m778.00 B[39m
@isl-lang/stdlib-audit:build: [32mCJS[39m [1mdist\chunk-5GXLQEQU.cjs                 [22m[32m4.12 KB[39m
@isl-lang/stdlib-audit:build: [32mCJS[39m [1mdist\src\errors.cjs                     [22m[32m2.04 KB[39m
@isl-lang/stdlib-audit:build: [32mCJS[39m [1mdist\chunk-5BUBE445.cjs                 [22m[32m3.06 KB[39m
@isl-lang/stdlib-audit:build: [32mCJS[39m [1mdist\chunk-2XU6IXD6.cjs                 [22m[32m3.15 KB[39m
@isl-lang/stdlib-audit:build: [32mCJS[39m [1mdist\chunk-5CD7MSA2.cjs                 [22m[32m1.54 KB[39m
@isl-lang/stdlib-audit:build: [32mCJS[39m [1mdist\chunk-S3ENIXJP.cjs                 [22m[32m4.31 KB[39m
@isl-lang/stdlib-audit:build: [32mCJS[39m [1mdist\chunk-KYZZRSQ3.cjs                 [22m[32m1.55 KB[39m
@isl-lang/stdlib-audit:build: [32mCJS[39m [1mdist\src\trail\tracker.cjs              [22m[32m435.00 B[39m
@isl-lang/stdlib-audit:build: [32mCJS[39m [1mdist\chunk-UWHLYNKY.cjs                 [22m[32m3.63 KB[39m
@isl-lang/stdlib-audit:build: [32mCJS[39m [1mdist\src\trail\store.cjs                [22m[32m295.00 B[39m
@isl-lang/stdlib-audit:build: [32mCJS[39m [1mdist\src\trail\query.cjs                [22m[32m367.00 B[39m
@isl-lang/stdlib-audit:build: [32mCJS[39m [1mdist\src\compliance\checker.cjs         [22m[32m371.00 B[39m
@isl-lang/stdlib-audit:build: [32mCJS[39m [1mdist\src\trail\entry.cjs                [22m[32m355.00 B[39m
@isl-lang/stdlib-audit:build: [32mCJS[39m [1mdist\chunk-23MZ3C5U.cjs                 [22m[32m3.22 KB[39m
@isl-lang/stdlib-audit:build: [32mCJS[39m [1mdist\chunk-2MTCKCWW.cjs                 [22m[32m1.13 KB[39m
@isl-lang/stdlib-audit:build: [32mCJS[39m [1mdist\chunk-JQHKJISO.cjs                 [22m[32m3.13 KB[39m
@isl-lang/stdlib-audit:build: [32mCJS[39m [1mdist\chunk-XNHEQMEJ.cjs                 [22m[32m1.29 KB[39m
@isl-lang/stdlib-audit:build: [32mCJS[39m [1mdist\chunk-F5KOCWSF.cjs                 [22m[32m2.16 KB[39m
@isl-lang/stdlib-audit:build: [32mCJS[39m [1mdist\chunk-J7JA3U2M.cjs                 [22m[32m2.79 KB[39m
@isl-lang/stdlib-audit:build: [32mCJS[39m [1mdist\utils\retention.cjs.map            [22m[32m74.00 B[39m
@isl-lang/stdlib-audit:build: [32mCJS[39m [1mdist\logger.cjs.map                     [22m[32m71.00 B[39m
@isl-lang/stdlib-audit:build: [32mCJS[39m [1mdist\utils\pii.cjs.map                  [22m[32m68.00 B[39m
@isl-lang/stdlib-audit:build: [32mCJS[39m [1mdist\exporters\json.cjs.map             [22m[32m69.00 B[39m
@isl-lang/stdlib-audit:build: [32mCJS[39m [1mdist\exporters\csv.cjs.map              [22m[32m68.00 B[39m
@isl-lang/stdlib-audit:build: [32mCJS[39m [1mdist\utils\hashing.cjs.map              [22m[32m72.00 B[39m
@isl-lang/stdlib-audit:build: [32mCJS[39m [1mdist\src\compliance\report.cjs.map      [22m[32m71.00 B[39m
@isl-lang/stdlib-audit:build: [32mCJS[39m [1mdist\storage\elasticsearch.cjs.map      [22m[32m78.00 B[39m
@isl-lang/stdlib-audit:build: [32mCJS[39m [1mdist\index.cjs.map                      [22m[32m70.00 B[39m
@isl-lang/stdlib-audit:build: [32mCJS[39m [1mdist\src\compliance\rules.cjs.map       [22m[32m70.00 B[39m
@isl-lang/stdlib-audit:build: [32mCJS[39m [1mdist\src\aggregation\pipeline.cjs.map   [22m[32m73.00 B[39m
@isl-lang/stdlib-audit:build: [32mCJS[39m [1mdist\chunk-6FT5UBZM.cjs.map             [22m[32m28.37 KB[39m
@isl-lang/stdlib-audit:build: [32mCJS[39m [1mdist\storage\postgres.cjs.map           [22m[32m73.00 B[39m
@isl-lang/stdlib-audit:build: [32mCJS[39m [1mdist\src\aggregation\aggregator.cjs.map [22m[32m75.00 B[39m
@isl-lang/stdlib-audit:build: [32mCJS[39m [1mdist\chunk-DLVX3M5P.cjs.map             [22m[32m18.09 KB[39m
@isl-lang/stdlib-audit:build: [32mCJS[39m [1mdist\storage\s3.cjs.map                 [22m[32m67.00 B[39m
@isl-lang/stdlib-audit:build: [32mCJS[39m [1mdist\chunk-P5A3DU6U.cjs.map             [22m[32m24.18 KB[39m
@isl-lang/stdlib-audit:build: [32mCJS[39m [1mdist\src\retention\enforcer.cjs.map     [22m[32m73.00 B[39m
@isl-lang/stdlib-audit:build: [32mCJS[39m [1mdist\chunk-CJPWPTZR.cjs.map             [22m[32m30.85 KB[39m
@isl-lang/stdlib-audit:build: [32mCJS[39m [1mdist\chunk-4XA3VCRK.cjs.map             [22m[32m25.07 KB[39m
@isl-lang/stdlib-audit:build: [32mCJS[39m [1mdist\src\retention\policy.cjs.map       [22m[32m71.00 B[39m
@isl-lang/stdlib-audit:build: [32mCJS[39m [1mdist\src\index.cjs.map                  [22m[32m70.00 B[39m
@isl-lang/stdlib-audit:build: [32mCJS[39m [1mdist\chunk-VDNRPQAM.cjs.map             [22m[32m5.00 KB[39m
@isl-lang/stdlib-audit:build: [32mCJS[39m [1mdist\chunk-UMCE4K3R.cjs.map             [22m[32m12.36 KB[39m
@isl-lang/stdlib-audit:build: [32mCJS[39m [1mdist\types.cjs.map                      [22m[32m70.00 B[39m
@isl-lang/stdlib-audit:build: [32mCJS[39m [1mdist\chunk-APHHMRBQ.cjs.map             [22m[32m12.80 KB[39m
@isl-lang/stdlib-audit:build: [32mCJS[39m [1mdist\src\types.cjs.map                  [22m[32m70.00 B[39m
@isl-lang/stdlib-audit:build: [32mCJS[39m [1mdist\src\errors.cjs.map                 [22m[32m71.00 B[39m
@isl-lang/stdlib-audit:build: [32mCJS[39m [1mdist\chunk-BT4FZ3RB.cjs.map             [22m[32m16.62 KB[39m
@isl-lang/stdlib-audit:build: [32mCJS[39m [1mdist\chunk-5GXLQEQU.cjs.map             [22m[32m11.19 KB[39m
@isl-lang/stdlib-audit:build: [32mCJS[39m [1mdist\chunk-2XU6IXD6.cjs.map             [22m[32m6.35 KB[39m
@isl-lang/stdlib-audit:build: [32mCJS[39m [1mdist\chunk-5BUBE445.cjs.map             [22m[32m14.10 KB[39m
@isl-lang/stdlib-audit:build: [32mCJS[39m [1mdist\chunk-5CD7MSA2.cjs.map             [22m[32m4.22 KB[39m
@isl-lang/stdlib-audit:build: [32mCJS[39m [1mdist\chunk-S3ENIXJP.cjs.map             [22m[32m10.85 KB[39m
@isl-lang/stdlib-audit:build: [32mCJS[39m [1mdist\src\trail\tracker.cjs.map          [22m[32m72.00 B[39m
@isl-lang/stdlib-audit:build: [32mCJS[39m [1mdist\chunk-KYZZRSQ3.cjs.map             [22m[32m3.34 KB[39m
@isl-lang/stdlib-audit:build: [32mCJS[39m [1mdist\src\trail\query.cjs.map            [22m[32m70.00 B[39m
@isl-lang/stdlib-audit:build: [32mCJS[39m [1mdist\chunk-UWHLYNKY.cjs.map             [22m[32m8.63 KB[39m
@isl-lang/stdlib-audit:build: [32mCJS[39m [1mdist\src\trail\store.cjs.map            [22m[32m70.00 B[39m
@isl-lang/stdlib-audit:build: [32mCJS[39m [1mdist\src\compliance\checker.cjs.map     [22m[32m72.00 B[39m
@isl-lang/stdlib-audit:build: [32mCJS[39m [1mdist\chunk-23MZ3C5U.cjs.map             [22m[32m7.47 KB[39m
@isl-lang/stdlib-audit:build: [32mCJS[39m [1mdist\chunk-2MTCKCWW.cjs.map             [22m[32m2.94 KB[39m
@isl-lang/stdlib-audit:build: [32mCJS[39m [1mdist\chunk-XNHEQMEJ.cjs.map             [22m[32m7.20 KB[39m
@isl-lang/stdlib-audit:build: [32mCJS[39m [1mdist\chunk-JQHKJISO.cjs.map             [22m[32m7.25 KB[39m
@isl-lang/stdlib-audit:build: [32mCJS[39m [1mdist\chunk-F5KOCWSF.cjs.map             [22m[32m4.06 KB[39m
@isl-lang/stdlib-audit:build: [32mCJS[39m [1mdist\src\trail\entry.cjs.map            [22m[32m70.00 B[39m
@isl-lang/stdlib-audit:build: [32mCJS[39m [1mdist\chunk-UXPD2O4I.cjs.map             [22m[32m17.23 KB[39m
@isl-lang/stdlib-audit:build: [32mCJS[39m [1mdist\chunk-J7JA3U2M.cjs.map             [22m[32m7.00 KB[39m
@isl-lang/stdlib-audit:build: [32mCJS[39m ΓÜí∩╕Å Build success in 2351ms
@isl-lang/stdlib-audit:build: [32mESM[39m [1mdist\utils\retention.js                [22m[32m211.00 B[39m
@isl-lang/stdlib-audit:build: [32mESM[39m [1mdist\storage\postgres.js               [22m[32m165.00 B[39m
@isl-lang/stdlib-audit:build: [32mESM[39m [1mdist\logger.js                         [22m[32m169.00 B[39m
@isl-lang/stdlib-audit:build: [32mESM[39m [1mdist\storage\s3.js                     [22m[32m147.00 B[39m
@isl-lang/stdlib-audit:build: [32mESM[39m [1mdist\storage\elasticsearch.js          [22m[32m180.00 B[39m
@isl-lang/stdlib-audit:build: [32mESM[39m [1mdist\exporters\csv.js                  [22m[32m197.00 B[39m
@isl-lang/stdlib-audit:build: [32mESM[39m [1mdist\utils\hashing.js                  [22m[32m208.00 B[39m
@isl-lang/stdlib-audit:build: [32mESM[39m [1mdist\src\aggregation\pipeline.js       [22m[32m170.00 B[39m
@isl-lang/stdlib-audit:build: [32mESM[39m [1mdist\utils\pii.js                      [22m[32m222.00 B[39m
@isl-lang/stdlib-audit:build: [32mESM[39m [1mdist\src\aggregation\aggregator.js     [22m[32m199.00 B[39m
@isl-lang/stdlib-audit:build: [32mESM[39m [1mdist\exporters\json.js                 [22m[32m240.00 B[39m
@isl-lang/stdlib-audit:build: [32mESM[39m [1mdist\src\retention\policy.js           [22m[32m219.00 B[39m
@isl-lang/stdlib-audit:build: [32mESM[39m [1mdist\src\retention\enforcer.js         [22m[32m236.00 B[39m
@isl-lang/stdlib-audit:build: [32mESM[39m [1mdist\src\compliance\rules.js           [22m[32m356.00 B[39m
@isl-lang/stdlib-audit:build: [32mESM[39m [1mdist\src\compliance\report.js          [22m[32m229.00 B[39m
@isl-lang/stdlib-audit:build: [32mESM[39m [1mdist\index.js                          [22m[32m795.00 B[39m
@isl-lang/stdlib-audit:build: [32mESM[39m [1mdist\chunk-E52JPDW3.js                 [22m[32m13.31 KB[39m
@isl-lang/stdlib-audit:build: [32mESM[39m [1mdist\chunk-YZDURHUS.js                 [22m[32m8.05 KB[39m
@isl-lang/stdlib-audit:build: [32mESM[39m [1mdist\chunk-EAWA6JFE.js                 [22m[32m10.11 KB[39m
@isl-lang/stdlib-audit:build: [32mESM[39m [1mdist\chunk-XFOMGRJE.js                 [22m[32m13.36 KB[39m
@isl-lang/stdlib-audit:build: [32mESM[39m [1mdist\chunk-QTRMYZ4I.js                 [22m[32m6.88 KB[39m
@isl-lang/stdlib-audit:build: [32mESM[39m [1mdist\chunk-X5RGJUCT.js                 [22m[32m9.80 KB[39m
@isl-lang/stdlib-audit:build: [32mESM[39m [1mdist\chunk-BF4QN6KS.js                 [22m[32m6.14 KB[39m
@isl-lang/stdlib-audit:build: [32mESM[39m [1mdist\chunk-HUOZ7U5U.js                 [22m[32m4.47 KB[39m
@isl-lang/stdlib-audit:build: [32mESM[39m [1mdist\src\types.js                      [22m[32m155.00 B[39m
@isl-lang/stdlib-audit:build: [32mESM[39m [1mdist\src\index.js                      [22m[32m1.26 KB[39m
@isl-lang/stdlib-audit:build: [32mESM[39m [1mdist\types.js                          [22m[32m246.00 B[39m
@isl-lang/stdlib-audit:build: [32mESM[39m [1mdist\chunk-TTSCATVV.js                 [22m[32m3.95 KB[39m
@isl-lang/stdlib-audit:build: [32mESM[39m [1mdist\src\trail\entry.js                [22m[32m190.00 B[39m
@isl-lang/stdlib-audit:build: [32mESM[39m [1mdist\chunk-I4CZS46D.js                 [22m[32m1.41 KB[39m
@isl-lang/stdlib-audit:build: [32mESM[39m [1mdist\chunk-C22YJ2BC.js                 [22m[32m4.23 KB[39m
@isl-lang/stdlib-audit:build: [32mESM[39m [1mdist\chunk-T3D7UL4Q.js                 [22m[32m6.02 KB[39m
@isl-lang/stdlib-audit:build: [32mESM[39m [1mdist\chunk-AYLG34YW.js                 [22m[32m2.83 KB[39m
@isl-lang/stdlib-audit:build: [32mESM[39m [1mdist\chunk-CQLLH3L2.js                 [22m[32m1.78 KB[39m
@isl-lang/stdlib-audit:build: [32mESM[39m [1mdist\chunk-WDT4SFF5.js                 [22m[32m2.88 KB[39m
@isl-lang/stdlib-audit:build: [32mESM[39m [1mdist\src\errors.js                     [22m[32m332.00 B[39m
@isl-lang/stdlib-audit:build: [32mESM[39m [1mdist\src\trail\query.js                [22m[32m196.00 B[39m
@isl-lang/stdlib-audit:build: [32mESM[39m [1mdist\chunk-G3ALAS4F.js                 [22m[32m2.79 KB[39m
@isl-lang/stdlib-audit:build: [32mESM[39m [1mdist\chunk-KTVYU3QY.js                 [22m[32m3.43 KB[39m
@isl-lang/stdlib-audit:build: [32mESM[39m [1mdist\chunk-2RCRVZ6N.js                 [22m[32m1.45 KB[39m
@isl-lang/stdlib-audit:build: [32mESM[39m [1mdist\src\trail\store.js                [22m[32m129.00 B[39m
@isl-lang/stdlib-audit:build: [32mESM[39m [1mdist\src\compliance\checker.js         [22m[32m200.00 B[39m
@isl-lang/stdlib-audit:build: [32mESM[39m [1mdist\chunk-M4ZYD3X3.js                 [22m[32m3.00 KB[39m
@isl-lang/stdlib-audit:build: [32mESM[39m [1mdist\src\trail\tracker.js              [22m[32m263.00 B[39m
@isl-lang/stdlib-audit:build: [32mESM[39m [1mdist\chunk-XXN6P72B.js                 [22m[32m2.75 KB[39m
@isl-lang/stdlib-audit:build: [32mESM[39m [1mdist\chunk-I4JL5QYF.js                 [22m[32m1.02 KB[39m
@isl-lang/stdlib-audit:build: [32mESM[39m [1mdist\chunk-BZSHBF3V.js                 [22m[32m1.81 KB[39m
@isl-lang/stdlib-audit:build: [32mESM[39m [1mdist\chunk-XJXXBFSU.js                 [22m[32m1.19 KB[39m
@isl-lang/stdlib-audit:build: [32mESM[39m [1mdist\utils\retention.js.map            [22m[32m73.00 B[39m
@isl-lang/stdlib-audit:build: [32mESM[39m [1mdist\storage\postgres.js.map           [22m[32m72.00 B[39m
@isl-lang/stdlib-audit:build: [32mESM[39m [1mdist\storage\s3.js.map                 [22m[32m66.00 B[39m
@isl-lang/stdlib-audit:build: [32mESM[39m [1mdist\logger.js.map                     [22m[32m70.00 B[39m
@isl-lang/stdlib-audit:build: [32mESM[39m [1mdist\exporters\csv.js.map              [22m[32m67.00 B[39m
@isl-lang/stdlib-audit:build: [32mESM[39m [1mdist\src\aggregation\pipeline.js.map   [22m[32m72.00 B[39m
@isl-lang/stdlib-audit:build: [32mESM[39m [1mdist\storage\elasticsearch.js.map      [22m[32m77.00 B[39m
@isl-lang/stdlib-audit:build: [32mESM[39m [1mdist\src\aggregation\aggregator.js.map [22m[32m74.00 B[39m
@isl-lang/stdlib-audit:build: [32mESM[39m [1mdist\src\retention\policy.js.map       [22m[32m70.00 B[39m
@isl-lang/stdlib-audit:build: [32mESM[39m [1mdist\src\retention\enforcer.js.map     [22m[32m72.00 B[39m
@isl-lang/stdlib-audit:build: [32mESM[39m [1mdist\utils\pii.js.map                  [22m[32m67.00 B[39m
@isl-lang/stdlib-audit:build: [32mESM[39m [1mdist\src\compliance\rules.js.map       [22m[32m69.00 B[39m
@isl-lang/stdlib-audit:build: [32mESM[39m [1mdist\exporters\json.js.map             [22m[32m68.00 B[39m
@isl-lang/stdlib-audit:build: [32mESM[39m [1mdist\src\compliance\report.js.map      [22m[32m70.00 B[39m
@isl-lang/stdlib-audit:build: [32mESM[39m [1mdist\index.js.map                      [22m[32m69.00 B[39m
@isl-lang/stdlib-audit:build: [32mESM[39m [1mdist\utils\hashing.js.map              [22m[32m71.00 B[39m
@isl-lang/stdlib-audit:build: [32mESM[39m [1mdist\chunk-X5RGJUCT.js.map             [22m[32m25.07 KB[39m
@isl-lang/stdlib-audit:build: [32mESM[39m [1mdist\chunk-E52JPDW3.js.map             [22m[32m28.37 KB[39m
@isl-lang/stdlib-audit:build: [32mESM[39m [1mdist\chunk-YZDURHUS.js.map             [22m[32m18.09 KB[39m
@isl-lang/stdlib-audit:build: [32mESM[39m [1mdist\chunk-EAWA6JFE.js.map             [22m[32m24.14 KB[39m
@isl-lang/stdlib-audit:build: [32mESM[39m [1mdist\chunk-QTRMYZ4I.js.map             [22m[32m17.21 KB[39m
@isl-lang/stdlib-audit:build: [32mESM[39m [1mdist\chunk-BF4QN6KS.js.map             [22m[32m16.59 KB[39m
@isl-lang/stdlib-audit:build: [32mESM[39m [1mdist\chunk-HUOZ7U5U.js.map             [22m[32m12.36 KB[39m
@isl-lang/stdlib-audit:build: [32mESM[39m [1mdist\src\index.js.map                  [22m[32m69.00 B[39m
@isl-lang/stdlib-audit:build: [32mESM[39m [1mdist\src\types.js.map                  [22m[32m69.00 B[39m
@isl-lang/stdlib-audit:build: [32mESM[39m [1mdist\chunk-XFOMGRJE.js.map             [22m[32m30.84 KB[39m
@isl-lang/stdlib-audit:build: [32mESM[39m [1mdist\src\trail\entry.js.map            [22m[32m69.00 B[39m
@isl-lang/stdlib-audit:build: [32mESM[39m [1mdist\types.js.map                      [22m[32m69.00 B[39m
@isl-lang/stdlib-audit:build: [32mESM[39m [1mdist\chunk-TTSCATVV.js.map             [22m[32m11.17 KB[39m
@isl-lang/stdlib-audit:build: [32mESM[39m [1mdist\chunk-C22YJ2BC.js.map             [22m[32m10.84 KB[39m
@isl-lang/stdlib-audit:build: [32mESM[39m [1mdist\chunk-I4CZS46D.js.map             [22m[32m4.19 KB[39m
@isl-lang/stdlib-audit:build: [32mESM[39m [1mdist\src\errors.js.map                 [22m[32m70.00 B[39m
@isl-lang/stdlib-audit:build: [32mESM[39m [1mdist\src\trail\query.js.map            [22m[32m69.00 B[39m
@isl-lang/stdlib-audit:build: [32mESM[39m [1mdist\chunk-AYLG34YW.js.map             [22m[32m14.10 KB[39m
@isl-lang/stdlib-audit:build: [32mESM[39m [1mdist\chunk-G3ALAS4F.js.map             [22m[32m7.14 KB[39m
@isl-lang/stdlib-audit:build: [32mESM[39m [1mdist\chunk-WDT4SFF5.js.map             [22m[32m6.25 KB[39m
@isl-lang/stdlib-audit:build: [32mESM[39m [1mdist\src\trail\store.js.map            [22m[32m69.00 B[39m
@isl-lang/stdlib-audit:build: [32mESM[39m [1mdist\chunk-KTVYU3QY.js.map             [22m[32m8.52 KB[39m
@isl-lang/stdlib-audit:build: [32mESM[39m [1mdist\chunk-CQLLH3L2.js.map             [22m[32m4.94 KB[39m
@isl-lang/stdlib-audit:build: [32mESM[39m [1mdist\src\compliance\checker.js.map     [22m[32m71.00 B[39m
@isl-lang/stdlib-audit:build: [32mESM[39m [1mdist\chunk-T3D7UL4Q.js.map             [22m[32m12.79 KB[39m
@isl-lang/stdlib-audit:build: [32mESM[39m [1mdist\chunk-2RCRVZ6N.js.map             [22m[32m3.34 KB[39m
@isl-lang/stdlib-audit:build: [32mESM[39m [1mdist\src\trail\tracker.js.map          [22m[32m71.00 B[39m
@isl-lang/stdlib-audit:build: [32mESM[39m [1mdist\chunk-M4ZYD3X3.js.map             [22m[32m7.41 KB[39m
@isl-lang/stdlib-audit:build: [32mESM[39m [1mdist\chunk-XXN6P72B.js.map             [22m[32m7.00 KB[39m
@isl-lang/stdlib-audit:build: [32mESM[39m [1mdist\chunk-I4JL5QYF.js.map             [22m[32m2.90 KB[39m
@isl-lang/stdlib-audit:build: [32mESM[39m [1mdist\chunk-XJXXBFSU.js.map             [22m[32m7.19 KB[39m
@isl-lang/stdlib-audit:build: [32mESM[39m [1mdist\chunk-BZSHBF3V.js.map             [22m[32m4.06 KB[39m
@isl-lang/stdlib-audit:build: [32mESM[39m ΓÜí∩╕Å Build success in 2416ms
@isl-lang/stdlib-audit:build: [32mDTS[39m ΓÜí∩╕Å Build success in 33736ms
@isl-lang/stdlib-audit:build: [32mDTS[39m [1mdist\src\index.d.ts                   [22m[32m1.83 KB[39m
@isl-lang/stdlib-audit:build: [32mDTS[39m [1mdist\index.d.ts                       [22m[32m1.14 KB[39m
@isl-lang/stdlib-audit:build: [32mDTS[39m [1mdist\src\errors.d.ts                  [22m[32m1.18 KB[39m
@isl-lang/stdlib-audit:build: [32mDTS[39m [1mdist\src\trail\entry.d.ts             [22m[32m370.00 B[39m
@isl-lang/stdlib-audit:build: [32mDTS[39m [1mdist\src\trail\tracker.d.ts           [22m[32m1.19 KB[39m
@isl-lang/stdlib-audit:build: [32mDTS[39m [1mdist\src\trail\store.d.ts             [22m[32m650.00 B[39m
@isl-lang/stdlib-audit:build: [32mDTS[39m [1mdist\src\trail\query.d.ts             [22m[32m1.06 KB[39m
@isl-lang/stdlib-audit:build: [32mDTS[39m [1mdist\src\compliance\checker.d.ts      [22m[32m551.00 B[39m
@isl-lang/stdlib-audit:build: [32mDTS[39m [1mdist\src\compliance\rules.d.ts        [22m[32m1.16 KB[39m
@isl-lang/stdlib-audit:build: [32mDTS[39m [1mdist\src\compliance\report.d.ts       [22m[32m402.00 B[39m
@isl-lang/stdlib-audit:build: [32mDTS[39m [1mdist\src\aggregation\aggregator.d.ts  [22m[32m882.00 B[39m
@isl-lang/stdlib-audit:build: [32mDTS[39m [1mdist\src\retention\policy.d.ts        [22m[32m473.00 B[39m
@isl-lang/stdlib-audit:build: [32mDTS[39m [1mdist\src\retention\enforcer.d.ts      [22m[32m662.00 B[39m
@isl-lang/stdlib-audit:build: [32mDTS[39m [1mdist\src\types.d.ts                   [22m[32m4.60 KB[39m
@isl-lang/stdlib-audit:build: [32mDTS[39m [1mdist\logger.d.ts                      [22m[32m2.77 KB[39m
@isl-lang/stdlib-audit:build: [32mDTS[39m [1mdist\storage\postgres.d.ts            [22m[32m1.27 KB[39m
@isl-lang/stdlib-audit:build: [32mDTS[39m [1mdist\storage\elasticsearch.d.ts       [22m[32m2.68 KB[39m
@isl-lang/stdlib-audit:build: [32mDTS[39m [1mdist\storage\s3.d.ts                  [22m[32m3.03 KB[39m
@isl-lang/stdlib-audit:build: [32mDTS[39m [1mdist\exporters\csv.d.ts               [22m[32m1.34 KB[39m
@isl-lang/stdlib-audit:build: [32mDTS[39m [1mdist\exporters\json.d.ts              [22m[32m1.61 KB[39m
@isl-lang/stdlib-audit:build: [32mDTS[39m [1mdist\utils\pii.d.ts                   [22m[32m1.16 KB[39m
@isl-lang/stdlib-audit:build: [32mDTS[39m [1mdist\utils\hashing.d.ts               [22m[32m1.71 KB[39m
@isl-lang/stdlib-audit:build: [32mDTS[39m [1mdist\utils\retention.d.ts             [22m[32m2.53 KB[39m
@isl-lang/stdlib-audit:build: [32mDTS[39m [1mdist\types.d.ts                       [22m[32m8.56 KB[39m
@isl-lang/stdlib-audit:build: [32mDTS[39m [1mdist\src\aggregation\pipeline.d.ts    [22m[32m93.00 B[39m
@isl-lang/stdlib-audit:build: [32mDTS[39m [1mdist\types-6CmfJkbz.d.ts              [22m[32m1.02 KB[39m
@isl-lang/stdlib-audit:build: [32mDTS[39m [1mdist\types-CcY0OTUQ.d.ts              [22m[32m538.00 B[39m
@isl-lang/stdlib-audit:build: [32mDTS[39m [1mdist\pipeline-BdgG5ffI.d.ts           [22m[32m2.01 KB[39m
@isl-lang/stdlib-audit:build: [32mDTS[39m [1mdist\src\index.d.cts                  [22m[32m1.85 KB[39m
@isl-lang/stdlib-audit:build: [32mDTS[39m [1mdist\index.d.cts                      [22m[32m1.15 KB[39m
@isl-lang/stdlib-audit:build: [32mDTS[39m [1mdist\src\errors.d.cts                 [22m[32m1.18 KB[39m
@isl-lang/stdlib-audit:build: [32mDTS[39m [1mdist\src\trail\entry.d.cts            [22m[32m371.00 B[39m
@isl-lang/stdlib-audit:build: [32mDTS[39m [1mdist\src\trail\tracker.d.cts          [22m[32m1.19 KB[39m
@isl-lang/stdlib-audit:build: [32mDTS[39m [1mdist\src\trail\store.d.cts            [22m[32m651.00 B[39m
@isl-lang/stdlib-audit:build: [32mDTS[39m [1mdist\src\trail\query.d.cts            [22m[32m1.06 KB[39m
@isl-lang/stdlib-audit:build: [32mDTS[39m [1mdist\src\compliance\checker.d.cts     [22m[32m553.00 B[39m
@isl-lang/stdlib-audit:build: [32mDTS[39m [1mdist\src\compliance\rules.d.cts       [22m[32m1.16 KB[39m
@isl-lang/stdlib-audit:build: [32mDTS[39m [1mdist\src\compliance\report.d.cts      [22m[32m404.00 B[39m
@isl-lang/stdlib-audit:build: [32mDTS[39m [1mdist\src\aggregation\aggregator.d.cts [22m[32m884.00 B[39m
@isl-lang/stdlib-audit:build: [32mDTS[39m [1mdist\src\retention\policy.d.cts       [22m[32m475.00 B[39m
@isl-lang/stdlib-audit:build: [32mDTS[39m [1mdist\src\retention\enforcer.d.cts     [22m[32m664.00 B[39m
@isl-lang/stdlib-audit:build: [32mDTS[39m [1mdist\src\types.d.cts                  [22m[32m4.60 KB[39m
@isl-lang/stdlib-audit:build: [32mDTS[39m [1mdist\logger.d.cts                     [22m[32m2.77 KB[39m
@isl-lang/stdlib-audit:build: [32mDTS[39m [1mdist\storage\postgres.d.cts           [22m[32m1.27 KB[39m
@isl-lang/stdlib-audit:build: [32mDTS[39m [1mdist\storage\elasticsearch.d.cts      [22m[32m2.68 KB[39m
@isl-lang/stdlib-audit:build: [32mDTS[39m [1mdist\storage\s3.d.cts                 [22m[32m3.03 KB[39m
@isl-lang/stdlib-audit:build: [32mDTS[39m [1mdist\exporters\csv.d.cts              [22m[32m1.35 KB[39m
@isl-lang/stdlib-audit:build: [32mDTS[39m [1mdist\exporters\json.d.cts             [22m[32m1.61 KB[39m
@isl-lang/stdlib-audit:build: [32mDTS[39m [1mdist\utils\pii.d.cts                  [22m[32m1.16 KB[39m
@isl-lang/stdlib-audit:build: [32mDTS[39m [1mdist\utils\hashing.d.cts              [22m[32m1.71 KB[39m
@isl-lang/stdlib-audit:build: [32mDTS[39m [1mdist\utils\retention.d.cts            [22m[32m2.53 KB[39m
@isl-lang/stdlib-audit:build: [32mDTS[39m [1mdist\types.d.cts                      [22m[32m8.56 KB[39m
@isl-lang/stdlib-audit:build: [32mDTS[39m [1mdist\src\aggregation\pipeline.d.cts   [22m[32m95.00 B[39m
@isl-lang/stdlib-audit:build: [32mDTS[39m [1mdist\types-D7_LQRsG.d.cts             [22m[32m1.02 KB[39m
@isl-lang/stdlib-audit:build: [32mDTS[39m [1mdist\types-DOfqmwN9.d.cts             [22m[32m539.00 B[39m
@isl-lang/stdlib-audit:build: [32mDTS[39m [1mdist\pipeline-CmeyqZzJ.d.cts          [22m[32m2.01 KB[39m
@isl-lang/codegen-docs:build: cache hit, replaying logs 2e5a1d6d85eedc89
@isl-lang/codegen-docs:build: 
@isl-lang/codegen-docs:build: > @isl-lang/codegen-docs@0.1.0 build C:\Users\mevla\OneDrive\Desktop\projects\IntentOS\packages\codegen-docs
@isl-lang/codegen-docs:build: > tsc
@isl-lang/codegen-docs:build: 
@isl-lang/fuzzer:build: cache hit, replaying logs e95933f132a93bcb
@isl-lang/fuzzer:build: 
@isl-lang/fuzzer:build: > @isl-lang/fuzzer@0.1.0 build C:\Users\mevla\OneDrive\Desktop\projects\IntentOS\packages\fuzzer
@isl-lang/fuzzer:build: > tsc
@isl-lang/fuzzer:build: 
@isl-lang/dashboard-web:build: cache hit, replaying logs b2a5b46b552e0515
@isl-lang/dashboard-web:build: 
@isl-lang/dashboard-web:build: > @isl-lang/dashboard-web@0.1.0 build C:\Users\mevla\OneDrive\Desktop\projects\IntentOS\packages\dashboard-web
@isl-lang/dashboard-web:build: > next build
@isl-lang/dashboard-web:build: 
@isl-lang/dashboard-web:build:    Γû▓ Next.js 14.1.0
@isl-lang/dashboard-web:build: 
@isl-lang/dashboard-web:build:    Creating an optimized production build ...
@isl-lang/dashboard-web:build:  Γ£ô Compiled successfully
@isl-lang/dashboard-web:build:    Skipping validation of types
@isl-lang/dashboard-web:build:    Skipping linting
@isl-lang/dashboard-web:build:    Collecting page data ...
@isl-lang/dashboard-web:build:    Generating static pages (0/6) ...
@isl-lang/dashboard-web:build: 
@isl-lang/dashboard-web:build:    Generating static pages (1/6) 
@isl-lang/dashboard-web:build: 
@isl-lang/dashboard-web:build:    Generating static pages (2/6) 
@isl-lang/dashboard-web:build: 
@isl-lang/dashboard-web:build:    Generating static pages (4/6) 
@isl-lang/dashboard-web:build: 
@isl-lang/dashboard-web:build:  Γ£ô Generating static pages (6/6) 
@isl-lang/dashboard-web:build:    Finalizing page optimization ...
@isl-lang/dashboard-web:build:    Collecting build traces ...
@isl-lang/dashboard-web:build: 
@isl-lang/dashboard-web:build: Route (app)                              Size     First Load JS
@isl-lang/dashboard-web:build: Γöî Γùï /                                    3.67 kB         215 kB
@isl-lang/dashboard-web:build: Γö£ Γùï /_not-found                          888 B          85.4 kB
@isl-lang/dashboard-web:build: Γö£ ╬╗ /domains/[id]                        4.42 kB         114 kB
@isl-lang/dashboard-web:build: Γö£ Γùï /privacy                             139 B          84.6 kB
@isl-lang/dashboard-web:build: Γö£ Γùï /sitemap.xml                         0 B                0 B
@isl-lang/dashboard-web:build: Γöö ╬╗ /verifications/[id]                  4.12 kB         221 kB
@isl-lang/dashboard-web:build: + First Load JS shared by all            84.5 kB
@isl-lang/dashboard-web:build:   Γö£ chunks/166-1b61731424a27cbe.js       29.1 kB
@isl-lang/dashboard-web:build:   Γö£ chunks/40cc9e67-26b2936423c55352.js  53.4 kB
@isl-lang/dashboard-web:build:   Γöö other shared chunks (total)          2.01 kB
@isl-lang/dashboard-web:build: 
@isl-lang/dashboard-web:build: 
@isl-lang/dashboard-web:build: Γùï  (Static)   prerendered as static content
@isl-lang/dashboard-web:build: ╬╗  (Dynamic)  server-rendered on demand using Node.js
@isl-lang/dashboard-web:build: 
@isl-lang/codegen-loadtest:build: cache hit, replaying logs 2f4f3bf9d9473082
@isl-lang/codegen-loadtest:build: 
@isl-lang/codegen-loadtest:build: > @isl-lang/codegen-loadtest@0.1.0 build C:\Users\mevla\OneDrive\Desktop\projects\IntentOS\packages\codegen-loadtest
@isl-lang/codegen-loadtest:build: > tsc
@isl-lang/codegen-loadtest:build: 
@isl-lang/docs:build: cache hit, replaying logs 036a598751013b66
@isl-lang/docs:build: 
@isl-lang/docs:build: > @isl-lang/docs@1.0.0 build C:\Users\mevla\OneDrive\Desktop\projects\IntentOS\packages\docs
@isl-lang/docs:build: > astro build
@isl-lang/docs:build: 
@isl-lang/docs:build: [2m00:11:41[22m [34m[content][39m Syncing content
@isl-lang/docs:build: [2m00:11:41[22m [34m[content][39m Synced content
@isl-lang/docs:build: [2m00:11:41[22m [34m[types][39m Generated [2m3.01s[22m
@isl-lang/docs:build: [2m00:11:41[22m [34m[build][39m output: [34m"static"[39m
@isl-lang/docs:build: [2m00:11:41[22m [34m[build][39m mode: [34m"static"[39m
@isl-lang/docs:build: [2m00:11:41[22m [34m[build][39m directory: [34mC:\Users\mevla\OneDrive\Desktop\projects\IntentOS\packages\docs\dist\[39m
@isl-lang/docs:build: [2m00:11:41[22m [34m[build][39m Collecting build info...
@isl-lang/docs:build: [2m00:11:41[22m [34m[build][39m [32mΓ£ô Completed in 3.78s.[39m
@isl-lang/docs:build: [2m00:11:41[22m [34m[build][39m Building static entrypoints...
@isl-lang/docs:build: [2m00:11:49[22m [34m[vite][39m [32mΓ£ô built in 8.34s[39m
@isl-lang/docs:build: [2m00:11:49[22m [34m[build][39m [32mΓ£ô Completed in 8.43s.[39m
@isl-lang/docs:build: 
@isl-lang/docs:build: [42m[30m building client (vite) [39m[49m
@isl-lang/docs:build: [2m00:11:49[22m [34m[vite][39m transforming...
@isl-lang/docs:build: [2m00:11:50[22m [34m[vite][39m [32mΓ£ô[39m 18 modules transformed.
@isl-lang/docs:build: [2m00:11:50[22m [34m[vite][39m rendering chunks...
@isl-lang/docs:build: [2m00:11:50[22m [34m[vite][39m computing gzip size...
@isl-lang/docs:build: [2m00:11:50[22m [34m[vite][39m [2mdist/[22m[32m_astro/ec.8zarh.js                                                             [39m[1m[2m 2.42 kB[22m[1m[22m
@isl-lang/docs:build: [2m00:11:50[22m [34m[vite][39m [2mdist/[22m[35m_astro/ec.tm3va.css                                                            [39m[1m[2m18.26 kB[22m[1m[22m[2m Γöé gzip:  3.88 kB[22m
@isl-lang/docs:build: [2m00:11:50[22m [34m[vite][39m [2mdist/[22m[36m_astro/MobileTableOfContents.astro_astro_type_script_index_0_lang.C181hMzK.js  [39m[1m[2m 0.67 kB[22m[1m[22m[2m Γöé gzip:  0.40 kB[22m
@isl-lang/docs:build: [2m00:11:50[22m [34m[vite][39m [2mdist/[22m[36m_astro/TableOfContents.astro_astro_type_script_index_0_lang.CKWWgpjV.js        [39m[1m[2m 1.67 kB[22m[1m[22m[2m Γöé gzip:  0.86 kB[22m
@isl-lang/docs:build: [2m00:11:50[22m [34m[vite][39m [2mdist/[22m[36m_astro/page.B1D-nYk3.js                                                        [39m[1m[2m 2.24 kB[22m[1m[22m[2m Γöé gzip:  1.01 kB[22m
@isl-lang/docs:build: [2m00:11:50[22m [34m[vite][39m [2mdist/[22m[36m_astro/Search.astro_astro_type_script_index_0_lang.cjYDvRdi.js                 [39m[1m[2m 2.69 kB[22m[1m[22m[2m Γöé gzip:  1.38 kB[22m
@isl-lang/docs:build: [2m00:11:50[22m [34m[vite][39m [2mdist/[22m[36m_astro/ui-core.D_Lfcn_I.js                                                     [39m[1m[2m72.93 kB[22m[1m[22m[2m Γöé gzip: 22.86 kB[22m
@isl-lang/docs:build: [2m00:11:50[22m [34m[vite][39m [32mΓ£ô built in 770ms[39m
@isl-lang/docs:build: 
@isl-lang/docs:build: [42m[30m generating static routes [39m[49m
@isl-lang/docs:build: [2m00:11:50[22m [32mΓû╢[39m /404
@isl-lang/docs:build: Entry docs ΓåÆ 404 was not found.
@isl-lang/docs:build: [2m00:11:50[22m   [34mΓööΓöÇ[39m [2m/404.html[22m [2m(+93ms)[22m 
@isl-lang/docs:build: [2m00:11:51[22m [32mΓû╢[39m /[...slug]
@isl-lang/docs:build: [2m00:11:51[22m   [34mΓö£ΓöÇ[39m [2m/index.html[22m [2m(+153ms)[22m 
@isl-lang/docs:build: [2m00:11:51[22m   [34mΓö£ΓöÇ[39m [2m/cli/verify/index.html[22m [2m(+307ms)[22m 
@isl-lang/docs:build: [2m00:11:51[22m   [34mΓö£ΓöÇ[39m [2m/cli/watch/index.html[22m [2m(+141ms)[22m 
@isl-lang/docs:build: [2m00:11:51[22m   [34mΓö£ΓöÇ[39m [2m/getting-started/installation/index.html[22m [2m(+239ms)[22m 
@isl-lang/docs:build: [2m00:11:51[22m   [34mΓö£ΓöÇ[39m [2m/cli/repl/index.html[22m [2m(+142ms)[22m 
@isl-lang/docs:build: [2m00:11:52[22m   [34mΓö£ΓöÇ[39m [2m/cli/init/index.html[22m [2m(+99ms)[22m 
@isl-lang/docs:build: [2m00:11:52[22m   [34mΓö£ΓöÇ[39m [2m/cli/generate/index.html[22m [2m(+76ms)[22m 
@isl-lang/docs:build: [2m00:11:52[22m   [34mΓö£ΓöÇ[39m [2m/cli/lint/index.html[22m [2m(+52ms)[22m 
@isl-lang/docs:build: [2m00:11:52[22m   [34mΓö£ΓöÇ[39m [2m/api/gate-api/index.html[22m [2m(+32ms)[22m 
@isl-lang/docs:build: [2m00:11:52[22m   [34mΓö£ΓöÇ[39m [2m/api/dashboard-api/index.html[22m [2m(+50ms)[22m 
@isl-lang/docs:build: [2m00:11:52[22m   [34mΓö£ΓöÇ[39m [2m/getting-started/quickstart/index.html[22m [2m(+54ms)[22m 
@isl-lang/docs:build: [2m00:11:52[22m   [34mΓö£ΓöÇ[39m [2m/guides/best-practices/index.html[22m [2m(+86ms)[22m 
@isl-lang/docs:build: [2m00:11:52[22m   [34mΓö£ΓöÇ[39m [2m/guides/ci-integration/index.html[22m [2m(+57ms)[22m 
@isl-lang/docs:build: [2m00:11:52[22m   [34mΓö£ΓöÇ[39m [2m/guides/migration/index.html[22m [2m(+73ms)[22m 
@isl-lang/docs:build: [2m00:11:52[22m   [34mΓö£ΓöÇ[39m [2m/getting-started/your-first-spec/index.html[22m [2m(+53ms)[22m 
@isl-lang/docs:build: [2m00:11:52[22m   [34mΓö£ΓöÇ[39m [2m/guides/specless-mode/index.html[22m [2m(+14ms)[22m 
@isl-lang/docs:build: [2m00:11:52[22m   [34mΓö£ΓöÇ[39m [2m/guides/team-config/index.html[22m [2m(+56ms)[22m 
@isl-lang/docs:build: [2m00:11:52[22m   [34mΓö£ΓöÇ[39m [2m/isl-language/behaviors/index.html[22m [2m(+102ms)[22m 
@isl-lang/docs:build: [2m00:11:52[22m   [34mΓö£ΓöÇ[39m [2m/isl-language/chaos/index.html[22m [2m(+83ms)[22m 
@isl-lang/docs:build: [2m00:11:52[22m   [34mΓö£ΓöÇ[39m [2m/isl-language/entities/index.html[22m [2m(+118ms)[22m 
@isl-lang/docs:build: [2m00:11:53[22m   [34mΓö£ΓöÇ[39m [2m/isl-language/postconditions/index.html[22m [2m(+320ms)[22m 
@isl-lang/docs:build: [2m00:11:53[22m   [34mΓö£ΓöÇ[39m [2m/isl-language/stdlib/index.html[22m [2m(+169ms)[22m 
@isl-lang/docs:build: [2m00:11:53[22m   [34mΓö£ΓöÇ[39m [2m/isl-language/scenarios/index.html[22m [2m(+88ms)[22m 
@isl-lang/docs:build: [2m00:11:53[22m   [34mΓö£ΓöÇ[39m [2m/isl-language/syntax-reference/index.html[22m [2m(+94ms)[22m 
@isl-lang/docs:build: [2m00:11:53[22m   [34mΓö£ΓöÇ[39m [2m/vscode/changelog/index.html[22m [2m(+115ms)[22m 
@isl-lang/docs:build: [2m00:11:53[22m   [34mΓö£ΓöÇ[39m [2m/vscode/features/index.html[22m [2m(+96ms)[22m 
@isl-lang/docs:build: [2m00:11:53[22m   [34mΓö£ΓöÇ[39m [2m/isl-language/types/index.html[22m [2m(+113ms)[22m 
@isl-lang/docs:build: [2m00:11:54[22m   [34mΓö£ΓöÇ[39m [2m/vscode/installation/index.html[22m [2m(+101ms)[22m 
@isl-lang/docs:build: [2m00:11:54[22m   [34mΓö£ΓöÇ[39m [2m/cli/check/index.html[22m [2m(+20ms)[22m 
@isl-lang/docs:build: [2m00:11:54[22m   [34mΓööΓöÇ[39m [2m/cli/gate/index.html[22m [2m(+33ms)[22m 
@isl-lang/docs:build: [2m00:11:54[22m [32mΓ£ô Completed in 3.53s.
@isl-lang/docs:build: [39m
@isl-lang/docs:build: (node:24100) [DEP0190] DeprecationWarning: Passing args to a child process with shell option true can lead to security vulnerabilities, as the arguments are not escaped, only concatenated.
@isl-lang/docs:build: (Use `node --trace-deprecation ...` to show where the warning was created)
@isl-lang/docs:build: npm warn Unknown env config "shamefully-hoist". This will stop working in the next major version of npm.
@isl-lang/docs:build: [2m00:11:57[22m [34m[build][39m Waiting for integration [1m"@astrojs/starlight"[22m, hook [1m"astro:build:done"[22m...
@isl-lang/docs:build: 
@isl-lang/docs:build: Running Pagefind v1.4.0 (Extended)
@isl-lang/docs:build: Running from: "C:\\Users\\mevla\\OneDrive\\Desktop\\projects\\IntentOS\\node_modules\\.pnpm\\@astrojs+starlight@0.32.6_astro@5.17.1\\node_modules\\@astrojs\\starlight"
@isl-lang/docs:build: Source:       "..\\..\\..\\..\\..\\..\\packages\\docs\\dist"
@isl-lang/docs:build: Output:       "..\\..\\..\\..\\..\\..\\packages\\docs\\dist\\pagefind"
@isl-lang/docs:build: 
@isl-lang/docs:build: [Walking source directory]
@isl-lang/docs:build: Found 31 files matching **/*.{html}
@isl-lang/docs:build: 
@isl-lang/docs:build: [Parsing files]
@isl-lang/docs:build: Found a data-pagefind-body element on the site.
@isl-lang/docs:build: Γå│ Ignoring pages without this tag.
@isl-lang/docs:build: 
@isl-lang/docs:build: [Reading languages]
@isl-lang/docs:build: Discovered 1 language: en
@isl-lang/docs:build: 
@isl-lang/docs:build: [Building search indexes]
@isl-lang/docs:build: Total: 
@isl-lang/docs:build:   Indexed 1 language
@isl-lang/docs:build:   Indexed 30 pages
@isl-lang/docs:build:   Indexed 2100 words
@isl-lang/docs:build:   Indexed 0 filters
@isl-lang/docs:build:   Indexed 0 sorts
@isl-lang/docs:build: 
@isl-lang/docs:build: Finished in 0.906 seconds
@isl-lang/docs:build: [2m00:11:59[22m [34m[@astrojs/sitemap][39m `sitemap-index.xml` created at `dist`
@isl-lang/docs:build: [2m00:11:59[22m [34m[build][39m 31 page(s) built in [1m21.96s[22m
@isl-lang/docs:build: [2m00:11:59[22m [34m[build][39m [1mComplete![22m
@isl-lang/stdlib-http:build: cache hit, replaying logs f3b556d64f16a025
@isl-lang/stdlib-http:build: 
@isl-lang/stdlib-http:build: > @isl-lang/stdlib-http@0.1.0 build C:\Users\mevla\OneDrive\Desktop\projects\IntentOS\packages\stdlib-http
@isl-lang/stdlib-http:build: > tsup src/index.ts --format esm --dts --clean
@isl-lang/stdlib-http:build: 
@isl-lang/stdlib-http:build: [34mCLI[39m Building entry: src/index.ts
@isl-lang/stdlib-http:build: [34mCLI[39m Using tsconfig: tsconfig.json
@isl-lang/stdlib-http:build: [34mCLI[39m tsup v8.5.1
@isl-lang/stdlib-http:build: [34mCLI[39m Target: es2022
@isl-lang/stdlib-http:build: [34mCLI[39m Cleaning output folder
@isl-lang/stdlib-http:build: [34mESM[39m Build start
@isl-lang/stdlib-http:build: [32mESM[39m [1mdist\index.js [22m[32m8.82 KB[39m
@isl-lang/stdlib-http:build: [32mESM[39m ΓÜí∩╕Å Build success in 261ms
@isl-lang/stdlib-http:build: [34mDTS[39m Build start
@isl-lang/stdlib-http:build: [32mDTS[39m ΓÜí∩╕Å Build success in 5520ms
@isl-lang/stdlib-http:build: [32mDTS[39m [1mdist\index.d.ts [22m[32m5.79 KB[39m
@isl-lang/generator:build: cache hit, replaying logs 277ebf620d30e9c6
@isl-lang/generator:build: 
@isl-lang/generator:build: > @isl-lang/generator@0.1.0 build C:\Users\mevla\OneDrive\Desktop\projects\IntentOS\packages\isl-generator
@isl-lang/generator:build: > tsup src/index.ts --format esm --dts --clean
@isl-lang/generator:build: 
@isl-lang/generator:build: [34mCLI[39m Building entry: src/index.ts
@isl-lang/generator:build: [34mCLI[39m Using tsconfig: tsconfig.json
@isl-lang/generator:build: [34mCLI[39m tsup v8.5.1
@isl-lang/generator:build: [34mCLI[39m Target: es2022
@isl-lang/generator:build: [34mCLI[39m Cleaning output folder
@isl-lang/generator:build: [34mESM[39m Build start
@isl-lang/generator:build: [32mESM[39m [1mdist\index.js [22m[32m15.14 KB[39m
@isl-lang/generator:build: [32mESM[39m ΓÜí∩╕Å Build success in 136ms
@isl-lang/generator:build: [34mDTS[39m Build start
@isl-lang/generator:build: [32mDTS[39m ΓÜí∩╕Å Build success in 5767ms
@isl-lang/generator:build: [32mDTS[39m [1mdist\index.d.ts [22m[32m3.76 KB[39m
@isl-lang/security-policies:build: cache hit, replaying logs 72dd6f9c1938ed5a
@isl-lang/security-policies:build: 
@isl-lang/security-policies:build: > @isl-lang/security-policies@1.0.0 build C:\Users\mevla\OneDrive\Desktop\projects\IntentOS\packages\security-policies
@isl-lang/security-policies:build: > tsup
@isl-lang/security-policies:build: 
@isl-lang/security-policies:build: [34mCLI[39m Building entry: src/index.ts
@isl-lang/security-policies:build: [34mCLI[39m Using tsconfig: tsconfig.json
@isl-lang/security-policies:build: [34mCLI[39m tsup v8.5.1
@isl-lang/security-policies:build: [34mCLI[39m Using tsup config: C:\Users\mevla\OneDrive\Desktop\projects\IntentOS\packages\security-policies\tsup.config.ts
@isl-lang/security-policies:build: [34mCLI[39m Target: es2022
@isl-lang/security-policies:build: [34mCLI[39m Cleaning output folder
@isl-lang/security-policies:build: [34mESM[39m Build start
@isl-lang/security-policies:build: [34mCJS[39m Build start
@isl-lang/security-policies:build: [32mCJS[39m [1mdist\index.cjs     [22m[32m73.19 KB[39m
@isl-lang/security-policies:build: [32mCJS[39m [1mdist\index.cjs.map [22m[32m176.47 KB[39m
@isl-lang/security-policies:build: [32mCJS[39m ΓÜí∩╕Å Build success in 1751ms
@isl-lang/security-policies:build: [32mESM[39m [1mdist\index.js     [22m[32m71.84 KB[39m
@isl-lang/security-policies:build: [32mESM[39m [1mdist\index.js.map [22m[32m176.47 KB[39m
@isl-lang/security-policies:build: [32mESM[39m ΓÜí∩╕Å Build success in 1751ms
@isl-lang/security-policies:build: [34mDTS[39m Build start
@isl-lang/security-policies:build: [32mDTS[39m ΓÜí∩╕Å Build success in 5796ms
@isl-lang/security-policies:build: [32mDTS[39m [1mdist\index.d.ts  [22m[32m17.65 KB[39m
@isl-lang/security-policies:build: [32mDTS[39m [1mdist\index.d.cts [22m[32m17.65 KB[39m
@isl-lang/runtime-verify:build: cache hit, replaying logs db86ae2d16c22353
@isl-lang/runtime-verify:build: 
@isl-lang/runtime-verify:build: > @isl-lang/runtime-verify@0.1.0 build C:\Users\mevla\OneDrive\Desktop\projects\IntentOS\packages\runtime-verify
@isl-lang/runtime-verify:build: > tsc
@isl-lang/runtime-verify:build: 
@isl-lang/codegen-rust:build: cache hit, replaying logs 174ef53522df12b1
@isl-lang/codegen-rust:build: 
@isl-lang/codegen-rust:build: > @isl-lang/codegen-rust@0.1.0 build C:\Users\mevla\OneDrive\Desktop\projects\IntentOS\packages\codegen-rust
@isl-lang/codegen-rust:build: > tsc
@isl-lang/codegen-rust:build: 
@isl-lang/stdlib-workflow:build: cache hit, replaying logs 815cd27f6b944b11
@isl-lang/stdlib-workflow:build: 
@isl-lang/stdlib-workflow:build: > @isl-lang/stdlib-workflow@0.1.0 build C:\Users\mevla\OneDrive\Desktop\projects\IntentOS\packages\stdlib-workflow
@isl-lang/stdlib-workflow:build: > tsc
@isl-lang/stdlib-workflow:build: 
@isl-lang/stdlib-api:build: cache hit, replaying logs 8d711297e19712c3
@isl-lang/stdlib-api:build: 
@isl-lang/stdlib-api:build: > @isl-lang/stdlib-api@0.1.0 build C:\Users\mevla\OneDrive\Desktop\projects\IntentOS\packages\stdlib-api
@isl-lang/stdlib-api:build: > tsup && tsc -p tsconfig.build.json
@isl-lang/stdlib-api:build: 
@isl-lang/stdlib-api:build: [34mCLI[39m Building entry: {"index":"src/index.ts","client":"src/client.ts","http":"implementations/typescript/http.ts","endpoint":"implementations/typescript/endpoint.ts","crud":"implementations/typescript/crud.ts","graphql-schema":"implementations/typescript/graphql.ts"}
@isl-lang/stdlib-api:build: [34mCLI[39m Using tsconfig: tsconfig.json
@isl-lang/stdlib-api:build: [34mCLI[39m tsup v8.5.1
@isl-lang/stdlib-api:build: [34mCLI[39m Using tsup config: C:\Users\mevla\OneDrive\Desktop\projects\IntentOS\packages\stdlib-api\tsup.config.ts
@isl-lang/stdlib-api:build: [34mCLI[39m Target: es2022
@isl-lang/stdlib-api:build: [34mCLI[39m Cleaning output folder
@isl-lang/stdlib-api:build: [34mESM[39m Build start
@isl-lang/stdlib-api:build: [34mCJS[39m Build start
@isl-lang/stdlib-api:build: Entry module "dist/http.cjs" is using named and default exports together. Consumers of your bundle will have to use `chunk.default` to access the default export, which may not be what you want. Use `output.exports: "named"` to disable this warning.
@isl-lang/stdlib-api:build: Entry module "dist/endpoint.cjs" is using named and default exports together. Consumers of your bundle will have to use `chunk.default` to access the default export, which may not be what you want. Use `output.exports: "named"` to disable this warning.
@isl-lang/stdlib-api:build: Entry module "dist/crud.cjs" is using named and default exports together. Consumers of your bundle will have to use `chunk.default` to access the default export, which may not be what you want. Use `output.exports: "named"` to disable this warning.
@isl-lang/stdlib-api:build: Entry module "dist/graphql-schema.cjs" is using named and default exports together. Consumers of your bundle will have to use `chunk.default` to access the default export, which may not be what you want. Use `output.exports: "named"` to disable this warning.
@isl-lang/stdlib-api:build: [32mCJS[39m [1mdist\http.cjs               [22m[32m4.32 KB[39m
@isl-lang/stdlib-api:build: [32mCJS[39m [1mdist\endpoint.cjs           [22m[32m4.84 KB[39m
@isl-lang/stdlib-api:build: [32mCJS[39m [1mdist\index.cjs              [22m[32m17.43 KB[39m
@isl-lang/stdlib-api:build: [32mCJS[39m [1mdist\graphql-schema.cjs     [22m[32m5.49 KB[39m
@isl-lang/stdlib-api:build: [32mCJS[39m [1mdist\client.cjs             [22m[32m9.40 KB[39m
@isl-lang/stdlib-api:build: [32mCJS[39m [1mdist\crud.cjs               [22m[32m3.96 KB[39m
@isl-lang/stdlib-api:build: [32mCJS[39m [1mdist\endpoint.cjs.map       [22m[32m14.33 KB[39m
@isl-lang/stdlib-api:build: [32mCJS[39m [1mdist\index.cjs.map          [22m[32m49.41 KB[39m
@isl-lang/stdlib-api:build: [32mCJS[39m [1mdist\http.cjs.map           [22m[32m13.31 KB[39m
@isl-lang/stdlib-api:build: [32mCJS[39m [1mdist\graphql-schema.cjs.map [22m[32m15.78 KB[39m
@isl-lang/stdlib-api:build: [32mCJS[39m [1mdist\client.cjs.map         [22m[32m28.62 KB[39m
@isl-lang/stdlib-api:build: [32mCJS[39m [1mdist\crud.cjs.map           [22m[32m13.60 KB[39m
@isl-lang/stdlib-api:build: [32mCJS[39m ΓÜí∩╕Å Build success in 2400ms
@isl-lang/stdlib-api:build: [32mESM[39m [1mdist\crud.js               [22m[32m3.77 KB[39m
@isl-lang/stdlib-api:build: [32mESM[39m [1mdist\endpoint.js           [22m[32m4.61 KB[39m
@isl-lang/stdlib-api:build: [32mESM[39m [1mdist\index.js              [22m[32m16.83 KB[39m
@isl-lang/stdlib-api:build: [32mESM[39m [1mdist\client.js             [22m[32m9.34 KB[39m
@isl-lang/stdlib-api:build: [32mESM[39m [1mdist\graphql-schema.js     [22m[32m5.23 KB[39m
@isl-lang/stdlib-api:build: [32mESM[39m [1mdist\http.js               [22m[32m3.83 KB[39m
@isl-lang/stdlib-api:build: [32mESM[39m [1mdist\crud.js.map           [22m[32m13.60 KB[39m
@isl-lang/stdlib-api:build: [32mESM[39m [1mdist\index.js.map          [22m[32m49.41 KB[39m
@isl-lang/stdlib-api:build: [32mESM[39m [1mdist\graphql-schema.js.map [22m[32m15.77 KB[39m
@isl-lang/stdlib-api:build: [32mESM[39m [1mdist\client.js.map         [22m[32m28.62 KB[39m
@isl-lang/stdlib-api:build: [32mESM[39m [1mdist\endpoint.js.map       [22m[32m14.33 KB[39m
@isl-lang/stdlib-api:build: [32mESM[39m [1mdist\http.js.map           [22m[32m13.31 KB[39m
@isl-lang/stdlib-api:build: [32mESM[39m ΓÜí∩╕Å Build success in 2446ms
@isl-lang/stdlib-search:build: cache hit, replaying logs 710a13e953a6ff1f
@isl-lang/stdlib-search:build: 
@isl-lang/stdlib-search:build: > @isl-lang/stdlib-search@0.1.0 build C:\Users\mevla\OneDrive\Desktop\projects\IntentOS\packages\stdlib-search
@isl-lang/stdlib-search:build: > tsc
@isl-lang/stdlib-search:build: 
@isl-lang/stdlib-observability:build: cache hit, replaying logs 05c15b4577349489
@isl-lang/stdlib-observability:build: 
@isl-lang/stdlib-observability:build: > @isl-lang/stdlib-observability@0.1.0 build C:\Users\mevla\OneDrive\Desktop\projects\IntentOS\packages\stdlib-observability
@isl-lang/stdlib-observability:build: > tsc
@isl-lang/stdlib-observability:build: 
@isl-lang/stdlib-files:build: cache hit, replaying logs ef3ac0c0323fff40
@isl-lang/stdlib-files:build: 
@isl-lang/stdlib-files:build: > @isl-lang/stdlib-files@1.0.0 build C:\Users\mevla\OneDrive\Desktop\projects\IntentOS\packages\stdlib-files
@isl-lang/stdlib-files:build: > tsc
@isl-lang/stdlib-files:build: 
@isl-lang/stdlib-queue:build: cache hit, replaying logs 6d7808a4ffe32d54
@isl-lang/stdlib-queue:build: 
@isl-lang/stdlib-queue:build: > @isl-lang/stdlib-queue@0.1.0 build C:\Users\mevla\OneDrive\Desktop\projects\IntentOS\packages\stdlib-queue
@isl-lang/stdlib-queue:build: > tsc
@isl-lang/stdlib-queue:build: 
@isl-lang/stdlib-analytics:build: cache hit, replaying logs c4ab54bcc30cbaba
@isl-lang/stdlib-analytics:build: 
@isl-lang/stdlib-analytics:build: > @isl-lang/stdlib-analytics@1.0.0 build C:\Users\mevla\OneDrive\Desktop\projects\IntentOS\packages\stdlib-analytics
@isl-lang/stdlib-analytics:build: > tsc
@isl-lang/stdlib-analytics:build: 
@isl-lang/isl-ship:build: cache hit, replaying logs e7f2effa85d144df
@isl-lang/isl-ship:build: 
@isl-lang/isl-ship:build: > @isl-lang/isl-ship@0.1.0 build C:\Users\mevla\OneDrive\Desktop\projects\IntentOS\packages\isl-ship
@isl-lang/isl-ship:build: > tsup
@isl-lang/isl-ship:build: 
@isl-lang/isl-ship:build: Γû▓ [WARNING] The condition "types" here will never be used as it comes after both "import" and "require" [package.json]
@isl-lang/isl-ship:build: 
@isl-lang/isl-ship:build:     package.json:13:6:
@isl-lang/isl-ship:build:       13 Γöé       "types": "./dist/index.d.ts"
@isl-lang/isl-ship:build:          Γò╡       ~~~~~~~
@isl-lang/isl-ship:build: 
@isl-lang/isl-ship:build:   The "import" condition comes earlier and will be used for all "import" statements:
@isl-lang/isl-ship:build: 
@isl-lang/isl-ship:build:     package.json:11:6:
@isl-lang/isl-ship:build:       11 Γöé       "import": "./dist/index.js",
@isl-lang/isl-ship:build:          Γò╡       ~~~~~~~~
@isl-lang/isl-ship:build: 
@isl-lang/isl-ship:build:   The "require" condition comes earlier and will be used for all "require" calls:
@isl-lang/isl-ship:build: 
@isl-lang/isl-ship:build:     package.json:12:6:
@isl-lang/isl-ship:build:       12 Γöé       "require": "./dist/index.cjs",
@isl-lang/isl-ship:build:          Γò╡       ~~~~~~~~~
@isl-lang/isl-ship:build: 
@isl-lang/isl-ship:build: [34mCLI[39m Building entry: src/index.ts
@isl-lang/isl-ship:build: [34mCLI[39m Using tsconfig: tsconfig.json
@isl-lang/isl-ship:build: [34mCLI[39m tsup v8.5.1
@isl-lang/isl-ship:build: [34mCLI[39m Using tsup config: C:\Users\mevla\OneDrive\Desktop\projects\IntentOS\packages\isl-ship\tsup.config.ts
@isl-lang/isl-ship:build: [34mCLI[39m Target: es2022
@isl-lang/isl-ship:build: [34mCLI[39m Cleaning output folder
@isl-lang/isl-ship:build: [34mESM[39m Build start
@isl-lang/isl-ship:build: [34mCJS[39m Build start
@isl-lang/isl-ship:build: 
@isl-lang/isl-ship:build:  WARN  [33mΓû▓ [43;33m[[43;30mWARNING[43;33m][0m [1mThe condition "types" here will never be used as it comes after both "import" and "require"[0m [package.json]
@isl-lang/isl-ship:build: 
@isl-lang/isl-ship:build:     package.json:13:6:
@isl-lang/isl-ship:build: [37m      13 Γöé       [32m"types"[37m: "./dist/index.d.ts"
@isl-lang/isl-ship:build:          Γò╡       [32m~~~~~~~[0m
@isl-lang/isl-ship:build: 
@isl-lang/isl-ship:build:   The "import" condition comes earlier and will be used for all "import" statements:
@isl-lang/isl-ship:build: 
@isl-lang/isl-ship:build:     package.json:11:6:
@isl-lang/isl-ship:build: [37m      11 Γöé       [32m"import"[37m: "./dist/index.js",
@isl-lang/isl-ship:build:          Γò╡       [32m~~~~~~~~[0m
@isl-lang/isl-ship:build: 
@isl-lang/isl-ship:build:   The "require" condition comes earlier and will be used for all "require" calls:
@isl-lang/isl-ship:build: 
@isl-lang/isl-ship:build:     package.json:12:6:
@isl-lang/isl-ship:build: [37m      12 Γöé       [32m"require"[37m: "./dist/index.cjs",
@isl-lang/isl-ship:build:          Γò╡       [32m~~~~~~~~~[0m
@isl-lang/isl-ship:build: 
@isl-lang/isl-ship:build: 
@isl-lang/isl-ship:build: 
@isl-lang/isl-ship:build: [32mCJS[39m [1mdist\index.cjs     [22m[32m49.26 KB[39m
@isl-lang/isl-ship:build: [32mCJS[39m [1mdist\index.cjs.map [22m[32m88.03 KB[39m
@isl-lang/isl-ship:build: [32mCJS[39m ΓÜí∩╕Å Build success in 207ms
@isl-lang/isl-ship:build: 
@isl-lang/isl-ship:build:  WARN  [33mΓû▓ [43;33m[[43;30mWARNING[43;33m][0m [1mThe condition "types" here will never be used as it comes after both "import" and "require"[0m [package.json]
@isl-lang/isl-ship:build: 
@isl-lang/isl-ship:build:     package.json:13:6:
@isl-lang/isl-ship:build: [37m      13 Γöé       [32m"types"[37m: "./dist/index.d.ts"
@isl-lang/isl-ship:build:          Γò╡       [32m~~~~~~~[0m
@isl-lang/isl-ship:build: 
@isl-lang/isl-ship:build:   The "import" condition comes earlier and will be used for all "import" statements:
@isl-lang/isl-ship:build: 
@isl-lang/isl-ship:build:     package.json:11:6:
@isl-lang/isl-ship:build: [37m      11 Γöé       [32m"import"[37m: "./dist/index.js",
@isl-lang/isl-ship:build:          Γò╡       [32m~~~~~~~~[0m
@isl-lang/isl-ship:build: 
@isl-lang/isl-ship:build:   The "require" condition comes earlier and will be used for all "require" calls:
@isl-lang/isl-ship:build: 
@isl-lang/isl-ship:build:     package.json:12:6:
@isl-lang/isl-ship:build: [37m      12 Γöé       [32m"require"[37m: "./dist/index.cjs",
@isl-lang/isl-ship:build:          Γò╡       [32m~~~~~~~~~[0m
@isl-lang/isl-ship:build: 
@isl-lang/isl-ship:build: 
@isl-lang/isl-ship:build: 
@isl-lang/isl-ship:build: [32mESM[39m [1mdist\index.js     [22m[32m47.78 KB[39m
@isl-lang/isl-ship:build: [32mESM[39m [1mdist\index.js.map [22m[32m86.78 KB[39m
@isl-lang/isl-ship:build: [32mESM[39m ΓÜí∩╕Å Build success in 253ms
@isl-lang/isl-ship:build: [34mDTS[39m Build start
@isl-lang/isl-ship:build: [32mDTS[39m ΓÜí∩╕Å Build success in 5019ms
@isl-lang/isl-ship:build: [32mDTS[39m [1mdist\index.d.ts  [22m[32m4.31 KB[39m
@isl-lang/isl-ship:build: [32mDTS[39m [1mdist\index.d.cts [22m[32m4.31 KB[39m
@isl-lang/expression-compiler:build: cache hit, replaying logs 970f26fef23e67c3
@isl-lang/expression-compiler:build: 
@isl-lang/expression-compiler:build: > @isl-lang/expression-compiler@0.1.0 build C:\Users\mevla\OneDrive\Desktop\projects\IntentOS\packages\expression-compiler
@isl-lang/expression-compiler:build: > tsup
@isl-lang/expression-compiler:build: 
@isl-lang/expression-compiler:build: [34mCLI[39m Building entry: src/index.ts, src/compiler/index.ts, src/evaluator/index.ts, src/ir/index.ts
@isl-lang/expression-compiler:build: [34mCLI[39m Using tsconfig: tsconfig.json
@isl-lang/expression-compiler:build: [34mCLI[39m tsup v8.5.1
@isl-lang/expression-compiler:build: [34mCLI[39m Using tsup config: C:\Users\mevla\OneDrive\Desktop\projects\IntentOS\packages\expression-compiler\tsup.config.ts
@isl-lang/expression-compiler:build: [34mCLI[39m Target: es2022
@isl-lang/expression-compiler:build: [34mCLI[39m Cleaning output folder
@isl-lang/expression-compiler:build: [34mESM[39m Build start
@isl-lang/expression-compiler:build: [34mDTS[39m Build start
@isl-lang/expression-compiler:build: [32mESM[39m [1mdist\index.js               [22m[32m45.06 KB[39m
@isl-lang/expression-compiler:build: [32mESM[39m [1mdist\compiler\index.js      [22m[32m22.20 KB[39m
@isl-lang/expression-compiler:build: [32mESM[39m [1mdist\evaluator\index.js     [22m[32m16.94 KB[39m
@isl-lang/expression-compiler:build: [32mESM[39m [1mdist\ir\index.js            [22m[32m15.97 KB[39m
@isl-lang/expression-compiler:build: [32mESM[39m [1mdist\index.js.map           [22m[32m139.25 KB[39m
@isl-lang/expression-compiler:build: [32mESM[39m [1mdist\evaluator\index.js.map [22m[32m46.66 KB[39m
@isl-lang/expression-compiler:build: [32mESM[39m [1mdist\compiler\index.js.map  [22m[32m81.03 KB[39m
@isl-lang/expression-compiler:build: [32mESM[39m [1mdist\ir\index.js.map        [22m[32m54.51 KB[39m
@isl-lang/expression-compiler:build: [32mESM[39m ΓÜí∩╕Å Build success in 4743ms
@isl-lang/expression-compiler:build: [32mDTS[39m ΓÜí∩╕Å Build success in 19155ms
@isl-lang/expression-compiler:build: [32mDTS[39m [1mdist\index.d.ts           [22m[32m2.94 KB[39m
@isl-lang/expression-compiler:build: [32mDTS[39m [1mdist\compiler\index.d.ts  [22m[32m1.10 KB[39m
@isl-lang/expression-compiler:build: [32mDTS[39m [1mdist\evaluator\index.d.ts [22m[32m2.89 KB[39m
@isl-lang/expression-compiler:build: [32mDTS[39m [1mdist\ir\index.d.ts        [22m[32m1.66 KB[39m
@isl-lang/expression-compiler:build: [32mDTS[39m [1mdist\types-BJG8W-2m.d.ts  [22m[32m13.80 KB[39m
@isl-lang/test-generator:build: cache hit, replaying logs 6082074310c59db7
@isl-lang/test-generator:build: 
@isl-lang/test-generator:build: > @isl-lang/test-generator@0.1.0 build C:\Users\mevla\OneDrive\Desktop\projects\IntentOS\packages\test-generator
@isl-lang/test-generator:build: > tsc
@isl-lang/test-generator:build: 
@isl-lang/stdlib-ai:build: cache hit, replaying logs 627b54af35b47c11
@isl-lang/stdlib-ai:build: 
@isl-lang/stdlib-ai:build: > @isl-lang/stdlib-ai@0.1.0 build C:\Users\mevla\OneDrive\Desktop\projects\IntentOS\packages\stdlib-ai
@isl-lang/stdlib-ai:build: > tsup
@isl-lang/stdlib-ai:build: 
@isl-lang/stdlib-ai:build: [34mCLI[39m Building entry: {"index":"implementations/typescript/index.ts","types":"implementations/typescript/types.ts","completion":"implementations/typescript/completion.ts","embeddings":"implementations/typescript/embeddings.ts","agents":"implementations/typescript/agents.ts","rag":"implementations/typescript/rag.ts","extraction":"implementations/typescript/extraction.ts","moderation":"implementations/typescript/moderation.ts"}
@isl-lang/stdlib-ai:build: [34mCLI[39m Using tsconfig: tsconfig.json
@isl-lang/stdlib-ai:build: [34mCLI[39m tsup v8.5.1
@isl-lang/stdlib-ai:build: [34mCLI[39m Using tsup config: C:\Users\mevla\OneDrive\Desktop\projects\IntentOS\packages\stdlib-ai\tsup.config.ts
@isl-lang/stdlib-ai:build: [34mCLI[39m Target: es2022
@isl-lang/stdlib-ai:build: [34mCLI[39m Cleaning output folder
@isl-lang/stdlib-ai:build: [34mESM[39m Build start
@isl-lang/stdlib-ai:build: [34mCJS[39m Build start
@isl-lang/stdlib-ai:build: [34mDTS[39m Build start
@isl-lang/stdlib-ai:build: Entry module "dist/completion.cjs" is using named and default exports together. Consumers of your bundle will have to use `chunk.default` to access the default export, which may not be what you want. Use `output.exports: "named"` to disable this warning.
@isl-lang/stdlib-ai:build: Entry module "dist/index.cjs" is using named and default exports together. Consumers of your bundle will have to use `chunk.default` to access the default export, which may not be what you want. Use `output.exports: "named"` to disable this warning.
@isl-lang/stdlib-ai:build: Entry module "dist/embeddings.cjs" is using named and default exports together. Consumers of your bundle will have to use `chunk.default` to access the default export, which may not be what you want. Use `output.exports: "named"` to disable this warning.
@isl-lang/stdlib-ai:build: Entry module "dist/agents.cjs" is using named and default exports together. Consumers of your bundle will have to use `chunk.default` to access the default export, which may not be what you want. Use `output.exports: "named"` to disable this warning.
@isl-lang/stdlib-ai:build: Entry module "dist/rag.cjs" is using named and default exports together. Consumers of your bundle will have to use `chunk.default` to access the default export, which may not be what you want. Use `output.exports: "named"` to disable this warning.
@isl-lang/stdlib-ai:build: Entry module "dist/moderation.cjs" is using named and default exports together. Consumers of your bundle will have to use `chunk.default` to access the default export, which may not be what you want. Use `output.exports: "named"` to disable this warning.
@isl-lang/stdlib-ai:build: Entry module "dist/extraction.cjs" is using named and default exports together. Consumers of your bundle will have to use `chunk.default` to access the default export, which may not be what you want. Use `output.exports: "named"` to disable this warning.
@isl-lang/stdlib-ai:build: [32mCJS[39m [1mdist\completion.cjs     [22m[32m5.18 KB[39m
@isl-lang/stdlib-ai:build: [32mCJS[39m [1mdist\embeddings.cjs     [22m[32m5.54 KB[39m
@isl-lang/stdlib-ai:build: [32mCJS[39m [1mdist\types.cjs          [22m[32m7.06 KB[39m
@isl-lang/stdlib-ai:build: [32mCJS[39m [1mdist\rag.cjs            [22m[32m9.16 KB[39m
@isl-lang/stdlib-ai:build: [32mCJS[39m [1mdist\index.cjs          [22m[32m48.17 KB[39m
@isl-lang/stdlib-ai:build: [32mCJS[39m [1mdist\agents.cjs         [22m[32m6.48 KB[39m
@isl-lang/stdlib-ai:build: [32mCJS[39m [1mdist\moderation.cjs     [22m[32m6.46 KB[39m
@isl-lang/stdlib-ai:build: [32mCJS[39m [1mdist\extraction.cjs     [22m[32m7.65 KB[39m
@isl-lang/stdlib-ai:build: [32mCJS[39m [1mdist\embeddings.cjs.map [22m[32m31.76 KB[39m
@isl-lang/stdlib-ai:build: [32mCJS[39m [1mdist\completion.cjs.map [22m[32m29.70 KB[39m
@isl-lang/stdlib-ai:build: [32mCJS[39m [1mdist\rag.cjs.map        [22m[32m40.85 KB[39m
@isl-lang/stdlib-ai:build: [32mCJS[39m [1mdist\index.cjs.map      [22m[32m130.06 KB[39m
@isl-lang/stdlib-ai:build: [32mCJS[39m [1mdist\moderation.cjs.map [22m[32m32.35 KB[39m
@isl-lang/stdlib-ai:build: [32mCJS[39m [1mdist\types.cjs.map      [22m[32m22.18 KB[39m
@isl-lang/stdlib-ai:build: [32mCJS[39m [1mdist\agents.cjs.map     [22m[32m33.20 KB[39m
@isl-lang/stdlib-ai:build: [32mCJS[39m [1mdist\extraction.cjs.map [22m[32m35.34 KB[39m
@isl-lang/stdlib-ai:build: [32mCJS[39m ΓÜí∩╕Å Build success in 3572ms
@isl-lang/stdlib-ai:build: [32mESM[39m [1mdist\agents.js         [22m[32m6.08 KB[39m
@isl-lang/stdlib-ai:build: [32mESM[39m [1mdist\types.js          [22m[32m6.62 KB[39m
@isl-lang/stdlib-ai:build: [32mESM[39m [1mdist\embeddings.js     [22m[32m5.21 KB[39m
@isl-lang/stdlib-ai:build: [32mESM[39m [1mdist\completion.js     [22m[32m4.84 KB[39m
@isl-lang/stdlib-ai:build: [32mESM[39m [1mdist\extraction.js     [22m[32m7.34 KB[39m
@isl-lang/stdlib-ai:build: [32mESM[39m [1mdist\rag.js            [22m[32m8.83 KB[39m
@isl-lang/stdlib-ai:build: [32mESM[39m [1mdist\moderation.js     [22m[32m6.18 KB[39m
@isl-lang/stdlib-ai:build: [32mESM[39m [1mdist\index.js          [22m[32m46.08 KB[39m
@isl-lang/stdlib-ai:build: [32mESM[39m [1mdist\agents.js.map     [22m[32m33.20 KB[39m
@isl-lang/stdlib-ai:build: [32mESM[39m [1mdist\extraction.js.map [22m[32m35.33 KB[39m
@isl-lang/stdlib-ai:build: [32mESM[39m [1mdist\embeddings.js.map [22m[32m31.76 KB[39m
@isl-lang/stdlib-ai:build: [32mESM[39m [1mdist\types.js.map      [22m[32m22.17 KB[39m
@isl-lang/stdlib-ai:build: [32mESM[39m [1mdist\completion.js.map [22m[32m29.70 KB[39m
@isl-lang/stdlib-ai:build: [32mESM[39m [1mdist\rag.js.map        [22m[32m40.84 KB[39m
@isl-lang/stdlib-ai:build: [32mESM[39m [1mdist\moderation.js.map [22m[32m32.35 KB[39m
@isl-lang/stdlib-ai:build: [32mESM[39m [1mdist\index.js.map      [22m[32m130.05 KB[39m
@isl-lang/stdlib-ai:build: [32mESM[39m ΓÜí∩╕Å Build success in 3589ms
@isl-lang/stdlib-ai:build: [32mDTS[39m ΓÜí∩╕Å Build success in 11741ms
@isl-lang/stdlib-ai:build: [32mDTS[39m [1mdist\index.d.ts       [22m[32m6.14 KB[39m
@isl-lang/stdlib-ai:build: [32mDTS[39m [1mdist\completion.d.ts  [22m[32m2.50 KB[39m
@isl-lang/stdlib-ai:build: [32mDTS[39m [1mdist\embeddings.d.ts  [22m[32m2.35 KB[39m
@isl-lang/stdlib-ai:build: [32mDTS[39m [1mdist\agents.d.ts      [22m[32m2.76 KB[39m
@isl-lang/stdlib-ai:build: [32mDTS[39m [1mdist\rag.d.ts         [22m[32m2.35 KB[39m
@isl-lang/stdlib-ai:build: [32mDTS[39m [1mdist\extraction.d.ts  [22m[32m2.63 KB[39m
@isl-lang/stdlib-ai:build: [32mDTS[39m [1mdist\moderation.d.ts  [22m[32m2.47 KB[39m
@isl-lang/stdlib-ai:build: [32mDTS[39m [1mdist\types.d.ts       [22m[32m13.62 KB[39m
@isl-lang/stdlib-ai:build: [32mDTS[39m [1mdist\index.d.cts      [22m[32m6.15 KB[39m
@isl-lang/stdlib-ai:build: [32mDTS[39m [1mdist\completion.d.cts [22m[32m2.50 KB[39m
@isl-lang/stdlib-ai:build: [32mDTS[39m [1mdist\embeddings.d.cts [22m[32m2.35 KB[39m
@isl-lang/stdlib-ai:build: [32mDTS[39m [1mdist\agents.d.cts     [22m[32m2.76 KB[39m
@isl-lang/stdlib-ai:build: [32mDTS[39m [1mdist\rag.d.cts        [22m[32m2.35 KB[39m
@isl-lang/stdlib-ai:build: [32mDTS[39m [1mdist\extraction.d.cts [22m[32m2.63 KB[39m
@isl-lang/stdlib-ai:build: [32mDTS[39m [1mdist\moderation.d.cts [22m[32m2.47 KB[39m
@isl-lang/stdlib-ai:build: [32mDTS[39m [1mdist\types.d.cts      [22m[32m13.62 KB[39m
@isl-lang/stdlib-events:build: cache hit, replaying logs f5c71e08da9b9570
@isl-lang/stdlib-events:build: 
@isl-lang/stdlib-events:build: > @isl-lang/stdlib-events@0.1.0 build C:\Users\mevla\OneDrive\Desktop\projects\IntentOS\packages\stdlib-events
@isl-lang/stdlib-events:build: > tsc
@isl-lang/stdlib-events:build: 
@isl-lang/stdlib-realtime:build: cache hit, replaying logs 4bea97e97fd46925
@isl-lang/stdlib-realtime:build: 
@isl-lang/stdlib-realtime:build: > @isl-lang/stdlib-realtime@0.1.0 build C:\Users\mevla\OneDrive\Desktop\projects\IntentOS\packages\stdlib-realtime
@isl-lang/stdlib-realtime:build: > tsc -p tsconfig.build.json
@isl-lang/stdlib-realtime:build: 
@isl-lang/typechecker:build: cache hit, replaying logs c1eccf319d01b9f8
@isl-lang/typechecker:build: 
@isl-lang/typechecker:build: > @isl-lang/typechecker@0.1.0 build C:\Users\mevla\OneDrive\Desktop\projects\IntentOS\packages\typechecker
@isl-lang/typechecker:build: > tsup
@isl-lang/typechecker:build: 
@isl-lang/typechecker:build: [34mCLI[39m Building entry: src/index.ts
@isl-lang/typechecker:build: [34mCLI[39m Using tsconfig: tsconfig.json
@isl-lang/typechecker:build: [34mCLI[39m tsup v8.5.1
@isl-lang/typechecker:build: [34mCLI[39m Using tsup config: C:\Users\mevla\OneDrive\Desktop\projects\IntentOS\packages\typechecker\tsup.config.ts
@isl-lang/typechecker:build: [34mCLI[39m Target: es2022
@isl-lang/typechecker:build: [34mCLI[39m Cleaning output folder
@isl-lang/typechecker:build: [34mESM[39m Build start
@isl-lang/typechecker:build: [34mCJS[39m Build start
@isl-lang/typechecker:build: [32mCJS[39m [1mdist\index.cjs     [22m[32m65.59 KB[39m
@isl-lang/typechecker:build: [32mCJS[39m [1mdist\index.cjs.map [22m[32m175.77 KB[39m
@isl-lang/typechecker:build: [32mCJS[39m ΓÜí∩╕Å Build success in 240ms
@isl-lang/typechecker:build: [32mESM[39m [1mdist\index.js     [22m[32m64.78 KB[39m
@isl-lang/typechecker:build: [32mESM[39m [1mdist\index.js.map [22m[32m175.71 KB[39m
@isl-lang/typechecker:build: [32mESM[39m ΓÜí∩╕Å Build success in 240ms
@isl-lang/typechecker:build: [34mDTS[39m Build start
@isl-lang/typechecker:build: [32mDTS[39m ΓÜí∩╕Å Build success in 2675ms
@isl-lang/typechecker:build: [32mDTS[39m [1mdist\index.d.ts  [22m[32m17.78 KB[39m
@isl-lang/typechecker:build: [32mDTS[39m [1mdist\index.d.cts [22m[32m17.78 KB[39m
@isl-lang/stdlib-payments:build: cache hit, replaying logs 827b6d1825bf281c
@isl-lang/stdlib-payments:build: 
@isl-lang/stdlib-payments:build: > @isl-lang/stdlib-payments@1.0.0 build C:\Users\mevla\OneDrive\Desktop\projects\IntentOS\packages\stdlib-payments
@isl-lang/stdlib-payments:build: > tsc
@isl-lang/stdlib-payments:build: 
@isl-lang/import-resolver:build: cache hit, replaying logs 3897c0159a97b0cf
@isl-lang/import-resolver:build: 
@isl-lang/import-resolver:build: > @isl-lang/import-resolver@0.1.0 build C:\Users\mevla\OneDrive\Desktop\projects\IntentOS\packages\import-resolver
@isl-lang/import-resolver:build: > tsup
@isl-lang/import-resolver:build: 
@isl-lang/import-resolver:build: [34mCLI[39m Building entry: src/index.ts
@isl-lang/import-resolver:build: [34mCLI[39m Using tsconfig: tsconfig.json
@isl-lang/import-resolver:build: [34mCLI[39m tsup v8.5.1
@isl-lang/import-resolver:build: [34mCLI[39m Using tsup config: C:\Users\mevla\OneDrive\Desktop\projects\IntentOS\packages\import-resolver\tsup.config.ts
@isl-lang/import-resolver:build: [34mCLI[39m Target: es2022
@isl-lang/import-resolver:build: [34mCLI[39m Cleaning output folder
@isl-lang/import-resolver:build: [34mCJS[39m Build start
@isl-lang/import-resolver:build: [34mESM[39m Build start
@isl-lang/import-resolver:build: Entry module "dist/index.cjs" is using named and default exports together. Consumers of your bundle will have to use `chunk.default` to access the default export, which may not be what you want. Use `output.exports: "named"` to disable this warning.
@isl-lang/import-resolver:build: [32mCJS[39m [1mdist\index.cjs     [22m[32m80.20 KB[39m
@isl-lang/import-resolver:build: [32mCJS[39m [1mdist\index.cjs.map [22m[32m198.32 KB[39m
@isl-lang/import-resolver:build: [32mCJS[39m ΓÜí∩╕Å Build success in 247ms
@isl-lang/import-resolver:build: [32mESM[39m [1mdist\index.js     [22m[32m77.34 KB[39m
@isl-lang/import-resolver:build: [32mESM[39m [1mdist\index.js.map [22m[32m198.22 KB[39m
@isl-lang/import-resolver:build: [32mESM[39m ΓÜí∩╕Å Build success in 247ms
@isl-lang/import-resolver:build: [34mDTS[39m Build start
@isl-lang/import-resolver:build: [32mDTS[39m ΓÜí∩╕Å Build success in 1911ms
@isl-lang/import-resolver:build: [32mDTS[39m [1mdist\index.d.cts [22m[32m29.50 KB[39m
@isl-lang/import-resolver:build: [32mDTS[39m [1mdist\index.d.ts  [22m[32m29.50 KB[39m
@isl-lang/codegen-runtime:build: cache hit, replaying logs 72926457ced2b084
@isl-lang/codegen-runtime:build: 
@isl-lang/codegen-runtime:build: > @isl-lang/codegen-runtime@0.1.0 build C:\Users\mevla\OneDrive\Desktop\projects\IntentOS\packages\codegen-runtime
@isl-lang/codegen-runtime:build: > tsup src/index.ts --format esm --no-dts --clean && tsc -p tsconfig.build.json
@isl-lang/codegen-runtime:build: 
@isl-lang/codegen-runtime:build: [34mCLI[39m Building entry: src/index.ts
@isl-lang/codegen-runtime:build: [34mCLI[39m Using tsconfig: tsconfig.json
@isl-lang/codegen-runtime:build: [34mCLI[39m tsup v8.5.1
@isl-lang/codegen-runtime:build: [34mCLI[39m Target: es2022
@isl-lang/codegen-runtime:build: [34mCLI[39m Cleaning output folder
@isl-lang/codegen-runtime:build: [34mESM[39m Build start
@isl-lang/codegen-runtime:build: [32mESM[39m [1mdist\index.js [22m[32m27.00 KB[39m
@isl-lang/codegen-runtime:build: [32mESM[39m ΓÜí∩╕Å Build success in 207ms
@isl-lang/isl-compiler:build: cache hit, replaying logs 63b3127d8887e3fb
@isl-lang/isl-compiler:build: 
@isl-lang/isl-compiler:build: > @isl-lang/isl-compiler@0.1.0 build C:\Users\mevla\OneDrive\Desktop\projects\IntentOS\packages\isl-compiler
@isl-lang/isl-compiler:build: > tsup src/index.ts --format esm --clean && tsc -p tsconfig.build.json
@isl-lang/isl-compiler:build: 
@isl-lang/isl-compiler:build: [34mCLI[39m Building entry: src/index.ts
@isl-lang/isl-compiler:build: [34mCLI[39m Using tsconfig: tsconfig.json
@isl-lang/isl-compiler:build: [34mCLI[39m tsup v8.5.1
@isl-lang/isl-compiler:build: [34mCLI[39m Target: es2022
@isl-lang/isl-compiler:build: [34mCLI[39m Cleaning output folder
@isl-lang/isl-compiler:build: [34mESM[39m Build start
@isl-lang/isl-compiler:build: [32mESM[39m [1mdist\index.js [22m[32m34.76 KB[39m
@isl-lang/isl-compiler:build: [32mESM[39m ΓÜí∩╕Å Build success in 234ms
@isl-lang/reality-probe:build: cache hit, replaying logs 59a94f5e25d49316
@isl-lang/reality-probe:build: 
@isl-lang/reality-probe:build: > @isl-lang/reality-probe@0.1.0 build C:\Users\mevla\OneDrive\Desktop\projects\IntentOS\packages\reality-probe
@isl-lang/reality-probe:build: > tsc
@isl-lang/reality-probe:build: 
@isl-lang/core:build: cache hit, replaying logs d2f8ac43af889c08
@isl-lang/core:build: 
@isl-lang/core:build: > @isl-lang/core@0.1.0 build C:\Users\mevla\OneDrive\Desktop\projects\IntentOS\packages\core
@isl-lang/core:build: > tsup src/index.ts src/evidence/index.ts src/isl-agent/scoring/index.ts src/isl-lint/index.ts src/isl-diff/index.ts src/isl-lint-v2/index.ts src/isl-migrate-v2/index.ts src/spec-quality/index.ts src/reporting/index.ts --format esm --dts --clean
@isl-lang/core:build: 
@isl-lang/core:build: [34mCLI[39m Building entry: src/index.ts, src/evidence/index.ts, src/isl-diff/index.ts, src/isl-lint/index.ts, src/isl-migrate-v2/index.ts, src/reporting/index.ts, src/spec-quality/index.ts, src/isl-lint-v2/index.ts, src/isl-agent/scoring/index.ts
@isl-lang/core:build: [34mCLI[39m Using tsconfig: tsconfig.json
@isl-lang/core:build: [34mCLI[39m tsup v8.5.1
@isl-lang/core:build: [34mCLI[39m Target: es2022
@isl-lang/core:build: [34mCLI[39m Cleaning output folder
@isl-lang/core:build: [34mESM[39m Build start
@isl-lang/core:build: [34mDTS[39m Build start
@isl-lang/core:build: [32mESM[39m [1mdist\isl-agent\scoring\index.js [22m[32m267.00 B[39m
@isl-lang/core:build: [32mESM[39m [1mdist\evidence\index.js          [22m[32m1.09 KB[39m
@isl-lang/core:build: [32mESM[39m [1mdist\isl-diff\index.js          [22m[32m211.00 B[39m
@isl-lang/core:build: [32mESM[39m [1mdist\index.js                   [22m[32m214.66 KB[39m
@isl-lang/core:build: [32mESM[39m [1mdist\chunk-6PCATM4L.js          [22m[32m6.88 KB[39m
@isl-lang/core:build: [32mESM[39m [1mdist\chunk-TSLDC6WJ.js          [22m[32m30.44 KB[39m
@isl-lang/core:build: [32mESM[39m [1mdist\chunk-65Q3CMM5.js          [22m[32m1.87 KB[39m
@isl-lang/core:build: [32mESM[39m [1mdist\isl-migrate-v2\index.js    [22m[32m40.02 KB[39m
@isl-lang/core:build: [32mESM[39m [1mdist\isl-lint\index.js          [22m[32m22.85 KB[39m
@isl-lang/core:build: [32mESM[39m [1mdist\reporting\index.js         [22m[32m381.00 B[39m
@isl-lang/core:build: [32mESM[39m [1mdist\spec-quality\index.js      [22m[32m393.00 B[39m
@isl-lang/core:build: [32mESM[39m [1mdist\chunk-3RG5ZIWI.js          [22m[32m390.00 B[39m
@isl-lang/core:build: [32mESM[39m [1mdist\isl-lint-v2\index.js       [22m[32m50.87 KB[39m
@isl-lang/core:build: [32mESM[39m [1mdist\chunk-CPD2ANT3.js          [22m[32m32.11 KB[39m
@isl-lang/core:build: [32mESM[39m [1mdist\chunk-QXAZ4DOI.js          [22m[32m20.50 KB[39m
@isl-lang/core:build: [32mESM[39m ΓÜí∩╕Å Build success in 3638ms
@isl-lang/core:build: [32mDTS[39m ΓÜí∩╕Å Build success in 19638ms
@isl-lang/core:build: [32mDTS[39m [1mdist\isl-lint\index.d.ts          [22m[32m6.94 KB[39m
@isl-lang/core:build: [32mDTS[39m [1mdist\isl-lint-v2\index.d.ts       [22m[32m14.96 KB[39m
@isl-lang/core:build: [32mDTS[39m [1mdist\isl-migrate-v2\index.d.ts    [22m[32m8.62 KB[39m
@isl-lang/core:build: [32mDTS[39m [1mdist\index.d.ts                   [22m[32m96.30 KB[39m
@isl-lang/core:build: [32mDTS[39m [1mdist\evidence\index.d.ts          [22m[32m30.55 KB[39m
@isl-lang/core:build: [32mDTS[39m [1mdist\isl-diff\index.d.ts          [22m[32m5.90 KB[39m
@isl-lang/core:build: [32mDTS[39m [1mdist\reporting\index.d.ts         [22m[32m12.66 KB[39m
@isl-lang/core:build: [32mDTS[39m [1mdist\spec-quality\index.d.ts      [22m[32m5.75 KB[39m
@isl-lang/core:build: [32mDTS[39m [1mdist\isl-agent\scoring\index.d.ts [22m[32m2.04 KB[39m
@isl-lang/core:build: [32mDTS[39m [1mdist\scoringTypes-DjNmw-z5.d.ts   [22m[32m1.64 KB[39m
@isl-lang/isl-discovery:build: cache hit, replaying logs 87c04c729656ed69
@isl-lang/isl-discovery:build: 
@isl-lang/isl-discovery:build: > @isl-lang/isl-discovery@0.1.0 build C:\Users\mevla\OneDrive\Desktop\projects\IntentOS\packages\isl-discovery
@isl-lang/isl-discovery:build: > tsup && tsc -p tsconfig.build.json
@isl-lang/isl-discovery:build: 
@isl-lang/isl-discovery:build: [34mCLI[39m Building entry: src/index.ts
@isl-lang/isl-discovery:build: [34mCLI[39m Using tsconfig: tsconfig.json
@isl-lang/isl-discovery:build: [34mCLI[39m tsup v8.5.1
@isl-lang/isl-discovery:build: [34mCLI[39m Using tsup config: C:\Users\mevla\OneDrive\Desktop\projects\IntentOS\packages\isl-discovery\tsup.config.ts
@isl-lang/isl-discovery:build: [34mCLI[39m Target: es2022
@isl-lang/isl-discovery:build: [34mCLI[39m Cleaning output folder
@isl-lang/isl-discovery:build: [34mESM[39m Build start
@isl-lang/isl-discovery:build: [32mESM[39m [1mdist\index.js     [22m[32m19.99 KB[39m
@isl-lang/isl-discovery:build: [32mESM[39m [1mdist\index.js.map [22m[32m49.26 KB[39m
@isl-lang/isl-discovery:build: [32mESM[39m ΓÜí∩╕Å Build success in 298ms
@isl-lang/isl-core:build: cache hit, replaying logs dbfd098ffb237d2a
@isl-lang/isl-core:build: 
@isl-lang/isl-core:build: > @isl-lang/isl-core@0.1.0 build C:\Users\mevla\OneDrive\Desktop\projects\IntentOS\packages\isl-core
@isl-lang/isl-core:build: > tsup && tsc -p tsconfig.build.json
@isl-lang/isl-core:build: 
@isl-lang/isl-core:build: [34mCLI[39m Building entry: src/index.ts, src/ast/index.ts, src/check/index.ts, src/fmt/index.ts, src/imports/index.ts, src/lint/index.ts, src/lexer/index.ts, src/testgen/index.ts, src/isl-agent/verification/index.ts
@isl-lang/isl-core:build: [34mCLI[39m Using tsconfig: tsconfig.json
@isl-lang/isl-core:build: [34mCLI[39m tsup v8.5.1
@isl-lang/isl-core:build: [34mCLI[39m Using tsup config: C:\Users\mevla\OneDrive\Desktop\projects\IntentOS\packages\isl-core\tsup.config.ts
@isl-lang/isl-core:build: [34mCLI[39m Target: node18
@isl-lang/isl-core:build: [34mCLI[39m Cleaning output folder
@isl-lang/isl-core:build: [34mESM[39m Build start
@isl-lang/isl-core:build: [32mESM[39m [1mdist\lint\index.js                       [22m[32m6.81 KB[39m
@isl-lang/isl-core:build: [32mESM[39m [1mdist\ast\index.js                        [22m[32m13.76 KB[39m
@isl-lang/isl-core:build: [32mESM[39m [1mdist\index.js                            [22m[32m127.86 KB[39m
@isl-lang/isl-core:build: [32mESM[39m [1mdist\check\index.js                      [22m[32m6.11 KB[39m
@isl-lang/isl-core:build: [32mESM[39m [1mdist\lexer\index.js                      [22m[32m13.29 KB[39m
@isl-lang/isl-core:build: [32mESM[39m [1mdist\imports\index.js                    [22m[32m3.24 KB[39m
@isl-lang/isl-core:build: [32mESM[39m [1mdist\testgen\index.js                    [22m[32m9.73 KB[39m
@isl-lang/isl-core:build: [32mESM[39m [1mdist\fmt\index.js                        [22m[32m14.20 KB[39m
@isl-lang/isl-core:build: [32mESM[39m [1mdist\isl-agent\verification\index.js     [22m[32m15.18 KB[39m
@isl-lang/isl-core:build: [32mESM[39m [1mdist\lint\index.js.map                   [22m[32m17.52 KB[39m
@isl-lang/isl-core:build: [32mESM[39m [1mdist\ast\index.js.map                    [22m[32m41.71 KB[39m
@isl-lang/isl-core:build: [32mESM[39m [1mdist\check\index.js.map                  [22m[32m16.92 KB[39m
@isl-lang/isl-core:build: [32mESM[39m [1mdist\imports\index.js.map                [22m[32m10.26 KB[39m
@isl-lang/isl-core:build: [32mESM[39m [1mdist\fmt\index.js.map                    [22m[32m37.26 KB[39m
@isl-lang/isl-core:build: [32mESM[39m [1mdist\lexer\index.js.map                  [22m[32m29.50 KB[39m
@isl-lang/isl-core:build: [32mESM[39m [1mdist\index.js.map                        [22m[32m353.84 KB[39m
@isl-lang/isl-core:build: [32mESM[39m [1mdist\testgen\index.js.map                [22m[32m25.69 KB[39m
@isl-lang/isl-core:build: [32mESM[39m [1mdist\isl-agent\verification\index.js.map [22m[32m40.00 KB[39m
@isl-lang/isl-core:build: [32mESM[39m ΓÜí∩╕Å Build success in 1184ms
@isl-lang/repl:build: cache hit, replaying logs 47d36b6e98beec2f
@isl-lang/repl:build: 
@isl-lang/repl:build: > @isl-lang/repl@0.1.0 build C:\Users\mevla\OneDrive\Desktop\projects\IntentOS\packages\repl
@isl-lang/repl:build: > tsup
@isl-lang/repl:build: 
@isl-lang/repl:build: [34mCLI[39m Building entry: src/index.ts
@isl-lang/repl:build: [34mCLI[39m Using tsconfig: tsconfig.json
@isl-lang/repl:build: [34mCLI[39m tsup v8.5.1
@isl-lang/repl:build: [34mCLI[39m Using tsup config: C:\Users\mevla\OneDrive\Desktop\projects\IntentOS\packages\repl\tsup.config.ts
@isl-lang/repl:build: [34mCLI[39m Building entry: src/cli.ts
@isl-lang/repl:build: [34mCLI[39m Using tsconfig: tsconfig.json
@isl-lang/repl:build: [34mCLI[39m tsup v8.5.1
@isl-lang/repl:build: [34mCLI[39m Using tsup config: C:\Users\mevla\OneDrive\Desktop\projects\IntentOS\packages\repl\tsup.config.ts
@isl-lang/repl:build: [34mCLI[39m Target: es2022
@isl-lang/repl:build: [34mCLI[39m Target: es2022
@isl-lang/repl:build: [34mESM[39m Build start
@isl-lang/repl:build: [34mCLI[39m Cleaning output folder
@isl-lang/repl:build: [34mESM[39m Build start
@isl-lang/repl:build: [34mCJS[39m Build start
@isl-lang/repl:build: [32mESM[39m [1mdist\cli.js     [22m[32m69.14 KB[39m
@isl-lang/repl:build: [32mESM[39m [1mdist\cli.js.map [22m[32m145.52 KB[39m
@isl-lang/repl:build: [32mESM[39m ΓÜí∩╕Å Build success in 290ms
@isl-lang/repl:build: [32mESM[39m [1mdist\index.js     [22m[32m72.95 KB[39m
@isl-lang/repl:build: [32mESM[39m [1mdist\index.js.map [22m[32m175.95 KB[39m
@isl-lang/repl:build: [32mESM[39m ΓÜí∩╕Å Build success in 655ms
@isl-lang/repl:build: [34mDTS[39m Build start
@isl-lang/repl:build: [32mCJS[39m [1mdist\index.cjs     [22m[32m74.61 KB[39m
@isl-lang/repl:build: [32mCJS[39m [1mdist\index.cjs.map [22m[32m176.02 KB[39m
@isl-lang/repl:build: [32mCJS[39m ΓÜí∩╕Å Build success in 968ms
@isl-lang/repl:build: [32mDTS[39m ΓÜí∩╕Å Build success in 5187ms
@isl-lang/repl:build: [32mDTS[39m [1mdist\index.d.ts  [22m[32m13.18 KB[39m
@isl-lang/repl:build: [32mDTS[39m [1mdist\index.d.cts [22m[32m13.18 KB[39m
@isl-lang/verifier-runtime:build: cache hit, replaying logs 3e81d6074327019c
@isl-lang/verifier-runtime:build: 
@isl-lang/verifier-runtime:build: > @isl-lang/verifier-runtime@0.1.0 build C:\Users\mevla\OneDrive\Desktop\projects\IntentOS\packages\verifier-runtime
@isl-lang/verifier-runtime:build: > tsc
@isl-lang/verifier-runtime:build: 
@isl-lang/verifier:build: cache hit, replaying logs 2cf4e08cf8d8c4fe
@isl-lang/verifier:build: 
@isl-lang/verifier:build: > @isl-lang/verifier@0.1.0 build C:\Users\mevla\OneDrive\Desktop\projects\IntentOS\packages\verifier
@isl-lang/verifier:build: > tsc
@isl-lang/verifier:build: 
@isl-lang/codegen-tests:build: cache hit, replaying logs 10e0bc74b2030f7a
@isl-lang/codegen-tests:build: 
@isl-lang/codegen-tests:build: > @isl-lang/codegen-tests@0.1.0 build C:\Users\mevla\OneDrive\Desktop\projects\IntentOS\packages\codegen-tests
@isl-lang/codegen-tests:build: > tsc
@isl-lang/codegen-tests:build: 
@isl-lang/mock-detector:build: cache hit, replaying logs 5907a8c5225dd076
@isl-lang/mock-detector:build: 
@isl-lang/mock-detector:build: > @isl-lang/mock-detector@0.1.0 build C:\Users\mevla\OneDrive\Desktop\projects\IntentOS\packages\mock-detector
@isl-lang/mock-detector:build: > tsup src/index.ts --format esm --dts --clean
@isl-lang/mock-detector:build: 
@isl-lang/mock-detector:build: [34mCLI[39m Building entry: src/index.ts
@isl-lang/mock-detector:build: [34mCLI[39m Using tsconfig: tsconfig.json
@isl-lang/mock-detector:build: [34mCLI[39m tsup v8.5.1
@isl-lang/mock-detector:build: [34mCLI[39m Using tsup config: C:\Users\mevla\OneDrive\Desktop\projects\IntentOS\packages\mock-detector\tsup.config.ts
@isl-lang/mock-detector:build: [34mCLI[39m Target: es2022
@isl-lang/mock-detector:build: [34mCLI[39m Cleaning output folder
@isl-lang/mock-detector:build: [34mESM[39m Build start
@isl-lang/mock-detector:build: [32mESM[39m [1mdist\index.js [22m[32m17.11 KB[39m
@isl-lang/mock-detector:build: [32mESM[39m ΓÜí∩╕Å Build success in 429ms
@isl-lang/mock-detector:build: [34mDTS[39m Build start
@isl-lang/mock-detector:build: [32mDTS[39m ΓÜí∩╕Å Build success in 7680ms
@isl-lang/mock-detector:build: [32mDTS[39m [1mdist\index.d.ts [22m[32m7.86 KB[39m
@isl-lang/codegen-harness:build: cache hit, replaying logs 81ff9826c91aa751
@isl-lang/codegen-harness:build: 
@isl-lang/codegen-harness:build: > @isl-lang/codegen-harness@0.1.0 build C:\Users\mevla\OneDrive\Desktop\projects\IntentOS\packages\codegen-harness
@isl-lang/codegen-harness:build: > tsc
@isl-lang/codegen-harness:build: 
@isl-lang/codegen-openapi:build: cache hit, replaying logs 2fb901c446310e04
@isl-lang/codegen-openapi:build: 
@isl-lang/codegen-openapi:build: > @isl-lang/codegen-openapi@0.1.0 build C:\Users\mevla\OneDrive\Desktop\projects\IntentOS\packages\codegen-openapi
@isl-lang/codegen-openapi:build: > tsup
@isl-lang/codegen-openapi:build: 
@isl-lang/codegen-openapi:build: [34mCLI[39m Building entry: src/index.ts
@isl-lang/codegen-openapi:build: [34mCLI[39m Using tsconfig: tsconfig.json
@isl-lang/codegen-openapi:build: [34mCLI[39m tsup v8.5.1
@isl-lang/codegen-openapi:build: [34mCLI[39m Using tsup config: C:\Users\mevla\OneDrive\Desktop\projects\IntentOS\packages\codegen-openapi\tsup.config.ts
@isl-lang/codegen-openapi:build: [34mCLI[39m Target: es2022
@isl-lang/codegen-openapi:build: [34mCLI[39m Cleaning output folder
@isl-lang/codegen-openapi:build: [34mESM[39m Build start
@isl-lang/codegen-openapi:build: [34mCJS[39m Build start
@isl-lang/codegen-openapi:build: [32mCJS[39m [1mdist\index.cjs     [22m[32m23.03 KB[39m
@isl-lang/codegen-openapi:build: [32mCJS[39m [1mdist\index.cjs.map [22m[32m57.43 KB[39m
@isl-lang/codegen-openapi:build: [32mCJS[39m ΓÜí∩╕Å Build success in 1180ms
@isl-lang/codegen-openapi:build: [34mDTS[39m Build start
@isl-lang/codegen-openapi:build: [32mDTS[39m ΓÜí∩╕Å Build success in 5521ms
@isl-lang/codegen-openapi:build: [32mDTS[39m [1mdist\index.d.ts  [22m[32m8.18 KB[39m
@isl-lang/codegen-openapi:build: [32mDTS[39m [1mdist\index.d.cts [22m[32m8.18 KB[39m
@isl-lang/codegen-openapi:build: [32mESM[39m [1mdist\index.js     [22m[32m22.51 KB[39m
@isl-lang/codegen-openapi:build: [32mESM[39m [1mdist\index.js.map [22m[32m57.40 KB[39m
@isl-lang/codegen-openapi:build: [32mESM[39m ΓÜí∩╕Å Build success in 8539ms
@isl-lang/codegen-graphql:build: cache hit, replaying logs d24bad695a65b8f1
@isl-lang/codegen-graphql:build: 
@isl-lang/codegen-graphql:build: > @isl-lang/codegen-graphql@0.1.0 build C:\Users\mevla\OneDrive\Desktop\projects\IntentOS\packages\codegen-graphql
@isl-lang/codegen-graphql:build: > tsup
@isl-lang/codegen-graphql:build: 
@isl-lang/codegen-graphql:build: [34mCLI[39m Building entry: src/index.ts
@isl-lang/codegen-graphql:build: [34mCLI[39m Using tsconfig: tsconfig.json
@isl-lang/codegen-graphql:build: [34mCLI[39m tsup v8.5.1
@isl-lang/codegen-graphql:build: [34mCLI[39m Using tsup config: C:\Users\mevla\OneDrive\Desktop\projects\IntentOS\packages\codegen-graphql\tsup.config.ts
@isl-lang/codegen-graphql:build: [34mCLI[39m Target: es2022
@isl-lang/codegen-graphql:build: [34mCLI[39m Cleaning output folder
@isl-lang/codegen-graphql:build: [34mESM[39m Build start
@isl-lang/codegen-graphql:build: [34mCJS[39m Build start
@isl-lang/codegen-graphql:build: [34mDTS[39m Build start
@isl-lang/codegen-graphql:build: [32mCJS[39m [1mdist\index.cjs     [22m[32m91.52 KB[39m
@isl-lang/codegen-graphql:build: [32mCJS[39m [1mdist\index.cjs.map [22m[32m216.75 KB[39m
@isl-lang/codegen-graphql:build: [32mCJS[39m ΓÜí∩╕Å Build success in 4459ms
@isl-lang/codegen-graphql:build: [32mESM[39m [1mdist\index.js     [22m[32m91.12 KB[39m
@isl-lang/codegen-graphql:build: [32mESM[39m [1mdist\index.js.map [22m[32m216.75 KB[39m
@isl-lang/codegen-graphql:build: [32mESM[39m ΓÜí∩╕Å Build success in 5594ms
@isl-lang/codegen-graphql:build: [32mDTS[39m ΓÜí∩╕Å Build success in 5563ms
@isl-lang/codegen-graphql:build: [32mDTS[39m [1mdist\index.d.ts  [22m[32m8.52 KB[39m
@isl-lang/codegen-graphql:build: [32mDTS[39m [1mdist\index.d.cts [22m[32m8.52 KB[39m
@isl-lang/evidence-html:build: cache hit, replaying logs 819c1aadef217e03
@isl-lang/evidence-html:build: 
@isl-lang/evidence-html:build: > @isl-lang/evidence-html@1.0.0 build C:\Users\mevla\OneDrive\Desktop\projects\IntentOS\packages\evidence-html
@isl-lang/evidence-html:build: > tsc
@isl-lang/evidence-html:build: 
@isl-lang/interpreter:build: cache hit, replaying logs 2de4e0d190fbb61b
@isl-lang/interpreter:build: 
@isl-lang/interpreter:build: > @isl-lang/interpreter@1.0.0 build C:\Users\mevla\OneDrive\Desktop\projects\IntentOS\packages\interpreter
@isl-lang/interpreter:build: > tsup
@isl-lang/interpreter:build: 
@isl-lang/interpreter:build: [34mCLI[39m Building entry: src/index.ts
@isl-lang/interpreter:build: [34mCLI[39m Using tsconfig: tsconfig.json
@isl-lang/interpreter:build: [34mCLI[39m tsup v8.5.1
@isl-lang/interpreter:build: [34mCLI[39m Using tsup config: C:\Users\mevla\OneDrive\Desktop\projects\IntentOS\packages\interpreter\tsup.config.ts
@isl-lang/interpreter:build: [34mCLI[39m Target: es2022
@isl-lang/interpreter:build: [34mCLI[39m Cleaning output folder
@isl-lang/interpreter:build: [34mESM[39m Build start
@isl-lang/interpreter:build: [34mCJS[39m Build start
@isl-lang/interpreter:build: [32mESM[39m [1mdist\index.js     [22m[32m81.20 KB[39m
@isl-lang/interpreter:build: [32mESM[39m [1mdist\index.js.map [22m[32m209.06 KB[39m
@isl-lang/interpreter:build: [32mESM[39m ΓÜí∩╕Å Build success in 1346ms
@isl-lang/interpreter:build: [34mDTS[39m Build start
@isl-lang/interpreter:build: [32mCJS[39m [1mdist\index.cjs     [22m[32m82.75 KB[39m
@isl-lang/interpreter:build: [32mCJS[39m [1mdist\index.cjs.map [22m[32m209.12 KB[39m
@isl-lang/interpreter:build: [32mCJS[39m ΓÜí∩╕Å Build success in 2956ms
@isl-lang/interpreter:build: "ScenarioBlock" is imported from external module "@isl-lang/parser" but never used in "src/types.ts".
@isl-lang/interpreter:build: "Expression", "ExecutionContext", "Domain" and "BehaviorDefinition" are imported from external module "@isl-lang/runtime-interpreter" but never used in "src/types.ts".
@isl-lang/interpreter:build: [32mDTS[39m ΓÜí∩╕Å Build success in 4783ms
@isl-lang/interpreter:build: [32mDTS[39m [1mdist\index.d.ts  [22m[32m18.55 KB[39m
@isl-lang/interpreter:build: [32mDTS[39m [1mdist\index.d.cts [22m[32m18.55 KB[39m
@isl-lang/codegen-go:build: cache hit, replaying logs afd67b4881217be5
@isl-lang/codegen-go:build: 
@isl-lang/codegen-go:build: > @isl-lang/codegen-go@0.1.0 build C:\Users\mevla\OneDrive\Desktop\projects\IntentOS\packages\codegen-go
@isl-lang/codegen-go:build: > tsc
@isl-lang/codegen-go:build: 
@isl-lang/codegen-python:build: cache hit, replaying logs 0894ea65da843fae
@isl-lang/codegen-python:build: 
@isl-lang/codegen-python:build: > @isl-lang/codegen-python@0.1.0 build C:\Users\mevla\OneDrive\Desktop\projects\IntentOS\packages\codegen-python
@isl-lang/codegen-python:build: > tsup
@isl-lang/codegen-python:build: 
@isl-lang/codegen-python:build: [34mCLI[39m Building entry: src/index.ts
@isl-lang/codegen-python:build: [34mCLI[39m Using tsconfig: tsconfig.json
@isl-lang/codegen-python:build: [34mCLI[39m tsup v8.5.1
@isl-lang/codegen-python:build: [34mCLI[39m Using tsup config: C:\Users\mevla\OneDrive\Desktop\projects\IntentOS\packages\codegen-python\tsup.config.ts
@isl-lang/codegen-python:build: [34mCLI[39m Target: es2022
@isl-lang/codegen-python:build: [34mCLI[39m Cleaning output folder
@isl-lang/codegen-python:build: [34mESM[39m Build start
@isl-lang/codegen-python:build: [34mCJS[39m Build start
@isl-lang/codegen-python:build: [32mESM[39m [1mdist\index.js     [22m[32m13.16 KB[39m
@isl-lang/codegen-python:build: [32mESM[39m [1mdist\index.js.map [22m[32m34.29 KB[39m
@isl-lang/codegen-python:build: [32mESM[39m ΓÜí∩╕Å Build success in 580ms
@isl-lang/codegen-python:build: [32mCJS[39m [1mdist\index.cjs     [22m[32m13.21 KB[39m
@isl-lang/codegen-python:build: [32mCJS[39m [1mdist\index.cjs.map [22m[32m34.29 KB[39m
@isl-lang/codegen-python:build: [32mCJS[39m ΓÜí∩╕Å Build success in 697ms
@isl-lang/codegen-python:build: [34mDTS[39m Build start
@isl-lang/codegen-python:build: [32mDTS[39m ΓÜí∩╕Å Build success in 5050ms
@isl-lang/codegen-python:build: [32mDTS[39m [1mdist\index.d.ts  [22m[32m2.28 KB[39m
@isl-lang/codegen-python:build: [32mDTS[39m [1mdist\index.d.cts [22m[32m2.28 KB[39m
@isl-lang/spec-federation:build: cache hit, replaying logs 33e23b82108b17c4
@isl-lang/spec-federation:build: 
@isl-lang/spec-federation:build: > @isl-lang/spec-federation@0.1.0 build C:\Users\mevla\OneDrive\Desktop\projects\IntentOS\packages\spec-federation
@isl-lang/spec-federation:build: > tsc
@isl-lang/spec-federation:build: 
@isl-lang/error-catalog:build: cache hit, replaying logs e975a35f97e4e10a
@isl-lang/error-catalog:build: 
@isl-lang/error-catalog:build: > @isl-lang/error-catalog@1.0.0 build C:\Users\mevla\OneDrive\Desktop\projects\IntentOS\packages\error-catalog
@isl-lang/error-catalog:build: > tsc
@isl-lang/error-catalog:build: 
@isl-lang/lsp-core:build: cache hit, replaying logs b7b8640c99803ee6
@isl-lang/lsp-core:build: 
@isl-lang/lsp-core:build: > @isl-lang/lsp-core@0.1.0 build C:\Users\mevla\OneDrive\Desktop\projects\IntentOS\packages\lsp-core
@isl-lang/lsp-core:build: > tsup && tsc -p tsconfig.build.json
@isl-lang/lsp-core:build: 
@isl-lang/lsp-core:build: [34mCLI[39m Building entry: src/index.ts
@isl-lang/lsp-core:build: [34mCLI[39m Using tsconfig: tsconfig.json
@isl-lang/lsp-core:build: [34mCLI[39m tsup v8.5.1
@isl-lang/lsp-core:build: [34mCLI[39m Using tsup config: C:\Users\mevla\OneDrive\Desktop\projects\IntentOS\packages\lsp-core\tsup.config.ts
@isl-lang/lsp-core:build: [34mCLI[39m Target: es2022
@isl-lang/lsp-core:build: [34mCLI[39m Cleaning output folder
@isl-lang/lsp-core:build: [34mESM[39m Build start
@isl-lang/lsp-core:build: [34mCJS[39m Build start
@isl-lang/lsp-core:build: [32mESM[39m [1mdist\index.js     [22m[32m23.09 KB[39m
@isl-lang/lsp-core:build: [32mESM[39m [1mdist\index.js.map [22m[32m62.16 KB[39m
@isl-lang/lsp-core:build: [32mESM[39m ΓÜí∩╕Å Build success in 304ms
@isl-lang/lsp-core:build: [32mCJS[39m [1mdist\index.cjs     [22m[32m23.21 KB[39m
@isl-lang/lsp-core:build: [32mCJS[39m [1mdist\index.cjs.map [22m[32m62.19 KB[39m
@isl-lang/lsp-core:build: [32mCJS[39m ΓÜí∩╕Å Build success in 305ms
@isl-lang/codegen-python-advanced:build: cache hit, replaying logs 59a557dd7b24cda4
@isl-lang/codegen-python-advanced:build: 
@isl-lang/codegen-python-advanced:build: > @isl-lang/codegen-python-advanced@0.1.0 build C:\Users\mevla\OneDrive\Desktop\projects\IntentOS\packages\codegen-python-advanced
@isl-lang/codegen-python-advanced:build: > tsc
@isl-lang/codegen-python-advanced:build: 
@isl-lang/evaluator:build: cache hit, replaying logs 9634756e3f31cef3
@isl-lang/evaluator:build: 
@isl-lang/evaluator:build: > @isl-lang/evaluator@0.1.0 build C:\Users\mevla\OneDrive\Desktop\projects\IntentOS\packages\evaluator
@isl-lang/evaluator:build: > tsup
@isl-lang/evaluator:build: 
@isl-lang/evaluator:build: [34mCLI[39m Building entry: src/environment.ts, src/evaluator.ts, src/index.ts
@isl-lang/evaluator:build: [34mCLI[39m Using tsconfig: tsconfig.json
@isl-lang/evaluator:build: [34mCLI[39m tsup v8.5.1
@isl-lang/evaluator:build: [34mCLI[39m Using tsup config: C:\Users\mevla\OneDrive\Desktop\projects\IntentOS\packages\evaluator\tsup.config.ts
@isl-lang/evaluator:build: [34mCLI[39m Target: es2022
@isl-lang/evaluator:build: [34mCLI[39m Cleaning output folder
@isl-lang/evaluator:build: [34mESM[39m Build start
@isl-lang/evaluator:build: [34mCJS[39m Build start
@isl-lang/evaluator:build: [32mCJS[39m [1mdist\environment.cjs     [22m[32m9.06 KB[39m
@isl-lang/evaluator:build: [32mCJS[39m [1mdist\index.cjs           [22m[32m65.96 KB[39m
@isl-lang/evaluator:build: [32mCJS[39m [1mdist\evaluator.cjs       [22m[32m51.01 KB[39m
@isl-lang/evaluator:build: [32mCJS[39m [1mdist\environment.cjs.map [22m[32m21.92 KB[39m
@isl-lang/evaluator:build: [32mCJS[39m [1mdist\index.cjs.map       [22m[32m172.73 KB[39m
@isl-lang/evaluator:build: [32mCJS[39m [1mdist\evaluator.cjs.map   [22m[32m143.49 KB[39m
@isl-lang/evaluator:build: [32mCJS[39m ΓÜí∩╕Å Build success in 516ms
@isl-lang/evaluator:build: [32mESM[39m [1mdist\environment.js     [22m[32m8.90 KB[39m
@isl-lang/evaluator:build: [32mESM[39m [1mdist\evaluator.js       [22m[32m50.94 KB[39m
@isl-lang/evaluator:build: [32mESM[39m [1mdist\index.js           [22m[32m65.35 KB[39m
@isl-lang/evaluator:build: [32mESM[39m [1mdist\environment.js.map [22m[32m21.91 KB[39m
@isl-lang/evaluator:build: [32mESM[39m [1mdist\evaluator.js.map   [22m[32m143.48 KB[39m
@isl-lang/evaluator:build: [32mESM[39m [1mdist\index.js.map       [22m[32m172.73 KB[39m
@isl-lang/evaluator:build: [32mESM[39m ΓÜí∩╕Å Build success in 517ms
@isl-lang/evaluator:build: [34mDTS[39m Build start
@isl-lang/evaluator:build: [32mDTS[39m ΓÜí∩╕Å Build success in 4738ms
@isl-lang/evaluator:build: [32mDTS[39m [1mdist\index.d.ts           [22m[32m3.83 KB[39m
@isl-lang/evaluator:build: [32mDTS[39m [1mdist\environment.d.ts     [22m[32m3.67 KB[39m
@isl-lang/evaluator:build: [32mDTS[39m [1mdist\evaluator.d.ts       [22m[32m1.94 KB[39m
@isl-lang/evaluator:build: [32mDTS[39m [1mdist\types-BP9x1AUL.d.ts  [22m[32m10.34 KB[39m
@isl-lang/evaluator:build: [32mDTS[39m [1mdist\index.d.cts          [22m[32m3.83 KB[39m
@isl-lang/evaluator:build: [32mDTS[39m [1mdist\environment.d.cts    [22m[32m3.67 KB[39m
@isl-lang/evaluator:build: [32mDTS[39m [1mdist\evaluator.d.cts      [22m[32m1.94 KB[39m
@isl-lang/evaluator:build: [32mDTS[39m [1mdist\types-BP9x1AUL.d.cts [22m[32m10.34 KB[39m
@isl-lang/docs-advanced:build: cache hit, replaying logs c23930f7208643fc
@isl-lang/docs-advanced:build: 
@isl-lang/docs-advanced:build: > @isl-lang/docs-advanced@0.1.0 build C:\Users\mevla\OneDrive\Desktop\projects\IntentOS\packages\docs-advanced
@isl-lang/docs-advanced:build: > tsc
@isl-lang/docs-advanced:build: 
@isl-lang/isl-coverage:build: cache hit, replaying logs 0e63dad049070908
@isl-lang/isl-coverage:build: 
@isl-lang/isl-coverage:build: > @isl-lang/isl-coverage@1.0.0 build C:\Users\mevla\OneDrive\Desktop\projects\IntentOS\packages\isl-coverage
@isl-lang/isl-coverage:build: > tsup && tsc -p tsconfig.build.json
@isl-lang/isl-coverage:build: 
@isl-lang/isl-coverage:build: [34mCLI[39m Building entry: src/index.ts
@isl-lang/isl-coverage:build: [34mCLI[39m Using tsconfig: tsconfig.json
@isl-lang/isl-coverage:build: [34mCLI[39m tsup v8.5.1
@isl-lang/isl-coverage:build: [34mCLI[39m Using tsup config: C:\Users\mevla\OneDrive\Desktop\projects\IntentOS\packages\isl-coverage\tsup.config.ts
@isl-lang/isl-coverage:build: [34mCLI[39m Target: es2022
@isl-lang/isl-coverage:build: [34mCLI[39m Cleaning output folder
@isl-lang/isl-coverage:build: [34mESM[39m Build start
@isl-lang/isl-coverage:build: [32mESM[39m [1mdist\index.js     [22m[32m9.14 KB[39m
@isl-lang/isl-coverage:build: [32mESM[39m [1mdist\index.js.map [22m[32m19.08 KB[39m
@isl-lang/isl-coverage:build: [32mESM[39m ΓÜí∩╕Å Build success in 325ms
@isl-lang/graphql-codegen:build: cache hit, replaying logs 4ba7d66e44fc2153
@isl-lang/graphql-codegen:build: 
@isl-lang/graphql-codegen:build: > @isl-lang/graphql-codegen@0.1.0 build C:\Users\mevla\OneDrive\Desktop\projects\IntentOS\packages\graphql-codegen
@isl-lang/graphql-codegen:build: > tsc
@isl-lang/graphql-codegen:build: 
@isl-lang/distributed:build: cache hit, replaying logs db8d0136b184ef79
@isl-lang/distributed:build: 
@isl-lang/distributed:build: > @isl-lang/distributed@1.0.0 build C:\Users\mevla\OneDrive\Desktop\projects\IntentOS\packages\distributed
@isl-lang/distributed:build: > tsup
@isl-lang/distributed:build: 
@isl-lang/distributed:build: [34mCLI[39m Building entry: src/index.ts
@isl-lang/distributed:build: [34mCLI[39m Using tsconfig: tsconfig.json
@isl-lang/distributed:build: [34mCLI[39m tsup v8.5.1
@isl-lang/distributed:build: [34mCLI[39m Using tsup config: C:\Users\mevla\OneDrive\Desktop\projects\IntentOS\packages\distributed\tsup.config.ts
@isl-lang/distributed:build: [34mCLI[39m Target: es2022
@isl-lang/distributed:build: [34mCLI[39m Cleaning output folder
@isl-lang/distributed:build: [34mESM[39m Build start
@isl-lang/distributed:build: [34mCJS[39m Build start
@isl-lang/distributed:build: [32mCJS[39m [1mdist\index.cjs     [22m[32m59.70 KB[39m
@isl-lang/distributed:build: [32mCJS[39m [1mdist\index.cjs.map [22m[32m145.66 KB[39m
@isl-lang/distributed:build: [32mCJS[39m ΓÜí∩╕Å Build success in 1603ms
@isl-lang/distributed:build: [32mESM[39m [1mdist\index.js     [22m[32m58.29 KB[39m
@isl-lang/distributed:build: [32mESM[39m [1mdist\index.js.map [22m[32m145.65 KB[39m
@isl-lang/distributed:build: [32mESM[39m ΓÜí∩╕Å Build success in 1604ms
@isl-lang/distributed:build: [34mDTS[39m Build start
@isl-lang/distributed:build: [32mDTS[39m ΓÜí∩╕Å Build success in 6995ms
@isl-lang/distributed:build: [32mDTS[39m [1mdist\index.d.ts  [22m[32m31.86 KB[39m
@isl-lang/distributed:build: [32mDTS[39m [1mdist\index.d.cts [22m[32m31.86 KB[39m
@isl-lang/env-reality-checker:build: cache hit, replaying logs ecca752f1a2306f2
@isl-lang/env-reality-checker:build: 
@isl-lang/env-reality-checker:build: > @isl-lang/env-reality-checker@1.0.0 build C:\Users\mevla\OneDrive\Desktop\projects\IntentOS\packages\env-reality-checker
@isl-lang/env-reality-checker:build: > tsup src/index.ts --format esm --no-dts --clean && tsc -p tsconfig.build.json
@isl-lang/env-reality-checker:build: 
@isl-lang/env-reality-checker:build: [34mCLI[39m Building entry: src/index.ts
@isl-lang/env-reality-checker:build: [34mCLI[39m Using tsconfig: tsconfig.json
@isl-lang/env-reality-checker:build: [34mCLI[39m tsup v8.5.1
@isl-lang/env-reality-checker:build: [34mCLI[39m Target: es2022
@isl-lang/env-reality-checker:build: [34mCLI[39m Cleaning output folder
@isl-lang/codegen-csharp:build: cache hit, replaying logs 15ed287c6d12a6fb
@isl-lang/env-reality-checker:build: [34mESM[39m Build start
@isl-lang/env-reality-checker:build: [32mESM[39m [1mdist\index.js [22m[32m21.51 KB[39m
@isl-lang/env-reality-checker:build: [32mESM[39m ΓÜí∩╕Å Build success in 401ms
@isl-lang/codegen-csharp:build: 
@isl-lang/codegen-csharp:build: > @isl-lang/codegen-csharp@0.1.0 build C:\Users\mevla\OneDrive\Desktop\projects\IntentOS\packages\codegen-csharp
@isl-lang/codegen-csharp:build: > tsc
@isl-lang/codegen-csharp:build: 
@isl-lang/truthpack-v2:build: cache hit, replaying logs 392916c3c3ae5cdf
@isl-lang/truthpack-v2:build: 
@isl-lang/truthpack-v2:build: > @isl-lang/truthpack-v2@2.0.0 build C:\Users\mevla\OneDrive\Desktop\projects\IntentOS\packages\truthpack-v2
@isl-lang/truthpack-v2:build: > tsup src/index.ts src/schema.ts src/builder.ts src/drift.ts --format esm --no-dts --clean && tsc -p tsconfig.build.json
@isl-lang/truthpack-v2:build: 
@isl-lang/truthpack-v2:build: [34mCLI[39m Building entry: src/builder.ts, src/drift.ts, src/index.ts, src/schema.ts
@isl-lang/truthpack-v2:build: [34mCLI[39m Using tsconfig: tsconfig.json
@isl-lang/truthpack-v2:build: [34mCLI[39m tsup v8.5.1
@isl-lang/truthpack-v2:build: [34mCLI[39m Target: es2022
@isl-lang/truthpack-v2:build: [34mCLI[39m Cleaning output folder
@isl-lang/truthpack-v2:build: [34mESM[39m Build start
@isl-lang/truthpack-v2:build: [32mESM[39m [1mdist\drift.js          [22m[32m127.00 B[39m
@isl-lang/truthpack-v2:build: [32mESM[39m [1mdist\builder.js        [22m[32m125.00 B[39m
@isl-lang/truthpack-v2:build: [32mESM[39m [1mdist\chunk-54VAJ45Q.js [22m[32m32.17 KB[39m
@isl-lang/truthpack-v2:build: [32mESM[39m [1mdist\chunk-MYQXBIYA.js [22m[32m10.67 KB[39m
@isl-lang/truthpack-v2:build: [32mESM[39m [1mdist\index.js          [22m[32m1.03 KB[39m
@isl-lang/truthpack-v2:build: [32mESM[39m [1mdist\schema.js         [22m[32m145.00 B[39m
@isl-lang/truthpack-v2:build: [32mESM[39m [1mdist\chunk-PPBZDI2C.js [22m[32m1.19 KB[39m
@isl-lang/truthpack-v2:build: [32mESM[39m ΓÜí∩╕Å Build success in 307ms
@isl-lang/stdlib-saas:build: cache hit, replaying logs cb48ca2a10bd0862
@isl-lang/stdlib-saas:build: 
@isl-lang/stdlib-saas:build: > @isl-lang/stdlib-saas@1.0.0 build C:\Users\mevla\OneDrive\Desktop\projects\IntentOS\packages\stdlib-saas
@isl-lang/stdlib-saas:build: > tsc
@isl-lang/stdlib-saas:build: 
@isl-lang/spec-reviewer:build: cache hit, replaying logs 02614861376a37ef
@isl-lang/spec-reviewer:build: 
@isl-lang/spec-reviewer:build: > @isl-lang/spec-reviewer@0.1.0 build C:\Users\mevla\OneDrive\Desktop\projects\IntentOS\packages\spec-reviewer
@isl-lang/spec-reviewer:build: > tsup src/index.ts --format esm --dts --clean
@isl-lang/spec-reviewer:build: 
@isl-lang/spec-reviewer:build: [34mCLI[39m Building entry: src/index.ts
@isl-lang/spec-reviewer:build: [34mCLI[39m Using tsconfig: tsconfig.json
@isl-lang/spec-reviewer:build: [34mCLI[39m tsup v8.5.1
@isl-lang/spec-reviewer:build: [34mCLI[39m Target: es2022
@isl-lang/spec-reviewer:build: [34mCLI[39m Cleaning output folder
@isl-lang/spec-reviewer:build: [34mESM[39m Build start
@isl-lang/spec-reviewer:build: [34mDTS[39m Build start
@isl-lang/spec-reviewer:build: [32mESM[39m [1mdist\index.js [22m[32m118.38 KB[39m
@isl-lang/spec-reviewer:build: [32mESM[39m ΓÜí∩╕Å Build success in 5435ms
@isl-lang/spec-reviewer:build: [32mDTS[39m ΓÜí∩╕Å Build success in 8126ms
@isl-lang/spec-reviewer:build: [32mDTS[39m [1mdist\index.d.ts [22m[32m14.70 KB[39m
@isl-lang/multi-tenant:build: cache hit, replaying logs a315d28b34379330
@isl-lang/multi-tenant:build: 
@isl-lang/multi-tenant:build: > @isl-lang/multi-tenant@0.1.0 build C:\Users\mevla\OneDrive\Desktop\projects\IntentOS\packages\multi-tenant
@isl-lang/multi-tenant:build: > tsup src/index.ts --format esm --dts --clean
@isl-lang/multi-tenant:build: 
@isl-lang/multi-tenant:build: [34mCLI[39m Building entry: src/index.ts
@isl-lang/multi-tenant:build: [34mCLI[39m Using tsconfig: tsconfig.json
@isl-lang/multi-tenant:build: [34mCLI[39m tsup v8.5.1
@isl-lang/multi-tenant:build: [34mCLI[39m Target: es2022
@isl-lang/multi-tenant:build: [34mCLI[39m Cleaning output folder
@isl-lang/multi-tenant:build: [34mESM[39m Build start
@isl-lang/multi-tenant:build: [34mDTS[39m Build start
@isl-lang/multi-tenant:build: [32mESM[39m [1mdist\index.js [22m[32m55.16 KB[39m
@isl-lang/multi-tenant:build: [32mESM[39m ΓÜí∩╕Å Build success in 1401ms
@isl-lang/multi-tenant:build: [32mDTS[39m ΓÜí∩╕Å Build success in 8145ms
@isl-lang/multi-tenant:build: [32mDTS[39m [1mdist\index.d.ts [22m[32m28.53 KB[39m
@isl-lang/stdlib-email:build: cache hit, replaying logs 84bef9c96a648658
@isl-lang/stdlib-email:build: 
@isl-lang/stdlib-email:build: > @isl-lang/stdlib-email@0.1.0 build C:\Users\mevla\OneDrive\Desktop\projects\IntentOS\packages\stdlib-email
@isl-lang/stdlib-email:build: > tsc
@isl-lang/stdlib-email:build: 
@isl-lang/codegen-edge:build: cache hit, replaying logs daef36cc6953ba55
@isl-lang/migration-tools:build: cache hit, replaying logs a1e06723f7d9c748
@isl-lang/codegen-edge:build: 
@isl-lang/codegen-edge:build: > @isl-lang/codegen-edge@0.1.0 build C:\Users\mevla\OneDrive\Desktop\projects\IntentOS\packages\codegen-edge
@isl-lang/codegen-edge:build: > tsc
@isl-lang/codegen-edge:build: 
@isl-lang/migration-tools:build: 
@isl-lang/migration-tools:build: > @isl-lang/migration-tools@0.1.0 build C:\Users\mevla\OneDrive\Desktop\projects\IntentOS\packages\migration-tools
@isl-lang/migration-tools:build: > tsup src/index.ts src/cli.ts --format esm --dts --clean
@isl-lang/migration-tools:build: 
@isl-lang/migration-tools:build: [34mCLI[39m Building entry: src/cli.ts, src/index.ts
@isl-lang/migration-tools:build: [34mCLI[39m Using tsconfig: tsconfig.json
@isl-lang/migration-tools:build: [34mCLI[39m tsup v8.5.1
@isl-lang/migration-tools:build: [34mCLI[39m Target: es2022
@isl-lang/migration-tools:build: [34mCLI[39m Cleaning output folder
@isl-lang/migration-tools:build: [34mESM[39m Build start
@isl-lang/migration-tools:build: [32mESM[39m [1mdist\index.js          [22m[32m569.00 B[39m
@isl-lang/migration-tools:build: [32mESM[39m [1mdist\cli.js            [22m[32m3.75 KB[39m
@isl-lang/migration-tools:build: [32mESM[39m [1mdist\chunk-K6ZNLAOH.js [22m[32m48.48 KB[39m
@isl-lang/migration-tools:build: [32mESM[39m ΓÜí∩╕Å Build success in 386ms
@isl-lang/migration-tools:build: [34mDTS[39m Build start
@isl-lang/migration-tools:build: [32mDTS[39m ΓÜí∩╕Å Build success in 11558ms
@isl-lang/migration-tools:build: [32mDTS[39m [1mdist\cli.d.ts   [22m[32m20.00 B[39m
@isl-lang/migration-tools:build: [32mDTS[39m [1mdist\index.d.ts [22m[32m22.52 KB[39m
@isl-lang/stdlib-cache:build: cache hit, replaying logs 6902c2e5958b74e4
@isl-lang/stdlib-cache:build: 
@isl-lang/stdlib-cache:build: > @isl-lang/stdlib-cache@0.1.0 build C:\Users\mevla\OneDrive\Desktop\projects\IntentOS\packages\stdlib-cache
@isl-lang/stdlib-cache:build: > tsc
@isl-lang/stdlib-cache:build: 
@isl-lang/ui-generator:build: cache hit, replaying logs d8f4513b50d20258
@isl-lang/ui-generator:build: 
@isl-lang/ui-generator:build: > @isl-lang/ui-generator@0.1.0 build C:\Users\mevla\OneDrive\Desktop\projects\IntentOS\packages\ui-generator
@isl-lang/ui-generator:build: > tsup src/index.ts --format esm,cjs --clean && tsc -p tsconfig.build.json
@isl-lang/ui-generator:build: 
@isl-lang/ui-generator:build: [34mCLI[39m Building entry: src/index.ts
@isl-lang/ui-generator:build: [34mCLI[39m Using tsconfig: tsconfig.json
@isl-lang/ui-generator:build: [34mCLI[39m tsup v8.5.1
@isl-lang/ui-generator:build: [34mCLI[39m Target: es2022
@isl-lang/ui-generator:build: [34mCLI[39m Cleaning output folder
@isl-lang/ui-generator:build: [34mESM[39m Build start
@isl-lang/ui-generator:build: [34mCJS[39m Build start
@isl-lang/ui-generator:build: [32mCJS[39m [1mdist\index.cjs [22m[32m27.08 KB[39m
@isl-lang/ui-generator:build: [32mCJS[39m ΓÜí∩╕Å Build success in 3864ms
@isl-lang/ui-generator:build: [32mESM[39m [1mdist\index.js [22m[32m25.93 KB[39m
@isl-lang/ui-generator:build: [32mESM[39m ΓÜí∩╕Å Build success in 4052ms
@isl-lang/codegen-db:build: cache hit, replaying logs c400716895b60036
@isl-lang/codegen-db:build: 
@isl-lang/codegen-db:build: > @isl-lang/codegen-db@0.1.0 build C:\Users\mevla\OneDrive\Desktop\projects\IntentOS\packages\codegen-db
@isl-lang/codegen-db:build: > tsc
@isl-lang/codegen-db:build: 
@isl-lang/dependency-analyzer:build: cache hit, replaying logs 0ef1e412481dba40
@isl-lang/generator-sdk:build: cache hit, replaying logs 4db9a3f865f7cf75
@isl-lang/generator-sdk:build: 
@isl-lang/generator-sdk:build: > @isl-lang/generator-sdk@1.0.0 build C:\Users\mevla\OneDrive\Desktop\projects\IntentOS\packages\generator-sdk
@isl-lang/generator-sdk:build: > tsc
@isl-lang/generator-sdk:build: 
@isl-lang/isl-smt:build: cache hit, replaying logs 4f49e65836e3d807
@isl-lang/isl-smt:build: 
@isl-lang/isl-smt:build: > @isl-lang/isl-smt@0.1.0 build C:\Users\mevla\OneDrive\Desktop\projects\IntentOS\packages\isl-smt
@isl-lang/isl-smt:build: > tsup
@isl-lang/isl-smt:build: 
@isl-lang/isl-smt:build: [34mCLI[39m Building entry: src/index.ts
@isl-lang/isl-smt:build: [34mCLI[39m Using tsconfig: tsconfig.json
@isl-lang/isl-smt:build: [34mCLI[39m tsup v8.5.1
@isl-lang/isl-smt:build: [34mCLI[39m Using tsup config: C:\Users\mevla\OneDrive\Desktop\projects\IntentOS\packages\isl-smt\tsup.config.ts
@isl-lang/isl-smt:build: [34mCLI[39m Target: es2022
@isl-lang/isl-smt:build: [34mCLI[39m Cleaning output folder
@isl-lang/isl-smt:build: [34mESM[39m Build start
@isl-lang/isl-smt:build: [34mCJS[39m Build start
@isl-lang/isl-smt:build: [32mESM[39m [1mdist\index.js               [22m[32m60.60 KB[39m
@isl-lang/isl-smt:build: [32mESM[39m [1mdist\cache-HM5HP6QJ.js      [22m[32m191.00 B[39m
@isl-lang/isl-smt:build: [32mESM[39m [1mdist\chunk-LAE52ZU4.js      [22m[32m3.67 KB[39m
@isl-lang/isl-smt:build: [32mESM[39m [1mdist\solver-36OWC3IC.js     [22m[32m320.00 B[39m
@isl-lang/isl-smt:build: [32mESM[39m [1mdist\cache-HM5HP6QJ.js.map  [22m[32m71.00 B[39m
@isl-lang/isl-smt:build: [32mESM[39m [1mdist\index.js.map           [22m[32m150.34 KB[39m
@isl-lang/isl-smt:build: [32mESM[39m [1mdist\chunk-XKUKNNJP.js      [22m[32m52.36 KB[39m
@isl-lang/isl-smt:build: [32mESM[39m [1mdist\chunk-XKUKNNJP.js.map  [22m[32m120.30 KB[39m
@isl-lang/isl-smt:build: [32mESM[39m [1mdist\solver-36OWC3IC.js.map [22m[32m71.00 B[39m
@isl-lang/isl-smt:build: [32mESM[39m [1mdist\chunk-LAE52ZU4.js.map  [22m[32m8.73 KB[39m
@isl-lang/isl-smt:build: [32mESM[39m ΓÜí∩╕Å Build success in 1565ms
@isl-lang/dependency-analyzer:build: 
@isl-lang/dependency-analyzer:build: > @isl-lang/dependency-analyzer@0.1.0 build C:\Users\mevla\OneDrive\Desktop\projects\IntentOS\packages\dependency-analyzer
@isl-lang/dependency-analyzer:build: > tsup src/index.ts --format esm --dts --clean
@isl-lang/dependency-analyzer:build: 
@isl-lang/dependency-analyzer:build: [34mCLI[39m Building entry: src/index.ts
@isl-lang/dependency-analyzer:build: [34mCLI[39m Using tsconfig: tsconfig.json
@isl-lang/dependency-analyzer:build: [34mCLI[39m tsup v8.5.1
@isl-lang/dependency-analyzer:build: [34mCLI[39m Target: es2022
@isl-lang/dependency-analyzer:build: [34mCLI[39m Cleaning output folder
@isl-lang/isl-smt:build: [32mCJS[39m [1mdist\index.cjs     [22m[32m127.47 KB[39m
@isl-lang/isl-smt:build: [32mCJS[39m [1mdist\index.cjs.map [22m[32m280.02 KB[39m
@isl-lang/isl-smt:build: [32mCJS[39m ΓÜí∩╕Å Build success in 1698ms
@isl-lang/dependency-analyzer:build: [34mESM[39m Build start
@isl-lang/dependency-analyzer:build: [34mDTS[39m Build start
@isl-lang/dependency-analyzer:build: [32mESM[39m [1mdist\index.js [22m[32m36.90 KB[39m
@isl-lang/dependency-analyzer:build: [32mESM[39m ΓÜí∩╕Å Build success in 1518ms
@isl-lang/dependency-analyzer:build: [32mDTS[39m ΓÜí∩╕Å Build success in 4868ms
@isl-lang/dependency-analyzer:build: [32mDTS[39m [1mdist\index.d.ts [22m[32m8.98 KB[39m
@isl-lang/state-machine:build: cache hit, replaying logs 85bc7fc3f2b8e738
@isl-lang/state-machine:build: 
@isl-lang/state-machine:build: > @isl-lang/state-machine@0.1.0 build C:\Users\mevla\OneDrive\Desktop\projects\IntentOS\packages\state-machine
@isl-lang/state-machine:build: > tsc
@isl-lang/state-machine:build: 
@isl-lang/codegen-mocks:build: cache hit, replaying logs 775993ceaa168d66
@isl-lang/codegen-mocks:build: 
@isl-lang/codegen-mocks:build: > @isl-lang/codegen-mocks@0.1.0 build C:\Users\mevla\OneDrive\Desktop\projects\IntentOS\packages\codegen-mocks
@isl-lang/codegen-mocks:build: > tsc
@isl-lang/codegen-mocks:build: 
@isl-lang/stdlib-messaging:build: cache hit, replaying logs d5abdd9c548edd96
@isl-lang/stdlib-messaging:build: 
@isl-lang/stdlib-messaging:build: > @isl-lang/stdlib-messaging@1.0.0 build C:\Users\mevla\OneDrive\Desktop\projects\IntentOS\packages\stdlib-messaging
@isl-lang/stdlib-messaging:build: > tsup src/index.ts --format esm --clean --outDir dist && tsc -p tsconfig.build.json
@isl-lang/stdlib-messaging:build: 
@isl-lang/stdlib-messaging:build: [34mCLI[39m Building entry: src/index.ts
@isl-lang/stdlib-messaging:build: [34mCLI[39m Using tsconfig: tsconfig.json
@isl-lang/stdlib-messaging:build: [34mCLI[39m tsup v8.5.1
@isl-lang/stdlib-messaging:build: [34mCLI[39m Target: es2022
@isl-lang/stdlib-messaging:build: [34mCLI[39m Cleaning output folder
@isl-lang/stdlib-messaging:build: [34mESM[39m Build start
@isl-lang/stdlib-messaging:build: [32mESM[39m [1mdist\index.js [22m[32m181.01 KB[39m
@isl-lang/stdlib-messaging:build: [32mESM[39m ΓÜí∩╕Å Build success in 827ms
@isl-lang/streaming:build: cache hit, replaying logs 71ce70f8b60587ad
@isl-lang/streaming:build: 
@isl-lang/streaming:build: > @isl-lang/streaming@0.1.0 build C:\Users\mevla\OneDrive\Desktop\projects\IntentOS\packages\streaming
@isl-lang/streaming:build: > tsup
@isl-lang/streaming:build: 
@isl-lang/streaming:build: [34mCLI[39m Building entry: src/index.ts
@isl-lang/streaming:build: [34mCLI[39m Using tsconfig: tsconfig.json
@isl-lang/streaming:build: [34mCLI[39m tsup v8.5.1
@isl-lang/streaming:build: [34mCLI[39m Using tsup config: C:\Users\mevla\OneDrive\Desktop\projects\IntentOS\packages\streaming\tsup.config.ts
@isl-lang/streaming:build: [34mCLI[39m Target: es2022
@isl-lang/streaming:build: [34mCLI[39m Cleaning output folder
@isl-lang/streaming:build: [34mESM[39m Build start
@isl-lang/streaming:build: [34mCJS[39m Build start
@isl-lang/streaming:build: [34mDTS[39m Build start
@isl-lang/streaming:build: [32mCJS[39m [1mdist\index.cjs     [22m[32m17.42 KB[39m
@isl-lang/streaming:build: [32mCJS[39m [1mdist\index.cjs.map [22m[32m47.21 KB[39m
@isl-lang/streaming:build: [32mCJS[39m ΓÜí∩╕Å Build success in 2740ms
@isl-lang/streaming:build: [32mESM[39m [1mdist\index.js     [22m[32m16.86 KB[39m
@isl-lang/streaming:build: [32mESM[39m [1mdist\index.js.map [22m[32m47.20 KB[39m
@isl-lang/streaming:build: [32mESM[39m ΓÜí∩╕Å Build success in 2741ms
@isl-lang/streaming:build: [32mDTS[39m ΓÜí∩╕Å Build success in 5552ms
@isl-lang/streaming:build: [32mDTS[39m [1mdist\index.d.ts  [22m[32m17.49 KB[39m
@isl-lang/streaming:build: [32mDTS[39m [1mdist\index.d.cts [22m[32m17.49 KB[39m
@isl-lang/codegen-property-tests:build: cache hit, replaying logs 8d5e63465e848d2f
@isl-lang/codegen-property-tests:build: 
@isl-lang/codegen-property-tests:build: > @isl-lang/codegen-property-tests@0.1.0 build C:\Users\mevla\OneDrive\Desktop\projects\IntentOS\packages\codegen-property-tests
@isl-lang/codegen-property-tests:build: > tsc
@isl-lang/codegen-property-tests:build: 
@isl-lang/security-scanner:build: cache hit, replaying logs 8a9a17494391c06d
@isl-lang/security-scanner:build: 
@isl-lang/security-scanner:build: > @isl-lang/security-scanner@1.0.0 build C:\Users\mevla\OneDrive\Desktop\projects\IntentOS\packages\security-scanner
@isl-lang/security-scanner:build: > tsc
@isl-lang/security-scanner:build: 
@isl-lang/codegen-pipelines:build: cache hit, replaying logs 7baff16d9642d4eb
@isl-lang/codegen-pipelines:build: 
@isl-lang/codegen-pipelines:build: > @isl-lang/codegen-pipelines@0.1.0 build C:\Users\mevla\OneDrive\Desktop\projects\IntentOS\packages\codegen-pipelines
@isl-lang/codegen-pipelines:build: > tsup src/index.ts --format esm --dts --clean
@isl-lang/codegen-pipelines:build: 
@isl-lang/codegen-pipelines:build: [34mCLI[39m Building entry: src/index.ts
@isl-lang/codegen-pipelines:build: [34mCLI[39m Using tsconfig: tsconfig.json
@isl-lang/codegen-pipelines:build: [34mCLI[39m tsup v8.5.1
@isl-lang/codegen-pipelines:build: [34mCLI[39m Target: es2022
@isl-lang/codegen-pipelines:build: [34mCLI[39m Cleaning output folder
@isl-lang/codegen-pipelines:build: [34mESM[39m Build start
@isl-lang/codegen-pipelines:build: [32mESM[39m [1mdist\index.js [22m[32m28.08 KB[39m
@isl-lang/codegen-pipelines:build: [32mESM[39m ΓÜí∩╕Å Build success in 1206ms
@isl-lang/codegen-pipelines:build: [34mDTS[39m Build start
@isl-lang/codegen-pipelines:build: [32mDTS[39m ΓÜí∩╕Å Build success in 4750ms
@isl-lang/codegen-pipelines:build: [32mDTS[39m [1mdist\index.d.ts [22m[32m4.44 KB[39m
@isl-lang/db-generator:build: cache hit, replaying logs 8d543799e701d5cd
@isl-lang/db-generator:build: 
@isl-lang/db-generator:build: > @isl-lang/db-generator@0.1.0 build C:\Users\mevla\OneDrive\Desktop\projects\IntentOS\packages\db-generator
@isl-lang/db-generator:build: > tsc
@isl-lang/db-generator:build: 
@isl-lang/isl-runtime:build: cache hit, replaying logs 172be63e660ed7a2
@isl-lang/isl-runtime:build: 
@isl-lang/isl-runtime:build: > @isl-lang/isl-runtime@0.1.0 build C:\Users\mevla\OneDrive\Desktop\projects\IntentOS\packages\isl-runtime
@isl-lang/isl-runtime:build: > tsc
@isl-lang/isl-runtime:build: 
@isl-lang/coverage:build: cache hit, replaying logs be6cbaa5d816e4a2
@isl-lang/coverage:build: 
@isl-lang/coverage:build: > @isl-lang/coverage@0.1.0 build C:\Users\mevla\OneDrive\Desktop\projects\IntentOS\packages\coverage
@isl-lang/coverage:build: > tsup src/index.ts --format esm --clean && tsc -p tsconfig.build.json
@isl-lang/coverage:build: 
@isl-lang/coverage:build: [34mCLI[39m Building entry: src/index.ts
@isl-lang/coverage:build: [34mCLI[39m Using tsconfig: tsconfig.json
@isl-lang/coverage:build: [34mCLI[39m tsup v8.5.1
@isl-lang/coverage:build: [34mCLI[39m Target: es2022
@isl-lang/coverage:build: [34mCLI[39m Cleaning output folder
@isl-lang/coverage:build: [34mESM[39m Build start
@isl-lang/coverage:build: [32mESM[39m [1mdist\index.js [22m[32m75.36 KB[39m
@isl-lang/coverage:build: [32mESM[39m ΓÜí∩╕Å Build success in 658ms
@isl-lang/runtime-universal:build: cache hit, replaying logs 6222ab58f1b04f13
@isl-lang/runtime-universal:build: 
@isl-lang/runtime-universal:build: > @isl-lang/runtime-universal@1.0.0 build C:\Users\mevla\OneDrive\Desktop\projects\IntentOS\packages\runtime-universal
@isl-lang/runtime-universal:build: > tsup
@isl-lang/runtime-universal:build: 
@isl-lang/runtime-universal:build: [34mCLI[39m Building entry: {"index":"src/index.ts","vm/index":"src/vm/index.ts","scheduler/index":"src/scheduler/index.ts"}
@isl-lang/runtime-universal:build: [34mCLI[39m Using tsconfig: tsconfig.json
@isl-lang/runtime-universal:build: [34mCLI[39m tsup v8.5.1
@isl-lang/runtime-universal:build: [34mCLI[39m Using tsup config: C:\Users\mevla\OneDrive\Desktop\projects\IntentOS\packages\runtime-universal\tsup.config.ts
@isl-lang/runtime-universal:build: [34mCLI[39m Target: es2022
@isl-lang/runtime-universal:build: [34mCLI[39m Cleaning output folder
@isl-lang/runtime-universal:build: [34mCJS[39m Build start
@isl-lang/runtime-universal:build: [34mESM[39m Build start
@isl-lang/runtime-universal:build: [34mDTS[39m Build start
@isl-lang/runtime-universal:build: [32mCJS[39m [1mdist\vm\index.cjs            [22m[32m23.81 KB[39m
@isl-lang/runtime-universal:build: [32mCJS[39m [1mdist\scheduler\index.cjs     [22m[32m19.98 KB[39m
@isl-lang/runtime-universal:build: [32mCJS[39m [1mdist\index.cjs               [22m[32m85.12 KB[39m
@isl-lang/runtime-universal:build: [32mCJS[39m [1mdist\scheduler\index.cjs.map [22m[32m50.58 KB[39m
@isl-lang/mutation-testing:build: cache hit, replaying logs b7e290c22eb54b6e
@isl-lang/runtime-universal:build: [32mCJS[39m [1mdist\vm\index.cjs.map        [22m[32m55.30 KB[39m
@isl-lang/runtime-universal:build: [32mCJS[39m [1mdist\index.cjs.map           [22m[32m206.33 KB[39m
@isl-lang/runtime-universal:build: [32mCJS[39m ΓÜí∩╕Å Build success in 2016ms
@isl-lang/runtime-universal:build: [32mESM[39m [1mdist\scheduler\index.js     [22m[32m19.79 KB[39m
@isl-lang/runtime-universal:build: [32mESM[39m [1mdist\vm\index.js            [22m[32m23.63 KB[39m
@isl-lang/runtime-universal:build: [32mESM[39m [1mdist\index.js               [22m[32m84.30 KB[39m
@isl-lang/runtime-universal:build: [32mESM[39m [1mdist\scheduler\index.js.map [22m[32m50.57 KB[39m
@isl-lang/runtime-universal:build: [32mESM[39m [1mdist\vm\index.js.map        [22m[32m55.30 KB[39m
@isl-lang/runtime-universal:build: [32mESM[39m [1mdist\index.js.map           [22m[32m206.33 KB[39m
@isl-lang/runtime-universal:build: [32mESM[39m ΓÜí∩╕Å Build success in 2787ms
@isl-lang/runtime-universal:build: [32mDTS[39m ΓÜí∩╕Å Build success in 5135ms
@isl-lang/runtime-universal:build: [32mDTS[39m [1mdist\index.d.cts           [22m[32m16.14 KB[39m
@isl-lang/runtime-universal:build: [32mDTS[39m [1mdist\vm\index.d.cts        [22m[32m7.86 KB[39m
@isl-lang/runtime-universal:build: [32mDTS[39m [1mdist\scheduler\index.d.cts [22m[32m394.00 B[39m
@isl-lang/runtime-universal:build: [32mDTS[39m [1mdist\index-m-l0tWdM.d.cts  [22m[32m15.93 KB[39m
@isl-lang/mutation-testing:build: 
@isl-lang/mutation-testing:build: > @isl-lang/mutation-testing@1.0.0 build C:\Users\mevla\OneDrive\Desktop\projects\IntentOS\packages\mutation-testing
@isl-lang/mutation-testing:build: > tsc
@isl-lang/mutation-testing:build: 
@isl-lang/runtime-universal:build: [32mDTS[39m [1mdist\index.d.ts            [22m[32m16.13 KB[39m
@isl-lang/runtime-universal:build: [32mDTS[39m [1mdist\vm\index.d.ts         [22m[32m7.86 KB[39m
@isl-lang/runtime-universal:build: [32mDTS[39m [1mdist\scheduler\index.d.ts  [22m[32m393.00 B[39m
@isl-lang/runtime-universal:build: [32mDTS[39m [1mdist\index-m-l0tWdM.d.ts   [22m[32m15.93 KB[39m
@isl-lang/contracts:build: cache hit, replaying logs 2f97bc9097859a70
@isl-lang/contracts:build: 
@isl-lang/contracts:build: > @isl-lang/contracts@0.1.0 build C:\Users\mevla\OneDrive\Desktop\projects\IntentOS\packages\contracts
@isl-lang/contracts:build: > tsup
@isl-lang/contracts:build: 
@isl-lang/contracts:build: [34mCLI[39m Building entry: src/index.ts
@isl-lang/contracts:build: [34mCLI[39m Using tsconfig: tsconfig.json
@isl-lang/contracts:build: [34mCLI[39m tsup v8.5.1
@isl-lang/contracts:build: [34mCLI[39m Using tsup config: C:\Users\mevla\OneDrive\Desktop\projects\IntentOS\packages\contracts\tsup.config.ts
@isl-lang/contracts:build: [34mCLI[39m Target: es2022
@isl-lang/contracts:build: [34mCLI[39m Cleaning output folder
@isl-lang/contracts:build: [34mESM[39m Build start
@isl-lang/simulator:build: cache hit, replaying logs ca1d06d864d5f917
@isl-lang/contracts:build: [34mCJS[39m Build start
@isl-lang/contracts:build: [34mDTS[39m Build start
@isl-lang/contracts:build: [32mESM[39m [1mdist\index.js     [22m[32m23.23 KB[39m
@isl-lang/contracts:build: [32mESM[39m [1mdist\index.js.map [22m[32m51.50 KB[39m
@isl-lang/contracts:build: [32mESM[39m ΓÜí∩╕Å Build success in 2788ms
@isl-lang/contracts:build: [32mCJS[39m [1mdist\index.cjs     [22m[32m23.59 KB[39m
@isl-lang/contracts:build: [32mCJS[39m [1mdist\index.cjs.map [22m[32m51.50 KB[39m
@isl-lang/contracts:build: [32mCJS[39m ΓÜí∩╕Å Build success in 4362ms
@isl-lang/contracts:build: [32mDTS[39m ΓÜí∩╕Å Build success in 4378ms
@isl-lang/contracts:build: [32mDTS[39m [1mdist\index.d.ts  [22m[32m12.67 KB[39m
@isl-lang/contracts:build: [32mDTS[39m [1mdist\index.d.cts [22m[32m12.67 KB[39m
@isl-lang/simulator:build: 
@isl-lang/simulator:build: > @isl-lang/simulator@0.1.0 build C:\Users\mevla\OneDrive\Desktop\projects\IntentOS\packages\simulator
@isl-lang/simulator:build: > tsup src/index.ts src/visualization/index.ts --format esm --dts --clean
@isl-lang/simulator:build: 
@isl-lang/simulator:build: [34mCLI[39m Building entry: src/index.ts, src/visualization/index.ts
@isl-lang/simulator:build: [34mCLI[39m Using tsconfig: tsconfig.json
@isl-lang/simulator:build: [34mCLI[39m tsup v8.5.1
@isl-lang/simulator:build: [34mCLI[39m Target: es2022
@isl-lang/simulator:build: [34mCLI[39m Cleaning output folder
@isl-lang/simulator:build: [34mESM[39m Build start
@isl-lang/simulator:build: [32mESM[39m [1mdist\index.js               [22m[32m40.06 KB[39m
@isl-lang/simulator:build: [32mESM[39m [1mdist\visualization\index.js [22m[32m15.01 KB[39m
@isl-lang/simulator:build: [32mESM[39m ΓÜí∩╕Å Build success in 654ms
@isl-lang/simulator:build: [34mDTS[39m Build start
@isl-lang/simulator:build: [32mDTS[39m ΓÜí∩╕Å Build success in 9163ms
@isl-lang/simulator:build: [32mDTS[39m [1mdist\index.d.ts               [22m[32m14.68 KB[39m
@isl-lang/simulator:build: [32mDTS[39m [1mdist\visualization\index.d.ts [22m[32m1.42 KB[39m
@isl-lang/simulator:build: [32mDTS[39m [1mdist\types-D9pOYyeg.d.ts      [22m[32m6.86 KB[39m
@isl-lang/inference:build: cache hit, replaying logs c3caf3337b1b5874
@isl-lang/inference:build: 
@isl-lang/inference:build: > @isl-lang/inference@0.1.0 build C:\Users\mevla\OneDrive\Desktop\projects\IntentOS\packages\inference
@isl-lang/inference:build: > tsc
@isl-lang/inference:build: 
@isl-lang/codegen-migrations:build: cache hit, replaying logs b2e175e5fbec3ec8
@isl-lang/codegen-migrations:build: 
@isl-lang/codegen-migrations:build: > @isl-lang/codegen-migrations@0.1.0 build C:\Users\mevla\OneDrive\Desktop\projects\IntentOS\packages\codegen-migrations
@isl-lang/codegen-migrations:build: > tsc
@isl-lang/codegen-migrations:build: 
@isl-lang/health-check:build: cache hit, replaying logs 822b60cc7af2b862
@isl-lang/health-check:build: 
@isl-lang/health-check:build: > @isl-lang/health-check@1.0.0 build C:\Users\mevla\OneDrive\Desktop\projects\IntentOS\packages\health-check
@isl-lang/health-check:build: > tsup
@isl-lang/health-check:build: 
@isl-lang/health-check:build: [34mCLI[39m Building entry: src/index.ts, src/checks/index.ts, src/generators/index.ts
@isl-lang/health-check:build: [34mCLI[39m Using tsconfig: tsconfig.json
@isl-lang/health-check:build: [34mCLI[39m tsup v8.5.1
@isl-lang/health-check:build: [34mCLI[39m Using tsup config: C:\Users\mevla\OneDrive\Desktop\projects\IntentOS\packages\health-check\tsup.config.ts
@isl-lang/health-check:build: [34mCLI[39m Target: es2022
@isl-lang/health-check:build: [34mCLI[39m Cleaning output folder
@isl-lang/health-check:build: [34mESM[39m Build start
@isl-lang/health-check:build: [34mCJS[39m Build start
@isl-lang/health-check:build: [34mDTS[39m Build start
@isl-lang/health-check:build: Entry module "dist/index.cjs" is using named and default exports together. Consumers of your bundle will have to use `chunk.default` to access the default export, which may not be what you want. Use `output.exports: "named"` to disable this warning.
@isl-lang/health-check:build: dist/index.cjs (6087:18): Use of eval in "dist/index.cjs" is strongly discouraged as it poses security risks and may cause issues with minification.
@isl-lang/health-check:build: dist/checks/index.cjs (6087:18): Use of eval in "dist/checks/index.cjs" is strongly discouraged as it poses security risks and may cause issues with minification.
@isl-lang/health-check:build: dist/index.js (6087:18): Use of eval in "dist/index.js" is strongly discouraged as it poses security risks and may cause issues with minification.
@isl-lang/health-check:build: dist/checks/index.js (6087:18): Use of eval in "dist/checks/index.js" is strongly discouraged as it poses security risks and may cause issues with minification.
@isl-lang/health-check:build: [32mDTS[39m ΓÜí∩╕Å Build success in 11662ms
@isl-lang/health-check:build: [32mDTS[39m [1mdist\index.d.ts             [22m[32m10.65 KB[39m
@isl-lang/health-check:build: [32mDTS[39m [1mdist\checks\index.d.ts      [22m[32m7.78 KB[39m
@isl-lang/health-check:build: [32mDTS[39m [1mdist\generators\index.d.ts  [22m[32m5.32 KB[39m
@isl-lang/health-check:build: [32mDTS[39m [1mdist\types-B4uGIgSu.d.ts    [22m[32m4.44 KB[39m
@isl-lang/health-check:build: [32mDTS[39m [1mdist\index.d.cts            [22m[32m10.66 KB[39m
@isl-lang/health-check:build: [32mDTS[39m [1mdist\checks\index.d.cts     [22m[32m7.78 KB[39m
@isl-lang/health-check:build: [32mDTS[39m [1mdist\generators\index.d.cts [22m[32m5.32 KB[39m
@isl-lang/health-check:build: [32mDTS[39m [1mdist\types-B4uGIgSu.d.cts   [22m[32m4.44 KB[39m
@isl-lang/health-check:build: [32mESM[39m [1mdist\generators\index.js     [22m[32m20.44 KB[39m
@isl-lang/health-check:build: [32mESM[39m [1mdist\index.js                [22m[32m1010.39 KB[39m
@isl-lang/health-check:build: [32mESM[39m [1mdist\checks\index.js         [22m[32m979.44 KB[39m
@isl-lang/health-check:build: [32mESM[39m [1mdist\generators\index.js.map [22m[32m50.63 KB[39m
@isl-lang/health-check:build: [32mESM[39m [1mdist\index.js.map            [22m[32m2.22 MB[39m
@isl-lang/health-check:build: [32mESM[39m [1mdist\checks\index.js.map     [22m[32m2.14 MB[39m
@isl-lang/health-check:build: [32mESM[39m ΓÜí∩╕Å Build success in 18752ms
@isl-lang/health-check:build: [32mCJS[39m [1mdist\generators\index.cjs     [22m[32m20.77 KB[39m
@isl-lang/health-check:build: [32mCJS[39m [1mdist\index.cjs                [22m[32m1011.88 KB[39m
@isl-lang/health-check:build: [32mCJS[39m [1mdist\checks\index.cjs         [22m[32m980.27 KB[39m
@isl-lang/health-check:build: [32mCJS[39m [1mdist\generators\index.cjs.map [22m[32m50.63 KB[39m
@isl-lang/health-check:build: [32mCJS[39m [1mdist\index.cjs.map            [22m[32m2.22 MB[39m
@isl-lang/health-check:build: [32mCJS[39m [1mdist\checks\index.cjs.map     [22m[32m2.14 MB[39m
@isl-lang/health-check:build: [32mCJS[39m ΓÜí∩╕Å Build success in 18752ms
@isl-lang/effect-system:build: cache hit, replaying logs d96975a6a2e7229f
@isl-lang/effect-system:build: 
@isl-lang/effect-system:build: > @isl-lang/effect-system@1.0.0 build C:\Users\mevla\OneDrive\Desktop\projects\IntentOS\packages\effect-system
@isl-lang/effect-system:build: > tsup src/index.ts --format cjs,esm --no-dts
@isl-lang/effect-system:build: 
@isl-lang/effect-system:build: [34mCLI[39m Building entry: src/index.ts
@isl-lang/effect-system:build: [34mCLI[39m Using tsconfig: tsconfig.json
@isl-lang/effect-system:build: [34mCLI[39m tsup v8.5.1
@isl-lang/effect-system:build: [34mCLI[39m Target: es2022
@isl-lang/effect-system:build: [34mCJS[39m Build start
@isl-lang/effect-system:build: [34mESM[39m Build start
@isl-lang/effect-system:build: [32mESM[39m [1mdist\index.js [22m[32m24.12 KB[39m
@isl-lang/effect-system:build: [32mESM[39m ΓÜí∩╕Å Build success in 197ms
@isl-lang/effect-system:build: [32mCJS[39m [1mdist\index.cjs [22m[32m26.66 KB[39m
@isl-lang/effect-system:build: [32mCJS[39m ΓÜí∩╕Å Build success in 215ms
@isl-lang/verifier-security:build: cache hit, replaying logs 5835698e6e3080a9
@isl-lang/verifier-security:build: 
@isl-lang/verifier-security:build: > @isl-lang/verifier-security@0.1.0 build C:\Users\mevla\OneDrive\Desktop\projects\IntentOS\packages\verifier-security
@isl-lang/verifier-security:build: > tsup src/index.ts --format esm --clean && tsc -p tsconfig.build.json
@isl-lang/verifier-security:build: 
@isl-lang/verifier-security:build: [34mCLI[39m Building entry: src/index.ts
@isl-lang/verifier-security:build: [34mCLI[39m Using tsconfig: tsconfig.json
@isl-lang/verifier-security:build: [34mCLI[39m tsup v8.5.1
@isl-lang/verifier-security:build: [34mCLI[39m Using tsup config: C:\Users\mevla\OneDrive\Desktop\projects\IntentOS\packages\verifier-security\tsup.config.ts
@isl-lang/verifier-security:build: [34mCLI[39m Target: es2022
@isl-lang/verifier-security:build: [34mCLI[39m Cleaning output folder
@isl-lang/verifier-security:build: [34mESM[39m Build start
@isl-lang/verifier-security:build: [32mESM[39m [1mdist\index.js     [22m[32m85.11 KB[39m
@isl-lang/verifier-security:build: [32mESM[39m [1mdist\index.js.map [22m[32m199.20 KB[39m
@isl-lang/verifier-security:build: [32mESM[39m ΓÜí∩╕Å Build success in 4098ms
@isl-lang/stdlib-notifications:build: cache hit, replaying logs cc6b07a33f120284
@isl-lang/stdlib-notifications:build: 
@isl-lang/stdlib-notifications:build: > @isl-lang/stdlib-notifications@1.0.0 build C:\Users\mevla\OneDrive\Desktop\projects\IntentOS\packages\stdlib-notifications
@isl-lang/stdlib-notifications:build: > tsup
@isl-lang/stdlib-notifications:build: 
@isl-lang/stdlib-notifications:build: [34mCLI[39m Building entry: src/index.ts
@isl-lang/stdlib-notifications:build: [34mCLI[39m Using tsconfig: tsconfig.json
@isl-lang/stdlib-notifications:build: [34mCLI[39m tsup v8.5.1
@isl-lang/stdlib-notifications:build: [34mCLI[39m Using tsup config: C:\Users\mevla\OneDrive\Desktop\projects\IntentOS\packages\stdlib-notifications\tsup.config.ts
@isl-lang/stdlib-notifications:build: [34mCLI[39m Target: es2022
@isl-lang/stdlib-notifications:build: [34mCLI[39m Cleaning output folder
@isl-lang/stdlib-notifications:build: [34mESM[39m Build start
@isl-lang/stdlib-notifications:build: [32mESM[39m [1mdist\index.js [22m[32m79.09 KB[39m
@isl-lang/stdlib-notifications:build: [32mESM[39m ΓÜí∩╕Å Build success in 1726ms
@isl-lang/codegen-client:build: cache hit, replaying logs 0f7cf6e999ae049e
@isl-lang/codegen-client:build: 
@isl-lang/codegen-client:build: > @isl-lang/codegen-client@0.1.0 build C:\Users\mevla\OneDrive\Desktop\projects\IntentOS\packages\codegen-client
@isl-lang/codegen-client:build: > tsc
@isl-lang/codegen-client:build: 
@isl-lang/lsp:build: cache hit, replaying logs a19bd8046921c379
@isl-lang/lsp:build: 
@isl-lang/lsp:build: > @isl-lang/lsp@0.1.0 build C:\Users\mevla\OneDrive\Desktop\projects\IntentOS\packages\lsp
@isl-lang/lsp:build: > tsup src/index.ts src/server.ts --format esm --dts --clean
@isl-lang/lsp:build: 
@isl-lang/lsp:build: [34mCLI[39m Building entry: src/index.ts, src/server.ts
@isl-lang/lsp:build: [34mCLI[39m Using tsconfig: tsconfig.json
@isl-lang/lsp:build: [34mCLI[39m tsup v8.5.1
@isl-lang/lsp:build: [34mCLI[39m Target: es2022
@isl-lang/lsp:build: [34mCLI[39m Cleaning output folder
@isl-lang/lsp:build: [34mESM[39m Build start
@isl-lang/lsp:build: [32mESM[39m [1mdist\index.js          [22m[32m343.00 B[39m
@isl-lang/lsp:build: [32mESM[39m [1mdist\server.js         [22m[32m9.08 KB[39m
@isl-lang/lsp:build: [32mESM[39m [1mdist\chunk-AFV5DCRD.js [22m[32m39.85 KB[39m
@isl-lang/lsp:build: [32mESM[39m ΓÜí∩╕Å Build success in 650ms
@isl-lang/lsp:build: [34mDTS[39m Build start
@isl-lang/lsp:build: [32mDTS[39m ΓÜí∩╕Å Build success in 9484ms
@isl-lang/lsp:build: [32mDTS[39m [1mdist\server.d.ts [22m[32m20.00 B[39m
@isl-lang/lsp:build: [32mDTS[39m [1mdist\index.d.ts  [22m[32m3.42 KB[39m
@isl-lang/ai-generator:build: cache hit, replaying logs e2c9736049049c97
@isl-lang/ai-generator:build: 
@isl-lang/ai-generator:build: > @isl-lang/ai-generator@0.1.0 build C:\Users\mevla\OneDrive\Desktop\projects\IntentOS\packages\ai-generator
@isl-lang/ai-generator:build: > tsup src/index.ts --format esm --clean && tsc -p tsconfig.build.json
@isl-lang/ai-generator:build: 
@isl-lang/ai-generator:build: [34mCLI[39m Building entry: src/index.ts
@isl-lang/ai-generator:build: [34mCLI[39m Using tsconfig: tsconfig.json
@isl-lang/ai-generator:build: [34mCLI[39m tsup v8.5.1
@isl-lang/ai-generator:build: [34mCLI[39m Target: es2022
@isl-lang/ai-generator:build: [34mCLI[39m Cleaning output folder
@isl-lang/ai-generator:build: [34mESM[39m Build start
@isl-lang/ai-generator:build: [32mESM[39m [1mdist\index.js [22m[32m54.55 KB[39m
@isl-lang/ai-generator:build: [32mESM[39m ΓÜí∩╕Å Build success in 2066ms
@isl-lang/versioner:build: cache hit, replaying logs d80ba18458848fb6
@isl-lang/verifier-chaos:build: cache hit, replaying logs d4da521cc00339d8
@isl-lang/versioner:build: 
@isl-lang/versioner:build: > @isl-lang/versioner@0.1.0 build C:\Users\mevla\OneDrive\Desktop\projects\IntentOS\packages\versioner
@isl-lang/versioner:build: > tsc
@isl-lang/versioner:build: 
@isl-lang/verifier-chaos:build: 
@isl-lang/verifier-chaos:build: > @isl-lang/verifier-chaos@0.2.0 build C:\Users\mevla\OneDrive\Desktop\projects\IntentOS\packages\verifier-chaos
@isl-lang/verifier-chaos:build: > tsup && tsc --project tsconfig.build.json --emitDeclarationOnly --declaration
@isl-lang/verifier-chaos:build: 
@isl-lang/verifier-chaos:build: [34mCLI[39m Building entry: src/cli.ts, src/index.ts, src/pipeline.ts
@isl-lang/verifier-chaos:build: [34mCLI[39m Using tsconfig: tsconfig.json
@isl-lang/verifier-chaos:build: [34mCLI[39m tsup v8.5.1
@isl-lang/verifier-chaos:build: [34mCLI[39m Using tsup config: C:\Users\mevla\OneDrive\Desktop\projects\IntentOS\packages\verifier-chaos\tsup.config.ts
@isl-lang/verifier-chaos:build: [34mCLI[39m Target: es2022
@isl-lang/verifier-chaos:build: [34mCLI[39m Cleaning output folder
@isl-lang/verifier-chaos:build: [34mESM[39m Build start
@isl-lang/verifier-chaos:build: [32mESM[39m [1mdist\cli.js          [22m[32m79.07 KB[39m
@isl-lang/verifier-chaos:build: [32mESM[39m [1mdist\pipeline.js     [22m[32m71.42 KB[39m
@isl-lang/verifier-chaos:build: [32mESM[39m [1mdist\index.js        [22m[32m150.91 KB[39m
@isl-lang/verifier-chaos:build: [32mESM[39m [1mdist\cli.js.map      [22m[32m218.18 KB[39m
@isl-lang/verifier-chaos:build: [32mESM[39m [1mdist\pipeline.js.map [22m[32m201.13 KB[39m
@isl-lang/verifier-chaos:build: [32mESM[39m [1mdist\index.js.map    [22m[32m394.19 KB[39m
@isl-lang/verifier-chaos:build: [32mESM[39m ΓÜí∩╕Å Build success in 3914ms
@isl-lang/language-server:build: cache hit, replaying logs 097e0cbb33ac7f2a
@isl-lang/language-server:build: 
@isl-lang/language-server:build: > @isl-lang/language-server@1.0.0 build C:\Users\mevla\OneDrive\Desktop\projects\IntentOS\packages\language-server
@isl-lang/language-server:build: > tsc
@isl-lang/language-server:build: 
@isl-lang/diff-viewer:build: cache hit, replaying logs 7c356c7cde4715ea
@isl-lang/diff-viewer:build: 
@isl-lang/diff-viewer:build: > @isl-lang/diff-viewer@0.1.0 build C:\Users\mevla\OneDrive\Desktop\projects\IntentOS\packages\diff-viewer
@isl-lang/diff-viewer:build: > echo 'Skipping Next.js build'
@isl-lang/diff-viewer:build: 
@isl-lang/diff-viewer:build: 'Skipping Next.js build'
@isl-lang/isl-federation:build: cache hit, replaying logs 2a25b78039db148c
@isl-lang/isl-federation:build: 
@isl-lang/isl-federation:build: > @isl-lang/isl-federation@0.1.0 build C:\Users\mevla\OneDrive\Desktop\projects\IntentOS\packages\isl-federation
@isl-lang/isl-federation:build: > tsc
@isl-lang/isl-federation:build: 
@isl-lang/event-sourcing:build: cache hit, replaying logs c2cea8176c610355
@isl-lang/event-sourcing:build: 
@isl-lang/event-sourcing:build: > @isl-lang/event-sourcing@0.1.0 build C:\Users\mevla\OneDrive\Desktop\projects\IntentOS\packages\event-sourcing
@isl-lang/event-sourcing:build: > tsc
@isl-lang/event-sourcing:build: 
@isl-lang/isl-ai:build: cache hit, replaying logs 8d8fdc3646825f3d
@isl-lang/runtime-sdk:build: cache hit, replaying logs 0d18109cd388093d
@isl-lang/isl-ai:build: 
@isl-lang/isl-ai:build: > @isl-lang/isl-ai@0.1.0 build C:\Users\mevla\OneDrive\Desktop\projects\IntentOS\packages\isl-ai
@isl-lang/runtime-sdk:build: 
@isl-lang/runtime-sdk:build: > @isl-lang/runtime-sdk@0.1.0 build C:\Users\mevla\OneDrive\Desktop\projects\IntentOS\packages\runtime-sdk
@isl-lang/runtime-sdk:build: > tsup src/index.ts src/middleware/express.ts src/middleware/fastify.ts src/middleware/trpc.ts --format esm --dts --clean
@isl-lang/isl-ai:build: > tsc
@isl-lang/isl-ai:build: 
@isl-lang/runtime-sdk:build: 
@isl-lang/runtime-sdk:build: [34mCLI[39m Building entry: src/index.ts, src/middleware/express.ts, src/middleware/fastify.ts, src/middleware/trpc.ts
@isl-lang/runtime-sdk:build: [34mCLI[39m Using tsconfig: tsconfig.json
@isl-lang/runtime-sdk:build: [34mCLI[39m tsup v8.5.1
@isl-lang/runtime-sdk:build: [34mCLI[39m Target: es2022
@isl-lang/runtime-sdk:build: [34mCLI[39m Cleaning output folder
@isl-lang/runtime-sdk:build: [34mESM[39m Build start
@isl-lang/runtime-sdk:build: [33mESM[39m [33mYou have emitDecoratorMetadata enabled but @swc/core was not installed, skipping swc plugin[39m
@isl-lang/runtime-sdk:build: [32mESM[39m [1mdist\index.js              [22m[32m39.12 KB[39m
@isl-lang/runtime-sdk:build: [32mESM[39m [1mdist\middleware\express.js [22m[32m3.89 KB[39m
@isl-lang/runtime-sdk:build: [32mESM[39m [1mdist\middleware\fastify.js [22m[32m4.68 KB[39m
@isl-lang/runtime-sdk:build: [32mESM[39m [1mdist\middleware\trpc.js    [22m[32m4.33 KB[39m
@isl-lang/runtime-sdk:build: [32mESM[39m [1mdist\chunk-GLVIAO3F.js     [22m[32m8.83 KB[39m
@isl-lang/runtime-sdk:build: [32mESM[39m ΓÜí∩╕Å Build success in 1670ms
@isl-lang/runtime-sdk:build: [34mDTS[39m Build start
@isl-lang/runtime-sdk:build: [32mDTS[39m ΓÜí∩╕Å Build success in 8620ms
@isl-lang/runtime-sdk:build: [32mDTS[39m [1mdist\index.d.ts              [22m[32m19.08 KB[39m
@isl-lang/runtime-sdk:build: [32mDTS[39m [1mdist\middleware\express.d.ts [22m[32m1.52 KB[39m
@isl-lang/runtime-sdk:build: [32mDTS[39m [1mdist\middleware\fastify.d.ts [22m[32m1.61 KB[39m
@isl-lang/runtime-sdk:build: [32mDTS[39m [1mdist\middleware\trpc.d.ts    [22m[32m1.67 KB[39m
@isl-lang/runtime-sdk:build: [32mDTS[39m [1mdist\types-CguSHrOu.d.ts     [22m[32m1004.00 B[39m
@isl-lang/codegen-terraform:build: cache hit, replaying logs a0a4360d723bad55
@isl-lang/codegen-terraform:build: 
@isl-lang/codegen-terraform:build: > @isl-lang/codegen-terraform@0.1.0 build C:\Users\mevla\OneDrive\Desktop\projects\IntentOS\packages\codegen-terraform
@isl-lang/codegen-terraform:build: > tsc
@isl-lang/codegen-terraform:build: 
@isl-lang/mock-server:build: cache hit, replaying logs 7df7a6acd31f197f
@isl-lang/mock-server:build: 
@isl-lang/mock-server:build: > @isl-lang/mock-server@0.1.0 build C:\Users\mevla\OneDrive\Desktop\projects\IntentOS\packages\mock-server
@isl-lang/mock-server:build: > tsc
@isl-lang/mock-server:build: 
@isl-lang/api-gateway:build: cache hit, replaying logs e664657b9eaac011
@isl-lang/api-gateway:build: 
@isl-lang/api-gateway:build: > @isl-lang/api-gateway@0.1.0 build C:\Users\mevla\OneDrive\Desktop\projects\IntentOS\packages\api-gateway
@isl-lang/api-gateway:build: > tsup src/index.ts --format esm --dts --clean
@isl-lang/api-gateway:build: 
@isl-lang/api-gateway:build: [34mCLI[39m Building entry: src/index.ts
@isl-lang/api-gateway:build: [34mCLI[39m Using tsconfig: tsconfig.json
@isl-lang/api-gateway:build: [34mCLI[39m tsup v8.5.1
@isl-lang/api-gateway:build: [34mCLI[39m Target: es2022
@isl-lang/api-gateway:build: [34mCLI[39m Cleaning output folder
@isl-lang/api-gateway:build: [34mESM[39m Build start
@isl-lang/api-gateway:build: [34mDTS[39m Build start
@isl-lang/api-gateway:build: [32mESM[39m [1mdist\index.js [22m[32m45.07 KB[39m
@isl-lang/api-gateway:build: [32mESM[39m ΓÜí∩╕Å Build success in 1679ms
@isl-lang/api-gateway:build: [32mDTS[39m ΓÜí∩╕Å Build success in 5569ms
@isl-lang/api-gateway:build: [32mDTS[39m [1mdist\index.d.ts [22m[32m19.29 KB[39m
@isl-lang/codegen-validators:build: cache hit, replaying logs 869ec57626b279e7
@isl-lang/codegen-validators:build: 
@isl-lang/codegen-validators:build: > @isl-lang/codegen-validators@0.1.0 build C:\Users\mevla\OneDrive\Desktop\projects\IntentOS\packages\codegen-validators
@isl-lang/codegen-validators:build: > tsc
@isl-lang/codegen-validators:build: 
@isl-lang/intent-translator:build: cache hit, replaying logs 475e72430158e66c
@isl-lang/intent-translator:build: 
@isl-lang/intent-translator:build: > @isl-lang/intent-translator@0.1.0 build C:\Users\mevla\OneDrive\Desktop\projects\IntentOS\packages\intent-translator
@isl-lang/intent-translator:build: > tsup src/index.ts --format esm --dts --clean
@isl-lang/intent-translator:build: 
@isl-lang/intent-translator:build: [34mCLI[39m Building entry: src/index.ts
@isl-lang/intent-translator:build: [34mCLI[39m Using tsconfig: tsconfig.json
@isl-lang/intent-translator:build: [34mCLI[39m tsup v8.5.1
@isl-lang/intent-translator:build: [34mCLI[39m Target: es2022
@isl-lang/intent-translator:build: [34mCLI[39m Cleaning output folder
@isl-lang/intent-translator:build: [34mESM[39m Build start
@isl-lang/intent-translator:build: [32mESM[39m [1mdist\index.js [22m[32m22.11 KB[39m
@isl-lang/intent-translator:build: [32mESM[39m ΓÜí∩╕Å Build success in 264ms
@isl-lang/intent-translator:build: [34mDTS[39m Build start
@isl-lang/intent-translator:build: [32mDTS[39m ΓÜí∩╕Å Build success in 3882ms
@isl-lang/intent-translator:build: [32mDTS[39m [1mdist\index.d.ts [22m[32m14.29 KB[39m
@isl-lang/codegen-wasm:build: cache hit, replaying logs 3353df918886447f
@isl-lang/codegen-wasm:build: 
@isl-lang/codegen-wasm:build: > @isl-lang/codegen-wasm@1.0.0 build C:\Users\mevla\OneDrive\Desktop\projects\IntentOS\packages\codegen-wasm
@isl-lang/codegen-wasm:build: > tsup
@isl-lang/codegen-wasm:build: 
@isl-lang/codegen-wasm:build: [34mCLI[39m Building entry: src/index.ts
@isl-lang/codegen-wasm:build: [34mCLI[39m Using tsconfig: tsconfig.json
@isl-lang/codegen-wasm:build: [34mCLI[39m tsup v8.5.1
@isl-lang/codegen-wasm:build: [34mCLI[39m Using tsup config: C:\Users\mevla\OneDrive\Desktop\projects\IntentOS\packages\codegen-wasm\tsup.config.ts
@isl-lang/codegen-wasm:build: [34mCLI[39m Target: es2022
@isl-lang/verifier-formal:build: cache hit, replaying logs d5a5347f836a7c3f
@isl-lang/verifier-formal:build: 
@isl-lang/verifier-formal:build: > @isl-lang/verifier-formal@0.1.0 build C:\Users\mevla\OneDrive\Desktop\projects\IntentOS\packages\verifier-formal
@isl-lang/verifier-formal:build: > tsc
@isl-lang/verifier-formal:build: 
@isl-lang/codegen-wasm:build: [34mCLI[39m Cleaning output folder
@isl-lang/codegen-wasm:build: [34mESM[39m Build start
@isl-lang/codegen-wasm:build: [34mCJS[39m Build start
@isl-lang/codegen-wasm:build: [32mCJS[39m [1mdist\index.cjs     [22m[32m27.52 KB[39m
@isl-lang/codegen-wasm:build: [32mCJS[39m [1mdist\index.cjs.map [22m[32m69.98 KB[39m
@isl-lang/codegen-wasm:build: [32mCJS[39m ΓÜí∩╕Å Build success in 1336ms
@isl-lang/codegen-wasm:build: [32mESM[39m [1mdist\index.js     [22m[32m27.07 KB[39m
@isl-lang/codegen-wasm:build: [32mESM[39m [1mdist\index.js.map [22m[32m69.98 KB[39m
@isl-lang/codegen-wasm:build: [32mESM[39m ΓÜí∩╕Å Build success in 1337ms
@isl-lang/codegen-wasm:build: [34mDTS[39m Build start
@isl-lang/codegen-wasm:build: [32mDTS[39m ΓÜí∩╕Å Build success in 5481ms
@isl-lang/codegen-wasm:build: [32mDTS[39m [1mdist\index.d.ts  [22m[32m12.91 KB[39m
@isl-lang/codegen-wasm:build: [32mDTS[39m [1mdist\index.d.cts [22m[32m12.91 KB[39m
@isl-lang/codegen-ui:build: cache hit, replaying logs c6dbf2d74f06afc7
@isl-lang/codegen-ui:build: 
@isl-lang/codegen-ui:build: > @isl-lang/codegen-ui@0.1.0 build C:\Users\mevla\OneDrive\Desktop\projects\IntentOS\packages\codegen-ui
@isl-lang/codegen-ui:build: > tsup src/index.ts src/cli.ts --format esm,cjs --no-dts
@isl-lang/codegen-ui:build: 
@isl-lang/codegen-ui:build: [34mCLI[39m Building entry: src/cli.ts, src/index.ts
@isl-lang/codegen-ui:build: [34mCLI[39m Using tsconfig: tsconfig.json
@isl-lang/codegen-ui:build: [34mCLI[39m tsup v8.5.1
@isl-lang/codegen-ui:build: [34mCLI[39m Target: es2022
@isl-lang/codegen-ui:build: [34mESM[39m Build start
@isl-lang/codegen-ui:build: [34mCJS[39m Build start
@isl-lang/codegen-ui:build: [32mCJS[39m [1mdist\cli.cjs   [22m[32m6.71 KB[39m
@isl-lang/codegen-ui:build: [32mCJS[39m [1mdist\index.cjs [22m[32m23.82 KB[39m
@isl-lang/codegen-ui:build: [32mCJS[39m ΓÜí∩╕Å Build success in 2052ms
@isl-lang/codegen-ui:build: [32mESM[39m [1mdist\index.js          [22m[32m22.74 KB[39m
@isl-lang/codegen-ui:build: [32mESM[39m [1mdist\cli.js            [22m[32m5.77 KB[39m
@isl-lang/codegen-ui:build: [32mESM[39m [1mdist\chunk-3RG5ZIWI.js [22m[32m390.00 B[39m
@isl-lang/codegen-ui:build: [32mESM[39m ΓÜí∩╕Å Build success in 2129ms
@isl-lang/codegen-jvm:build: cache hit, replaying logs 7b2cb3cf3e2573b0
@isl-lang/codegen-jvm:build: 
@isl-lang/codegen-jvm:build: > @isl-lang/codegen-jvm@0.1.0 build C:\Users\mevla\OneDrive\Desktop\projects\IntentOS\packages\codegen-jvm
@isl-lang/codegen-jvm:build: > tsup
@isl-lang/codegen-jvm:build: 
@isl-lang/codegen-jvm:build: [34mCLI[39m Building entry: src/index.ts
@isl-lang/codegen-jvm:build: [34mCLI[39m Using tsconfig: tsconfig.json
@isl-lang/codegen-jvm:build: [34mCLI[39m tsup v8.5.1
@isl-lang/codegen-jvm:build: [34mCLI[39m Using tsup config: C:\Users\mevla\OneDrive\Desktop\projects\IntentOS\packages\codegen-jvm\tsup.config.ts
@isl-lang/codegen-jvm:build: [34mCLI[39m Target: es2022
@isl-lang/codegen-jvm:build: [34mCLI[39m Cleaning output folder
@isl-lang/codegen-jvm:build: [34mESM[39m Build start
@isl-lang/codegen-jvm:build: [34mCJS[39m Build start
@isl-lang/codegen-jvm:build: [34mDTS[39m Build start
@isl-lang/codegen-jvm:build: [32mESM[39m [1mdist\index.js     [22m[32m62.44 KB[39m
@isl-lang/codegen-jvm:build: [32mESM[39m [1mdist\index.js.map [22m[32m182.35 KB[39m
@isl-lang/codegen-jvm:build: [32mESM[39m ΓÜí∩╕Å Build success in 3498ms
@isl-lang/codegen-jvm:build: [32mCJS[39m [1mdist\index.cjs     [22m[32m62.75 KB[39m
@isl-lang/codegen-jvm:build: [32mCJS[39m [1mdist\index.cjs.map [22m[32m182.35 KB[39m
@isl-lang/codegen-jvm:build: [32mCJS[39m ΓÜí∩╕Å Build success in 3929ms
@isl-lang/codegen-jvm:build: [32mDTS[39m ΓÜí∩╕Å Build success in 10343ms
@isl-lang/codegen-jvm:build: [32mDTS[39m [1mdist\index.d.ts  [22m[32m12.28 KB[39m
@isl-lang/codegen-jvm:build: [32mDTS[39m [1mdist\index.d.cts [22m[32m12.28 KB[39m
@isl-lang/isl-lsp:build: cache hit, replaying logs 8ca402a53a9ba306
@isl-lang/isl-lsp:build: 
@isl-lang/isl-lsp:build: > @isl-lang/isl-lsp@0.1.0 build C:\Users\mevla\OneDrive\Desktop\projects\IntentOS\packages\isl-lsp
@isl-lang/isl-lsp:build: > tsc
@isl-lang/isl-lsp:build: 
@isl-lang/semantic-analysis:build: cache hit, replaying logs 08740bfc8bf1c4af
@isl-lang/semantic-analysis:build: 
@isl-lang/semantic-analysis:build: > @isl-lang/semantic-analysis@0.1.0 build C:\Users\mevla\OneDrive\Desktop\projects\IntentOS\packages\isl-semantic-analysis
@isl-lang/semantic-analysis:build: > tsup && tsc -p tsconfig.build.json
@isl-lang/semantic-analysis:build: 
@isl-lang/semantic-analysis:build: [34mCLI[39m Building entry: src/index.ts
@isl-lang/semantic-analysis:build: [34mCLI[39m Using tsconfig: tsconfig.build.json
@isl-lang/semantic-analysis:build: [34mCLI[39m tsup v8.5.1
@isl-lang/semantic-analysis:build: [34mCLI[39m Using tsup config: C:\Users\mevla\OneDrive\Desktop\projects\IntentOS\packages\isl-semantic-analysis\tsup.config.ts
@isl-lang/semantic-analysis:build: [34mCLI[39m Target: es2022
@isl-lang/semantic-analysis:build: [34mCLI[39m Cleaning output folder
@isl-lang/semantic-analysis:build: [34mESM[39m Build start
@isl-lang/semantic-analysis:build: [32mESM[39m [1mdist\index.js     [22m[32m200.43 KB[39m
@isl-lang/semantic-analysis:build: [32mESM[39m [1mdist\index.js.map [22m[32m449.73 KB[39m
@isl-lang/semantic-analysis:build: [32mESM[39m ΓÜí∩╕Å Build success in 4134ms
@isl-lang/edge-runtime:build: cache hit, replaying logs 61aa30b70d6f8e40
@isl-lang/edge-runtime:build: 
@isl-lang/edge-runtime:build: > @isl-lang/edge-runtime@0.1.0 build C:\Users\mevla\OneDrive\Desktop\projects\IntentOS\packages\edge-runtime
@isl-lang/edge-runtime:build: > tsc
@isl-lang/edge-runtime:build: 
@isl-lang/migrations:build: cache hit, replaying logs 7ec227c560227b74
@isl-lang/migrations:build: 
@isl-lang/migrations:build: > @isl-lang/migrations@0.1.0 build C:\Users\mevla\OneDrive\Desktop\projects\IntentOS\packages\migrations
@isl-lang/migrations:build: > tsc
@isl-lang/migrations:build: 
@isl-lang/codegen-types:build: cache hit, replaying logs 93ba12ed72bb07b9
@isl-lang/codegen-types:build: 
@isl-lang/codegen-types:build: > @isl-lang/codegen-types@0.1.0 build C:\Users\mevla\OneDrive\Desktop\projects\IntentOS\packages\codegen-types
@isl-lang/codegen-types:build: > tsc
@isl-lang/codegen-types:build: 
@isl-lang/codegen-grpc:build: cache hit, replaying logs 039d6d7a8cc6aba3
@isl-lang/codegen-grpc:build: 
@isl-lang/codegen-grpc:build: > @isl-lang/codegen-grpc@1.0.0 build C:\Users\mevla\OneDrive\Desktop\projects\IntentOS\packages\codegen-grpc
@isl-lang/codegen-grpc:build: > tsc
@isl-lang/codegen-grpc:build: 
@isl-lang/proof:build: cache hit, replaying logs 470a49f3b9ce80b3
@isl-lang/proof:build: 
@isl-lang/proof:build: > @isl-lang/proof@0.1.0 build C:\Users\mevla\OneDrive\Desktop\projects\IntentOS\packages\isl-proof
@isl-lang/proof:build: > tsup
@isl-lang/proof:build: 
@isl-lang/proof:build: [34mCLI[39m Building entry: src/index.ts
@isl-lang/proof:build: [34mCLI[39m Using tsconfig: tsconfig.json
@isl-lang/proof:build: [34mCLI[39m tsup v8.5.1
@isl-lang/proof:build: [34mCLI[39m Using tsup config: C:\Users\mevla\OneDrive\Desktop\projects\IntentOS\packages\isl-proof\tsup.config.ts
@isl-lang/proof:build: [34mCLI[39m Target: es2022
@isl-lang/proof:build: [34mCLI[39m Cleaning output folder
@isl-lang/proof:build: [34mESM[39m Build start
@isl-lang/proof:build: [34mDTS[39m Build start
@isl-lang/proof:build: [32mESM[39m [1mdist\index.js [22m[32m143.08 KB[39m
@isl-lang/proof:build: [32mESM[39m ΓÜí∩╕Å Build success in 3273ms
@isl-lang/proof:build: [32mDTS[39m ΓÜí∩╕Å Build success in 11082ms
@isl-lang/proof:build: [32mDTS[39m [1mdist\index.d.ts [22m[32m68.07 KB[39m
@isl-lang/isl-verify:build: cache hit, replaying logs 50dfbd6aaf0427b7
@isl-lang/isl-verify:build: 
@isl-lang/isl-verify:build: > @isl-lang/isl-verify@0.1.0 build C:\Users\mevla\OneDrive\Desktop\projects\IntentOS\packages\isl-verify
@isl-lang/isl-verify:build: > tsup src/index.ts --format esm --no-dts --clean && tsc -p tsconfig.build.json
@isl-lang/isl-verify:build: 
@isl-lang/isl-verify:build: [34mCLI[39m Building entry: src/index.ts
@isl-lang/isl-verify:build: [34mCLI[39m Using tsconfig: tsconfig.json
@isl-lang/isl-verify:build: [34mCLI[39m tsup v8.5.1
@isl-lang/isl-verify:build: [34mCLI[39m Target: es2022
@isl-lang/isl-verify:build: [34mCLI[39m Cleaning output folder
@isl-lang/isl-verify:build: [34mESM[39m Build start
@isl-lang/isl-verify:build: [32mESM[39m [1mdist\index.js [22m[32m32.64 KB[39m
@isl-lang/isl-verify:build: [32mESM[39m ΓÜí∩╕Å Build success in 95ms
@isl-lang/sdk-typescript:build: cache hit, replaying logs 547e05fd898da4a6
@isl-lang/sdk-typescript:build: 
@isl-lang/sdk-typescript:build: > @isl-lang/sdk-typescript@0.1.0 build C:\Users\mevla\OneDrive\Desktop\projects\IntentOS\packages\sdk-typescript
@isl-lang/sdk-typescript:build: > tsup
@isl-lang/sdk-typescript:build: 
@isl-lang/sdk-typescript:build: [34mCLI[39m Building entry: src/index.ts
@isl-lang/sdk-typescript:build: [34mCLI[39m Using tsconfig: tsconfig.json
@isl-lang/sdk-typescript:build: [34mCLI[39m tsup v8.5.1
@isl-lang/sdk-typescript:build: [34mCLI[39m Using tsup config: C:\Users\mevla\OneDrive\Desktop\projects\IntentOS\packages\sdk-typescript\tsup.config.ts
@isl-lang/sdk-typescript:build: [34mCLI[39m Building entry: src/react/index.ts
@isl-lang/sdk-typescript:build: [34mCLI[39m Using tsconfig: tsconfig.json
@isl-lang/sdk-typescript:build: [34mCLI[39m tsup v8.5.1
@isl-lang/sdk-typescript:build: [34mCLI[39m Using tsup config: C:\Users\mevla\OneDrive\Desktop\projects\IntentOS\packages\sdk-typescript\tsup.config.ts
@isl-lang/sdk-typescript:build: [34mCLI[39m Target: es2022
@isl-lang/sdk-typescript:build: [34mCJS[39m Build start
@isl-lang/sdk-typescript:build: [34mESM[39m Build start
@isl-lang/sdk-typescript:build: [34mCLI[39m Target: es2022
@isl-lang/sdk-typescript:build: [34mCLI[39m Cleaning output folder
@isl-lang/sdk-typescript:build: [34mCJS[39m Build start
@isl-lang/sdk-typescript:build: [34mESM[39m Build start
@isl-lang/sdk-typescript:build: [32mESM[39m [1mdist\index.js     [22m[32m24.08 KB[39m
@isl-lang/sdk-typescript:build: [32mESM[39m [1mdist\index.js.map [22m[32m68.33 KB[39m
@isl-lang/sdk-typescript:build: [32mESM[39m ΓÜí∩╕Å Build success in 1129ms
@isl-lang/sdk-typescript:build: [32mCJS[39m [1mdist\react\index.cjs     [22m[32m27.95 KB[39m
@isl-lang/sdk-typescript:build: [32mCJS[39m [1mdist\react\index.cjs.map [22m[32m67.78 KB[39m
@isl-lang/sdk-typescript:build: [32mCJS[39m ΓÜí∩╕Å Build success in 1448ms
@isl-lang/sdk-typescript:build: [32mCJS[39m [1mdist\index.cjs     [22m[32m24.84 KB[39m
@isl-lang/sdk-typescript:build: [32mCJS[39m [1mdist\index.cjs.map [22m[32m68.45 KB[39m
@isl-lang/sdk-typescript:build: [32mCJS[39m ΓÜí∩╕Å Build success in 1439ms
@isl-lang/sdk-typescript:build: [34mDTS[39m Build start
@isl-lang/sdk-typescript:build: [34mDTS[39m Build start
@isl-lang/sdk-typescript:build: [32mESM[39m [1mdist\react\index.js     [22m[32m26.39 KB[39m
@isl-lang/sdk-typescript:build: [32mESM[39m [1mdist\react\index.js.map [22m[32m67.41 KB[39m
@isl-lang/sdk-typescript:build: [32mESM[39m ΓÜí∩╕Å Build success in 2241ms
@isl-lang/sdk-typescript:build: [32mDTS[39m ΓÜí∩╕Å Build success in 10326ms
@isl-lang/sdk-typescript:build: [32mDTS[39m [1mdist\index.d.cts [22m[32m12.40 KB[39m
@isl-lang/sdk-typescript:build: [32mDTS[39m [1mdist\index.d.ts  [22m[32m12.40 KB[39m
@isl-lang/sdk-typescript:build: [32mDTS[39m ΓÜí∩╕Å Build success in 10384ms
@isl-lang/sdk-typescript:build: [32mDTS[39m [1mdist\react\index.d.cts [22m[32m10.15 KB[39m
@isl-lang/sdk-typescript:build: [32mDTS[39m [1mdist\react\index.d.ts  [22m[32m10.15 KB[39m
@isl-lang/formal-verification:build: cache hit, replaying logs 73ceb9176c70339f
@isl-lang/formal-verification:build: 
@isl-lang/formal-verification:build: > @isl-lang/formal-verification@0.1.0 build C:\Users\mevla\OneDrive\Desktop\projects\IntentOS\packages\formal-verification
@isl-lang/formal-verification:build: > tsup src/index.ts --format esm --no-dts --clean
@isl-lang/formal-verification:build: 
@isl-lang/formal-verification:build: [34mCLI[39m Building entry: src/index.ts
@isl-lang/formal-verification:build: [34mCLI[39m Using tsconfig: tsconfig.json
@isl-lang/formal-verification:build: [34mCLI[39m tsup v8.5.1
@isl-lang/formal-verification:build: [34mCLI[39m Target: es2022
@isl-lang/formal-verification:build: [34mCLI[39m Cleaning output folder
@isl-lang/formal-verification:build: [34mESM[39m Build start
@isl-lang/formal-verification:build: [32mESM[39m [1mdist\index.js [22m[32m41.42 KB[39m
@isl-lang/formal-verification:build: [32mESM[39m ΓÜí∩╕Å Build success in 1188ms
@isl-lang/solver-z3-wasm:build: cache hit, replaying logs d1f9b4291524be68
@isl-lang/solver-z3-wasm:build: 
@isl-lang/solver-z3-wasm:build: > @isl-lang/solver-z3-wasm@0.1.0 build C:\Users\mevla\OneDrive\Desktop\projects\IntentOS\packages\solver-z3-wasm
@isl-lang/solver-z3-wasm:build: > tsup src/index.ts --format esm,cjs --clean
@isl-lang/solver-z3-wasm:build: 
@isl-lang/solver-z3-wasm:build: [34mCLI[39m Building entry: src/index.ts
@isl-lang/solver-z3-wasm:build: [34mCLI[39m Using tsconfig: tsconfig.json
@isl-lang/solver-z3-wasm:build: [34mCLI[39m tsup v8.5.1
@isl-lang/solver-z3-wasm:build: [34mCLI[39m Target: es2022
@isl-lang/solver-z3-wasm:build: [34mCLI[39m Cleaning output folder
@isl-lang/solver-z3-wasm:build: [34mESM[39m Build start
@isl-lang/solver-z3-wasm:build: [34mCJS[39m Build start
@isl-lang/solver-z3-wasm:build: [32mESM[39m [1mdist\index.js [22m[32m10.16 KB[39m
@isl-lang/solver-z3-wasm:build: [32mESM[39m ΓÜí∩╕Å Build success in 773ms
@isl-lang/solver-z3-wasm:build: [32mCJS[39m [1mdist\index.cjs [22m[32m11.91 KB[39m
@isl-lang/solver-z3-wasm:build: [32mCJS[39m ΓÜí∩╕Å Build success in 796ms
@isl-lang/pbt:build: cache hit, replaying logs 8b169c7ce7bf8695
@isl-lang/pbt:build: 
@isl-lang/pbt:build: > @isl-lang/pbt@1.0.0 build C:\Users\mevla\OneDrive\Desktop\projects\IntentOS\packages\isl-pbt
@isl-lang/pbt:build: > tsup --config false src/index.ts src/cli.ts --format esm --clean --sourcemap --no-dts --external @isl-lang/parser --external @isl-lang/verifier-runtime && tsc -p tsconfig.build.json
@isl-lang/pbt:build: 
@isl-lang/pbt:build: [34mCLI[39m Building entry: src/cli.ts, src/index.ts
@isl-lang/pbt:build: [34mCLI[39m Using tsconfig: tsconfig.json
@isl-lang/pbt:build: [34mCLI[39m tsup v8.5.1
@isl-lang/pbt:build: [34mCLI[39m Target: es2022
@isl-lang/pbt:build: [34mCLI[39m Cleaning output folder
@isl-lang/pbt:build: [34mESM[39m Build start
@isl-lang/pbt:build: [32mESM[39m [1mdist\index.js              [22m[32m91.74 KB[39m
@isl-lang/pbt:build: [32mESM[39m [1mdist\cli.js                [22m[32m11.10 KB[39m
@isl-lang/pbt:build: [32mESM[39m [1mdist\chunk-EW63PKTL.js     [22m[32m79.68 KB[39m
@isl-lang/pbt:build: [32mESM[39m [1mdist\cli.js.map            [22m[32m23.85 KB[39m
@isl-lang/pbt:build: [32mESM[39m [1mdist\index.js.map          [22m[32m209.26 KB[39m
@isl-lang/pbt:build: [32mESM[39m [1mdist\chunk-EW63PKTL.js.map [22m[32m193.87 KB[39m
@isl-lang/pbt:build: [32mESM[39m ΓÜí∩╕Å Build success in 2072ms
@isl-lang/sdk-react-native:build: cache hit, replaying logs 3b7632415afdb8f1
@isl-lang/sdk-react-native:build: 
@isl-lang/sdk-react-native:build: > @isl-lang/sdk-react-native@1.0.0 build C:\Users\mevla\OneDrive\Desktop\projects\IntentOS\packages\sdk-react-native
@isl-lang/sdk-react-native:build: > tsup src/index.ts --format cjs,esm --dts
@isl-lang/sdk-react-native:build: 
@isl-lang/sdk-react-native:build: [34mCLI[39m Building entry: src/index.ts
@isl-lang/sdk-react-native:build: [34mCLI[39m Using tsconfig: tsconfig.json
@isl-lang/sdk-react-native:build: [34mCLI[39m tsup v8.5.1
@isl-lang/sdk-react-native:build: [34mCLI[39m Target: es2020
@isl-lang/sdk-react-native:build: [34mCJS[39m Build start
@isl-lang/sdk-react-native:build: [34mESM[39m Build start
@isl-lang/sdk-react-native:build: [34mDTS[39m Build start
@isl-lang/sdk-react-native:build: 
@isl-lang/sdk-react-native:build:  WARN  [33mΓû▓ [43;33m[[43;30mWARNING[43;33m][0m [1mThe condition "types" here will never be used as it comes after both "import" and "require"[0m [package.json]
@isl-lang/sdk-react-native:build: 
@isl-lang/sdk-react-native:build:     package.json:12:6:
@isl-lang/sdk-react-native:build: [37m      12 Γöé       [32m"types"[37m: "./dist/index.d.ts"
@isl-lang/sdk-react-native:build:          Γò╡       [32m~~~~~~~[0m
@isl-lang/sdk-react-native:build: 
@isl-lang/sdk-react-native:build:   The "import" condition comes earlier and will be used for all "import" statements:
@isl-lang/sdk-react-native:build: 
@isl-lang/sdk-react-native:build:     package.json:10:6:
@isl-lang/sdk-react-native:build: [37m      10 Γöé       [32m"import"[37m: "./dist/index.mjs",
@isl-lang/sdk-react-native:build:          Γò╡       [32m~~~~~~~~[0m
@isl-lang/sdk-react-native:build: 
@isl-lang/sdk-react-native:build:   The "require" condition comes earlier and will be used for all "require" calls:
@isl-lang/sdk-react-native:build: 
@isl-lang/sdk-react-native:build:     package.json:11:6:
@isl-lang/sdk-react-native:build: [37m      11 Γöé       [32m"require"[37m: "./dist/index.js",
@isl-lang/sdk-react-native:build:          Γò╡       [32m~~~~~~~~~[0m
@isl-lang/sdk-react-native:build: 
@isl-lang/sdk-react-native:build: 
@isl-lang/sdk-react-native:build: 
@isl-lang/sdk-react-native:build: 
@isl-lang/sdk-react-native:build:  WARN  [33mΓû▓ [43;33m[[43;30mWARNING[43;33m][0m [1mThe condition "types" here will never be used as it comes after both "import" and "require"[0m [package.json]
@isl-lang/sdk-react-native:build: 
@isl-lang/sdk-react-native:build:     package.json:17:6:
@isl-lang/sdk-react-native:build: [37m      17 Γöé       [32m"types"[37m: "./dist/client/index.d.ts"
@isl-lang/sdk-react-native:build:          Γò╡       [32m~~~~~~~[0m
@isl-lang/sdk-react-native:build: 
@isl-lang/sdk-react-native:build:   The "import" condition comes earlier and will be used for all "import" statements:
@isl-lang/sdk-react-native:build: 
@isl-lang/sdk-react-native:build:     package.json:15:6:
@isl-lang/sdk-react-native:build: [37m      15 Γöé       [32m"import"[37m: "./dist/client/index.mjs",
@isl-lang/sdk-react-native:build:          Γò╡       [32m~~~~~~~~[0m
@isl-lang/sdk-react-native:build: 
@isl-lang/sdk-react-native:build:   The "require" condition comes earlier and will be used for all "require" calls:
@isl-lang/sdk-react-native:build: 
@isl-lang/sdk-react-native:build:     package.json:16:6:
@isl-lang/sdk-react-native:build: [37m      16 Γöé       [32m"require"[37m: "./dist/client/index.js",
@isl-lang/sdk-react-native:build:          Γò╡       [32m~~~~~~~~~[0m
@isl-lang/sdk-react-native:build: 
@isl-lang/sdk-react-native:build: 
@isl-lang/sdk-react-native:build: 
@isl-lang/sdk-react-native:build: 
@isl-lang/sdk-react-native:build:  WARN  [33mΓû▓ [43;33m[[43;30mWARNING[43;33m][0m [1mThe condition "types" here will never be used as it comes after both "import" and "require"[0m [package.json]
@isl-lang/sdk-react-native:build: 
@isl-lang/sdk-react-native:build:     package.json:22:6:
@isl-lang/sdk-react-native:build: [37m      22 Γöé       [32m"types"[37m: "./dist/hooks/index.d.ts"
@isl-lang/sdk-react-native:build:          Γò╡       [32m~~~~~~~[0m
@isl-lang/sdk-react-native:build: 
@isl-lang/sdk-react-native:build:   The "import" condition comes earlier and will be used for all "import" statements:
@isl-lang/sdk-react-native:build: 
@isl-lang/sdk-react-native:build:     package.json:20:6:
@isl-lang/sdk-react-native:build: [37m      20 Γöé       [32m"import"[37m: "./dist/hooks/index.mjs",
@isl-lang/sdk-react-native:build:          Γò╡       [32m~~~~~~~~[0m
@isl-lang/sdk-react-native:build: 
@isl-lang/sdk-react-native:build:   The "require" condition comes earlier and will be used for all "require" calls:
@isl-lang/sdk-react-native:build: 
@isl-lang/sdk-react-native:build:     package.json:21:6:
@isl-lang/sdk-react-native:build: [37m      21 Γöé       [32m"require"[37m: "./dist/hooks/index.js",
@isl-lang/sdk-react-native:build:          Γò╡       [32m~~~~~~~~~[0m
@isl-lang/sdk-react-native:build: 
@isl-lang/sdk-react-native:build: 
@isl-lang/sdk-react-native:build: 
@isl-lang/sdk-react-native:build: 
@isl-lang/sdk-react-native:build:  WARN  [33mΓû▓ [43;33m[[43;30mWARNING[43;33m][0m [1mThe condition "types" here will never be used as it comes after both "import" and "require"[0m [package.json]
@isl-lang/sdk-react-native:build: 
@isl-lang/sdk-react-native:build:     package.json:12:6:
@isl-lang/sdk-react-native:build: [37m      12 Γöé       [32m"types"[37m: "./dist/index.d.ts"
@isl-lang/sdk-react-native:build:          Γò╡       [32m~~~~~~~[0m
@isl-lang/sdk-react-native:build: 
@isl-lang/sdk-react-native:build:   The "import" condition comes earlier and will be used for all "import" statements:
@isl-lang/sdk-react-native:build: 
@isl-lang/sdk-react-native:build:     package.json:10:6:
@isl-lang/sdk-react-native:build: [37m      10 Γöé       [32m"import"[37m: "./dist/index.mjs",
@isl-lang/sdk-react-native:build:          Γò╡       [32m~~~~~~~~[0m
@isl-lang/sdk-react-native:build: 
@isl-lang/sdk-react-native:build:   The "require" condition comes earlier and will be used for all "require" calls:
@isl-lang/sdk-react-native:build: 
@isl-lang/sdk-react-native:build:     package.json:11:6:
@isl-lang/sdk-react-native:build: [37m      11 Γöé       [32m"require"[37m: "./dist/index.js",
@isl-lang/sdk-react-native:build:          Γò╡       [32m~~~~~~~~~[0m
@isl-lang/sdk-react-native:build: 
@isl-lang/sdk-react-native:build: 
@isl-lang/sdk-react-native:build: 
@isl-lang/sdk-react-native:build: 
@isl-lang/sdk-react-native:build:  WARN  [33mΓû▓ [43;33m[[43;30mWARNING[43;33m][0m [1mThe condition "types" here will never be used as it comes after both "import" and "require"[0m [package.json]
@isl-lang/sdk-react-native:build: 
@isl-lang/sdk-react-native:build:     package.json:17:6:
@isl-lang/sdk-react-native:build: [37m      17 Γöé       [32m"types"[37m: "./dist/client/index.d.ts"
@isl-lang/sdk-react-native:build:          Γò╡       [32m~~~~~~~[0m
@isl-lang/sdk-react-native:build: 
@isl-lang/sdk-react-native:build:   The "import" condition comes earlier and will be used for all "import" statements:
@isl-lang/sdk-react-native:build: 
@isl-lang/sdk-react-native:build:     package.json:15:6:
@isl-lang/sdk-react-native:build: [37m      15 Γöé       [32m"import"[37m: "./dist/client/index.mjs",
@isl-lang/sdk-react-native:build:          Γò╡       [32m~~~~~~~~[0m
@isl-lang/sdk-react-native:build: 
@isl-lang/sdk-react-native:build:   The "require" condition comes earlier and will be used for all "require" calls:
@isl-lang/sdk-react-native:build: 
@isl-lang/sdk-react-native:build:     package.json:16:6:
@isl-lang/sdk-react-native:build: [37m      16 Γöé       [32m"require"[37m: "./dist/client/index.js",
@isl-lang/sdk-react-native:build:          Γò╡       [32m~~~~~~~~~[0m
@isl-lang/sdk-react-native:build: 
@isl-lang/sdk-react-native:build: 
@isl-lang/sdk-react-native:build: 
@isl-lang/sdk-react-native:build: 
@isl-lang/sdk-react-native:build:  WARN  [33mΓû▓ [43;33m[[43;30mWARNING[43;33m][0m [1mThe condition "types" here will never be used as it comes after both "import" and "require"[0m [package.json]
@isl-lang/sdk-react-native:build: 
@isl-lang/sdk-react-native:build:     package.json:22:6:
@isl-lang/sdk-react-native:build: [37m      22 Γöé       [32m"types"[37m: "./dist/hooks/index.d.ts"
@isl-lang/sdk-react-native:build:          Γò╡       [32m~~~~~~~[0m
@isl-lang/sdk-react-native:build: 
@isl-lang/sdk-react-native:build:   The "import" condition comes earlier and will be used for all "import" statements:
@isl-lang/sdk-react-native:build: 
@isl-lang/sdk-react-native:build:     package.json:20:6:
@isl-lang/sdk-react-native:build: [37m      20 Γöé       [32m"import"[37m: "./dist/hooks/index.mjs",
@isl-lang/sdk-react-native:build:          Γò╡       [32m~~~~~~~~[0m
@isl-lang/sdk-react-native:build: 
@isl-lang/sdk-react-native:build:   The "require" condition comes earlier and will be used for all "require" calls:
@isl-lang/sdk-react-native:build: 
@isl-lang/sdk-react-native:build:     package.json:21:6:
@isl-lang/sdk-react-native:build: [37m      21 Γöé       [32m"require"[37m: "./dist/hooks/index.js",
@isl-lang/sdk-react-native:build:          Γò╡       [32m~~~~~~~~~[0m
@isl-lang/sdk-react-native:build: 
@isl-lang/sdk-react-native:build: 
@isl-lang/sdk-react-native:build: 
@isl-lang/sdk-react-native:build: [32mCJS[39m [1mdist\index.cjs [22m[32m67.75 KB[39m
@isl-lang/sdk-react-native:build: [32mCJS[39m ΓÜí∩╕Å Build success in 2435ms
@isl-lang/sdk-react-native:build: [32mESM[39m [1mdist\useQuery-3YJUAJ2R.js [22m[32m213.00 B[39m
@isl-lang/sdk-react-native:build: [32mESM[39m [1mdist\index.js             [22m[32m28.05 KB[39m
@isl-lang/sdk-react-native:build: [32mESM[39m [1mdist\chunk-SORWTFVH.js    [22m[32m29.97 KB[39m
@isl-lang/sdk-react-native:build: [32mESM[39m ΓÜí∩╕Å Build success in 2436ms
@isl-lang/sdk-web:build: cache hit, replaying logs b863990237eee1e8
@isl-lang/sdk-web:build: 
@isl-lang/sdk-web:build: > @isl-lang/sdk-web@1.0.0 build C:\Users\mevla\OneDrive\Desktop\projects\IntentOS\packages\sdk-web
@isl-lang/sdk-web:build: > tsc
@isl-lang/sdk-web:build: 
@isl-lang/sdk-react-native:build: [32mDTS[39m ΓÜí∩╕Å Build success in 11712ms
@isl-lang/sdk-react-native:build: [32mDTS[39m [1mdist\index.d.cts [22m[32m38.24 KB[39m
@isl-lang/sdk-react-native:build: [32mDTS[39m [1mdist\index.d.ts  [22m[32m38.24 KB[39m
@isl-lang/spec-assist:build: cache hit, replaying logs 0470c469ab5c93cb
@isl-lang/spec-assist:build: 
@isl-lang/spec-assist:build: > @isl-lang/spec-assist@0.1.0 build C:\Users\mevla\OneDrive\Desktop\projects\IntentOS\packages\spec-assist
@isl-lang/spec-assist:build: > tsup src/index.ts --format cjs,esm --no-dts
@isl-lang/spec-assist:build: 
@isl-lang/spec-assist:build: [34mCLI[39m Building entry: src/index.ts
@isl-lang/spec-assist:build: [34mCLI[39m Using tsconfig: tsconfig.json
@isl-lang/spec-assist:build: [34mCLI[39m tsup v8.5.1
@isl-lang/spec-assist:build: [34mCLI[39m Target: es2022
@isl-lang/spec-assist:build: [34mCJS[39m Build start
@isl-lang/spec-assist:build: [34mESM[39m Build start
@isl-lang/spec-assist:build: [32mESM[39m [1mdist\fileFromPath-MGYJJKB3.js [22m[32m5.14 KB[39m
@isl-lang/spec-assist:build: [32mESM[39m [1mdist\index.js                 [22m[32m27.01 KB[39m
@isl-lang/spec-assist:build: [32mESM[39m [1mdist\chunk-DJEPQELD.js        [22m[32m86.01 KB[39m
@isl-lang/spec-assist:build: [32mESM[39m [1mdist\chunk-4VNS5WPM.js        [22m[32m1.83 KB[39m
@isl-lang/spec-assist:build: [32mESM[39m [1mdist\sdk-E2D7K35R.js          [22m[32m689.58 KB[39m
@isl-lang/spec-assist:build: [32mESM[39m ΓÜí∩╕Å Build success in 4085ms
@isl-lang/spec-assist:build: [32mCJS[39m [1mdist\index.cjs [22m[32m836.37 KB[39m
@isl-lang/spec-assist:build: [32mCJS[39m ΓÜí∩╕Å Build success in 4348ms
@isl-lang/security-verifier-enhancer:build: cache hit, replaying logs 047e4fbbfe141b85
@isl-lang/security-verifier-enhancer:build: 
@isl-lang/security-verifier-enhancer:build: > @isl-lang/security-verifier-enhancer@0.1.0 build C:\Users\mevla\OneDrive\Desktop\projects\IntentOS\packages\security-verifier-enhancer
@isl-lang/security-verifier-enhancer:build: > tsup && tsc -p tsconfig.build.json
@isl-lang/security-verifier-enhancer:build: 
@isl-lang/security-verifier-enhancer:build: [34mCLI[39m Building entry: src/index.ts
@isl-lang/security-verifier-enhancer:build: [34mCLI[39m Using tsconfig: tsconfig.json
@isl-lang/security-verifier-enhancer:build: [34mCLI[39m tsup v8.5.1
@isl-lang/security-verifier-enhancer:build: [34mCLI[39m Using tsup config: C:\Users\mevla\OneDrive\Desktop\projects\IntentOS\packages\security-verifier-enhancer\tsup.config.ts
@isl-lang/security-verifier-enhancer:build: [34mCLI[39m Target: es2022
@isl-lang/security-verifier-enhancer:build: [34mCLI[39m Cleaning output folder
@isl-lang/security-verifier-enhancer:build: [34mESM[39m Build start
@isl-lang/security-verifier-enhancer:build: [32mESM[39m [1mdist\index.js     [22m[32m24.15 KB[39m
@isl-lang/security-verifier-enhancer:build: [32mESM[39m [1mdist\index.js.map [22m[32m56.85 KB[39m
@isl-lang/security-verifier-enhancer:build: [32mESM[39m ΓÜí∩╕Å Build success in 475ms
@isl-lang/pipeline:build: cache hit, replaying logs 109038adbf3ace9f
@isl-lang/pipeline:build: 
@isl-lang/pipeline:build: > @isl-lang/pipeline@0.1.0 build C:\Users\mevla\OneDrive\Desktop\projects\IntentOS\packages\isl-pipeline
@isl-lang/pipeline:build: > tsup
@isl-lang/pipeline:build: 
@isl-lang/pipeline:build: [34mCLI[39m Building entry: src/cli.ts, src/index.ts, src/performance/cli.ts
@isl-lang/pipeline:build: [34mCLI[39m Using tsconfig: tsconfig.json
@isl-lang/pipeline:build: [34mCLI[39m tsup v8.5.1
@isl-lang/pipeline:build: [34mCLI[39m Using tsup config: C:\Users\mevla\OneDrive\Desktop\projects\IntentOS\packages\isl-pipeline\tsup.config.ts
@isl-lang/pipeline:build: [34mCLI[39m Target: es2022
@isl-lang/pipeline:build: [34mCLI[39m Cleaning output folder
@isl-lang/pipeline:build: [34mESM[39m Build start
@isl-lang/pipeline:build: [32mESM[39m [1mdist\cli.js                 [22m[32m10.32 KB[39m
@isl-lang/pipeline:build: [32mESM[39m [1mdist\index.js               [22m[32m106.88 KB[39m
@isl-lang/pipeline:build: [32mESM[39m [1mdist\performance\cli.js     [22m[32m10.57 KB[39m
@isl-lang/pipeline:build: [32mESM[39m [1mdist\chunk-52W3J4Y4.js      [22m[32m10.67 KB[39m
@isl-lang/pipeline:build: [32mESM[39m [1mdist\chunk-GUEHQD5Q.js      [22m[32m44.56 KB[39m
@isl-lang/pipeline:build: [32mESM[39m [1mdist\chunk-Y3U2GN2C.js      [22m[32m50.19 KB[39m
@isl-lang/pipeline:build: [32mESM[39m [1mdist\cli.js.map             [22m[32m20.62 KB[39m
@isl-lang/pipeline:build: [32mESM[39m [1mdist\performance\cli.js.map [22m[32m21.71 KB[39m
@isl-lang/pipeline:build: [32mESM[39m [1mdist\index.js.map           [22m[32m223.40 KB[39m
@isl-lang/pipeline:build: [32mESM[39m [1mdist\chunk-GUEHQD5Q.js.map  [22m[32m95.55 KB[39m
@isl-lang/pipeline:build: [32mESM[39m [1mdist\chunk-52W3J4Y4.js.map  [22m[32m18.15 KB[39m
@isl-lang/pipeline:build: [32mESM[39m [1mdist\chunk-Y3U2GN2C.js.map  [22m[32m90.11 KB[39m
@isl-lang/pipeline:build: [32mESM[39m ΓÜí∩╕Å Build success in 3487ms
@isl-lang/compliance:build: cache hit, replaying logs eda2cb672c1b5397
@isl-lang/compliance:build: 
@isl-lang/compliance:build: > @isl-lang/compliance@0.1.0 build C:\Users\mevla\OneDrive\Desktop\projects\IntentOS\packages\compliance
@isl-lang/compliance:build: > tsc
@isl-lang/compliance:build: 
@isl-lang/api-generator:build: cache hit, replaying logs 1b6ee6ffc139f7c4
@isl-lang/api-generator:build: 
@isl-lang/api-generator:build: > @isl-lang/api-generator@0.1.0 build C:\Users\mevla\OneDrive\Desktop\projects\IntentOS\packages\api-generator
@isl-lang/api-generator:build: > tsc
@isl-lang/api-generator:build: 
@isl-lang/isl-cli:build: cache hit, replaying logs 52e69f2022881546
@isl-lang/isl-cli:build: 
@isl-lang/isl-cli:build: > @isl-lang/isl-cli@0.1.0 build C:\Users\mevla\OneDrive\Desktop\projects\IntentOS\packages\isl-cli
@isl-lang/isl-cli:build: > tsup src/index.ts --format esm --no-dts --clean
@isl-lang/isl-cli:build: 
@isl-lang/isl-cli:build: [34mCLI[39m Building entry: src/index.ts
@isl-lang/isl-cli:build: [34mCLI[39m Using tsconfig: tsconfig.json
@isl-lang/isl-cli:build: [34mCLI[39m tsup v8.5.1
@isl-lang/isl-cli:build: [34mCLI[39m Target: es2022
@isl-lang/isl-cli:build: [34mCLI[39m Cleaning output folder
@isl-lang/isl-cli:build: [34mESM[39m Build start
@isl-lang/isl-cli:build: [32mESM[39m [1mdist\index.js [22m[32m41.64 KB[39m
@isl-lang/isl-cli:build: [32mESM[39m ΓÜí∩╕Å Build success in 1938ms
@isl-lang/codegen:build: cache hit, replaying logs e47f15549fdfa452
@isl-lang/codegen:build: 
@isl-lang/codegen:build: > @isl-lang/codegen@0.1.0 build C:\Users\mevla\OneDrive\Desktop\projects\IntentOS\packages\codegen
@isl-lang/codegen:build: > tsup
@isl-lang/codegen:build: 
@isl-lang/codegen:build: [34mCLI[39m Building entry: src/go.ts, src/graphql.ts, src/index.ts, src/openapi.ts, src/python.ts, src/rust.ts, src/typescript.ts
@isl-lang/codegen:build: [34mCLI[39m Using tsconfig: tsconfig.json
@isl-lang/codegen:build: [34mCLI[39m tsup v8.5.1
@isl-lang/codegen:build: [34mCLI[39m Using tsup config: C:\Users\mevla\OneDrive\Desktop\projects\IntentOS\packages\codegen\tsup.config.ts
@isl-lang/codegen:build: [34mCLI[39m Target: es2022
@isl-lang/codegen:build: [34mCLI[39m Cleaning output folder
@isl-lang/codegen:build: [34mESM[39m Build start
@isl-lang/codegen:build: [34mCJS[39m Build start
@isl-lang/codegen:build: [34mDTS[39m Build start
@isl-lang/codegen:build: Entry module "dist/go.cjs" is using named and default exports together. Consumers of your bundle will have to use `chunk.default` to access the default export, which may not be what you want. Use `output.exports: "named"` to disable this warning.
@isl-lang/codegen:build: Entry module "dist/graphql.cjs" is using named and default exports together. Consumers of your bundle will have to use `chunk.default` to access the default export, which may not be what you want. Use `output.exports: "named"` to disable this warning.
@isl-lang/codegen:build: Entry module "dist/python.cjs" is using named and default exports together. Consumers of your bundle will have to use `chunk.default` to access the default export, which may not be what you want. Use `output.exports: "named"` to disable this warning.
@isl-lang/codegen:build: Entry module "dist/openapi.cjs" is using named and default exports together. Consumers of your bundle will have to use `chunk.default` to access the default export, which may not be what you want. Use `output.exports: "named"` to disable this warning.
@isl-lang/codegen:build: Entry module "dist/rust.cjs" is using named and default exports together. Consumers of your bundle will have to use `chunk.default` to access the default export, which may not be what you want. Use `output.exports: "named"` to disable this warning.
@isl-lang/codegen:build: Entry module "dist/typescript.cjs" is using named and default exports together. Consumers of your bundle will have to use `chunk.default` to access the default export, which may not be what you want. Use `output.exports: "named"` to disable this warning.
@isl-lang/codegen:build: [32mCJS[39m [1mdist\go.cjs             [22m[32m1012.00 B[39m
@isl-lang/codegen:build: [32mCJS[39m [1mdist\graphql.cjs        [22m[32m1.05 KB[39m
@isl-lang/codegen:build: [32mCJS[39m [1mdist\rust.cjs           [22m[32m1.01 KB[39m
@isl-lang/codegen:build: [32mCJS[39m [1mdist\python.cjs         [22m[32m1.04 KB[39m
@isl-lang/codegen:build: [32mCJS[39m [1mdist\index.cjs          [22m[32m2.51 KB[39m
@isl-lang/codegen:build: [32mCJS[39m [1mdist\typescript.cjs     [22m[32m1.05 KB[39m
@isl-lang/codegen:build: [32mCJS[39m [1mdist\openapi.cjs        [22m[32m1.05 KB[39m
@isl-lang/codegen:build: [32mCJS[39m [1mdist\go.cjs.map         [22m[32m330.00 B[39m
@isl-lang/codegen:build: [32mCJS[39m [1mdist\graphql.cjs.map    [22m[32m370.00 B[39m
@isl-lang/codegen:build: [32mCJS[39m [1mdist\rust.cjs.map       [22m[32m346.00 B[39m
@isl-lang/codegen:build: [32mCJS[39m [1mdist\index.cjs.map      [22m[32m2.23 KB[39m
@isl-lang/codegen:build: [32mCJS[39m [1mdist\python.cjs.map     [22m[32m362.00 B[39m
@isl-lang/codegen:build: [32mCJS[39m [1mdist\typescript.cjs.map [22m[32m370.00 B[39m
@isl-lang/codegen:build: [32mCJS[39m [1mdist\openapi.cjs.map    [22m[32m370.00 B[39m
@isl-lang/codegen:build: [32mCJS[39m ΓÜí∩╕Å Build success in 2620ms
@isl-lang/codegen:build: [32mESM[39m [1mdist\go.js             [22m[32m225.00 B[39m
@isl-lang/codegen:build: [32mESM[39m [1mdist\graphql.js        [22m[32m270.00 B[39m
@isl-lang/codegen:build: [32mESM[39m [1mdist\openapi.js        [22m[32m270.00 B[39m
@isl-lang/codegen:build: [32mESM[39m [1mdist\python.js         [22m[32m261.00 B[39m
@isl-lang/codegen:build: [32mESM[39m [1mdist\index.js          [22m[32m1.04 KB[39m
@isl-lang/codegen:build: [32mESM[39m [1mdist\rust.js           [22m[32m243.00 B[39m
@isl-lang/codegen:build: [32mESM[39m [1mdist\typescript.js     [22m[32m277.00 B[39m
@isl-lang/codegen:build: [32mESM[39m [1mdist\go.js.map         [22m[32m295.00 B[39m
@isl-lang/codegen:build: [32mESM[39m [1mdist\graphql.js.map    [22m[32m330.00 B[39m
@isl-lang/codegen:build: [32mESM[39m [1mdist\openapi.js.map    [22m[32m330.00 B[39m
@isl-lang/codegen:build: [32mESM[39m [1mdist\python.js.map     [22m[32m323.00 B[39m
@isl-lang/codegen:build: [32mESM[39m [1mdist\rust.js.map       [22m[32m309.00 B[39m
@isl-lang/codegen:build: [32mESM[39m [1mdist\index.js.map      [22m[32m2.02 KB[39m
@isl-lang/codegen:build: [32mESM[39m [1mdist\typescript.js.map [22m[32m332.00 B[39m
@isl-lang/codegen:build: [32mESM[39m ΓÜí∩╕Å Build success in 2662ms
@isl-lang/codegen:build: [32mDTS[39m ΓÜí∩╕Å Build success in 13012ms
@isl-lang/codegen:build: [32mDTS[39m [1mdist\go.d.ts          [22m[32m160.00 B[39m
@isl-lang/codegen:build: [32mDTS[39m [1mdist\graphql.d.ts     [22m[32m185.00 B[39m
@isl-lang/codegen:build: [32mDTS[39m [1mdist\index.d.ts       [22m[32m1.64 KB[39m
@isl-lang/codegen:build: [32mDTS[39m [1mdist\openapi.d.ts     [22m[32m191.00 B[39m
@isl-lang/codegen:build: [32mDTS[39m [1mdist\python.d.ts      [22m[32m186.00 B[39m
@isl-lang/codegen:build: [32mDTS[39m [1mdist\rust.d.ts        [22m[32m176.00 B[39m
@isl-lang/codegen:build: [32mDTS[39m [1mdist\typescript.d.ts  [22m[32m186.00 B[39m
@isl-lang/codegen:build: [32mDTS[39m [1mdist\go.d.cts         [22m[32m160.00 B[39m
@isl-lang/codegen:build: [32mDTS[39m [1mdist\graphql.d.cts    [22m[32m185.00 B[39m
@isl-lang/codegen:build: [32mDTS[39m [1mdist\index.d.cts      [22m[32m1.64 KB[39m
@isl-lang/codegen:build: [32mDTS[39m [1mdist\openapi.d.cts    [22m[32m191.00 B[39m
@isl-lang/codegen:build: [32mDTS[39m [1mdist\python.d.cts     [22m[32m186.00 B[39m
@isl-lang/codegen:build: [32mDTS[39m [1mdist\rust.d.cts       [22m[32m176.00 B[39m
@isl-lang/codegen:build: [32mDTS[39m [1mdist\typescript.d.cts [22m[32m186.00 B[39m
@isl-lang/agent-os:build: cache hit, replaying logs 71412f3027f5c479
@isl-lang/agent-os:build: 
@isl-lang/agent-os:build: > @isl-lang/agent-os@0.1.0 build C:\Users\mevla\OneDrive\Desktop\projects\IntentOS\packages\agent-os
@isl-lang/agent-os:build: > tsup src/index.ts --format esm --dts --clean
@isl-lang/agent-os:build: 
@isl-lang/agent-os:build: [34mCLI[39m Building entry: src/index.ts
@isl-lang/agent-os:build: [34mCLI[39m Using tsconfig: tsconfig.json
@isl-lang/agent-os:build: [34mCLI[39m tsup v8.5.1
@isl-lang/agent-os:build: [34mCLI[39m Target: es2022
@isl-lang/agent-os:build: [34mCLI[39m Cleaning output folder
@isl-lang/agent-os:build: [34mESM[39m Build start
@isl-lang/agent-os:build: [32mESM[39m [1mdist\orchestrator-YI5RLWZX.js [22m[32m140.00 B[39m
@isl-lang/agent-os:build: [32mESM[39m [1mdist\index.js                 [22m[32m421.00 B[39m
@isl-lang/agent-os:build: [32mESM[39m [1mdist\chunk-JNH2BMJD.js        [22m[32m9.53 KB[39m
@isl-lang/agent-os:build: [32mESM[39m ΓÜí∩╕Å Build success in 1065ms
@isl-lang/agent-os:build: [34mDTS[39m Build start
@isl-lang/agent-os:build: [32mDTS[39m ΓÜí∩╕Å Build success in 7137ms
@isl-lang/agent-os:build: [32mDTS[39m [1mdist\index.d.ts [22m[32m4.00 KB[39m
@isl-lang/gate:build: cache hit, replaying logs e38064aa19150037
@isl-lang/gate:build: 
@isl-lang/gate:build: > @isl-lang/gate@0.1.0 build C:\Users\mevla\OneDrive\Desktop\projects\IntentOS\packages\isl-gate
@isl-lang/gate:build: > tsup src/index.ts src/scoring/index.ts src/trust-score/index.ts src/types/index.ts src/specless/index.ts src/pr-analysis/index.ts src/verdict-scoring/index.ts --format esm --dts --clean
@isl-lang/gate:build: 
@isl-lang/gate:build: [34mCLI[39m Building entry: src/index.ts, src/pr-analysis/index.ts, src/scoring/index.ts, src/specless/index.ts, src/types/index.ts, src/trust-score/index.ts, src/verdict-scoring/index.ts
@isl-lang/gate:build: [34mCLI[39m Using tsconfig: tsconfig.json
@isl-lang/gate:build: [34mCLI[39m tsup v8.5.1
@isl-lang/gate:build: [34mCLI[39m Target: es2022
@isl-lang/gate:build: [34mCLI[39m Cleaning output folder
@isl-lang/gate:build: [34mESM[39m Build start
@isl-lang/gate:build: 
@isl-lang/gate:build:  WARN  [33mΓû▓ [43;33m[[43;30mWARNING[43;33m][0m [1mIgnoring this import because "src/specless/index.ts" was marked as having no side effects[0m [ignored-bare-import]
@isl-lang/gate:build: 
@isl-lang/gate:build:     src/index.ts:41:7:
@isl-lang/gate:build: [37m      41 Γöé import [32m'./specless/index.js'[37m;
@isl-lang/gate:build:          Γò╡        [32m~~~~~~~~~~~~~~~~~~~~~[0m
@isl-lang/gate:build: 
@isl-lang/gate:build:   It was excluded from the "sideEffects" array in the enclosing "package.json" file:
@isl-lang/gate:build: 
@isl-lang/gate:build:     package.json:82:2:
@isl-lang/gate:build: [37m      82 Γöé   [32m"sideEffects"[37m: [
@isl-lang/gate:build:          Γò╡   [32m~~~~~~~~~~~~~[0m
@isl-lang/gate:build: 
@isl-lang/gate:build: 
@isl-lang/gate:build: 
@isl-lang/gate:build: [32mESM[39m [1mdist\index.js                 [22m[32m45.98 KB[39m
@isl-lang/gate:build: [32mESM[39m [1mdist\chunk-B475ZQGX.js        [22m[32m15.45 KB[39m
@isl-lang/gate:build: [32mESM[39m [1mdist\scoring\index.js         [22m[32m1.11 KB[39m
@isl-lang/gate:build: [32mESM[39m [1mdist\pr-analysis\index.js     [22m[32m831.00 B[39m
@isl-lang/gate:build: [32mESM[39m [1mdist\specless\index.js        [22m[32m660.00 B[39m
@isl-lang/gate:build: [32mESM[39m [1mdist\types\index.js           [22m[32m367.00 B[39m
@isl-lang/gate:build: [32mESM[39m [1mdist\chunk-YWE7AOOG.js        [22m[32m33.97 KB[39m
@isl-lang/gate:build: [32mESM[39m [1mdist\chunk-OMXACQK4.js        [22m[32m6.01 KB[39m
@isl-lang/gate:build: [32mESM[39m [1mdist\trust-score\index.js     [22m[32m833.00 B[39m
@isl-lang/gate:build: [32mESM[39m [1mdist\chunk-BT56AKI4.js        [22m[32m18.63 KB[39m
@isl-lang/gate:build: [32mESM[39m [1mdist\chunk-FOVFXTWR.js        [22m[32m1.41 KB[39m
@isl-lang/gate:build: [32mESM[39m [1mdist\verdict-scoring\index.js [22m[32m19.08 KB[39m
@isl-lang/gate:build: [32mESM[39m [1mdist\chunk-3RG5ZIWI.js        [22m[32m390.00 B[39m
@isl-lang/gate:build: [32mESM[39m [1mdist\chunk-25A5LLPE.js        [22m[32m4.11 KB[39m
@isl-lang/gate:build: [32mESM[39m ΓÜí∩╕Å Build success in 98ms
@isl-lang/gate:build: [34mDTS[39m Build start
@isl-lang/gate:build: [32mDTS[39m ΓÜí∩╕Å Build success in 12107ms
@isl-lang/gate:build: [32mDTS[39m [1mdist\types\index.d.ts             [22m[32m6.12 KB[39m
@isl-lang/gate:build: [32mDTS[39m [1mdist\specless\index.d.ts          [22m[32m9.39 KB[39m
@isl-lang/gate:build: [32mDTS[39m [1mdist\trust-score\index.d.ts       [22m[32m3.47 KB[39m
@isl-lang/gate:build: [32mDTS[39m [1mdist\verdict-scoring\index.d.ts   [22m[32m5.66 KB[39m
@isl-lang/gate:build: [32mDTS[39m [1mdist\index.d.ts                   [22m[32m18.81 KB[39m
@isl-lang/gate:build: [32mDTS[39m [1mdist\pr-analysis\index.d.ts       [22m[32m10.85 KB[39m
@isl-lang/gate:build: [32mDTS[39m [1mdist\scoring\index.d.ts           [22m[32m3.83 KB[39m
@isl-lang/gate:build: [32mDTS[39m [1mdist\verdict-engine-CCsnJ_Vs.d.ts [22m[32m4.02 KB[39m
@isl-lang/gate:build: [32mDTS[39m [1mdist\orchestrator-CHlc8H1I.d.ts   [22m[32m12.80 KB[39m
@isl-lang/comparator:build: cache hit, replaying logs 34e3cd11cfa701f5
@isl-lang/comparator:build: 
@isl-lang/comparator:build: > @isl-lang/comparator@0.1.0 build C:\Users\mevla\OneDrive\Desktop\projects\IntentOS\packages\comparator
@isl-lang/comparator:build: > tsup src/index.ts --format esm --dts --clean
@isl-lang/comparator:build: 
@isl-lang/comparator:build: [34mCLI[39m Building entry: src/index.ts
@isl-lang/comparator:build: [34mCLI[39m Using tsconfig: tsconfig.json
@isl-lang/comparator:build: [34mCLI[39m tsup v8.5.1
@isl-lang/comparator:build: [34mCLI[39m Target: es2022
@isl-lang/comparator:build: [34mCLI[39m Cleaning output folder
@isl-lang/comparator:build: [34mESM[39m Build start
@isl-lang/comparator:build: [32mESM[39m [1mdist\index.js [22m[32m60.93 KB[39m
@isl-lang/comparator:build: [32mESM[39m ΓÜí∩╕Å Build success in 889ms
@isl-lang/comparator:build: [34mDTS[39m Build start
@isl-lang/comparator:build: [32mDTS[39m ΓÜí∩╕Å Build success in 5890ms
@isl-lang/comparator:build: [32mDTS[39m [1mdist\index.d.ts [22m[32m20.41 KB[39m
@isl-lang/trace-format:build: cache hit, replaying logs d9bae251eeb36e9a
@isl-lang/trace-format:build: 
@isl-lang/trace-format:build: > @isl-lang/trace-format@0.1.0 build C:\Users\mevla\OneDrive\Desktop\projects\IntentOS\packages\isl-trace-format
@isl-lang/trace-format:build: > tsup src/index.ts src/schema.ts --format esm --dts --clean
@isl-lang/trace-format:build: 
@isl-lang/trace-format:build: [34mCLI[39m Building entry: src/index.ts, src/schema.ts
@isl-lang/trace-format:build: [34mCLI[39m Using tsconfig: tsconfig.json
@isl-lang/trace-format:build: [34mCLI[39m tsup v8.5.1
@isl-lang/trace-format:build: [34mCLI[39m Target: es2022
@isl-lang/trace-format:build: [34mCLI[39m Cleaning output folder
@isl-lang/trace-format:build: [34mESM[39m Build start
@isl-lang/trace-format:build: [34mDTS[39m Build start
@isl-lang/trace-format:build: [32mESM[39m [1mdist\index.js          [22m[32m45.02 KB[39m
@isl-lang/trace-format:build: [32mESM[39m [1mdist\schema.js         [22m[32m487.00 B[39m
@isl-lang/trace-format:build: [32mESM[39m [1mdist\chunk-GJKY65XY.js [22m[32m266.07 KB[39m
@isl-lang/trace-format:build: [32mESM[39m ΓÜí∩╕Å Build success in 1037ms
@isl-lang/trace-format:build: [32mDTS[39m ΓÜí∩╕Å Build success in 7551ms
@isl-lang/trace-format:build: [32mDTS[39m [1mdist\index.d.ts           [22m[32m14.20 KB[39m
@isl-lang/trace-format:build: [32mDTS[39m [1mdist\schema.d.ts          [22m[32m291.00 B[39m
@isl-lang/trace-format:build: [32mDTS[39m [1mdist\schema-W9x-JQNS.d.ts [22m[32m21.36 KB[39m
@isl-lang/evidence:build: cache hit, replaying logs f71186df6b1ccbcf
@isl-lang/evidence:build: 
@isl-lang/evidence:build: > @isl-lang/evidence@0.1.0 build C:\Users\mevla\OneDrive\Desktop\projects\IntentOS\packages\isl-evidence
@isl-lang/evidence:build: > tsup src/index.ts --format esm --dts --clean
@isl-lang/evidence:build: 
@isl-lang/evidence:build: [34mCLI[39m Building entry: src/index.ts
@isl-lang/evidence:build: [34mCLI[39m Using tsconfig: tsconfig.json
@isl-lang/evidence:build: [34mCLI[39m tsup v8.5.1
@isl-lang/evidence:build: [34mCLI[39m Target: es2022
@isl-lang/evidence:build: [34mCLI[39m Cleaning output folder
@isl-lang/evidence:build: [34mESM[39m Build start
@isl-lang/evidence:build: [32mESM[39m [1mdist\index.js [22m[32m14.46 KB[39m
@isl-lang/evidence:build: [32mESM[39m ΓÜí∩╕Å Build success in 598ms
@isl-lang/evidence:build: [34mDTS[39m Build start
@isl-lang/evidence:build: [32mDTS[39m ΓÜí∩╕Å Build success in 4694ms
@isl-lang/evidence:build: [32mDTS[39m [1mdist\index.d.ts [22m[32m4.97 KB[39m
@isl-lang/contract-testing:build: cache hit, replaying logs 1f93591d99af47be
@isl-lang/contract-testing:build: 
@isl-lang/contract-testing:build: > @isl-lang/contract-testing@0.1.0 build C:\Users\mevla\OneDrive\Desktop\projects\IntentOS\packages\contract-testing
@isl-lang/contract-testing:build: > tsc
@isl-lang/contract-testing:build: 
@shipgate/sdk:build: cache hit, replaying logs f382eff3d2258bf5
@shipgate/sdk:build: 
@shipgate/sdk:build: > @shipgate/sdk@0.1.0 build C:\Users\mevla\OneDrive\Desktop\projects\IntentOS\packages\sdk
@shipgate/sdk:build: > tsup && tsc -p tsconfig.build.json
@shipgate/sdk:build: 
@shipgate/sdk:build: [34mCLI[39m Building entry: src/index.ts
@shipgate/sdk:build: [34mCLI[39m Using tsconfig: tsconfig.json
@shipgate/sdk:build: [34mCLI[39m tsup v8.5.1
@shipgate/sdk:build: [34mCLI[39m Using tsup config: C:\Users\mevla\OneDrive\Desktop\projects\IntentOS\packages\sdk\tsup.config.ts
@shipgate/sdk:build: [34mCLI[39m Target: node18
@isl-lang/mcp-server:build: cache hit, replaying logs a69dfaa1f83ed461
@shipgate/sdk:build: [34mCLI[39m Cleaning output folder
@shipgate/sdk:build: [34mESM[39m Build start
@shipgate/sdk:build: [34mCJS[39m Build start
@shipgate/sdk:build: [32mESM[39m [1mdist\index.js     [22m[32m11.81 KB[39m
@shipgate/sdk:build: [32mESM[39m [1mdist\index.js.map [22m[32m36.65 KB[39m
@shipgate/sdk:build: [32mESM[39m ΓÜí∩╕Å Build success in 1912ms
@shipgate/sdk:build: [32mCJS[39m [1mdist\index.cjs     [22m[32m12.53 KB[39m
@shipgate/sdk:build: [32mCJS[39m [1mdist\index.cjs.map [22m[32m36.75 KB[39m
@shipgate/sdk:build: [32mCJS[39m ΓÜí∩╕Å Build success in 1912ms
@isl-lang/mcp-server:build: 
@isl-lang/mcp-server:build: > @isl-lang/mcp-server@0.1.0 build C:\Users\mevla\OneDrive\Desktop\projects\IntentOS\packages\mcp-server
@isl-lang/mcp-server:build: > tsup src/index.ts src/core.ts src/auth.ts src/tools/pipeline/index.ts src/tools/pipeline/pipeline-tools.ts src/tools/pipeline/gate-tool.ts src/tools/pipeline/pipeline-types.ts src/tools/pipeline/gate-types.ts --format esm --dts --clean
@isl-lang/mcp-server:build: 
@isl-lang/mcp-server:build: [34mCLI[39m Building entry: src/auth.ts, src/core.ts, src/index.ts, src/tools/pipeline/gate-tool.ts, src/tools/pipeline/gate-types.ts, src/tools/pipeline/index.ts, src/tools/pipeline/pipeline-tools.ts, src/tools/pipeline/pipeline-types.ts
@isl-lang/mcp-server:build: [34mCLI[39m Using tsconfig: tsconfig.json
@isl-lang/mcp-server:build: [34mCLI[39m tsup v8.5.1
@isl-lang/mcp-server:build: [34mCLI[39m Target: es2022
@isl-lang/mcp-server:build: [34mCLI[39m Cleaning output folder
@isl-lang/firewall:build: cache hit, replaying logs 2bb18bad7aa53caf
@isl-lang/mcp-server:build: [34mESM[39m Build start
@isl-lang/mcp-server:build: [34mDTS[39m Build start
@isl-lang/mcp-server:build: [32mESM[39m [1mdist\chunk-EBCL4KXI.js                 [22m[32m0 B[39m
@isl-lang/mcp-server:build: [32mESM[39m [1mdist\translator-tool-types-XTNXIM2T.js [22m[32m103.00 B[39m
@isl-lang/mcp-server:build: [32mESM[39m [1mdist\chunk-AFLUITIR.js                 [22m[32m3.26 KB[39m
@isl-lang/mcp-server:build: [32mESM[39m [1mdist\auth.js                           [22m[32m161.00 B[39m
@isl-lang/firewall:build: 
@isl-lang/firewall:build: > @isl-lang/firewall@0.2.0 build C:\Users\mevla\OneDrive\Desktop\projects\IntentOS\packages\isl-firewall
@isl-lang/firewall:build: > tsup src/index.ts src/cli.ts --format esm,cjs --dts --clean
@isl-lang/firewall:build: 
@isl-lang/firewall:build: [34mCLI[39m Building entry: src/cli.ts, src/index.ts
@isl-lang/firewall:build: [34mCLI[39m Using tsconfig: tsconfig.json
@isl-lang/firewall:build: [34mCLI[39m tsup v8.5.1
@isl-lang/firewall:build: [34mCLI[39m Target: es2022
@isl-lang/firewall:build: [34mCLI[39m Cleaning output folder
@isl-lang/firewall:build: [34mESM[39m Build start
@isl-lang/firewall:build: [34mCJS[39m Build start
@isl-lang/firewall:build: [34mDTS[39m Build start
@isl-lang/firewall:build: 
@isl-lang/firewall:build: [32mCJS[39m [1mdist\cli.cjs   [22m[32m63.24 KB[39m
@isl-lang/firewall:build:  WARN  [33mΓû▓ [43;33m[[43;30mWARNING[43;33m][0m [1mThe conditions "types" and "default" here will never be used as they come after both "import" and "require"[0m [package.json]
@isl-lang/firewall:build: 
@isl-lang/firewall:build:     package.json:16:6:
@isl-lang/firewall:build: [37m      16 Γöé       [32m"types"[37m: "./dist/index.d.ts",
@isl-lang/firewall:build:          Γò╡       [32m~~~~~~~[0m
@isl-lang/firewall:build: 
@isl-lang/firewall:build:   The "import" condition comes earlier and will be used for all "import" statements:
@isl-lang/firewall:build: [32mCJS[39m [1mdist\index.cjs [22m[32m60.51 KB[39m
@isl-lang/firewall:build: [32mCJS[39m ΓÜí∩╕Å Build success in 1637ms
@isl-lang/firewall:build: 
@isl-lang/firewall:build:     package.json:14:6:
@isl-lang/firewall:build: [37m      14 Γöé       [32m"import"[37m: "./dist/index.js",
@isl-lang/firewall:build:          Γò╡       [32m~~~~~~~~[0m
@isl-lang/firewall:build: 
@isl-lang/firewall:build:   The "require" condition comes earlier and will be used for all "require" calls:
@isl-lang/firewall:build: 
@isl-lang/firewall:build:     package.json:15:6:
@isl-lang/firewall:build: [37m      15 Γöé       [32m"require"[37m: "./dist/index.cjs",
@isl-lang/firewall:build:          Γò╡       [32m~~~~~~~~~[0m
@isl-lang/firewall:build: 
@isl-lang/firewall:build: 
@isl-lang/firewall:build: 
@isl-lang/firewall:build: 
@isl-lang/firewall:build:  WARN  [33mΓû▓ [43;33m[[43;30mWARNING[43;33m][0m [1mThe conditions "types" and "default" here will never be used as they come after both "import" and "require"[0m [package.json]
@isl-lang/firewall:build: 
@isl-lang/firewall:build:     package.json:16:6:
@isl-lang/firewall:build: [37m      16 Γöé       [32m"types"[37m: "./dist/index.d.ts",
@isl-lang/firewall:build:          Γò╡       [32m~~~~~~~[0m
@isl-lang/firewall:build: 
@isl-lang/firewall:build:   The "import" condition comes earlier and will be used for all "import" statements:
@isl-lang/firewall:build: 
@isl-lang/firewall:build:     package.json:14:6:
@isl-lang/firewall:build: [37m      14 Γöé       [32m"import"[37m: "./dist/index.js",
@isl-lang/firewall:build:          Γò╡       [32m~~~~~~~~[0m
@isl-lang/firewall:build: 
@isl-lang/firewall:build:   The "require" condition comes earlier and will be used for all "require" calls:
@isl-lang/firewall:build: 
@isl-lang/firewall:build:     package.json:15:6:
@isl-lang/firewall:build: [37m      15 Γöé       [32m"require"[37m: "./dist/index.cjs",
@isl-lang/firewall:build:          Γò╡       [32m~~~~~~~~~[0m
@isl-lang/firewall:build: 
@isl-lang/firewall:build: 
@isl-lang/firewall:build: 
@isl-lang/firewall:build: [32mESM[39m [1mdist\index.js          [22m[32m4.36 KB[39m
@isl-lang/firewall:build: [32mESM[39m [1mdist\cli.js            [22m[32m9.06 KB[39m
@isl-lang/firewall:build: [32mESM[39m [1mdist\chunk-UBZU73YQ.js [22m[32m54.26 KB[39m
@isl-lang/firewall:build: [32mESM[39m ΓÜí∩╕Å Build success in 1744ms
@isl-lang/firewall:build: [32mDTS[39m ΓÜí∩╕Å Build success in 9511ms
@isl-lang/firewall:build: [32mDTS[39m [1mdist\cli.d.ts    [22m[32m20.00 B[39m
@isl-lang/firewall:build: [32mDTS[39m [1mdist\index.d.ts  [22m[32m17.76 KB[39m
@isl-lang/firewall:build: [32mDTS[39m [1mdist\cli.d.cts   [22m[32m20.00 B[39m
@isl-lang/firewall:build: [32mDTS[39m [1mdist\index.d.cts [22m[32m17.76 KB[39m
@isl-lang/mcp-server:build: [32mESM[39m [1mdist\translator-tools-APJT36FI.js      [22m[32m28.50 KB[39m
@isl-lang/mcp-server:build: [32mESM[39m [1mdist\index.js                          [22m[32m21.60 KB[39m
@isl-lang/mcp-server:build: [32mESM[39m [1mdist\tools\pipeline\gate-tool.js       [22m[32m115.00 B[39m
@isl-lang/mcp-server:build: [32mESM[39m [1mdist\chunk-PXIKBVH4.js                 [22m[32m1.23 KB[39m
@isl-lang/mcp-server:build: [32mESM[39m [1mdist\tools\pipeline\index.js           [22m[32m469.00 B[39m
@isl-lang/mcp-server:build: [32mESM[39m [1mdist\core.js                           [22m[32m269.00 B[39m
@isl-lang/mcp-server:build: [32mESM[39m [1mdist\tools\pipeline\pipeline-tools.js  [22m[32m283.00 B[39m
@isl-lang/mcp-server:build: [32mESM[39m [1mdist\tools\pipeline\pipeline-types.js  [22m[32m103.00 B[39m
@isl-lang/mcp-server:build: [32mESM[39m [1mdist\tools\pipeline\gate-types.js      [22m[32m169.00 B[39m
@isl-lang/mcp-server:build: [32mESM[39m [1mdist\chunk-CLCRL4NV.js                 [22m[32m13.51 KB[39m
@isl-lang/mcp-server:build: [32mESM[39m [1mdist\chunk-IDNW5SO4.js                 [22m[32m10.11 KB[39m
@isl-lang/mcp-server:build: [32mESM[39m [1mdist\chunk-WBVZB3K6.js                 [22m[32m15.48 KB[39m
@isl-lang/mcp-server:build: [32mESM[39m [1mdist\chunk-35YDL35T.js                 [22m[32m2.14 KB[39m
@isl-lang/mcp-server:build: [32mESM[39m [1mdist\chunk-WOW44SJS.js                 [22m[32m2.16 KB[39m
@isl-lang/mcp-server:build: [32mESM[39m ΓÜí∩╕Å Build success in 2439ms
@isl-lang/mcp-server:build: [32mDTS[39m ΓÜí∩╕Å Build success in 20827ms
@isl-lang/mcp-server:build: [32mDTS[39m [1mdist\index.d.ts                         [22m[32m20.00 B[39m
@isl-lang/mcp-server:build: [32mDTS[39m [1mdist\tools\pipeline\index.d.ts          [22m[32m572.00 B[39m
@isl-lang/mcp-server:build: [32mDTS[39m [1mdist\auth.d.ts                          [22m[32m842.00 B[39m
@isl-lang/mcp-server:build: [32mDTS[39m [1mdist\core.d.ts                          [22m[32m3.05 KB[39m
@isl-lang/mcp-server:build: [32mDTS[39m [1mdist\tools\pipeline\gate-tool.d.ts      [22m[32m435.00 B[39m
@isl-lang/mcp-server:build: [32mDTS[39m [1mdist\tools\pipeline\gate-types.d.ts     [22m[32m6.79 KB[39m
@isl-lang/mcp-server:build: [32mDTS[39m [1mdist\tools\pipeline\pipeline-tools.d.ts [22m[32m1.15 KB[39m
@isl-lang/mcp-server:build: [32mDTS[39m [1mdist\tools\pipeline\pipeline-types.d.ts [22m[32m8.55 KB[39m
@isl-lang/github-action-gate:build: cache hit, replaying logs 06661d608eb21d7a
@isl-lang/github-action-gate:build: 
@isl-lang/github-action-gate:build: > @isl-lang/github-action-gate@0.1.0 build C:\Users\mevla\OneDrive\Desktop\projects\IntentOS\packages\github-action-gate
@isl-lang/github-action-gate:build: > tsup src/index.ts --format esm,cjs --dts --clean --external @actions/core --external @actions/github --external @isl-lang/gate
@isl-lang/github-action-gate:build: 
@isl-lang/github-action-gate:build: [34mCLI[39m Building entry: src/index.ts
@isl-lang/github-action-gate:build: [34mCLI[39m Using tsconfig: tsconfig.json
@isl-lang/github-action-gate:build: [34mCLI[39m tsup v8.5.1
@isl-lang/github-action-gate:build: [34mCLI[39m Target: es2022
@isl-lang/github-action-gate:build: [34mCLI[39m Cleaning output folder
@isl-lang/github-action-gate:build: [34mESM[39m Build start
@isl-lang/github-action-gate:build: [34mCJS[39m Build start
@isl-lang/github-action-gate:build: [34mDTS[39m Build start
@isl-lang/github-action-gate:build: [32mCJS[39m [1mdist\index.cjs [22m[32m30.79 KB[39m
@isl-lang/github-action-gate:build: [32mCJS[39m ΓÜí∩╕Å Build success in 3925ms
@isl-lang/github-action-gate:build: [32mESM[39m [1mdist\index.js [22m[32m28.84 KB[39m
@isl-lang/github-action-gate:build: [32mESM[39m ΓÜí∩╕Å Build success in 3979ms
@isl-lang/github-action-gate:build: [32mDTS[39m ΓÜí∩╕Å Build success in 6746ms
@isl-lang/github-action-gate:build: [32mDTS[39m [1mdist\index.d.ts  [22m[32m220.00 B[39m
@isl-lang/github-action-gate:build: [32mDTS[39m [1mdist\index.d.cts [22m[32m220.00 B[39m
@isl-lang/runtime-adapters:build: cache hit, replaying logs f591945bdef2f02c
@isl-lang/runtime-adapters:build: 
@isl-lang/runtime-adapters:build: > @isl-lang/runtime-adapters@0.1.0 build C:\Users\mevla\OneDrive\Desktop\projects\IntentOS\packages\runtime-adapters
@isl-lang/runtime-adapters:build: > tsup src/index.ts src/fastify.ts src/express.ts src/fetch.ts src/collector.ts --format esm --dts --clean --tsconfig tsconfig.json
@isl-lang/runtime-adapters:build: 
@isl-lang/runtime-adapters:build: [34mCLI[39m Building entry: src/collector.ts, src/express.ts, src/fastify.ts, src/fetch.ts, src/index.ts
@isl-lang/runtime-adapters:build: [34mCLI[39m Using tsconfig: tsconfig.json
@isl-lang/runtime-adapters:build: [34mCLI[39m tsup v8.5.1
@isl-lang/runtime-adapters:build: [34mCLI[39m Target: es2022
@isl-lang/runtime-adapters:build: [34mCLI[39m Cleaning output folder
@isl-lang/runtime-adapters:build: [34mESM[39m Build start
@isl-lang/runtime-adapters:build: [32mESM[39m [1mdist\collector.js      [22m[32m155.00 B[39m
@isl-lang/runtime-adapters:build: [32mESM[39m [1mdist\express.js        [22m[32m145.00 B[39m
@isl-lang/runtime-adapters:build: [32mESM[39m [1mdist\fetch.js          [22m[32m133.00 B[39m
@isl-lang/runtime-adapters:build: [32mESM[39m [1mdist\chunk-54JMOGAR.js [22m[32m4.69 KB[39m
@isl-lang/runtime-adapters:build: [32mESM[39m [1mdist\chunk-DMD2E3XI.js [22m[32m5.12 KB[39m
@isl-lang/runtime-adapters:build: [32mESM[39m [1mdist\index.js          [22m[32m449.00 B[39m
@isl-lang/runtime-adapters:build: [32mESM[39m [1mdist\chunk-KBSSWZ7G.js [22m[32m4.95 KB[39m
@isl-lang/runtime-adapters:build: [32mESM[39m [1mdist\chunk-X5ISELDW.js [22m[32m1.72 KB[39m
@isl-lang/runtime-adapters:build: [32mESM[39m [1mdist\fastify.js        [22m[32m139.00 B[39m
@isl-lang/runtime-adapters:build: [32mESM[39m ΓÜí∩╕Å Build success in 522ms
@isl-lang/runtime-adapters:build: [34mDTS[39m Build start
@isl-lang/runtime-adapters:build: [32mDTS[39m ΓÜí∩╕Å Build success in 8023ms
@isl-lang/runtime-adapters:build: [32mDTS[39m [1mdist\index.d.ts     [22m[32m406.00 B[39m
@isl-lang/runtime-adapters:build: [32mDTS[39m [1mdist\collector.d.ts [22m[32m1.59 KB[39m
@isl-lang/runtime-adapters:build: [32mDTS[39m [1mdist\express.d.ts   [22m[32m1.70 KB[39m
@isl-lang/runtime-adapters:build: [32mDTS[39m [1mdist\fastify.d.ts   [22m[32m1.86 KB[39m
@isl-lang/runtime-adapters:build: [32mDTS[39m [1mdist\fetch.d.ts     [22m[32m1.79 KB[39m
@isl-lang/github-action:build: cache miss, executing f9e079bfa6c9002d
@isl-lang/verifier-temporal:build: cache hit, replaying logs e8568b6e591fa25b
@isl-lang/verifier-temporal:build: 
@isl-lang/verifier-temporal:build: > @isl-lang/verifier-temporal@0.1.0 build C:\Users\mevla\OneDrive\Desktop\projects\IntentOS\packages\verifier-temporal
@isl-lang/verifier-temporal:build: > tsup && tsc -p tsconfig.build.json
@isl-lang/verifier-temporal:build: 
@isl-lang/verifier-temporal:build: [34mCLI[39m Building entry: src/index.ts
@isl-lang/verifier-temporal:build: [34mCLI[39m Using tsconfig: tsconfig.json
@isl-lang/verifier-temporal:build: [34mCLI[39m tsup v8.5.1
@isl-lang/verifier-temporal:build: [34mCLI[39m Using tsup config: C:\Users\mevla\OneDrive\Desktop\projects\IntentOS\packages\verifier-temporal\tsup.config.ts
@isl-lang/verifier-temporal:build: [34mCLI[39m Target: es2022
@isl-lang/verifier-temporal:build: [34mCLI[39m Cleaning output folder
@isl-lang/verifier-temporal:build: [34mESM[39m Build start
@isl-lang/verifier-temporal:build: [32mESM[39m [1mdist\index.js     [22m[32m100.73 KB[39m
@isl-lang/verifier-temporal:build: [32mESM[39m [1mdist\index.js.map [22m[32m238.23 KB[39m
@isl-lang/verifier-temporal:build: [32mESM[39m ΓÜí∩╕Å Build success in 686ms
@isl-lang/trust-score:build: cache hit, replaying logs 8a90e1dc015c52f2
@isl-lang/trust-score:build: 
@isl-lang/trust-score:build: > @isl-lang/trust-score@0.1.0 build C:\Users\mevla\OneDrive\Desktop\projects\IntentOS\packages\trust-score
@isl-lang/trust-score:build: > tsc
@isl-lang/trust-score:build: 
@isl-lang/static-analyzer:build: cache hit, replaying logs ebe8b359dec5d0e9
@isl-lang/static-analyzer:build: 
@isl-lang/static-analyzer:build: > @isl-lang/static-analyzer@0.1.0 build C:\Users\mevla\OneDrive\Desktop\projects\IntentOS\packages\isl-expression-evaluator
@isl-lang/static-analyzer:build: > tsup && tsc -p tsconfig.build.json
@isl-lang/static-analyzer:build: 
@isl-lang/static-analyzer:build: [34mCLI[39m Building entry: src/index.ts
@isl-lang/static-analyzer:build: [34mCLI[39m Using tsconfig: tsconfig.json
@isl-lang/static-analyzer:build: [34mCLI[39m tsup v8.5.1
@isl-lang/static-analyzer:build: [34mCLI[39m Using tsup config: C:\Users\mevla\OneDrive\Desktop\projects\IntentOS\packages\isl-expression-evaluator\tsup.config.ts
@isl-lang/static-analyzer:build: [34mCLI[39m Target: es2022
@isl-lang/static-analyzer:build: [34mCLI[39m Cleaning output folder
@isl-lang/static-analyzer:build: [34mESM[39m Build start
@isl-lang/static-analyzer:build: [34mCJS[39m Build start
@isl-lang/static-analyzer:build: [32mCJS[39m [1mdist\index.cjs     [22m[32m144.79 KB[39m
@isl-lang/static-analyzer:build: [32mCJS[39m [1mdist\index.cjs.map [22m[32m408.13 KB[39m
@isl-lang/static-analyzer:build: [32mCJS[39m ΓÜí∩╕Å Build success in 2018ms
@isl-lang/static-analyzer:build: [32mESM[39m [1mdist\index.js     [22m[32m143.95 KB[39m
@isl-lang/static-analyzer:build: [32mESM[39m [1mdist\index.js.map [22m[32m408.12 KB[39m
@isl-lang/static-analyzer:build: [32mESM[39m ΓÜí∩╕Å Build success in 2036ms
@isl-lang/slack-bot:build: cache hit, replaying logs a7cd66f344a1d8f3
@isl-lang/slack-bot:build: 
@isl-lang/slack-bot:build: > @isl-lang/slack-bot@0.1.0 build C:\Users\mevla\OneDrive\Desktop\projects\IntentOS\packages\slack-bot
@isl-lang/slack-bot:build: > tsc
@isl-lang/slack-bot:build: 
@isl-lang/test-runtime:build: cache hit, replaying logs 8189031fb7ad5d03
@isl-lang/test-runtime:build: 
@isl-lang/test-runtime:build: > @isl-lang/test-runtime@0.1.0 build C:\Users\mevla\OneDrive\Desktop\projects\IntentOS\packages\isl-test-runtime
@isl-lang/test-runtime:build: > tsup
@isl-lang/test-runtime:build: 
@isl-lang/test-runtime:build: [34mCLI[39m Building entry: src/fixture-adapter.ts, src/index.ts, src/login-harness.ts, src/test-generator.ts, src/trace-emitter.ts
@isl-lang/test-runtime:build: [34mCLI[39m Using tsconfig: tsconfig.json
@isl-lang/test-runtime:build: [34mCLI[39m tsup v8.5.1
@isl-lang/test-runtime:build: [34mCLI[39m Using tsup config: C:\Users\mevla\OneDrive\Desktop\projects\IntentOS\packages\isl-test-runtime\tsup.config.ts
@isl-lang/test-runtime:build: [34mCLI[39m Target: es2022
@isl-lang/test-runtime:build: [34mCLI[39m Cleaning output folder
@isl-lang/test-runtime:build: [34mESM[39m Build start
@isl-lang/test-runtime:build: [32mESM[39m [1mdist\fixture-adapter.js     [22m[32m5.54 KB[39m
@isl-lang/test-runtime:build: [32mESM[39m [1mdist\index.js               [22m[32m25.42 KB[39m
@isl-lang/test-runtime:build: [32mESM[39m [1mdist\login-harness.js       [22m[32m19.94 KB[39m
@isl-lang/test-runtime:build: [32mESM[39m [1mdist\test-generator.js      [22m[32m15.47 KB[39m
@isl-lang/test-runtime:build: [32mESM[39m [1mdist\trace-emitter.js       [22m[32m7.21 KB[39m
@isl-lang/test-runtime:build: [32mESM[39m [1mdist\fixture-adapter.js.map [22m[32m14.15 KB[39m
@isl-lang/test-runtime:build: [32mESM[39m [1mdist\index.js.map           [22m[32m57.61 KB[39m
@isl-lang/test-runtime:build: [32mESM[39m [1mdist\login-harness.js.map   [22m[32m43.52 KB[39m
@isl-lang/test-runtime:build: [32mESM[39m [1mdist\trace-emitter.js.map   [22m[32m16.25 KB[39m
@isl-lang/test-runtime:build: [32mESM[39m [1mdist\test-generator.js.map  [22m[32m21.69 KB[39m
@isl-lang/test-runtime:build: [32mESM[39m ΓÜí∩╕Å Build success in 283ms
@isl-lang/lsp-server:build: cache hit, replaying logs 87ba85a9308ed76c
@isl-lang/lsp-server:build: 
@isl-lang/lsp-server:build: > @isl-lang/lsp-server@0.1.0 build C:\Users\mevla\OneDrive\Desktop\projects\IntentOS\packages\lsp-server
@isl-lang/lsp-server:build: > tsup
@isl-lang/lsp-server:build: 
@isl-lang/lsp-server:build: [34mCLI[39m Building entry: src/index.ts
@isl-lang/lsp-server:build: [34mCLI[39m Using tsconfig: tsconfig.json
@isl-lang/lsp-server:build: [34mCLI[39m tsup v8.5.1
@isl-lang/lsp-server:build: [34mCLI[39m Using tsup config: C:\Users\mevla\OneDrive\Desktop\projects\IntentOS\packages\lsp-server\tsup.config.ts
@isl-lang/lsp-server:build: [34mCLI[39m Building entry: src/cli.ts
@isl-lang/lsp-server:build: [34mCLI[39m Using tsconfig: tsconfig.json
@isl-lang/lsp-server:build: [34mCLI[39m tsup v8.5.1
@isl-lang/lsp-server:build: [34mCLI[39m Using tsup config: C:\Users\mevla\OneDrive\Desktop\projects\IntentOS\packages\lsp-server\tsup.config.ts
@isl-lang/lsp-server:build: [34mCLI[39m Target: es2022
@isl-lang/lsp-server:build: [34mCLI[39m Target: es2022
@isl-lang/lsp-server:build: [34mESM[39m Build start
@isl-lang/lsp-server:build: [34mCLI[39m Cleaning output folder
@isl-lang/lsp-server:build: [34mESM[39m Build start
@isl-lang/lsp-server:build: [34mCJS[39m Build start
@isl-lang/lsp-server:build: [34mDTS[39m Build start
@isl-lang/lsp-server:build: [32mESM[39m [1mdist\cli.js     [22m[32m119.36 KB[39m
@isl-lang/lsp-server:build: [32mESM[39m [1mdist\cli.js.map [22m[32m241.81 KB[39m
@isl-lang/lsp-server:build: [32mESM[39m ΓÜí∩╕Å Build success in 1761ms
@isl-lang/lsp-server:build: [32mESM[39m [1mdist\index.js     [22m[32m119.03 KB[39m
@isl-lang/lsp-server:build: [32mESM[39m [1mdist\index.js.map [22m[32m279.93 KB[39m
@isl-lang/lsp-server:build: [32mESM[39m ΓÜí∩╕Å Build success in 1756ms
@isl-lang/lsp-server:build: [32mCJS[39m [1mdist\index.cjs     [22m[32m121.34 KB[39m
@isl-lang/lsp-server:build: [32mCJS[39m [1mdist\index.cjs.map [22m[32m280.30 KB[39m
@isl-lang/lsp-server:build: [32mCJS[39m ΓÜí∩╕Å Build success in 1760ms
@isl-lang/lsp-server:build: [32mDTS[39m ΓÜí∩╕Å Build success in 5210ms
@isl-lang/lsp-server:build: [32mDTS[39m [1mdist\index.d.ts  [22m[32m15.84 KB[39m
@isl-lang/lsp-server:build: [32mDTS[39m [1mdist\index.d.cts [22m[32m15.84 KB[39m
@isl-lang/build-runner:build: cache hit, replaying logs 37303bbe29b13933
@isl-lang/build-runner:build: 
@isl-lang/build-runner:build: > @isl-lang/build-runner@0.1.0 build C:\Users\mevla\OneDrive\Desktop\projects\IntentOS\packages\build-runner
@isl-lang/build-runner:build: > tsup
@isl-lang/build-runner:build: 
@isl-lang/build-runner:build: [34mCLI[39m Building entry: src/index.ts
@isl-lang/build-runner:build: [34mCLI[39m Using tsconfig: tsconfig.json
@isl-lang/build-runner:build: [34mCLI[39m tsup v8.5.1
@isl-lang/build-runner:build: [34mCLI[39m Using tsup config: C:\Users\mevla\OneDrive\Desktop\projects\IntentOS\packages\build-runner\tsup.config.ts
@isl-lang/build-runner:build: [34mCLI[39m Target: es2022
@isl-lang/build-runner:build: [34mCLI[39m Cleaning output folder
@isl-lang/build-runner:build: [34mESM[39m Build start
@isl-lang/build-runner:build: [34mCJS[39m Build start
@isl-lang/build-runner:build: [32mCJS[39m [1mdist\index.cjs     [22m[32m28.24 KB[39m
@isl-lang/build-runner:build: [32mCJS[39m [1mdist\index.cjs.map [22m[32m62.06 KB[39m
@isl-lang/build-runner:build: [32mCJS[39m ΓÜí∩╕Å Build success in 357ms
@isl-lang/build-runner:build: [32mESM[39m [1mdist\index.js     [22m[32m26.90 KB[39m
@isl-lang/build-runner:build: [32mESM[39m [1mdist\index.js.map [22m[32m61.90 KB[39m
@isl-lang/build-runner:build: [32mESM[39m ΓÜí∩╕Å Build success in 357ms
@isl-lang/build-runner:build: [34mDTS[39m Build start
@isl-lang/build-runner:build: [32mDTS[39m ΓÜí∩╕Å Build success in 1160ms
@isl-lang/build-runner:build: [32mDTS[39m [1mdist\index.d.ts  [22m[32m9.89 KB[39m
@isl-lang/build-runner:build: [32mDTS[39m [1mdist\index.d.cts [22m[32m9.89 KB[39m
@isl-lang/verify-pipeline:build: cache hit, replaying logs 2a71d06628089d21
@isl-lang/verify-pipeline:build: 
@isl-lang/verify-pipeline:build: > @isl-lang/verify-pipeline@0.1.0 build C:\Users\mevla\OneDrive\Desktop\projects\IntentOS\packages\isl-verify-pipeline
@isl-lang/verify-pipeline:build: > tsup
@isl-lang/verify-pipeline:build: 
@isl-lang/verify-pipeline:build: [34mCLI[39m Building entry: src/index.ts
@isl-lang/verify-pipeline:build: [34mCLI[39m Using tsconfig: tsconfig.json
@isl-lang/verify-pipeline:build: [34mCLI[39m tsup v8.5.1
@isl-lang/verify-pipeline:build: [34mCLI[39m Using tsup config: C:\Users\mevla\OneDrive\Desktop\projects\IntentOS\packages\isl-verify-pipeline\tsup.config.ts
@isl-lang/verify-pipeline:build: [34mCLI[39m Target: es2022
@isl-lang/verify-pipeline:build: [34mCLI[39m Cleaning output folder
@isl-lang/verify-pipeline:build: [34mESM[39m Build start
@isl-lang/verify-pipeline:build: [34mCJS[39m Build start
@isl-lang/verify-pipeline:build: [32mESM[39m [1mdist\index.js     [22m[32m172.97 KB[39m
@isl-lang/verify-pipeline:build: [32mESM[39m [1mdist\index.js.map [22m[32m453.50 KB[39m
@isl-lang/verify-pipeline:build: [32mESM[39m ΓÜí∩╕Å Build success in 604ms
@isl-lang/verify-pipeline:build: [32mCJS[39m [1mdist\index.cjs     [22m[32m175.89 KB[39m
@isl-lang/verify-pipeline:build: [32mCJS[39m [1mdist\index.cjs.map [22m[32m453.60 KB[39m
@isl-lang/verify-pipeline:build: [32mCJS[39m ΓÜí∩╕Å Build success in 605ms
@isl-lang/policy-packs:build: cache hit, replaying logs 338e6140abeaa4ea
@isl-lang/policy-packs:build: 
@isl-lang/policy-packs:build: > @isl-lang/policy-packs@0.1.0 build C:\Users\mevla\OneDrive\Desktop\projects\IntentOS\packages\isl-policy-packs
@isl-lang/policy-packs:build: > tsup src/index.ts src/bundle.ts src/packs/auth.ts src/packs/payments.ts src/packs/pii.ts src/packs/rate-limit.ts src/packs/intent.ts src/packs/starter.ts --format esm --dts --clean
@isl-lang/policy-packs:build: 
@isl-lang/policy-packs:build: [34mCLI[39m Building entry: src/bundle.ts, src/index.ts, src/packs/auth.ts, src/packs/intent.ts, src/packs/payments.ts, src/packs/pii.ts, src/packs/rate-limit.ts, src/packs/starter.ts
@isl-lang/policy-packs:build: [34mCLI[39m Using tsconfig: tsconfig.json
@isl-lang/policy-packs:build: [34mCLI[39m tsup v8.5.1
@isl-lang/policy-packs:build: [34mCLI[39m Target: es2022
@isl-lang/policy-packs:build: [34mCLI[39m Cleaning output folder
@isl-lang/policy-packs:build: [34mESM[39m Build start
@isl-lang/policy-packs:build: [34mDTS[39m Build start
@isl-lang/policy-packs:build: [32mESM[39m [1mdist\bundle.js            [22m[32m303.00 B[39m
@isl-lang/policy-packs:build: [32mESM[39m [1mdist\security-AIADSDRN.js [22m[32m498.00 B[39m
@isl-lang/policy-packs:build: [32mESM[39m [1mdist\quality-HUZ4TJYZ.js  [22m[32m428.00 B[39m
@isl-lang/policy-packs:build: [32mESM[39m [1mdist\packs\auth.js        [22m[32m160.00 B[39m
@isl-lang/policy-packs:build: [32mESM[39m [1mdist\chunk-UR22OU3Q.js    [22m[32m15.77 KB[39m
@isl-lang/policy-packs:build: [32mESM[39m [1mdist\index.js             [22m[32m29.21 KB[39m
@isl-lang/policy-packs:build: [32mESM[39m [1mdist\chunk-XDRNSKPK.js    [22m[32m12.47 KB[39m
@isl-lang/policy-packs:build: [32mESM[39m [1mdist\packs\intent.js      [22m[32m6.77 KB[39m
@isl-lang/policy-packs:build: [32mESM[39m [1mdist\packs\pii.js         [22m[32m218.00 B[39m
@isl-lang/policy-packs:build: [32mESM[39m [1mdist\chunk-4CO7NJY4.js    [22m[32m6.12 KB[39m
@isl-lang/policy-packs:build: [32mESM[39m [1mdist\chunk-CBPRTFFM.js    [22m[32m5.54 KB[39m
@isl-lang/policy-packs:build: [32mESM[39m [1mdist\packs\rate-limit.js  [22m[32m182.00 B[39m
@isl-lang/policy-packs:build: [32mESM[39m [1mdist\packs\payments.js    [22m[32m176.00 B[39m
@isl-lang/policy-packs:build: [32mESM[39m [1mdist\chunk-UND2R34G.js    [22m[32m6.12 KB[39m
@isl-lang/policy-packs:build: [32mESM[39m [1mdist\chunk-M7X37RFW.js    [22m[32m6.44 KB[39m
@isl-lang/policy-packs:build: [32mESM[39m [1mdist\chunk-UN6MI2OQ.js    [22m[32m8.43 KB[39m
@isl-lang/policy-packs:build: [32mESM[39m [1mdist\packs\starter.js     [22m[32m316.00 B[39m
@isl-lang/policy-packs:build: [32mESM[39m [1mdist\chunk-ES6KAGWG.js    [22m[32m2.09 KB[39m
@isl-lang/policy-packs:build: [32mESM[39m [1mdist\chunk-2SN3KF2X.js    [22m[32m7.92 KB[39m
@isl-lang/policy-packs:build: [32mESM[39m ΓÜí∩╕Å Build success in 1098ms
@isl-lang/policy-packs:build: [32mDTS[39m ΓÜí∩╕Å Build success in 10394ms
@isl-lang/policy-packs:build: [32mDTS[39m [1mdist\index.d.ts            [22m[32m8.31 KB[39m
@isl-lang/policy-packs:build: [32mDTS[39m [1mdist\bundle.d.ts           [22m[32m3.73 KB[39m
@isl-lang/policy-packs:build: [32mDTS[39m [1mdist\packs\auth.d.ts       [22m[32m341.00 B[39m
@isl-lang/policy-packs:build: [32mDTS[39m [1mdist\packs\intent.d.ts     [22m[32m1.42 KB[39m
@isl-lang/policy-packs:build: [32mDTS[39m [1mdist\packs\payments.d.ts   [22m[32m347.00 B[39m
@isl-lang/policy-packs:build: [32mDTS[39m [1mdist\packs\pii.d.ts        [22m[32m773.00 B[39m
@isl-lang/policy-packs:build: [32mDTS[39m [1mdist\packs\rate-limit.d.ts [22m[32m362.00 B[39m
@isl-lang/policy-packs:build: [32mDTS[39m [1mdist\packs\starter.d.ts    [22m[32m796.00 B[39m
@isl-lang/policy-packs:build: [32mDTS[39m [1mdist\types-BXJGjqdg.d.ts   [22m[32m4.71 KB[39m
@isl-lang/autofix:build: cache hit, replaying logs 5802c9a577d7faf6
@isl-lang/autofix:build: 
@isl-lang/autofix:build: > @isl-lang/autofix@0.1.0 build C:\Users\mevla\OneDrive\Desktop\projects\IntentOS\packages\autofix
@isl-lang/autofix:build: > tsup && tsc -p tsconfig.build.json
@isl-lang/autofix:build: 
@isl-lang/autofix:build: [34mCLI[39m Building entry: src/index.ts, src/shipgate-fix-cli.ts
@isl-lang/autofix:build: [34mCLI[39m Using tsconfig: tsconfig.json
@isl-lang/autofix:build: [34mCLI[39m tsup v8.5.1
@isl-lang/autofix:build: [34mCLI[39m Using tsup config: C:\Users\mevla\OneDrive\Desktop\projects\IntentOS\packages\autofix\tsup.config.ts
@isl-lang/autofix:build: [34mCLI[39m Target: es2022
@isl-lang/autofix:build: [34mCLI[39m Cleaning output folder
@isl-lang/autofix:build: [34mESM[39m Build start
@isl-lang/autofix:build: 
@isl-lang/autofix:build:  WARN  [33mΓû▓ [43;33m[[43;30mWARNING[43;33m][0m [1mIgnoring this import because "src/fixers/index.ts" was marked as having no side effects[0m [ignored-bare-import]
@isl-lang/autofix:build: 
@isl-lang/autofix:build:     src/shipgate-fix-cli.ts:15:7:
@isl-lang/autofix:build: [37m      15 Γöé import [32m'./fixers/index.js'[37m; // Register fixers
@isl-lang/autofix:build:          Γò╡        [32m~~~~~~~~~~~~~~~~~~~[0m
@isl-lang/autofix:build: 
@isl-lang/autofix:build:   "sideEffects" is false in the enclosing "package.json" file:
@isl-lang/autofix:build: 
@isl-lang/autofix:build:     package.json:57:2:
@isl-lang/autofix:build: [37m      57 Γöé   [32m"sideEffects"[37m: false
@isl-lang/autofix:build:          Γò╡   [32m~~~~~~~~~~~~~[0m
@isl-lang/autofix:build: 
@isl-lang/autofix:build: 
@isl-lang/autofix:build: 
@isl-lang/autofix:build: [32mESM[39m [1mdist\shipgate-fix-cli.js [22m[32m85.00 B[39m
@isl-lang/autofix:build: [32mESM[39m [1mdist\chunk-CC7Y5Z6N.js   [22m[32m37.94 KB[39m
@isl-lang/autofix:build: [32mESM[39m [1mdist\index.js            [22m[32m9.65 MB[39m
@isl-lang/autofix:build: [32mESM[39m ΓÜí∩╕Å Build success in 10136ms
shipgate-isl:build: cache hit, replaying logs e375a4f4452fbb1f
shipgate-isl:build: 
shipgate-isl:build: > shipgate-isl@0.1.0 build C:\Users\mevla\OneDrive\Desktop\projects\IntentOS\packages\vscode
shipgate-isl:build: > node esbuild.cjs --production
shipgate-isl:build: 
shipgate-isl:build: [copy-server] LSP server copied to extension
shipgate-isl:build: 
shipgate-isl:build: Bundle analysis:
shipgate-isl:build: 
shipgate-isl:build:   dist/extension.cjs                                                                                                                                       405.6kb  100.0%
shipgate-isl:build:    Γö£ ../../node_modules/.pnpm/vscode-languageclient@9.0.1/node_modules/vscode-languageclient/lib/common/client.js                                           33.0kb    8.1%
shipgate-isl:build:    Γö£ ../../node_modules/.pnpm/vscode-languageserver-types@3.17.5/node_modules/vscode-languageserver-types/lib/umd/main.js                                   28.0kb    6.9%
shipgate-isl:build:    Γö£ ../../node_modules/.pnpm/vscode-languageserver-protocol@3.17.5/node_modules/vscode-languageserver-protocol/lib/common/protocol.js                      21.8kb    5.4%
shipgate-isl:build:    Γö£ ../../node_modules/.pnpm/vscode-languageclient@9.0.1/node_modules/vscode-languageclient/lib/common/protocolConverter.js                                17.6kb    4.3%
shipgate-isl:build:    Γö£ ../../node_modules/.pnpm/vscode-jsonrpc@8.2.0/node_modules/vscode-jsonrpc/lib/common/connection.js                                                     17.3kb    4.3%
shipgate-isl:build:    Γö£ ../../node_modules/.pnpm/vscode-languageclient@9.0.1/node_modules/vscode-languageclient/lib/common/notebook.js                                         15.0kb    3.7%
shipgate-isl:build:    Γö£ ../../node_modules/.pnpm/vscode-languageclient@9.0.1/node_modules/vscode-languageclient/lib/common/diagnostic.js                                       14.7kb    3.6%
shipgate-isl:build:    Γö£ ../../node_modules/.pnpm/vscode-languageclient@9.0.1/node_modules/vscode-languageclient/lib/common/codeConverter.js                                    12.9kb    3.2%
shipgate-isl:build:    Γö£ ../../node_modules/.pnpm/vscode-languageclient@9.0.1/node_modules/vscode-languageclient/lib/node/main.js                                               10.8kb    2.7%
shipgate-isl:build:    Γö£ ../../node_modules/.pnpm/vscode-languageclient@9.0.1/node_modules/vscode-languageclient/lib/common/textSynchronization.js                               9.9kb    2.4%
shipgate-isl:build:    Γö£ ../../node_modules/.pnpm/minimatch@5.1.6/node_modules/minimatch/minimatch.js                                                                            7.7kb    1.9%
shipgate-isl:build:    Γö£ src/extension.ts                                                                                                                                        7.4kb    1.8%
shipgate-isl:build:    Γö£ ../../node_modules/.pnpm/vscode-jsonrpc@8.2.0/node_modules/vscode-jsonrpc/lib/common/api.js                                                             7.3kb    1.8%
shipgate-isl:build:    Γö£ src/commands-legacy.ts                                                                                                                                  6.4kb    1.6%
shipgate-isl:build:    Γö£ ../../node_modules/.pnpm/vscode-languageclient@9.0.1/node_modules/vscode-languageclient/lib/common/fileOperations.js                                    6.3kb    1.6%
shipgate-isl:build:    Γö£ src/diagnostics/firewallDiagnostics.ts                                                                                                                  5.5kb    1.4%
shipgate-isl:build:    Γö£ ../../node_modules/.pnpm/vscode-languageclient@9.0.1/node_modules/vscode-languageclient/lib/common/features.js                                          5.4kb    1.3%
shipgate-isl:build:    Γö£ ../../node_modules/.pnpm/semver@7.7.3/node_modules/semver/classes/range.js                                                                              5.2kb    1.3%
shipgate-isl:build:    Γö£ ../../node_modules/.pnpm/vscode-jsonrpc@8.2.0/node_modules/vscode-jsonrpc/lib/node/main.js                                                              4.7kb    1.2%
shipgate-isl:build:    Γö£ ../../node_modules/.pnpm/vscode-languageclient@9.0.1/node_modules/vscode-languageclient/lib/common/formatting.js                                        4.7kb    1.2%
shipgate-isl:build:    Γö£ ../../node_modules/.pnpm/vscode-jsonrpc@8.2.0/node_modules/vscode-jsonrpc/lib/common/linkedMap.js                                                       4.5kb    1.1%
shipgate-isl:build:    Γö£ ../../node_modules/.pnpm/vscode-languageclient@9.0.1/node_modules/vscode-languageclient/lib/common/semanticTokens.js                                    4.2kb    1.0%
shipgate-isl:build:    Γö£ ../../node_modules/.pnpm/semver@7.7.3/node_modules/semver/classes/semver.js                                                                             4.1kb    1.0%
shipgate-isl:build:    Γö£ ../../node_modules/.pnpm/vscode-jsonrpc@8.2.0/node_modules/vscode-jsonrpc/lib/common/messages.js                                                        3.9kb    1.0%
shipgate-isl:build:    Γö£ ../../node_modules/.pnpm/vscode-languageserver-protocol@3.17.5/node_modules/vscode-languageserver-protocol/lib/common/protocol.notebook.js              3.8kb    0.9%
shipgate-isl:build:    Γö£ src/commands/coverage.ts                                                                                                                                3.7kb    0.9%
shipgate-isl:build:    Γö£ ../../node_modules/.pnpm/vscode-languageclient@9.0.1/node_modules/vscode-languageclient/lib/common/utils/async.js                                       3.7kb    0.9%
shipgate-isl:build:    Γö£ ../../node_modules/.pnpm/vscode-jsonrpc@8.2.0/node_modules/vscode-jsonrpc/lib/common/messageReader.js                                                   3.7kb    0.9%
shipgate-isl:build:    Γö£ ../../node_modules/.pnpm/vscode-languageclient@9.0.1/node_modules/vscode-languageclient/lib/common/configuration.js                                     3.4kb    0.8%
shipgate-isl:build:    Γö£ ../../node_modules/.pnpm/semver@7.7.3/node_modules/semver/internal/re.js                                                                                3.4kb    0.8%
shipgate-isl:build:    Γö£ src/commands/verify.ts                                                                                                                                  3.2kb    0.8%
shipgate-isl:build:    Γö£ ../../node_modules/.pnpm/vscode-languageclient@9.0.1/node_modules/vscode-languageclient/lib/common/completion.js                                        3.1kb    0.8%
shipgate-isl:build:    Γö£ src/client.ts                                                                                                                                           2.7kb    0.7%
shipgate-isl:build:    Γö£ src/commands/skeleton.ts                                                                                                                                2.7kb    0.7%
shipgate-isl:build:    Γö£ src/views/shipgateReport/reportPanel.ts                                                                                                                 2.6kb    0.6%
shipgate-isl:build:    Γö£ src/commands/generate.ts                                                                                                                                2.6kb    0.6%
shipgate-isl:build:    Γö£ ../../node_modules/.pnpm/vscode-languageclient@9.0.1/node_modules/vscode-languageclient/lib/common/workspaceFolder.js                                   2.5kb    0.6%
shipgate-isl:build:    Γö£ ../../node_modules/.pnpm/vscode-jsonrpc@8.2.0/node_modules/vscode-jsonrpc/lib/node/ril.js                                                               2.4kb    0.6%
shipgate-isl:build:    Γö£ src/views/shipgateSidebar/sidebarProvider.ts                                                                                                            2.3kb    0.6%
shipgate-isl:build:    Γö£ src/services/shipService.ts                                                                                                                             2.3kb    0.6%
shipgate-isl:build:    Γö£ ../../node_modules/.pnpm/vscode-languageclient@9.0.1/node_modules/vscode-languageclient/lib/common/rename.js                                            2.2kb    0.5%
shipgate-isl:build:    Γö£ ../../node_modules/.pnpm/vscode-languageclient@9.0.1/node_modules/vscode-languageclient/lib/common/codeAction.js                                        2.2kb    0.5%
shipgate-isl:build:    Γö£ ../../node_modules/.pnpm/vscode-languageclient@9.0.1/node_modules/vscode-languageclient/lib/common/documentSymbol.js                                    2.1kb    0.5%
shipgate-isl:build:    Γö£ ../../node_modules/.pnpm/vscode-languageclient@9.0.1/node_modules/vscode-languageclient/lib/common/callHierarchy.js                                     2.1kb    0.5%
shipgate-isl:build:    Γö£ ../../node_modules/.pnpm/brace-expansion@2.0.2/node_modules/brace-expansion/index.js                                                                    2.1kb    0.5%
shipgate-isl:build:    Γö£ ../../node_modules/.pnpm/vscode-languageclient@9.0.1/node_modules/vscode-languageclient/lib/common/typeHierarchy.js                                     2.1kb    0.5%
shipgate-isl:build:    Γö£ ../../node_modules/.pnpm/vscode-jsonrpc@8.2.0/node_modules/vscode-jsonrpc/lib/common/messageWriter.js                                                   2.0kb    0.5%
shipgate-isl:build:    Γö£ ../../node_modules/.pnpm/vscode-languageclient@9.0.1/node_modules/vscode-languageclient/lib/common/inlayHint.js                                         2.0kb    0.5%
shipgate-isl:build:    Γö£ src/model/uiState.ts                                                                                                                                    2.0kb    0.5%
shipgate-isl:build:    Γö£ src/cli/shipgateRunner.ts                                                                                                                               1.9kb    0.5%
shipgate-isl:build:    Γö£ src/commands/scan.ts                                                                                                                                    1.9kb    0.5%
shipgate-isl:build:    Γö£ ../../node_modules/.pnpm/vscode-languageclient@9.0.1/node_modules/vscode-languageclient/lib/common/fileSystemWatcher.js                                 1.8kb    0.4%
shipgate-isl:build:    Γö£ ../../node_modules/.pnpm/vscode-jsonrpc@8.2.0/node_modules/vscode-jsonrpc/lib/common/messageBuffer.js                                                   1.8kb    0.4%
shipgate-isl:build:    Γö£ src/views/status-bar.ts                                                                                                                                 1.8kb    0.4%
shipgate-isl:build:    Γö£ ../../node_modules/.pnpm/vscode-languageclient@9.0.1/node_modules/vscode-languageclient/lib/common/progressPart.js                                      1.8kb    0.4%
shipgate-isl:build:    Γö£ ../../node_modules/.pnpm/vscode-jsonrpc@8.2.0/node_modules/vscode-jsonrpc/lib/common/events.js                                                          1.7kb    0.4%
shipgate-isl:build:    Γö£ ../../node_modules/.pnpm/semver@7.7.3/node_modules/semver/classes/comparator.js                                                                         1.7kb    0.4%
shipgate-isl:build:    Γö£ ../../node_modules/.pnpm/vscode-languageclient@9.0.1/node_modules/vscode-languageclient/lib/common/codeLens.js                                          1.7kb    0.4%
shipgate-isl:build:    Γö£ ../../node_modules/.pnpm/vscode-languageclient@9.0.1/node_modules/vscode-languageclient/lib/common/signatureHelp.js                                     1.6kb    0.4%
shipgate-isl:build:    Γö£ ../../node_modules/.pnpm/vscode-languageclient@9.0.1/node_modules/vscode-languageclient/lib/common/colorProvider.js                                     1.6kb    0.4%
shipgate-isl:build:    Γö£ ../../node_modules/.pnpm/vscode-languageclient@9.0.1/node_modules/vscode-languageclient/lib/common/workspaceSymbol.js                                   1.6kb    0.4%
shipgate-isl:build:    Γö£ ../../node_modules/.pnpm/vscode-languageclient@9.0.1/node_modules/vscode-languageclient/lib/common/foldingRange.js                                      1.6kb    0.4%
shipgate-isl:build:    Γö£ ../../node_modules/.pnpm/vscode-languageserver-protocol@3.17.5/node_modules/vscode-languageserver-protocol/lib/common/protocol.fileOperations.js        1.5kb    0.4%
shipgate-isl:build:    Γö£ ../../node_modules/.pnpm/vscode-languageclient@9.0.1/node_modules/vscode-languageclient/lib/common/inlineValue.js                                       1.5kb    0.4%
shipgate-isl:build:    Γö£ ../../node_modules/.pnpm/vscode-languageclient@9.0.1/node_modules/vscode-languageclient/lib/common/documentLink.js                                      1.5kb    0.4%
shipgate-isl:build:    Γö£ src/services/firewallService.ts                                                                                                                         1.4kb    0.4%
shipgate-isl:build:    Γö£ ../../node_modules/.pnpm/vscode-languageserver-protocol@3.17.5/node_modules/vscode-languageserver-protocol/lib/common/protocol.semanticTokens.js        1.4kb    0.3%
shipgate-isl:build:    Γö£ ../../node_modules/.pnpm/vscode-languageclient@9.0.1/node_modules/vscode-languageclient/lib/common/utils/uuid.js                                        1.3kb    0.3%
shipgate-isl:build:    Γö£ src/cli/islGenerateRunner.ts                                                                                                                            1.3kb    0.3%
shipgate-isl:build:    Γö£ src/commands/validate.ts                                                                                                                                1.3kb    0.3%
shipgate-isl:build:    Γö£ ../../node_modules/.pnpm/vscode-jsonrpc@8.2.0/node_modules/vscode-jsonrpc/lib/common/cancellation.js                                                    1.3kb    0.3%
shipgate-isl:build:    Γö£ ../../node_modules/.pnpm/vscode-languageclient@9.0.1/node_modules/vscode-languageclient/lib/common/typeDefinition.js                                    1.2kb    0.3%
shipgate-isl:build:    Γö£ ../../node_modules/.pnpm/vscode-languageclient@9.0.1/node_modules/vscode-languageclient/lib/common/selectionRange.js                                    1.2kb    0.3%
shipgate-isl:build:    Γö£ ../../node_modules/.pnpm/vscode-languageclient@9.0.1/node_modules/vscode-languageclient/lib/common/executeCommand.js                                    1.2kb    0.3%
shipgate-isl:build:    Γö£ ../../node_modules/.pnpm/vscode-languageclient@9.0.1/node_modules/vscode-languageclient/lib/common/inlineCompletion.js                                  1.2kb    0.3%
shipgate-isl:build:    Γö£ ../../node_modules/.pnpm/vscode-languageclient@9.0.1/node_modules/vscode-languageclient/lib/common/linkedEditingRange.js                                1.2kb    0.3%
shipgate-isl:build:    Γö£ ../../node_modules/.pnpm/vscode-jsonrpc@8.2.0/node_modules/vscode-jsonrpc/lib/common/sharedArrayCancellation.js                                         1.2kb    0.3%
shipgate-isl:build:    Γö£ ../../node_modules/.pnpm/vscode-languageclient@9.0.1/node_modules/vscode-languageclient/lib/common/implementation.js                                    1.2kb    0.3%
shipgate-isl:build:    Γö£ ../../node_modules/.pnpm/vscode-languageserver-protocol@3.17.5/node_modules/vscode-languageserver-protocol/lib/common/protocol.diagnostic.js            1.1kb    0.3%
shipgate-isl:build:    Γö£ ../../node_modules/.pnpm/vscode-languageclient@9.0.1/node_modules/vscode-languageclient/lib/common/documentHighlight.js                                 1.1kb    0.3%
shipgate-isl:build:    Γö£ ../../node_modules/.pnpm/vscode-languageclient@9.0.1/node_modules/vscode-languageclient/lib/common/definition.js                                        1.1kb    0.3%
shipgate-isl:build:    Γö£ ../../node_modules/.pnpm/vscode-languageclient@9.0.1/node_modules/vscode-languageclient/lib/common/declaration.js                                       1.1kb    0.3%
shipgate-isl:build:    Γö£ ../../node_modules/.pnpm/vscode-languageclient@9.0.1/node_modules/vscode-languageclient/lib/common/hover.js                                             1.1kb    0.3%
shipgate-isl:build:    Γö£ ../../node_modules/.pnpm/vscode-languageclient@9.0.1/node_modules/vscode-languageclient/lib/common/reference.js                                         1.1kb    0.3%
shipgate-isl:build:    Γö£ src/services/githubService.ts                                                                                                                           1.1kb    0.3%
shipgate-isl:build:    Γö£ src/views/shipgateStatusBar.ts                                                                                                                          1.1kb    0.3%
shipgate-isl:build:    Γö£ src/providers/codelens.ts                                                                                                                               1.0kb    0.3%
shipgate-isl:build:    Γö£ src/views/webviewHelpers.ts                                                                                                                            1009b     0.2%
shipgate-isl:build:    Γö£ ../../node_modules/.pnpm/vscode-languageserver-protocol@3.17.5/node_modules/vscode-languageserver-protocol/lib/common/api.js                            966b     0.2%
shipgate-isl:build:    Γö£ src/diagnostics/diagnosticsProvider.ts                                                                                                                  964b     0.2%
shipgate-isl:build:    Γö£ ../../node_modules/.pnpm/vscode-jsonrpc@8.2.0/node_modules/vscode-jsonrpc/lib/common/semaphore.js                                                       956b     0.2%
shipgate-isl:build:    Γö£ ../../node_modules/.pnpm/vscode-languageserver-protocol@3.17.5/node_modules/vscode-languageserver-protocol/lib/common/messages.js                       878b     0.2%
shipgate-isl:build:    Γö£ ../../node_modules/.pnpm/vscode-languageclient@9.0.1/node_modules/vscode-languageclient/lib/common/utils/is.js                                          874b     0.2%
shipgate-isl:build:    Γö£ ../../node_modules/.pnpm/vscode-languageserver-protocol@3.17.5/node_modules/vscode-languageserver-protocol/lib/common/protocol.callHierarchy.js         826b     0.2%
shipgate-isl:build:    Γö£ ../../node_modules/.pnpm/vscode-languageserver-protocol@3.17.5/node_modules/vscode-languageserver-protocol/lib/common/protocol.typeHierarchy.js         802b     0.2%
shipgate-isl:build:    Γö£ ../../node_modules/.pnpm/vscode-languageclient@9.0.1/node_modules/vscode-languageclient/lib/common/api.js                                               792b     0.2%
shipgate-isl:build:    Γö£ ../../node_modules/.pnpm/vscode-languageserver-protocol@3.17.5/node_modules/vscode-languageserver-protocol/lib/common/utils/is.js                       754b     0.2%
shipgate-isl:build:    Γö£ ../../node_modules/.pnpm/vscode-languageserver-protocol@3.17.5/node_modules/vscode-languageserver-protocol/lib/common/protocol.inlayHint.js             744b     0.2%
shipgate-isl:build:    Γö£ ../../node_modules/.pnpm/vscode-languageserver-protocol@3.17.5/node_modules/vscode-languageserver-protocol/lib/common/protocol.progress.js              740b     0.2%
shipgate-isl:build:    Γö£ ../../node_modules/.pnpm/vscode-languageclient@9.0.1/node_modules/vscode-languageclient/lib/common/progress.js                                          727b     0.2%
shipgate-isl:build:    Γö£ ../../node_modules/.pnpm/vscode-languageserver-protocol@3.17.5/node_modules/vscode-languageserver-protocol/lib/node/main.js                             682b     0.2%
shipgate-isl:build:    Γö£ ../../node_modules/.pnpm/balanced-match@1.0.2/node_modules/balanced-match/index.js                                                                      617b     0.1%
shipgate-isl:build:    Γö£ src/commands/github.ts                                                                                                                                  608b     0.1%
shipgate-isl:build:    Γö£ ../../node_modules/.pnpm/vscode-languageclient@9.0.1/node_modules/vscode-languageclient/lib/node/processes.js                                           597b     0.1%
shipgate-isl:build:    Γö£ ../../node_modules/.pnpm/vscode-languageserver-protocol@3.17.5/node_modules/vscode-languageserver-protocol/lib/common/protocol.workspaceFolder.js       587b     0.1%
shipgate-isl:build:    Γö£ ../../node_modules/.pnpm/vscode-jsonrpc@8.2.0/node_modules/vscode-jsonrpc/lib/common/is.js                                                              582b     0.1%
shipgate-isl:build:    Γö£ ../../node_modules/.pnpm/vscode-languageserver-protocol@3.17.5/node_modules/vscode-languageserver-protocol/lib/common/protocol.moniker.js               581b     0.1%
shipgate-isl:build:    Γö£ ../../node_modules/.pnpm/vscode-languageserver-protocol@3.17.5/node_modules/vscode-languageserver-protocol/lib/common/protocol.foldingRange.js          546b     0.1%
shipgate-isl:build:    Γö£ ../../node_modules/.pnpm/vscode-languageserver-protocol@3.17.5/node_modules/vscode-languageserver-protocol/lib/common/protocol.colorProvider.js         544b     0.1%
shipgate-isl:build:    Γö£ ../../node_modules/.pnpm/vscode-languageserver-protocol@3.17.5/node_modules/vscode-languageserver-protocol/lib/common/protocol.inlineValue.js           540b     0.1%
shipgate-isl:build:    Γö£ ../../node_modules/.pnpm/semver@7.7.3/node_modules/semver/functions/cmp.js                                                                              532b     0.1%
shipgate-isl:build:    Γö£ ../../node_modules/.pnpm/vscode-languageclient@9.0.1/node_modules/vscode-languageclient/lib/common/protocolDiagnostic.js                                449b     0.1%
shipgate-isl:build:    Γö£ src/providers/diagnostics.ts                                                                                                                            401b     0.1%
shipgate-isl:build:    Γö£ src/config/config.ts                                                                                                                                    395b     0.1%
shipgate-isl:build:    Γö£ ../../node_modules/.pnpm/semver@7.7.3/node_modules/semver/internal/lrucache.js                                                                          381b     0.1%
shipgate-isl:build:    Γö£ ../../node_modules/.pnpm/semver@7.7.3/node_modules/semver/internal/constants.js                                                                         363b     0.1%
shipgate-isl:build:    Γö£ ../../node_modules/.pnpm/vscode-languageserver-protocol@3.17.5/node_modules/vscode-languageserver-protocol/lib/common/protocol.linkedEditingRange.js    328b     0.1%
shipgate-isl:build:    Γö£ ../../node_modules/.pnpm/vscode-jsonrpc@8.2.0/node_modules/vscode-jsonrpc/lib/common/ral.js                                                             327b     0.1%
shipgate-isl:build:    Γö£ ../../node_modules/.pnpm/vscode-languageserver-protocol@3.17.5/node_modules/vscode-languageserver-protocol/lib/common/protocol.inlineCompletion.js      322b     0.1%
shipgate-isl:build:    Γö£ ../../node_modules/.pnpm/vscode-languageserver-protocol@3.17.5/node_modules/vscode-languageserver-protocol/lib/common/protocol.implementation.js        316b     0.1%
shipgate-isl:build:    Γö£ ../../node_modules/.pnpm/vscode-languageserver-protocol@3.17.5/node_modules/vscode-languageserver-protocol/lib/common/protocol.selectionRange.js        316b     0.1%
shipgate-isl:build:    Γö£ ../../node_modules/.pnpm/vscode-languageserver-protocol@3.17.5/node_modules/vscode-languageserver-protocol/lib/common/protocol.typeDefinition.js        316b     0.1%
shipgate-isl:build:    Γö£ ../../node_modules/.pnpm/vscode-languageclient@9.0.1/node_modules/vscode-languageclient/lib/common/protocolWorkspaceSymbol.js                           310b     0.1%
shipgate-isl:build:    Γö£ ../../node_modules/.pnpm/vscode-languageserver-protocol@3.17.5/node_modules/vscode-languageserver-protocol/lib/common/protocol.configuration.js         310b     0.1%
shipgate-isl:build:    Γö£ ../../node_modules/.pnpm/vscode-languageserver-protocol@3.17.5/node_modules/vscode-languageserver-protocol/lib/common/protocol.declaration.js           307b     0.1%
shipgate-isl:build:    Γö£ ../../node_modules/.pnpm/vscode-languageserver-protocol@3.17.5/node_modules/vscode-languageserver-protocol/lib/common/protocol.showDocument.js          304b     0.1%
shipgate-isl:build:    Γö£ ../../node_modules/.pnpm/semver@7.7.3/node_modules/semver/internal/identifiers.js                                                                       295b     0.1%
shipgate-isl:build:    Γö£ ../../node_modules/.pnpm/vscode-languageserver-protocol@3.17.5/node_modules/vscode-languageserver-protocol/lib/common/connection.js                     281b     0.1%
shipgate-isl:build:    Γö£ ../../node_modules/.pnpm/vscode-languageclient@9.0.1/node_modules/vscode-languageclient/lib/common/protocolCallHierarchyItem.js                         230b     0.1%
shipgate-isl:build:    Γö£ ../../node_modules/.pnpm/vscode-languageclient@9.0.1/node_modules/vscode-languageclient/lib/common/protocolTypeHierarchyItem.js                         230b     0.1%
shipgate-isl:build:    Γö£ ../../node_modules/.pnpm/semver@7.7.3/node_modules/semver/internal/debug.js                                                                             205b     0.0%
shipgate-isl:build:    Γö£ ../../node_modules/.pnpm/vscode-jsonrpc@8.2.0/node_modules/vscode-jsonrpc/lib/common/disposable.js                                                      192b     0.0%
shipgate-isl:build:    Γö£ ../../node_modules/.pnpm/vscode-languageclient@9.0.1/node_modules/vscode-languageclient/lib/common/protocolCodeAction.js                                189b     0.0%
shipgate-isl:build:    Γö£ ../../node_modules/.pnpm/vscode-languageclient@9.0.1/node_modules/vscode-languageclient/lib/common/protocolInlayHint.js                                 182b     0.0%
shipgate-isl:build:    Γö£ ../../node_modules/.pnpm/vscode-languageclient@9.0.1/node_modules/vscode-languageclient/lib/common/protocolDocumentLink.js                              181b     0.0%
shipgate-isl:build:    Γö£ ../../node_modules/.pnpm/vscode-languageclient@9.0.1/node_modules/vscode-languageclient/lib/common/protocolCompletionItem.js                            179b     0.0%
shipgate-isl:build:    Γö£ src/commands/codeToIsl.ts                                                                                                                               177b     0.0%
shipgate-isl:build:    Γö£ ../../node_modules/.pnpm/vscode-languageclient@9.0.1/node_modules/vscode-languageclient/lib/common/protocolCodeLens.js                                  173b     0.0%
shipgate-isl:build:    Γö£ ../../node_modules/.pnpm/semver@7.7.3/node_modules/semver/functions/parse.js                                                                            164b     0.0%
shipgate-isl:build:    Γö£ ../../node_modules/.pnpm/semver@7.7.3/node_modules/semver/internal/parse-options.js                                                                     137b     0.0%
shipgate-isl:build:    Γö£ ../../node_modules/.pnpm/minimatch@5.1.6/node_modules/minimatch/lib/path.js                                                                             125b     0.0%
shipgate-isl:build:    Γö£ ../../node_modules/.pnpm/semver@7.7.3/node_modules/semver/functions/satisfies.js                                                                        124b     0.0%
shipgate-isl:build:    Γö£ src/utils/json.ts                                                                                                                                       121b     0.0%
shipgate-isl:build:    Γö£ src/model/types.ts                                                                                                                                      114b     0.0%
shipgate-isl:build:    Γö£ ../../node_modules/.pnpm/semver@7.7.3/node_modules/semver/functions/compare.js                                                                          105b     0.0%
shipgate-isl:build:    Γö£ ../../node_modules/.pnpm/semver@7.7.3/node_modules/semver/functions/eq.js                                                                                86b     0.0%
shipgate-isl:build:    Γö£ ../../node_modules/.pnpm/semver@7.7.3/node_modules/semver/functions/neq.js                                                                               86b     0.0%
shipgate-isl:build:    Γö£ ../../node_modules/.pnpm/semver@7.7.3/node_modules/semver/functions/gte.js                                                                               85b     0.0%
shipgate-isl:build:    Γö£ ../../node_modules/.pnpm/semver@7.7.3/node_modules/semver/functions/lte.js                                                                               85b     0.0%
shipgate-isl:build:    Γö£ ../../node_modules/.pnpm/semver@7.7.3/node_modules/semver/functions/gt.js                                                                                84b     0.0%
shipgate-isl:build:    Γö£ ../../node_modules/.pnpm/semver@7.7.3/node_modules/semver/functions/lt.js                                                                                84b     0.0%
shipgate-isl:build:    Γö£ src/utils/paths.ts                                                                                                                                       69b     0.0%
shipgate-isl:build:    Γö£ ../../node_modules/.pnpm/vscode-jsonrpc@8.2.0/node_modules/vscode-jsonrpc/node.js                                                                        50b     0.0%
shipgate-isl:build:    Γö£ ../../node_modules/.pnpm/vscode-languageclient@9.0.1/node_modules/vscode-languageclient/node.js                                                          50b     0.0%
shipgate-isl:build:    Γöö ../../node_modules/.pnpm/vscode-languageserver-protocol@3.17.5/node_modules/vscode-languageserver-protocol/node.js                                       50b     0.0%
shipgate-isl:build: 
shipgate-isl:build: 
shipgate-isl:build: Bundle size: 405.64 KB (0.40 MB)
shipgate-isl:build: Γ£ô Bundle size is within 5MB target
@isl-lang/verified-build:build: cache hit, replaying logs bda54a3b861dc561
@isl-lang/verified-build:build: 
@isl-lang/verified-build:build: > @isl-lang/verified-build@0.1.0 build C:\Users\mevla\OneDrive\Desktop\projects\IntentOS\packages\verified-build
@isl-lang/verified-build:build: > tsup src/index.ts --format esm --clean --external @isl-lang/gate --external @isl-lang/evidence --external @isl-lang/firewall --external @isl-lang/policy-packs
@isl-lang/verified-build:build: 
@isl-lang/verified-build:build: [34mCLI[39m Building entry: src/index.ts
@isl-lang/verified-build:build: [34mCLI[39m Using tsconfig: tsconfig.json
@isl-lang/verified-build:build: [34mCLI[39m tsup v8.5.1
@isl-lang/verified-build:build: [34mCLI[39m Target: es2022
@isl-lang/verified-build:build: [34mCLI[39m Cleaning output folder
@isl-lang/verified-build:build: [34mESM[39m Build start
@isl-lang/verified-build:build: [32mESM[39m [1mdist\index.js [22m[32m10.25 KB[39m
@isl-lang/verified-build:build: [32mESM[39m ΓÜí∩╕Å Build success in 492ms
@isl-lang/isl-policy-engine:build: cache hit, replaying logs eb906b9381611183
@isl-lang/isl-policy-engine:build: 
@isl-lang/isl-policy-engine:build: > @isl-lang/isl-policy-engine@0.1.0 build C:\Users\mevla\OneDrive\Desktop\projects\IntentOS\packages\isl-policy-engine
@isl-lang/isl-policy-engine:build: > tsup src/index.ts --format esm --dts --clean
@isl-lang/isl-policy-engine:build: 
@isl-lang/isl-policy-engine:build: [34mCLI[39m Building entry: src/index.ts
@isl-lang/isl-policy-engine:build: [34mCLI[39m Using tsconfig: tsconfig.json
@isl-lang/isl-policy-engine:build: [34mCLI[39m tsup v8.5.1
@isl-lang/isl-policy-engine:build: [34mCLI[39m Target: es2022
@isl-lang/isl-policy-engine:build: [34mCLI[39m Cleaning output folder
@isl-lang/isl-policy-engine:build: [34mESM[39m Build start
@isl-lang/isl-policy-engine:build: [32mESM[39m [1mdist\index.js [22m[32m14.08 KB[39m
@isl-lang/isl-policy-engine:build: [32mESM[39m ΓÜí∩╕Å Build success in 278ms
@isl-lang/isl-policy-engine:build: [34mDTS[39m Build start
@isl-lang/isl-policy-engine:build: [32mDTS[39m ΓÜí∩╕Å Build success in 4267ms
@isl-lang/isl-policy-engine:build: [32mDTS[39m [1mdist\index.d.ts [22m[32m7.77 KB[39m
@isl-lang/adapters:build: cache miss, executing 485fd828396144c9
@isl-lang/islstudio:build: cache hit, replaying logs 75b30181bf2260dd
@isl-lang/github-app:build: cache hit, replaying logs 410c76a82b86f58c
@isl-lang/islstudio:build: 
@isl-lang/islstudio:build: > @isl-lang/islstudio@0.1.2 build C:\Users\mevla\OneDrive\Desktop\projects\IntentOS\packages\islstudio
@isl-lang/github-app:build: 
@isl-lang/github-app:build: > @isl-lang/github-app@0.1.0 build C:\Users\mevla\OneDrive\Desktop\projects\IntentOS\packages\github-app
@isl-lang/github-app:build: > tsup src/index.ts --format cjs,esm --dts
@isl-lang/github-app:build: 
@isl-lang/github-app:build: [34mCLI[39m Building entry: src/index.ts
@isl-lang/github-app:build: [34mCLI[39m Using tsconfig: tsconfig.json
@isl-lang/github-app:build: [34mCLI[39m tsup v8.5.1
@isl-lang/github-app:build: [34mCLI[39m Target: es2022
@isl-lang/github-app:build: [34mCJS[39m Build start
@isl-lang/github-app:build: [34mESM[39m Build start
@isl-lang/github-app:build: [32mCJS[39m [1mdist\index.cjs [22m[32m10.47 KB[39m
@isl-lang/github-app:build: [32mCJS[39m ΓÜí∩╕Å Build success in 867ms
@isl-lang/github-app:build: [32mESM[39m [1mdist\index.js [22m[32m8.71 KB[39m
@isl-lang/github-app:build: [32mESM[39m ΓÜí∩╕Å Build success in 908ms
@isl-lang/github-app:build: [34mDTS[39m Build start
@isl-lang/github-app:build: [32mDTS[39m ΓÜí∩╕Å Build success in 4079ms
@isl-lang/github-app:build: [32mDTS[39m [1mdist\index.d.cts [22m[32m339.00 B[39m
@isl-lang/github-app:build: [32mDTS[39m [1mdist\index.d.ts  [22m[32m339.00 B[39m
@isl-lang/islstudio:build: > tsup
@isl-lang/islstudio:build: 
@isl-lang/islstudio:build: [34mCLI[39m Building entry: src/cli.ts, src/index.ts
@isl-lang/islstudio:build: [34mCLI[39m Using tsconfig: tsconfig.json
@isl-lang/islstudio:build: [34mCLI[39m tsup v8.5.1
@isl-lang/islstudio:build: [34mCLI[39m Using tsup config: C:\Users\mevla\OneDrive\Desktop\projects\IntentOS\packages\islstudio\tsup.config.ts
@isl-lang/islstudio:build: [34mCLI[39m Target: es2022
@isl-lang/islstudio:build: [34mCLI[39m Cleaning output folder
@isl-lang/islstudio:build: [34mESM[39m Build start
@isl-lang/islstudio:build: [32mESM[39m [1mdist\index.js [22m[32m165.34 KB[39m
@isl-lang/islstudio:build: [32mESM[39m [1mdist\cli.js   [22m[32m227.41 KB[39m
@isl-lang/islstudio:build: [32mESM[39m ΓÜí∩╕Å Build success in 1706ms
shipgate:build: cache hit, replaying logs 556a25c5e6e0f659
shipgate:build: 
shipgate:build: > shipgate@1.0.2 build C:\Users\mevla\OneDrive\Desktop\projects\IntentOS\packages\cli
shipgate:build: > node scripts/build-with-esbuild.js
shipgate:build: 
shipgate:build: Γû╕ Building CLI with esbuild...
shipgate:build:   Aliases loaded: 14 packages
shipgate:build: 
shipgate:build: Γû▓ [WARNING] "import.meta" is not available with the "cjs" output format and will be empty [empty-import-meta]
shipgate:build: 
shipgate:build:     ../core/dist/index.js:6201:84:
shipgate:build:       6201 Γöé ...Dir ? path7.resolve(fromDir, "package.json") : import.meta.url);
shipgate:build:            Γò╡                                                   ~~~~~~~~~~~
shipgate:build: 
shipgate:build:   You need to set the output format to "esm" for "import.meta" to work correctly.
shipgate:build: 
shipgate:build: Γû▓ [WARNING] "import.meta" is not available with the "cjs" output format and will be empty [empty-import-meta]
shipgate:build: 
shipgate:build:     ../import-resolver/dist/index.js:1312:50:
shipgate:build:       1312 Γöé ...const __dirname = path2.dirname(fileURLToPath(import.meta.url));
shipgate:build:            Γò╡                                                  ~~~~~~~~~~~
shipgate:build: 
shipgate:build:   You need to set the output format to "esm" for "import.meta" to work correctly.
shipgate:build: 
shipgate:build: Γû▓ [WARNING] The CommonJS "exports" variable is treated as a global variable in an ECMAScript module and may not work as expected [commonjs-variable-in-esm]
shipgate:build: 
shipgate:build:     ../reality-probe/dist/env-prober.js:44:0:
shipgate:build:       44 Γöé exports.loadEnvVars = loadEnvVars;
shipgate:build:          Γò╡ ~~~~~~~
shipgate:build: 
shipgate:build:   This file is considered to be an ECMAScript module because the enclosing "package.json" file sets the type of this file to "module":
shipgate:build: 
shipgate:build:     ../reality-probe/package.json:5:10:
shipgate:build:       5 Γöé   "type": "module",
shipgate:build:         Γò╡           ~~~~~~~~
shipgate:build: 
shipgate:build:   Node's package format requires that CommonJS files in a "type": "module" package use the ".cjs" file extension.
shipgate:build: 
shipgate:build: Γû▓ [WARNING] The CommonJS "exports" variable is treated as a global variable in an ECMAScript module and may not work as expected [commonjs-variable-in-esm]
shipgate:build: 
shipgate:build:     ../reality-probe/dist/route-prober.js:55:0:
shipgate:build:       55 Γöé exports.loadRouteMap = loadRouteMap;
shipgate:build:          Γò╡ ~~~~~~~
shipgate:build: 
shipgate:build:   This file is considered to be an ECMAScript module because the enclosing "package.json" file sets the type of this file to "module":
shipgate:build: 
shipgate:build:     ../reality-probe/package.json:5:10:
shipgate:build:       5 Γöé   "type": "module",
shipgate:build:         Γò╡           ~~~~~~~~
shipgate:build: 
shipgate:build:   Node's package format requires that CommonJS files in a "type": "module" package use the ".cjs" file extension.
shipgate:build: 
shipgate:build: Γû▓ [WARNING] The CommonJS "exports" variable is treated as a global variable in an ECMAScript module and may not work as expected [commonjs-variable-in-esm]
shipgate:build: 
shipgate:build:     ../reality-probe/dist/reality-probe.js:44:0:
shipgate:build:       44 Γöé exports.runRealityProbe = runRealityProbe;
shipgate:build:          Γò╡ ~~~~~~~
shipgate:build: 
shipgate:build:   This file is considered to be an ECMAScript module because the enclosing "package.json" file sets the type of this file to "module":
shipgate:build: 
shipgate:build:     ../reality-probe/package.json:5:10:
shipgate:build:       5 Γöé   "type": "module",
shipgate:build:         Γò╡           ~~~~~~~~
shipgate:build: 
shipgate:build:   Node's package format requires that CommonJS files in a "type": "module" package use the ".cjs" file extension.
shipgate:build: 
shipgate:build: Γû▓ [WARNING] Ignoring this import because "src/modules.ts" was marked as having no side effects [ignored-bare-import]
shipgate:build: 
shipgate:build:     src/commands/generate.ts:13:7:
shipgate:build:       13 Γöé import '../modules.js';
shipgate:build:          Γò╡        ~~~~~~~~~~~~~~~
shipgate:build: 
shipgate:build:   "sideEffects" is false in the enclosing "package.json" file:
shipgate:build: 
shipgate:build:     package.json:128:2:
shipgate:build:       128 Γöé   "sideEffects": false
shipgate:build:           Γò╡   ~~~~~~~~~~~~~
shipgate:build: 
shipgate:build: Γû▓ [WARNING] Ignoring this import because "src/modules.ts" was marked as having no side effects [ignored-bare-import]
shipgate:build: 
shipgate:build:     src/commands/gen.ts:17:7:
shipgate:build:       17 Γöé import '../modules.js';
shipgate:build:          Γò╡        ~~~~~~~~~~~~~~~
shipgate:build: 
shipgate:build:   "sideEffects" is false in the enclosing "package.json" file:
shipgate:build: 
shipgate:build:     package.json:128:2:
shipgate:build:       128 Γöé   "sideEffects": false
shipgate:build:           Γò╡   ~~~~~~~~~~~~~
shipgate:build: 
shipgate:build: Γû▓ [WARNING] Ignoring this import because "src/modules.ts" was marked as having no side effects [ignored-bare-import]
shipgate:build: 
shipgate:build:     src/commands/gen-adapters.ts:8:7:
shipgate:build:       8 Γöé import '../modules.js';
shipgate:build:         Γò╡        ~~~~~~~~~~~~~~~
shipgate:build: 
shipgate:build:   "sideEffects" is false in the enclosing "package.json" file:
shipgate:build: 
shipgate:build:     package.json:128:2:
shipgate:build:       128 Γöé   "sideEffects": false
shipgate:build:           Γò╡   ~~~~~~~~~~~~~
shipgate:build: 
shipgate:build: Γ£ô Build successful
shipgate:build: 
shipgate:build: ΓÜá Warnings:
shipgate:build:   "import.meta" is not available with the "cjs" output format and will be empty
shipgate:build:   "import.meta" is not available with the "cjs" output format and will be empty
shipgate:build:   The CommonJS "exports" variable is treated as a global variable in an ECMAScript module and may not work as expected
shipgate:build:   The CommonJS "exports" variable is treated as a global variable in an ECMAScript module and may not work as expected
shipgate:build:   The CommonJS "exports" variable is treated as a global variable in an ECMAScript module and may not work as expected
shipgate:build:   Ignoring this import because "src/modules.ts" was marked as having no side effects
shipgate:build:   Ignoring this import because "src/modules.ts" was marked as having no side effects
shipgate:build:   Ignoring this import because "src/modules.ts" was marked as having no side effects
@isl-lang/flagship-demo:build: cache hit, replaying logs 8bc33e0eed27938d
@isl-lang/flagship-demo:build: 
@isl-lang/flagship-demo:build: > @isl-lang/flagship-demo@0.0.1 build C:\Users\mevla\OneDrive\Desktop\projects\IntentOS\demos\flagship-auth-payments
@isl-lang/flagship-demo:build: > pnpm exec shipgate build spec/simple-test.isl --output generated/
@isl-lang/flagship-demo:build: 
@isl-lang/flagship-demo:build: 
@isl-lang/flagship-demo:build: ≡ƒöº ISL Build Pipeline
@isl-lang/flagship-demo:build:   Pattern: spec/simple-test.isl
@isl-lang/flagship-demo:build:   Files: 1
@isl-lang/flagship-demo:build:   Output: generated/
@isl-lang/flagship-demo:build: 
@isl-lang/flagship-demo:build: Γ£ô Build complete!
@isl-lang/flagship-demo:build: 
@isl-lang/flagship-demo:build:   Files generated: 13
@isl-lang/flagship-demo:build:   Output directory: generated/
@isl-lang/flagship-demo:build: 
@isl-lang/flagship-demo:build:   Verification:
@isl-lang/flagship-demo:build:     Score: 80/100
@isl-lang/flagship-demo:build:     Verdict: RISKY
@isl-lang/flagship-demo:build:     Behaviors: 1/2 passed
@isl-lang/flagship-demo:build:     Checks: 2/3 passed
@isl-lang/flagship-demo:build: 
@isl-lang/flagship-demo:build:   Total time: 17ms
@isl-lang/flagship-demo:build: 
@isl-lang/flagship-demo:build:   Output breakdown:
@isl-lang/flagship-demo:build:     Types: 1 files
@isl-lang/flagship-demo:build:     Tests: 3 files
@isl-lang/flagship-demo:build:     Helpers: 5 files
@isl-lang/flagship-demo:build:     Evidence: 1 files
@isl-lang/flagship-demo:build:     Reports: 1 files
@isl-lang/flagship-demo:build: 
@isl-lang/gate-action:build: 
@isl-lang/gate-action:build: > @isl-lang/gate-action@0.1.0 build C:\Users\mevla\OneDrive\Desktop\projects\IntentOS\packages\isl-gate-action
@isl-lang/gate-action:build: > ncc build src/index.ts -o dist --source-map --license licenses.txt
@isl-lang/gate-action:build: 
playwright-showcase:build: 
playwright-showcase:build: > playwright-showcase@1.0.0 build C:\Users\mevla\OneDrive\Desktop\projects\IntentOS\demos\playwright-showcase
playwright-showcase:build: > tsc && vite build
playwright-showcase:build: 
@isl-lang/gate-action:build: ncc: Version 0.38.4
@isl-lang/gate-action:build: ncc: Compiling file index.js into ESM
@isl-lang/github-action:build: 
@isl-lang/github-action:build: > @isl-lang/github-action@0.1.0 build C:\Users\mevla\OneDrive\Desktop\projects\IntentOS\packages\github-action
@isl-lang/github-action:build: > ncc build src/index.ts -o dist --source-map --license licenses.txt
@isl-lang/github-action:build: 
@isl-lang/adapters:build: 
@isl-lang/adapters:build: > @isl-lang/adapters@0.1.0 build C:\Users\mevla\OneDrive\Desktop\projects\IntentOS\packages\isl-adapters
@isl-lang/adapters:build: > tsup src/index.ts src/github/index.ts src/mcp/index.ts src/cli/index.ts src/auth/index.ts --format esm --dts --clean --external @isl-lang/verified-build --external @isl-lang/gate --external @isl-lang/evidence --external @isl-lang/firewall
@isl-lang/adapters:build: 
@isl-lang/github-action:build: ncc: Version 0.38.4
@isl-lang/github-action:build: ncc: Compiling file index.js into ESM
@isl-lang/gate-action:build: ncc: Using typescript@5.9.3 (local user-provided)
@isl-lang/adapters:build: [34mCLI[39m Building entry: src/index.ts, src/auth/index.ts, src/cli/index.ts, src/github/index.ts, src/mcp/index.ts
@isl-lang/adapters:build: [34mCLI[39m Using tsconfig: tsconfig.json
@isl-lang/adapters:build: [34mCLI[39m tsup v8.5.1
@isl-lang/adapters:build: [34mCLI[39m Target: es2022
@isl-lang/adapters:build: [34mCLI[39m Cleaning output folder
@isl-lang/adapters:build: [34mESM[39m Build start
@isl-lang/adapters:build: [32mESM[39m [1mdist\index.js          [22m[32m2.00 KB[39m
@isl-lang/adapters:build: [32mESM[39m [1mdist\cli\index.js      [22m[32m261.00 B[39m
@isl-lang/adapters:build: [32mESM[39m [1mdist\chunk-VYBJRUKZ.js [22m[32m6.49 KB[39m
@isl-lang/adapters:build: [32mESM[39m [1mdist\chunk-NKHYZ3UE.js [22m[32m11.94 KB[39m
@isl-lang/adapters:build: [32mESM[39m [1mdist\auth\index.js     [22m[32m553.00 B[39m
@isl-lang/adapters:build: [32mESM[39m [1mdist\github\index.js   [22m[32m567.00 B[39m
@isl-lang/adapters:build: [32mESM[39m [1mdist\chunk-7Q6XS7JY.js [22m[32m21.75 KB[39m
@isl-lang/adapters:build: [32mESM[39m [1mdist\mcp\index.js      [22m[32m799.00 B[39m
@isl-lang/adapters:build: [32mESM[39m [1mdist\chunk-GD7HOCOC.js [22m[32m11.62 KB[39m
@isl-lang/adapters:build: [32mESM[39m [1mdist\chunk-3RG5ZIWI.js [22m[32m390.00 B[39m
@isl-lang/adapters:build: [32mESM[39m ΓÜí∩╕Å Build success in 251ms
@isl-lang/github-action:build: ncc: Using typescript@5.9.3 (local user-provided)
@isl-lang/adapters:build: [34mDTS[39m Build start
@isl-lang/gate-action:build:    0kB  dist\package.json
@isl-lang/gate-action:build:    0kB  dist\verify.d.ts.map
@isl-lang/gate-action:build:    0kB  dist\index.d.ts
@isl-lang/gate-action:build:    0kB  dist\index.d.ts.map
@isl-lang/gate-action:build:    0kB  dist\comment.d.ts.map
@isl-lang/gate-action:build:    1kB  dist\verify.d.ts
@isl-lang/gate-action:build:    1kB  dist\comment.d.ts
@isl-lang/gate-action:build:    2kB  dist\types.d.ts
@isl-lang/gate-action:build:    2kB  dist\types.d.ts.map
@isl-lang/gate-action:build:   32kB  dist\licenses.txt
@isl-lang/gate-action:build:   40kB  dist\sourcemap-register.cjs
@isl-lang/gate-action:build: 1122kB  dist\index.js
@isl-lang/gate-action:build: 1314kB  dist\index.js.map
@isl-lang/gate-action:build: 1314kB  dist\index.js.map
@isl-lang/gate-action:build: 2514kB  [8581ms] - ncc 0.38.4
playwright-showcase:build: [36mvite v5.4.21 [32mbuilding for production...[36m[39m
playwright-showcase:build: transforming...
@isl-lang/github-action:build:     0kB  dist\package.json
@isl-lang/github-action:build:     0kB  dist\index.d.ts
@isl-lang/github-action:build:     0kB  dist\index.d.ts.map
@isl-lang/github-action:build:     1kB  dist\verifier.d.ts.map
@isl-lang/github-action:build:     1kB  dist\summary.d.ts
@isl-lang/github-action:build:     1kB  dist\summary.d.ts.map
@isl-lang/github-action:build:     1kB  dist\reporter.d.ts.map
@isl-lang/github-action:build:     1kB  dist\inputs.d.ts
@isl-lang/github-action:build:     1kB  dist\inputs.d.ts.map
@isl-lang/github-action:build:     1kB  dist\checker.d.ts
@isl-lang/github-action:build:     1kB  dist\checker.d.ts.map
@isl-lang/github-action:build:     1kB  dist\annotations.d.ts
@isl-lang/github-action:build:     1kB  dist\annotations.d.ts.map
@isl-lang/github-action:build:     2kB  dist\verifier.d.ts
@isl-lang/github-action:build:     2kB  dist\reporter.d.ts
@isl-lang/github-action:build:    40kB  dist\sourcemap-register.cjs
@isl-lang/github-action:build:   183kB  dist\licenses.txt
@isl-lang/github-action:build:  4861kB  dist\index.js
@isl-lang/github-action:build:  5435kB  dist\index.js.map
@isl-lang/github-action:build:  5435kB  dist\index.js.map
@isl-lang/github-action:build: 10533kB  [8712ms] - ncc 0.38.4
@isl-lang/adapters:build: [32mDTS[39m ΓÜí∩╕Å Build success in 10510ms
@isl-lang/adapters:build: [32mDTS[39m [1mdist\index.d.ts        [22m[32m1.42 KB[39m
@isl-lang/adapters:build: [32mDTS[39m [1mdist\auth\index.d.ts   [22m[32m14.79 KB[39m
@isl-lang/adapters:build: [32mDTS[39m [1mdist\mcp\index.d.ts    [22m[32m3.42 KB[39m
@isl-lang/adapters:build: [32mDTS[39m [1mdist\cli\index.d.ts    [22m[32m2.26 KB[39m
@isl-lang/adapters:build: [32mDTS[39m [1mdist\github\index.d.ts [22m[32m3.52 KB[39m
playwright-showcase:build: [32mΓ£ô[39m 2996 modules transformed.
playwright-showcase:build: [1m[33m[plugin:vite:reporter][39m[22m [33m[plugin vite:reporter] 
playwright-showcase:build: (!) C:/Users/mevla/OneDrive/Desktop/projects/IntentOS/node_modules/.pnpm/@clerk+clerk-react@5.60.0_react-dom@18.3.1_react@18.3.1/node_modules/@clerk/clerk-react/dist/index.mjs is dynamically imported by C:/Users/mevla/OneDrive/Desktop/projects/IntentOS/demos/playwright-showcase/src/main.tsx but also statically imported by C:/Users/mevla/OneDrive/Desktop/projects/IntentOS/demos/playwright-showcase/src/components/MagicalNavbar.tsx, C:/Users/mevla/OneDrive/Desktop/projects/IntentOS/demos/playwright-showcase/src/pages/SignIn.tsx, C:/Users/mevla/OneDrive/Desktop/projects/IntentOS/demos/playwright-showcase/src/pages/SignUp.tsx, dynamic import will not move module into another chunk.
playwright-showcase:build: [39m
playwright-showcase:build: rendering chunks...
playwright-showcase:build: computing gzip size...
playwright-showcase:build: [2mdist/[22m[32mindex.html                 [39m[1m[2m    2.33 kB[22m[1m[22m[2m Γöé gzip:   0.88 kB[22m
playwright-showcase:build: [2mdist/[22m[35massets/index-6j0DJpaZ.css  [39m[1m[2m   55.84 kB[22m[1m[22m[2m Γöé gzip:  10.97 kB[22m
playwright-showcase:build: [2mdist/[22m[36massets/index-Da0FBC81.js   [39m[1m[33m1,225.69 kB[39m[22m[2m Γöé gzip: 414.72 kB[22m
playwright-showcase:build: [33m
playwright-showcase:build: (!) Some chunks are larger than 500 kB after minification. Consider:
playwright-showcase:build: - Using dynamic import() to code-split the application
playwright-showcase:build: - Use build.rollupOptions.output.manualChunks to improve chunking: https://rollupjs.org/configuration-options/#output-manualchunks
playwright-showcase:build: - Adjust chunk size limit for this warning via build.chunkSizeWarningLimit.[39m
playwright-showcase:build: [32mΓ£ô built in 5.48s[39m

 Tasks:    231 successful, 231 total
Cached:    227 cached, 231 total
  Time:    17.591s 

