
> isl-lang-monorepo@1.0.0 build C:\Users\mevla\OneDrive\Desktop\projects\IntentOS
> turbo build

ΓÇó turbo 2.8.1
ΓÇó Packages in scope: @demos/verification-demo, @isl-demos/5280-remodeling-landing, @isl-demos/e2e-login, @isl-demos/spec-assist, @isl-lang/adapters, @isl-lang/agent-os, @isl-lang/ai-copilot, @isl-lang/ai-generator, @isl-lang/api-gateway, @isl-lang/api-generator, @isl-lang/api-versioning, @isl-lang/audit-viewer, @isl-lang/autofix, @isl-lang/build-runner, @isl-lang/ci-docker, @isl-lang/circuit-breaker, @isl-lang/claims-verifier, @isl-lang/cli-ux, @isl-lang/codegen, @isl-lang/codegen-client, @isl-lang/codegen-core, @isl-lang/codegen-csharp, @isl-lang/codegen-db, @isl-lang/codegen-docs, @isl-lang/codegen-edge, @isl-lang/codegen-go, @isl-lang/codegen-graphql, @isl-lang/codegen-grpc, @isl-lang/codegen-harness, @isl-lang/codegen-jvm, @isl-lang/codegen-k8s, @isl-lang/codegen-kubernetes, @isl-lang/codegen-loadtest, @isl-lang/codegen-migrations, @isl-lang/codegen-mocks, @isl-lang/codegen-openapi, @isl-lang/codegen-pipelines, @isl-lang/codegen-property-tests, @isl-lang/codegen-python, @isl-lang/codegen-python-advanced, @isl-lang/codegen-runtime, @isl-lang/codegen-rust, @isl-lang/codegen-sdk, @isl-lang/codegen-terraform, @isl-lang/codegen-tests, @isl-lang/codegen-types, @isl-lang/codegen-ui, @isl-lang/codegen-validators, @isl-lang/codegen-wasm, @isl-lang/coherence-engine, @isl-lang/comparator, @isl-lang/compliance, @isl-lang/contract-testing, @isl-lang/contracts, @isl-lang/core, @isl-lang/coverage, @isl-lang/crud-template, @isl-lang/crud-template-examples, @isl-lang/dashboard-api, @isl-lang/dashboard-web, @isl-lang/datadog, @isl-lang/db-generator, @isl-lang/db-reality-verifier, @isl-lang/dependency-analyzer, @isl-lang/diff-viewer, @isl-lang/distributed, @isl-lang/distributed-tracing, @isl-lang/docs, @isl-lang/docs-advanced, @isl-lang/e2e-tests, @isl-lang/edge-runtime, @isl-lang/effect-handlers, @isl-lang/effect-system, @isl-lang/effects, @isl-lang/env-reality-checker, @isl-lang/error-catalog, @isl-lang/errors, @isl-lang/evaluator, @isl-lang/event-sourcing, @isl-lang/evidence, @isl-lang/evidence-html, @isl-lang/evidence-schema, @isl-lang/expression-compiler, @isl-lang/fake-success-ui-detector, @isl-lang/feature-flags, @isl-lang/firewall, @isl-lang/flagship-demo, @isl-lang/formal-verification, @isl-lang/frontend-generator, @isl-lang/fuzzer, @isl-lang/gate, @isl-lang/gate-action, @isl-lang/generator, @isl-lang/generator-sdk, @isl-lang/github-action, @isl-lang/github-action-gate, @isl-lang/github-app, @isl-lang/grafana, @isl-lang/graphql-codegen, @isl-lang/hallucination-scanner, @isl-lang/healer, @isl-lang/health-check, @isl-lang/import-resolver, @isl-lang/inference, @isl-lang/intent-translator, @isl-lang/interpreter, @isl-lang/isl-ai, @isl-lang/isl-cache, @isl-lang/isl-certificate, @isl-lang/isl-cli, @isl-lang/isl-compiler, @isl-lang/isl-core, @isl-lang/isl-coverage, @isl-lang/isl-discovery, @isl-lang/isl-federation, @isl-lang/isl-lsp, @isl-lang/isl-policy-engine, @isl-lang/isl-runtime, @isl-lang/isl-ship, @isl-lang/isl-smt, @isl-lang/isl-stdlib, @isl-lang/isl-verify, @isl-lang/isl-verify-action, @isl-lang/isl-verify-cli, @isl-lang/islstudio, @isl-lang/java-resolver, @isl-lang/language-server, @isl-lang/lsp, @isl-lang/lsp-core, @isl-lang/lsp-server, @isl-lang/marketplace-api, @isl-lang/marketplace-web, @isl-lang/mcp-server, @isl-lang/migration-tools, @isl-lang/migrations, @isl-lang/mock-detector, @isl-lang/mock-server, @isl-lang/multi-tenant, @isl-lang/mutation-testing, @isl-lang/observability, @isl-lang/opentelemetry, @isl-lang/parser, @isl-lang/patch-engine, @isl-lang/pbt, @isl-lang/phantom-dependency-scanner, @isl-lang/pipeline, @isl-lang/playground, @isl-lang/policy-engine, @isl-lang/policy-packs, @isl-lang/postconditions, @isl-lang/private-registry, @isl-lang/prometheus, @isl-lang/proof, @isl-lang/prover, @isl-lang/reality-probe, @isl-lang/registry-client, @isl-lang/repl, @isl-lang/runtime, @isl-lang/runtime-adapters, @isl-lang/runtime-interpreter, @isl-lang/runtime-sdk, @isl-lang/runtime-universal, @isl-lang/runtime-verify, @isl-lang/schema-evolution, @isl-lang/sdk-react-native, @isl-lang/sdk-typescript, @isl-lang/sdk-web, @isl-lang/secrets-hygiene, @isl-lang/security-policies, @isl-lang/security-scanner, @isl-lang/security-verifier-enhancer, @isl-lang/semantic-analysis, @isl-lang/semantics, @isl-lang/sentry, @isl-lang/shipgate-e2e-intent, @isl-lang/shipgate-metrics, @isl-lang/simulator, @isl-lang/slack-bot, @isl-lang/snapshot-testing, @isl-lang/solver-z3-wasm, @isl-lang/spec-assist, @isl-lang/spec-federation, @isl-lang/spec-implementation-verifier, @isl-lang/spec-inference, @isl-lang/spec-reviewer, @isl-lang/state-machine, @isl-lang/static-analyzer, @isl-lang/stdlib-actors, @isl-lang/stdlib-ai, @isl-lang/stdlib-analytics, @isl-lang/stdlib-api, @isl-lang/stdlib-audit, @isl-lang/stdlib-auth, @isl-lang/stdlib-billing, @isl-lang/stdlib-cache, @isl-lang/stdlib-core, @isl-lang/stdlib-database, @isl-lang/stdlib-distributed, @isl-lang/stdlib-email, @isl-lang/stdlib-events, @isl-lang/stdlib-files, @isl-lang/stdlib-http, @isl-lang/stdlib-idempotency, @isl-lang/stdlib-messaging, @isl-lang/stdlib-ml, @isl-lang/stdlib-notifications, @isl-lang/stdlib-observability, @isl-lang/stdlib-payments, @isl-lang/stdlib-queue, @isl-lang/stdlib-rate-limit, @isl-lang/stdlib-realtime, @isl-lang/stdlib-runtime, @isl-lang/stdlib-saas, @isl-lang/stdlib-scheduling, @isl-lang/stdlib-search, @isl-lang/stdlib-time, @isl-lang/stdlib-workflow, @isl-lang/streaming, @isl-lang/test-generator, @isl-lang/test-runtime, @isl-lang/test-runtime-legacy, @isl-lang/trace-format, @isl-lang/trace-viewer, @isl-lang/translator, @isl-lang/trust-score, @isl-lang/truthpack-v2, @isl-lang/typechecker, @isl-lang/ui-generator, @isl-lang/verified-build, @isl-lang/verifier, @isl-lang/verifier-chaos, @isl-lang/verifier-formal, @isl-lang/verifier-runtime, @isl-lang/verifier-sandbox, @isl-lang/verifier-security, @isl-lang/verifier-temporal, @isl-lang/verify-pipeline, @isl-lang/versioner, @isl-lang/visual-editor, @isl/samples, @shipgate/portal, @shipgate/sdk, chaos-checkout-demo, checkout-api, evaluator-demo, isl-demo, islstudio-hello-gate, playwright-showcase, reality-probe-demo, repo-isl-verified, repo-isl-violation, safe-ai-demo, shipgate, shipgate-isl, vscode-islstudio
ΓÇó Running build in 255 packages
ΓÇó Remote caching disabled
@isl-lang/audit-viewer:build: cache hit, replaying logs 80b80ff8a272b625
@isl-lang/audit-viewer:build: 
@isl-lang/audit-viewer:build: > @isl-lang/audit-viewer@0.1.0 build C:\Users\mevla\OneDrive\Desktop\projects\IntentOS\packages\audit-viewer
@isl-lang/audit-viewer:build: > echo 'Skipping Next.js build'
@isl-lang/audit-viewer:build: 
@isl-lang/audit-viewer:build: 'Skipping Next.js build'
@isl-lang/codegen-docs:build: cache hit, replaying logs 30f3791a031b07c7
@isl-lang/codegen-docs:build: 
@isl-lang/codegen-docs:build: > @isl-lang/codegen-docs@0.1.0 build C:\Users\mevla\OneDrive\Desktop\projects\IntentOS\packages\codegen-docs
@isl-lang/codegen-docs:build: > tsup
@isl-lang/codegen-docs:build: 
@isl-lang/codegen-docs:build: [34mCLI[39m Building entry: src/index.ts
@isl-lang/codegen-docs:build: [34mCLI[39m Using tsconfig: tsconfig.json
@isl-lang/codegen-docs:build: [34mCLI[39m tsup v8.5.1
@isl-lang/codegen-docs:build: [34mCLI[39m Using tsup config: C:\Users\mevla\OneDrive\Desktop\projects\IntentOS\packages\codegen-docs\tsup.config.ts
@isl-lang/codegen-docs:build: [34mCLI[39m Target: es2022
@isl-lang/codegen-docs:build: [34mCLI[39m Cleaning output folder
@isl-lang/codegen-docs:build: [34mESM[39m Build start
@isl-lang/codegen-docs:build: [34mCJS[39m Build start
@isl-lang/codegen-docs:build: [34mDTS[39m Build start
@isl-lang/codegen-docs:build: [32mESM[39m [1mdist\index.js     [22m[32m34.45 KB[39m
@isl-lang/codegen-docs:build: [32mESM[39m [1mdist\index.js.map [22m[32m74.18 KB[39m
@isl-lang/codegen-docs:build: [32mESM[39m ΓÜí∩╕Å Build success in 4532ms
@isl-lang/codegen-docs:build: [32mCJS[39m [1mdist\index.cjs     [22m[32m34.57 KB[39m
@isl-lang/codegen-docs:build: [32mCJS[39m [1mdist\index.cjs.map [22m[32m74.18 KB[39m
@isl-lang/codegen-docs:build: [32mCJS[39m ΓÜí∩╕Å Build success in 4532ms
@isl-lang/codegen-docs:build: [32mDTS[39m ΓÜí∩╕Å Build success in 7631ms
@isl-lang/codegen-docs:build: [32mDTS[39m [1mdist\index.d.ts  [22m[32m2.21 KB[39m
@isl-lang/codegen-docs:build: [32mDTS[39m [1mdist\index.d.cts [22m[32m2.21 KB[39m
vscode-islstudio:build: cache hit, replaying logs 13e50f3bd8883cd4
vscode-islstudio:build: 
vscode-islstudio:build: > vscode-islstudio@1.0.0 build C:\Users\mevla\OneDrive\Desktop\projects\IntentOS\packages\vscode-islstudio
vscode-islstudio:build: > tsup
vscode-islstudio:build: 
vscode-islstudio:build: [34mCLI[39m Building entry: src/extension.ts
vscode-islstudio:build: [34mCLI[39m Using tsconfig: tsconfig.json
vscode-islstudio:build: [34mCLI[39m tsup v8.5.1
vscode-islstudio:build: [34mCLI[39m Using tsup config: C:\Users\mevla\OneDrive\Desktop\projects\IntentOS\packages\vscode-islstudio\tsup.config.ts
vscode-islstudio:build: [34mCLI[39m Target: es2022
vscode-islstudio:build: [34mCLI[39m Cleaning output folder
vscode-islstudio:build: [34mCJS[39m Build start
vscode-islstudio:build: [32mCJS[39m [1mdist\extension.cjs [22m[32m236.26 KB[39m
vscode-islstudio:build: [32mCJS[39m ΓÜí∩╕Å Build success in 832ms
@isl-lang/ai-copilot:build: cache hit, replaying logs 99cdad0cd7efe338
@isl-lang/ai-copilot:build: 
@isl-lang/ai-copilot:build: > @isl-lang/ai-copilot@2.0.0 build C:\Users\mevla\OneDrive\Desktop\projects\IntentOS\packages\ai-copilot
@isl-lang/ai-copilot:build: > tsup src/index.ts --format cjs,esm --dts && node -e "require('fs').copyFileSync('src/grammar-reference.md','dist/grammar-reference.md')"
@isl-lang/ai-copilot:build: 
@isl-lang/ai-copilot:build: [34mCLI[39m Building entry: src/index.ts
@isl-lang/ai-copilot:build: [34mCLI[39m Using tsconfig: tsconfig.json
@isl-lang/ai-copilot:build: [34mCLI[39m tsup v8.5.1
@isl-lang/ai-copilot:build: [34mCLI[39m Target: es2022
@isl-lang/ai-copilot:build: [34mCJS[39m Build start
@isl-lang/ai-copilot:build: [34mESM[39m Build start
@isl-lang/ai-copilot:build: [32mESM[39m [1mdist\index.js [22m[32m24.07 KB[39m
@isl-lang/ai-copilot:build: [32mESM[39m ΓÜí∩╕Å Build success in 99ms
@isl-lang/ai-copilot:build: [32mCJS[39m [1mdist\index.cjs [22m[32m25.70 KB[39m
@isl-lang/ai-copilot:build: [32mCJS[39m ΓÜí∩╕Å Build success in 99ms
@isl-lang/ai-copilot:build: [34mDTS[39m Build start
@isl-lang/ai-copilot:build: [32mDTS[39m ΓÜí∩╕Å Build success in 2972ms
@isl-lang/ai-copilot:build: [32mDTS[39m [1mdist\index.d.cts [22m[32m8.92 KB[39m
@isl-lang/ai-copilot:build: [32mDTS[39m [1mdist\index.d.ts  [22m[32m8.92 KB[39m
@isl-lang/trace-viewer:build: cache hit, replaying logs 0b73940967b185de
@isl-lang/trace-viewer:build: 
@isl-lang/trace-viewer:build: > @isl-lang/trace-viewer@0.1.0 build C:\Users\mevla\OneDrive\Desktop\projects\IntentOS\packages\trace-viewer
@isl-lang/trace-viewer:build: > echo 'Skipping Next.js build - requires working Next.js environment'
@isl-lang/trace-viewer:build: 
@isl-lang/trace-viewer:build: 'Skipping Next.js build - requires working Next.js environment'
@isl-lang/circuit-breaker:build: cache hit, replaying logs f0e7df6ed945c179
@isl-lang/circuit-breaker:build: 
@isl-lang/circuit-breaker:build: > @isl-lang/circuit-breaker@1.0.0 build C:\Users\mevla\OneDrive\Desktop\projects\IntentOS\packages\circuit-breaker
@isl-lang/circuit-breaker:build: > tsup src/index.ts --format cjs,esm --dts
@isl-lang/circuit-breaker:build: 
@isl-lang/circuit-breaker:build: [34mCLI[39m Building entry: src/index.ts
@isl-lang/circuit-breaker:build: [34mCLI[39m Using tsconfig: tsconfig.json
@isl-lang/circuit-breaker:build: [34mCLI[39m tsup v8.5.1
@isl-lang/circuit-breaker:build: [34mCLI[39m Target: es2022
@isl-lang/circuit-breaker:build: [34mCJS[39m Build start
@isl-lang/circuit-breaker:build: [34mESM[39m Build start
@isl-lang/circuit-breaker:build: [32mCJS[39m [1mdist\index.cjs [22m[32m15.15 KB[39m
@isl-lang/circuit-breaker:build: [32mCJS[39m ΓÜí∩╕Å Build success in 170ms
@isl-lang/circuit-breaker:build: [32mESM[39m [1mdist\index.js [22m[32m13.72 KB[39m
@isl-lang/circuit-breaker:build: [32mESM[39m ΓÜí∩╕Å Build success in 222ms
@isl-lang/circuit-breaker:build: [34mDTS[39m Build start
@isl-lang/circuit-breaker:build: [32mDTS[39m ΓÜí∩╕Å Build success in 5532ms
@isl-lang/circuit-breaker:build: [32mDTS[39m [1mdist\index.d.cts [22m[32m6.34 KB[39m
@isl-lang/circuit-breaker:build: [32mDTS[39m [1mdist\index.d.ts  [22m[32m6.34 KB[39m
@isl-lang/stdlib-database:build: cache hit, replaying logs 81702e39b572c56a
@isl-lang/stdlib-database:build: 
@isl-lang/stdlib-database:build: > @isl-lang/stdlib-database@0.1.0 build C:\Users\mevla\OneDrive\Desktop\projects\IntentOS\packages\stdlib-database
@isl-lang/stdlib-database:build: > tsup src/index.ts --format esm --dts --clean
@isl-lang/stdlib-database:build: 
@isl-lang/stdlib-database:build: [34mCLI[39m Building entry: src/index.ts
@isl-lang/stdlib-database:build: [34mCLI[39m Using tsconfig: tsconfig.json
@isl-lang/stdlib-database:build: [34mCLI[39m tsup v8.5.1
@isl-lang/stdlib-database:build: [34mCLI[39m Target: es2022
@isl-lang/stdlib-database:build: [34mCLI[39m Cleaning output folder
@isl-lang/stdlib-database:build: [34mESM[39m Build start
@isl-lang/stdlib-database:build: [32mESM[39m [1mdist\index.js [22m[32m9.28 KB[39m
@isl-lang/stdlib-database:build: [32mESM[39m ΓÜí∩╕Å Build success in 251ms
@isl-lang/stdlib-database:build: [34mDTS[39m Build start
@isl-lang/stdlib-database:build: [32mDTS[39m ΓÜí∩╕Å Build success in 12857ms
@isl-lang/stdlib-database:build: [32mDTS[39m [1mdist\index.d.ts [22m[32m4.77 KB[39m
@isl-lang/secrets-hygiene:build: cache hit, replaying logs 5fef5a51a99caa5e
@isl-lang/stdlib-rate-limit:build: cache hit, replaying logs b3998814552c0f71
@isl-lang/secrets-hygiene:build: 
@isl-lang/secrets-hygiene:build: > @isl-lang/secrets-hygiene@0.1.0 build C:\Users\mevla\OneDrive\Desktop\projects\IntentOS\packages\secrets-hygiene
@isl-lang/stdlib-rate-limit:build: 
@isl-lang/stdlib-rate-limit:build: > @isl-lang/stdlib-rate-limit@2.0.0 build C:\Users\mevla\OneDrive\Desktop\projects\IntentOS\packages\stdlib-rate-limit
@isl-lang/stdlib-rate-limit:build: > tsup
@isl-lang/secrets-hygiene:build: > tsc
@isl-lang/secrets-hygiene:build: 
@isl-lang/stdlib-rate-limit:build: 
@isl-lang/stdlib-rate-limit:build: [34mCLI[39m Building entry: {"index":"implementations/typescript/index.ts","types":"implementations/typescript/types.ts","storage/memory":"implementations/typescript/storage/memory.ts","storage/redis":"implementations/typescript/storage/redis.ts","adapters/express":"implementations/typescript/adapters/express.ts"}
@isl-lang/stdlib-rate-limit:build: [34mCLI[39m Using tsconfig: tsconfig.json
@isl-lang/stdlib-rate-limit:build: [34mCLI[39m tsup v8.5.1
@isl-lang/stdlib-rate-limit:build: [34mCLI[39m Using tsup config: C:\Users\mevla\OneDrive\Desktop\projects\IntentOS\packages\stdlib-rate-limit\tsup.config.ts
@isl-lang/stdlib-rate-limit:build: [34mCLI[39m Target: es2022
@isl-lang/stdlib-rate-limit:build: [34mCLI[39m Cleaning output folder
@isl-lang/stdlib-rate-limit:build: [34mCJS[39m Build start
@isl-lang/stdlib-rate-limit:build: [34mESM[39m Build start
@isl-lang/stdlib-rate-limit:build: [32mESM[39m [1mdist\types.js                [22m[32m1.45 KB[39m
@isl-lang/stdlib-rate-limit:build: [32mESM[39m [1mdist\index.js                [22m[32m34.43 KB[39m
@isl-lang/stdlib-rate-limit:build: [32mESM[39m [1mdist\storage\memory.js       [22m[32m5.80 KB[39m
@isl-lang/stdlib-rate-limit:build: [32mESM[39m [1mdist\adapters\express.js     [22m[32m5.20 KB[39m
@isl-lang/stdlib-rate-limit:build: [32mESM[39m [1mdist\storage\redis.js        [22m[32m7.87 KB[39m
@isl-lang/stdlib-rate-limit:build: [32mESM[39m [1mdist\types.js.map            [22m[32m8.60 KB[39m
@isl-lang/stdlib-rate-limit:build: [32mESM[39m [1mdist\index.js.map            [22m[32m83.70 KB[39m
@isl-lang/stdlib-rate-limit:build: [32mESM[39m [1mdist\adapters\express.js.map [22m[32m14.82 KB[39m
@isl-lang/stdlib-rate-limit:build: [32mESM[39m [1mdist\storage\redis.js.map    [22m[32m20.27 KB[39m
@isl-lang/stdlib-rate-limit:build: [32mESM[39m [1mdist\storage\memory.js.map   [22m[32m12.99 KB[39m
@isl-lang/stdlib-rate-limit:build: [32mESM[39m ΓÜí∩╕Å Build success in 377ms
@isl-lang/stdlib-rate-limit:build: [32mCJS[39m [1mdist\types.cjs                [22m[32m2.57 KB[39m
@isl-lang/stdlib-rate-limit:build: [32mCJS[39m [1mdist\storage\memory.cjs       [22m[32m6.86 KB[39m
@isl-lang/stdlib-rate-limit:build: [32mCJS[39m [1mdist\storage\redis.cjs        [22m[32m8.93 KB[39m
@isl-lang/stdlib-rate-limit:build: [32mCJS[39m [1mdist\adapters\express.cjs     [22m[32m6.40 KB[39m
@isl-lang/stdlib-rate-limit:build: [32mCJS[39m [1mdist\index.cjs                [22m[32m36.17 KB[39m
@isl-lang/stdlib-rate-limit:build: [32mCJS[39m [1mdist\storage\memory.cjs.map   [22m[32m13.04 KB[39m
@isl-lang/stdlib-rate-limit:build: [32mCJS[39m [1mdist\types.cjs.map            [22m[32m8.66 KB[39m
@isl-lang/stdlib-rate-limit:build: [32mCJS[39m [1mdist\adapters\express.cjs.map [22m[32m14.89 KB[39m
@isl-lang/stdlib-rate-limit:build: [32mCJS[39m [1mdist\index.cjs.map            [22m[32m85.00 KB[39m
@isl-lang/stdlib-rate-limit:build: [32mCJS[39m [1mdist\storage\redis.cjs.map    [22m[32m20.31 KB[39m
@isl-lang/stdlib-rate-limit:build: [32mCJS[39m ΓÜí∩╕Å Build success in 386ms
@isl-lang/stdlib-rate-limit:build: [34mDTS[39m Build start
@isl-lang/stdlib-rate-limit:build: [32mDTS[39m ΓÜí∩╕Å Build success in 14629ms
@isl-lang/stdlib-rate-limit:build: [32mDTS[39m [1mdist\index.d.cts            [22m[32m853.00 B[39m
@isl-lang/stdlib-rate-limit:build: [32mDTS[39m [1mdist\storage\memory.d.cts   [22m[32m2.23 KB[39m
@isl-lang/stdlib-rate-limit:build: [32mDTS[39m [1mdist\storage\redis.d.cts    [22m[32m3.11 KB[39m
@isl-lang/stdlib-rate-limit:build: [32mDTS[39m [1mdist\types.d.cts            [22m[32m5.26 KB[39m
@isl-lang/stdlib-rate-limit:build: [32mDTS[39m [1mdist\adapters\express.d.cts [22m[32m317.00 B[39m
@isl-lang/stdlib-rate-limit:build: [32mDTS[39m [1mdist\express-BsLa5qaN.d.cts [22m[32m6.40 KB[39m
@isl-lang/stdlib-rate-limit:build: [32mDTS[39m [1mdist\index.d.ts             [22m[32m849.00 B[39m
@isl-lang/stdlib-rate-limit:build: [32mDTS[39m [1mdist\storage\memory.d.ts    [22m[32m2.22 KB[39m
@isl-lang/stdlib-rate-limit:build: [32mDTS[39m [1mdist\storage\redis.d.ts     [22m[32m3.11 KB[39m
@isl-lang/stdlib-rate-limit:build: [32mDTS[39m [1mdist\types.d.ts             [22m[32m5.26 KB[39m
@isl-lang/stdlib-rate-limit:build: [32mDTS[39m [1mdist\adapters\express.d.ts  [22m[32m315.00 B[39m
@isl-lang/stdlib-rate-limit:build: [32mDTS[39m [1mdist\express-Bpwbcetw.d.ts  [22m[32m6.40 KB[39m
@isl-lang/dashboard-web:build: cache miss, executing 144dc639b0e7c6ef
@isl-lang/stdlib-audit:build: cache miss, executing 7ae910af42ae9165
@isl-lang/codegen-rust:build: cache hit, replaying logs b096dcbfcadc19a3
@isl-lang/codegen-rust:build: 
@isl-lang/codegen-rust:build: > @isl-lang/codegen-rust@0.1.0 build C:\Users\mevla\OneDrive\Desktop\projects\IntentOS\packages\codegen-rust
@isl-lang/codegen-rust:build: > tsup
@isl-lang/codegen-rust:build: 
@isl-lang/codegen-rust:build: [34mCLI[39m Building entry: src/index.ts
@isl-lang/codegen-rust:build: [34mCLI[39m Using tsconfig: tsconfig.json
@isl-lang/codegen-rust:build: [34mCLI[39m tsup v8.5.1
@isl-lang/codegen-rust:build: [34mCLI[39m Using tsup config: C:\Users\mevla\OneDrive\Desktop\projects\IntentOS\packages\codegen-rust\tsup.config.ts
@isl-lang/codegen-rust:build: [34mCLI[39m Target: es2022
@isl-lang/codegen-rust:build: [34mCLI[39m Cleaning output folder
@isl-lang/codegen-rust:build: [34mESM[39m Build start
@isl-lang/codegen-rust:build: [34mCJS[39m Build start
@isl-lang/codegen-rust:build: [32mCJS[39m [1mdist\index.cjs     [22m[32m32.55 KB[39m
@isl-lang/codegen-rust:build: [32mCJS[39m [1mdist\index.cjs.map [22m[32m85.83 KB[39m
@isl-lang/codegen-rust:build: [32mCJS[39m ΓÜí∩╕Å Build success in 333ms
@isl-lang/codegen-rust:build: [32mESM[39m [1mdist\index.js     [22m[32m31.66 KB[39m
@isl-lang/codegen-rust:build: [32mESM[39m [1mdist\index.js.map [22m[32m85.83 KB[39m
@isl-lang/codegen-rust:build: [32mESM[39m ΓÜí∩╕Å Build success in 334ms
@isl-lang/codegen-rust:build: [34mDTS[39m Build start
@isl-lang/codegen-rust:build: [32mDTS[39m ΓÜí∩╕Å Build success in 5345ms
@isl-lang/codegen-rust:build: [32mDTS[39m [1mdist\index.d.ts  [22m[32m10.90 KB[39m
@isl-lang/codegen-rust:build: [32mDTS[39m [1mdist\index.d.cts [22m[32m10.90 KB[39m
@isl-lang/gate-action:build: cache miss, executing d7360342ca79c3b7
@isl-lang/policy-engine:build: cache hit, replaying logs 0c2712c8039904b1
@isl-lang/policy-engine:build: 
@isl-lang/policy-engine:build: > @isl-lang/policy-engine@1.0.0 build C:\Users\mevla\OneDrive\Desktop\projects\IntentOS\packages\policy-engine
@isl-lang/policy-engine:build: > tsup src/index.ts --format cjs,esm --dts
@isl-lang/policy-engine:build: 
@isl-lang/policy-engine:build: [34mCLI[39m Building entry: src/index.ts
@isl-lang/policy-engine:build: [34mCLI[39m Using tsconfig: tsconfig.json
@isl-lang/policy-engine:build: [34mCLI[39m tsup v8.5.1
@isl-lang/policy-engine:build: [34mCLI[39m Target: es2022
@isl-lang/policy-engine:build: [34mCJS[39m Build start
@isl-lang/policy-engine:build: [34mESM[39m Build start
@isl-lang/policy-engine:build: [32mCJS[39m [1mdist\index.cjs [22m[32m10.81 KB[39m
@isl-lang/policy-engine:build: [32mCJS[39m ΓÜí∩╕Å Build success in 170ms
@isl-lang/policy-engine:build: [32mESM[39m [1mdist\index.js [22m[32m9.80 KB[39m
@isl-lang/policy-engine:build: [32mESM[39m ΓÜí∩╕Å Build success in 175ms
@isl-lang/policy-engine:build: [34mDTS[39m Build start
@isl-lang/policy-engine:build: [32mDTS[39m ΓÜí∩╕Å Build success in 4412ms
@isl-lang/policy-engine:build: [32mDTS[39m [1mdist\index.d.cts [22m[32m5.39 KB[39m
@isl-lang/policy-engine:build: [32mDTS[39m [1mdist\index.d.ts  [22m[32m5.39 KB[39m
@isl-lang/codegen-sdk:build: cache hit, replaying logs d7f69d1954fbe9b8
@isl-lang/codegen-sdk:build: 
@isl-lang/codegen-sdk:build: > @isl-lang/codegen-sdk@0.1.0 build C:\Users\mevla\OneDrive\Desktop\projects\IntentOS\packages\codegen-sdk
@isl-lang/codegen-sdk:build: > tsc
@isl-lang/codegen-sdk:build: 
@isl-lang/isl-stdlib:build: cache hit, replaying logs a7b104e70fd42ccd
@isl-lang/isl-stdlib:build: 
@isl-lang/isl-stdlib:build: > @isl-lang/isl-stdlib@2.0.0 build C:\Users\mevla\OneDrive\Desktop\projects\IntentOS\packages\isl-stdlib
@isl-lang/isl-stdlib:build: > tsup
@isl-lang/isl-stdlib:build: 
@isl-lang/isl-stdlib:build: [34mCLI[39m Building entry: src/index.ts, src/registry.ts, src/resolver.ts, src/validate-registry.ts
@isl-lang/isl-stdlib:build: [34mCLI[39m Using tsconfig: tsconfig.json
@isl-lang/isl-stdlib:build: [34mCLI[39m tsup v8.5.1
@isl-lang/isl-stdlib:build: [34mCLI[39m Using tsup config: C:\Users\mevla\OneDrive\Desktop\projects\IntentOS\packages\isl-stdlib\tsup.config.ts
@isl-lang/isl-stdlib:build: [34mCLI[39m Target: es2022
@isl-lang/isl-stdlib:build: [34mCLI[39m Cleaning output folder
@isl-lang/isl-stdlib:build: [34mESM[39m Build start
@isl-lang/isl-stdlib:build: [34mCJS[39m Build start
@isl-lang/isl-stdlib:build: [32mCJS[39m [1mdist\resolver.cjs              [22m[32m23.93 KB[39m
@isl-lang/isl-stdlib:build: [32mCJS[39m [1mdist\index.cjs                 [22m[32m31.21 KB[39m
@isl-lang/isl-stdlib:build: [32mCJS[39m [1mdist\validate-registry.cjs     [22m[32m20.96 KB[39m
@isl-lang/isl-stdlib:build: [32mCJS[39m [1mdist\registry.cjs              [22m[32m23.59 KB[39m
@isl-lang/isl-stdlib:build: [32mCJS[39m [1mdist\resolver.cjs.map          [22m[32m56.07 KB[39m
@isl-lang/isl-stdlib:build: [32mCJS[39m [1mdist\validate-registry.cjs.map [22m[32m45.44 KB[39m
@isl-lang/isl-stdlib:build: [32mCJS[39m [1mdist\index.cjs.map             [22m[32m73.49 KB[39m
@isl-lang/isl-stdlib:build: [32mCJS[39m [1mdist\registry.cjs.map          [22m[32m45.84 KB[39m
@isl-lang/isl-stdlib:build: [32mCJS[39m ΓÜí∩╕Å Build success in 505ms
@isl-lang/isl-stdlib:build: [32mESM[39m [1mdist\index.js                 [22m[32m30.44 KB[39m
@isl-lang/isl-stdlib:build: [32mESM[39m [1mdist\resolver.js              [22m[32m23.71 KB[39m
@isl-lang/isl-stdlib:build: [32mESM[39m [1mdist\registry.js              [22m[32m23.10 KB[39m
@isl-lang/isl-stdlib:build: [32mESM[39m [1mdist\validate-registry.js     [22m[32m20.88 KB[39m
@isl-lang/isl-stdlib:build: [32mESM[39m [1mdist\index.js.map             [22m[32m73.49 KB[39m
@isl-lang/isl-stdlib:build: [32mESM[39m [1mdist\resolver.js.map          [22m[32m56.06 KB[39m
@isl-lang/isl-stdlib:build: [32mESM[39m [1mdist\registry.js.map          [22m[32m45.84 KB[39m
@isl-lang/isl-stdlib:build: [32mESM[39m [1mdist\validate-registry.js.map [22m[32m45.44 KB[39m
@isl-lang/isl-stdlib:build: [32mESM[39m ΓÜí∩╕Å Build success in 520ms
@isl-lang/isl-stdlib:build: [34mDTS[39m Build start
@isl-lang/isl-stdlib:build: [32mDTS[39m ΓÜí∩╕Å Build success in 8268ms
@isl-lang/isl-stdlib:build: [32mDTS[39m [1mdist\index.d.ts              [22m[32m1.77 KB[39m
@isl-lang/isl-stdlib:build: [32mDTS[39m [1mdist\resolver.d.ts           [22m[32m2.08 KB[39m
@isl-lang/isl-stdlib:build: [32mDTS[39m [1mdist\validate-registry.d.ts  [22m[32m499.00 B[39m
@isl-lang/isl-stdlib:build: [32mDTS[39m [1mdist\registry.d.ts           [22m[32m3.06 KB[39m
@isl-lang/isl-stdlib:build: [32mDTS[39m [1mdist\types-CDVsvWAN.d.ts     [22m[32m4.88 KB[39m
@isl-lang/isl-stdlib:build: [32mDTS[39m [1mdist\index.d.cts             [22m[32m1.77 KB[39m
@isl-lang/isl-stdlib:build: [32mDTS[39m [1mdist\resolver.d.cts          [22m[32m2.09 KB[39m
@isl-lang/isl-stdlib:build: [32mDTS[39m [1mdist\validate-registry.d.cts [22m[32m501.00 B[39m
@isl-lang/isl-stdlib:build: [32mDTS[39m [1mdist\registry.d.cts          [22m[32m3.06 KB[39m
@isl-lang/isl-stdlib:build: [32mDTS[39m [1mdist\types-CDVsvWAN.d.cts    [22m[32m4.88 KB[39m
@isl-lang/stdlib-ml:build: cache hit, replaying logs b826d653a930f425
@isl-lang/stdlib-ml:build: 
@isl-lang/stdlib-ml:build: > @isl-lang/stdlib-ml@0.1.0 build C:\Users\mevla\OneDrive\Desktop\projects\IntentOS\packages\stdlib-ml
@isl-lang/stdlib-ml:build: > tsc
@isl-lang/stdlib-ml:build: 
@isl-lang/codegen-kubernetes:build: cache hit, replaying logs a6d1532f0c0c3ca0
@isl-lang/codegen-kubernetes:build: 
@isl-lang/codegen-kubernetes:build: > @isl-lang/codegen-kubernetes@1.0.0 build C:\Users\mevla\OneDrive\Desktop\projects\IntentOS\packages\codegen-kubernetes
@isl-lang/codegen-kubernetes:build: > tsc
@isl-lang/codegen-kubernetes:build: 
@isl-lang/crud-template:build: cache hit, replaying logs 87d2eb3ea4d756ce
@isl-lang/crud-template:build: 
@isl-lang/crud-template:build: > @isl-lang/crud-template@0.1.0 build C:\Users\mevla\OneDrive\Desktop\projects\IntentOS\packages\crud-template
@isl-lang/crud-template:build: > tsup
@isl-lang/crud-template:build: 
@isl-lang/crud-template:build: [34mCLI[39m Building entry: src/index.ts
@isl-lang/crud-template:build: [34mCLI[39m Using tsconfig: tsconfig.json
@isl-lang/crud-template:build: [34mCLI[39m tsup v8.5.1
@isl-lang/crud-template:build: [34mCLI[39m Using tsup config: C:\Users\mevla\OneDrive\Desktop\projects\IntentOS\packages\crud-template\tsup.config.ts
@isl-lang/crud-template:build: [34mCLI[39m Target: es2022
@isl-lang/crud-template:build: [34mCLI[39m Cleaning output folder
@isl-lang/crud-template:build: [34mESM[39m Build start
@isl-lang/crud-template:build: [32mESM[39m [1mdist\index.js     [22m[32m33.52 KB[39m
@isl-lang/crud-template:build: [32mESM[39m [1mdist\index.js.map [22m[32m57.53 KB[39m
@isl-lang/crud-template:build: [32mESM[39m ΓÜí∩╕Å Build success in 117ms
@isl-lang/crud-template:build: [34mDTS[39m Build start
@isl-lang/crud-template:build: [32mDTS[39m ΓÜí∩╕Å Build success in 5427ms
@isl-lang/crud-template:build: [32mDTS[39m [1mdist\index.d.ts [22m[32m2.99 KB[39m
@isl-lang/patch-engine:build: cache hit, replaying logs 04227aac933fda26
@isl-lang/patch-engine:build: 
@isl-lang/patch-engine:build: > @isl-lang/patch-engine@0.1.0 build C:\Users\mevla\OneDrive\Desktop\projects\IntentOS\packages\patch-engine
@isl-lang/patch-engine:build: > tsup && tsc -p tsconfig.build.json
@isl-lang/patch-engine:build: 
@isl-lang/patch-engine:build: [34mCLI[39m Building entry: src/index.ts
@isl-lang/patch-engine:build: [34mCLI[39m Using tsconfig: tsconfig.json
@isl-lang/patch-engine:build: [34mCLI[39m tsup v8.5.1
@isl-lang/patch-engine:build: [34mCLI[39m Using tsup config: C:\Users\mevla\OneDrive\Desktop\projects\IntentOS\packages\patch-engine\tsup.config.ts
@isl-lang/patch-engine:build: [34mCLI[39m Target: es2022
@isl-lang/patch-engine:build: [34mCLI[39m Cleaning output folder
@isl-lang/patch-engine:build: [34mESM[39m Build start
@isl-lang/patch-engine:build: [32mESM[39m [1mdist\index.js     [22m[32m22.70 KB[39m
@isl-lang/patch-engine:build: [32mESM[39m [1mdist\index.js.map [22m[32m65.56 KB[39m
@isl-lang/patch-engine:build: [32mESM[39m ΓÜí∩╕Å Build success in 469ms
checkout-api:build: cache hit, replaying logs 6c6c3c083599ced7
checkout-api:build: 
checkout-api:build: > checkout-api@1.2.0 build C:\Users\mevla\OneDrive\Desktop\projects\IntentOS\demos\repo-specless
checkout-api:build: > tsc
checkout-api:build: 
@isl-lang/stdlib-auth:build: cache hit, replaying logs c27fec3b5b6bdd62
@isl-lang/stdlib-auth:build: 
@isl-lang/stdlib-auth:build: > @isl-lang/stdlib-auth@1.0.0 build C:\Users\mevla\OneDrive\Desktop\projects\IntentOS\packages\stdlib-auth
@isl-lang/stdlib-auth:build: > tsc
@isl-lang/stdlib-auth:build: 
@isl-lang/fuzzer:build: cache hit, replaying logs e95933f132a93bcb
@isl-lang/fuzzer:build: 
@isl-lang/fuzzer:build: > @isl-lang/fuzzer@0.1.0 build C:\Users\mevla\OneDrive\Desktop\projects\IntentOS\packages\fuzzer
@isl-lang/fuzzer:build: > tsc
@isl-lang/fuzzer:build: 
@isl-lang/claims-verifier:build: cache hit, replaying logs e0141b87c40da23d
@isl-lang/claims-verifier:build: 
@isl-lang/claims-verifier:build: > @isl-lang/claims-verifier@0.1.0 build C:\Users\mevla\OneDrive\Desktop\projects\IntentOS\packages\claims-verifier
@isl-lang/claims-verifier:build: > tsup
@isl-lang/claims-verifier:build: 
@isl-lang/claims-verifier:build: [34mCLI[39m Building entry: src/cli.ts, src/index.ts
@isl-lang/claims-verifier:build: [34mCLI[39m Using tsconfig: tsconfig.json
@isl-lang/claims-verifier:build: [34mCLI[39m tsup v8.5.1
@isl-lang/claims-verifier:build: [34mCLI[39m Using tsup config: C:\Users\mevla\OneDrive\Desktop\projects\IntentOS\packages\claims-verifier\tsup.config.ts
@isl-lang/claims-verifier:build: [34mCLI[39m Target: es2022
@isl-lang/claims-verifier:build: [34mCLI[39m Cleaning output folder
@isl-lang/claims-verifier:build: [34mESM[39m Build start
@isl-lang/claims-verifier:build: [34mCJS[39m Build start
@isl-lang/claims-verifier:build: [32mCJS[39m [1mdist\index.cjs     [22m[32m24.68 KB[39m
@isl-lang/claims-verifier:build: [32mCJS[39m [1mdist\cli.cjs       [22m[32m28.62 KB[39m
@isl-lang/claims-verifier:build: [32mCJS[39m [1mdist\cli.cjs.map   [22m[32m61.54 KB[39m
@isl-lang/claims-verifier:build: [32mCJS[39m [1mdist\index.cjs.map [22m[32m52.93 KB[39m
@isl-lang/claims-verifier:build: [32mCJS[39m ΓÜí∩╕Å Build success in 165ms
@isl-lang/claims-verifier:build: [32mESM[39m [1mdist\index.js     [22m[32m22.84 KB[39m
@isl-lang/claims-verifier:build: [32mESM[39m [1mdist\cli.js       [22m[32m27.56 KB[39m
@isl-lang/claims-verifier:build: [32mESM[39m [1mdist\index.js.map [22m[32m50.11 KB[39m
@isl-lang/claims-verifier:build: [32mESM[39m [1mdist\cli.js.map   [22m[32m61.52 KB[39m
@isl-lang/claims-verifier:build: [32mESM[39m ΓÜí∩╕Å Build success in 166ms
@isl-lang/claims-verifier:build: [34mDTS[39m Build start
@isl-lang/claims-verifier:build: [32mDTS[39m ΓÜí∩╕Å Build success in 9507ms
@isl-lang/claims-verifier:build: [32mDTS[39m [1mdist\cli.d.ts    [22m[32m127.00 B[39m
@isl-lang/claims-verifier:build: [32mDTS[39m [1mdist\index.d.ts  [22m[32m13.16 KB[39m
@isl-lang/claims-verifier:build: [32mDTS[39m [1mdist\cli.d.cts   [22m[32m127.00 B[39m
@isl-lang/claims-verifier:build: [32mDTS[39m [1mdist\index.d.cts [22m[32m13.16 KB[39m
@isl-lang/translator:build: cache hit, replaying logs 957ffe4ed74be859
@isl-lang/translator:build: 
@isl-lang/translator:build: > @isl-lang/translator@0.1.0 build C:\Users\mevla\OneDrive\Desktop\projects\IntentOS\packages\isl-translator
@isl-lang/translator:build: > tsup src/index.ts --format esm --dts --clean
@isl-lang/translator:build: 
@isl-lang/translator:build: [34mCLI[39m Building entry: src/index.ts
@isl-lang/translator:build: [34mCLI[39m Using tsconfig: tsconfig.json
@isl-lang/translator:build: [34mCLI[39m tsup v8.5.1
@isl-lang/translator:build: [34mCLI[39m Target: es2022
@isl-lang/translator:build: [34mCLI[39m Cleaning output folder
@isl-lang/translator:build: [34mESM[39m Build start
@isl-lang/translator:build: [32mESM[39m [1mdist\index.js [22m[32m29.39 KB[39m
@isl-lang/translator:build: [32mESM[39m ΓÜí∩╕Å Build success in 65ms
@isl-lang/translator:build: [34mDTS[39m Build start
@isl-lang/translator:build: [32mDTS[39m ΓÜí∩╕Å Build success in 2965ms
@isl-lang/translator:build: [32mDTS[39m [1mdist\index.d.ts [22m[32m5.52 KB[39m
@isl-lang/registry-client:build: cache hit, replaying logs 183fd76c2a2062f4
@isl-lang/registry-client:build: 
@isl-lang/registry-client:build: > @isl-lang/registry-client@0.1.0 build C:\Users\mevla\OneDrive\Desktop\projects\IntentOS\packages\registry-client
@isl-lang/registry-client:build: > tsup src/index.ts --format esm --dts --clean
@isl-lang/registry-client:build: 
@isl-lang/registry-client:build: [34mCLI[39m Building entry: src/index.ts
@isl-lang/registry-client:build: [34mCLI[39m Using tsconfig: tsconfig.json
@isl-lang/registry-client:build: [34mCLI[39m tsup v8.5.1
@isl-lang/registry-client:build: [34mCLI[39m Target: es2022
@isl-lang/registry-client:build: [34mCLI[39m Cleaning output folder
@isl-lang/registry-client:build: [34mESM[39m Build start
@isl-lang/registry-client:build: [32mESM[39m [1mdist\index.js [22m[32m6.73 KB[39m
@isl-lang/registry-client:build: [32mESM[39m ΓÜí∩╕Å Build success in 124ms
@isl-lang/registry-client:build: [34mDTS[39m Build start
@isl-lang/registry-client:build: [32mDTS[39m ΓÜí∩╕Å Build success in 4993ms
@isl-lang/registry-client:build: [32mDTS[39m [1mdist\index.d.ts [22m[32m4.04 KB[39m
@isl-lang/prover:build: cache hit, replaying logs c32b610190297dfb
@isl-lang/prover:build: 
@isl-lang/prover:build: > @isl-lang/prover@0.1.0 build C:\Users\mevla\OneDrive\Desktop\projects\IntentOS\packages\prover
@isl-lang/prover:build: > tsc
@isl-lang/prover:build: 
@isl-lang/parser:build: cache hit, replaying logs b96741111ca8086f
@isl-lang/observability:build: cache hit, replaying logs 708f33d162794e34
@isl-lang/playground:build: cache hit, replaying logs 66467124abde6f9d
@isl-lang/parser:build: 
@isl-lang/parser:build: > @isl-lang/parser@1.0.0 build C:\Users\mevla\OneDrive\Desktop\projects\IntentOS\packages\parser
@isl-lang/parser:build: > pnpm run build:grammar && tsup
@isl-lang/parser:build: 
@isl-lang/parser:build: 
@isl-lang/parser:build: > @isl-lang/parser@1.0.0 build:grammar C:\Users\mevla\OneDrive\Desktop\projects\IntentOS\packages\parser
@isl-lang/parser:build: > peggy src/grammar/isl.peggy -o src/grammar/isl-parser.js --format es
@isl-lang/parser:build: 
@isl-lang/parser:build: [34mCLI[39m Building entry: src/index.ts
@isl-lang/parser:build: [34mCLI[39m Using tsconfig: tsconfig.json
@isl-lang/parser:build: [34mCLI[39m tsup v8.5.1
@isl-lang/parser:build: [34mCLI[39m Using tsup config: C:\Users\mevla\OneDrive\Desktop\projects\IntentOS\packages\parser\tsup.config.ts
@isl-lang/playground:build: 
@isl-lang/playground:build: > @isl-lang/playground@0.1.0 build C:\Users\mevla\OneDrive\Desktop\projects\IntentOS\packages\playground
@isl-lang/playground:build: > echo 'Skipping Next.js build'
@isl-lang/playground:build: 
@isl-lang/playground:build: 'Skipping Next.js build'
@isl-lang/parser:build: [34mCLI[39m Target: es2022
@isl-lang/parser:build: [34mCLI[39m Cleaning output folder
@isl-lang/observability:build: 
@isl-lang/observability:build: > @isl-lang/observability@0.1.0 build C:\Users\mevla\OneDrive\Desktop\projects\IntentOS\packages\observability
@isl-lang/observability:build: > tsup src/index.ts src/exporters/console.ts src/exporters/otlp.ts --format esm --no-dts --clean && tsc -p tsconfig.build.json
@isl-lang/observability:build: 
@isl-lang/observability:build: [34mCLI[39m Building entry: src/index.ts, src/exporters/console.ts, src/exporters/otlp.ts
@isl-lang/observability:build: [34mCLI[39m Using tsconfig: tsconfig.json
@isl-lang/observability:build: [34mCLI[39m tsup v8.5.1
@isl-lang/observability:build: [34mCLI[39m Target: es2022
@isl-lang/observability:build: [34mCLI[39m Cleaning output folder
@isl-lang/observability:build: [34mESM[39m Build start
@isl-lang/observability:build: [32mESM[39m [1mdist\index.js             [22m[32m5.77 KB[39m
@isl-lang/observability:build: [32mESM[39m [1mdist\chunk-3RG5ZIWI.js    [22m[32m390.00 B[39m
@isl-lang/observability:build: [32mESM[39m [1mdist\exporters\console.js [22m[32m269.00 B[39m
@isl-lang/observability:build: [32mESM[39m [1mdist\exporters\otlp.js    [22m[32m779.00 B[39m
@isl-lang/observability:build: [32mESM[39m ΓÜí∩╕Å Build success in 82ms
@isl-lang/parser:build: [34mESM[39m Build start
@isl-lang/parser:build: [34mCJS[39m Build start
@isl-lang/parser:build: Entry module "dist/index.cjs" is using named and default exports together. Consumers of your bundle will have to use `chunk.default` to access the default export, which may not be what you want. Use `output.exports: "named"` to disable this warning.
@isl-lang/parser:build: [34mDTS[39m Build start
@isl-lang/parser:build: [32mESM[39m [1mdist\index.js     [22m[32m498.42 KB[39m
@isl-lang/parser:build: [32mESM[39m [1mdist\index.js.map [22m[32m1.05 MB[39m
@isl-lang/parser:build: [32mESM[39m ΓÜí∩╕Å Build success in 2662ms
@isl-lang/parser:build: [32mCJS[39m [1mdist\index.cjs     [22m[32m500.09 KB[39m
@isl-lang/parser:build: [32mCJS[39m [1mdist\index.cjs.map [22m[32m1.05 MB[39m
@isl-lang/parser:build: [32mCJS[39m ΓÜí∩╕Å Build success in 2692ms
@isl-lang/parser:build: [32mDTS[39m ΓÜí∩╕Å Build success in 6640ms
@isl-lang/datadog:build: cache hit, replaying logs 784580cbef61c149
@isl-lang/parser:build: [32mDTS[39m [1mdist\index.d.ts  [22m[32m43.57 KB[39m
@isl-lang/parser:build: [32mDTS[39m [1mdist\index.d.cts [22m[32m43.57 KB[39m
@isl-lang/datadog:build: 
@isl-lang/datadog:build: > @isl-lang/datadog@1.0.0 build C:\Users\mevla\OneDrive\Desktop\projects\IntentOS\packages\datadog
@isl-lang/datadog:build: > tsc
@isl-lang/datadog:build: 
@shipgate/portal:build: cache miss, executing 1d661225059b3af2
@isl-lang/spec-implementation-verifier:build: cache hit, replaying logs 4457c1e3d960f5f8
@isl-lang/spec-implementation-verifier:build: 
@isl-lang/spec-implementation-verifier:build: > @isl-lang/spec-implementation-verifier@0.1.0 build C:\Users\mevla\OneDrive\Desktop\projects\IntentOS\packages\spec-implementation-verifier
@isl-lang/spec-implementation-verifier:build: > tsc
@isl-lang/spec-implementation-verifier:build: 
@isl-lang/runtime:build: cache hit, replaying logs 5b9b3507b1504fcf
@isl-lang/runtime:build: 
@isl-lang/runtime:build: > @isl-lang/runtime@0.1.0 build C:\Users\mevla\OneDrive\Desktop\projects\IntentOS\packages\runtime
@isl-lang/runtime:build: > tsup src/index.ts --format esm --dts --clean
@isl-lang/runtime:build: 
@isl-lang/runtime:build: [34mCLI[39m Building entry: src/index.ts
@isl-lang/runtime:build: [34mCLI[39m Using tsconfig: tsconfig.json
@isl-lang/runtime:build: [34mCLI[39m tsup v8.5.1
@isl-lang/runtime:build: [34mCLI[39m Target: es2022
@isl-lang/runtime:build: [34mCLI[39m Cleaning output folder
@isl-lang/runtime:build: [34mESM[39m Build start
@isl-lang/runtime:build: [32mESM[39m [1mdist\index.js [22m[32m27.31 KB[39m
@isl-lang/runtime:build: [32mESM[39m ΓÜí∩╕Å Build success in 165ms
@isl-lang/runtime:build: [34mDTS[39m Build start
@isl-lang/runtime:build: [32mDTS[39m ΓÜí∩╕Å Build success in 4818ms
@isl-lang/runtime:build: [32mDTS[39m [1mdist\index.d.ts [22m[32m13.27 KB[39m
@isl-lang/shipgate-metrics:build: cache hit, replaying logs 29dfa9a97048f132
@isl-lang/shipgate-metrics:build: 
@isl-lang/shipgate-metrics:build: > @isl-lang/shipgate-metrics@0.1.0 build C:\Users\mevla\OneDrive\Desktop\projects\IntentOS\packages\shipgate-metrics
@isl-lang/shipgate-metrics:build: > tsup src/index.ts --format esm --dts --clean
@isl-lang/shipgate-metrics:build: 
@isl-lang/shipgate-metrics:build: [34mCLI[39m Building entry: src/index.ts
@isl-lang/shipgate-metrics:build: [34mCLI[39m Using tsconfig: tsconfig.json
@isl-lang/shipgate-metrics:build: [34mCLI[39m tsup v8.5.1
@isl-lang/shipgate-metrics:build: [34mCLI[39m Target: es2022
@isl-lang/shipgate-metrics:build: [34mCLI[39m Cleaning output folder
@isl-lang/shipgate-metrics:build: [34mESM[39m Build start
@isl-lang/shipgate-metrics:build: [32mESM[39m [1mdist\index.js [22m[32m3.76 KB[39m
@isl-lang/shipgate-metrics:build: [32mESM[39m ΓÜí∩╕Å Build success in 603ms
@isl-lang/shipgate-metrics:build: [34mDTS[39m Build start
@isl-lang/shipgate-metrics:build: [32mDTS[39m ΓÜí∩╕Å Build success in 5097ms
@isl-lang/shipgate-metrics:build: [32mDTS[39m [1mdist\index.d.ts [22m[32m1.54 KB[39m
@isl-lang/phantom-dependency-scanner:build: cache hit, replaying logs 4f066cc9cb64acf6
@isl-lang/phantom-dependency-scanner:build: 
@isl-lang/phantom-dependency-scanner:build: > @isl-lang/phantom-dependency-scanner@0.1.0 build C:\Users\mevla\OneDrive\Desktop\projects\IntentOS\packages\phantom-dependency-scanner
@isl-lang/phantom-dependency-scanner:build: > tsup src/index.ts --format esm --dts --clean
@isl-lang/phantom-dependency-scanner:build: 
@isl-lang/phantom-dependency-scanner:build: [34mCLI[39m Building entry: src/index.ts
@isl-lang/phantom-dependency-scanner:build: [34mCLI[39m Using tsconfig: tsconfig.json
@isl-lang/phantom-dependency-scanner:build: [34mCLI[39m tsup v8.5.1
@isl-lang/phantom-dependency-scanner:build: [34mCLI[39m Using tsup config: C:\Users\mevla\OneDrive\Desktop\projects\IntentOS\packages\phantom-dependency-scanner\tsup.config.ts
@isl-lang/phantom-dependency-scanner:build: [34mCLI[39m Target: node18
@isl-lang/phantom-dependency-scanner:build: [34mCLI[39m Cleaning output folder
@isl-lang/phantom-dependency-scanner:build: [34mESM[39m Build start
@isl-lang/phantom-dependency-scanner:build: [32mESM[39m [1mdist\index.js     [22m[32m16.82 KB[39m
@isl-lang/phantom-dependency-scanner:build: [32mESM[39m [1mdist\index.js.map [22m[32m36.12 KB[39m
@isl-lang/phantom-dependency-scanner:build: [32mESM[39m ΓÜí∩╕Å Build success in 214ms
@isl-lang/phantom-dependency-scanner:build: [34mDTS[39m Build start
@isl-lang/phantom-dependency-scanner:build: [32mDTS[39m ΓÜí∩╕Å Build success in 5274ms
@isl-lang/phantom-dependency-scanner:build: [32mDTS[39m [1mdist\index.d.ts [22m[32m6.75 KB[39m
@isl-lang/stdlib-idempotency:build: cache miss, executing 41b8c825f55ee7a7
@isl-lang/stdlib-billing:build: cache hit, replaying logs 1c1d29fc4063adc4
@isl-lang/stdlib-billing:build: 
@isl-lang/stdlib-billing:build: > @isl-lang/stdlib-billing@2.0.0 build C:\Users\mevla\OneDrive\Desktop\projects\IntentOS\packages\stdlib-billing
@isl-lang/stdlib-billing:build: > tsc
@isl-lang/stdlib-billing:build: 
@isl-lang/coherence-engine:build: cache hit, replaying logs f0ba078e3e9d74a3
@isl-lang/coherence-engine:build: 
@isl-lang/coherence-engine:build: > @isl-lang/coherence-engine@0.1.0 build C:\Users\mevla\OneDrive\Desktop\projects\IntentOS\packages\coherence-engine
@isl-lang/coherence-engine:build: > tsup src/index.ts --format esm --dts --clean
@isl-lang/coherence-engine:build: 
@isl-lang/coherence-engine:build: [34mCLI[39m Building entry: src/index.ts
@isl-lang/coherence-engine:build: [34mCLI[39m Using tsconfig: tsconfig.json
@isl-lang/coherence-engine:build: [34mCLI[39m tsup v8.5.1
@isl-lang/coherence-engine:build: [34mCLI[39m Target: es2022
@isl-lang/coherence-engine:build: [34mCLI[39m Cleaning output folder
@isl-lang/coherence-engine:build: [34mESM[39m Build start
@isl-lang/coherence-engine:build: [32mESM[39m [1mdist\index.js [22m[32m16.23 KB[39m
@isl-lang/coherence-engine:build: [32mESM[39m ΓÜí∩╕Å Build success in 94ms
@isl-lang/coherence-engine:build: [34mDTS[39m Build start
@isl-lang/coherence-engine:build: [32mDTS[39m ΓÜí∩╕Å Build success in 3024ms
@isl-lang/coherence-engine:build: [32mDTS[39m [1mdist\index.d.ts [22m[32m7.89 KB[39m
@isl-lang/codegen-core:build: cache hit, replaying logs 34ff79f2b5581c0e
@isl-lang/codegen-core:build: 
@isl-lang/codegen-core:build: > @isl-lang/codegen-core@1.0.0 build C:\Users\mevla\OneDrive\Desktop\projects\IntentOS\packages\codegen-core
@isl-lang/codegen-core:build: > tsup src/index.ts src/formatter.ts src/sorter.ts src/types.ts --format esm --clean && tsc -p tsconfig.build.json
@isl-lang/codegen-core:build: 
@isl-lang/codegen-core:build: [34mCLI[39m Building entry: src/formatter.ts, src/index.ts, src/sorter.ts, src/types.ts
@isl-lang/codegen-core:build: [34mCLI[39m Using tsconfig: tsconfig.json
@isl-lang/codegen-core:build: [34mCLI[39m tsup v8.5.1
@isl-lang/codegen-core:build: [34mCLI[39m Target: es2022
@isl-lang/codegen-core:build: [34mCLI[39m Cleaning output folder
@isl-lang/codegen-core:build: [34mESM[39m Build start
@isl-lang/codegen-core:build: [32mESM[39m [1mdist\formatter.js      [22m[32m465.00 B[39m
@isl-lang/codegen-core:build: [32mESM[39m [1mdist\index.js          [22m[32m831.00 B[39m
@isl-lang/codegen-core:build: [32mESM[39m [1mdist\chunk-PEQRIORX.js [22m[32m5.22 KB[39m
@isl-lang/codegen-core:build: [32mESM[39m [1mdist\sorter.js         [22m[32m317.00 B[39m
@isl-lang/codegen-core:build: [32mESM[39m [1mdist\chunk-2YHC7INK.js [22m[32m7.12 KB[39m
@isl-lang/codegen-core:build: [32mESM[39m [1mdist\chunk-ATFPOPVW.js [22m[32m1.20 KB[39m
@isl-lang/codegen-core:build: [32mESM[39m [1mdist\types.js          [22m[32m101.00 B[39m
@isl-lang/codegen-core:build: [32mESM[39m ΓÜí∩╕Å Build success in 129ms
@isl-lang/stdlib-scheduling:build: cache hit, replaying logs 8e8100d90c675ffb
@isl-lang/stdlib-scheduling:build: 
@isl-lang/stdlib-scheduling:build: > @isl-lang/stdlib-scheduling@1.0.0 build C:\Users\mevla\OneDrive\Desktop\projects\IntentOS\packages\stdlib-scheduling
@isl-lang/stdlib-scheduling:build: > tsup implementations/typescript/index.ts --format esm --dts --clean --outDir dist
@isl-lang/stdlib-scheduling:build: 
@isl-lang/stdlib-scheduling:build: [34mCLI[39m Building entry: implementations/typescript/index.ts
@isl-lang/stdlib-scheduling:build: [34mCLI[39m Using tsconfig: tsconfig.json
@isl-lang/stdlib-scheduling:build: [34mCLI[39m tsup v8.5.1
@isl-lang/stdlib-scheduling:build: [34mCLI[39m Target: es2022
@isl-lang/stdlib-scheduling:build: [34mCLI[39m Cleaning output folder
@isl-lang/stdlib-scheduling:build: [34mESM[39m Build start
@isl-lang/stdlib-scheduling:build: [32mESM[39m [1mdist\index.js [22m[32m28.18 KB[39m
@isl-lang/stdlib-scheduling:build: [32mESM[39m ΓÜí∩╕Å Build success in 91ms
@isl-lang/stdlib-scheduling:build: [34mDTS[39m Build start
@isl-lang/stdlib-scheduling:build: [32mDTS[39m ΓÜí∩╕Å Build success in 4620ms
@isl-lang/stdlib-scheduling:build: [32mDTS[39m [1mdist\index.d.ts [22m[32m13.24 KB[39m
@isl-lang/sentry:build: cache miss, executing 652c4073f343364b
@isl-lang/stdlib-core:build: cache hit, replaying logs 8305cac8707f6c83
@isl-lang/stdlib-core:build: 
@isl-lang/stdlib-core:build: > @isl-lang/stdlib-core@0.1.0 build C:\Users\mevla\OneDrive\Desktop\projects\IntentOS\packages\stdlib-core
@isl-lang/stdlib-core:build: > tsup && tsc -p tsconfig.build.json
@isl-lang/stdlib-core:build: 
@isl-lang/stdlib-core:build: [34mCLI[39m Building entry: {"index":"src/index.ts","primitives":"src/primitives.ts","validation":"src/validation.ts","time":"src/time.ts","geo":"src/geo.ts","ids":"src/ids.ts"}
@isl-lang/stdlib-core:build: [34mCLI[39m Using tsconfig: tsconfig.json
@isl-lang/stdlib-core:build: [34mCLI[39m tsup v8.5.1
@isl-lang/stdlib-core:build: [34mCLI[39m Using tsup config: C:\Users\mevla\OneDrive\Desktop\projects\IntentOS\packages\stdlib-core\tsup.config.ts
@isl-lang/stdlib-core:build: [34mCLI[39m Target: es2022
@isl-lang/stdlib-core:build: [34mCLI[39m Cleaning output folder
@isl-lang/stdlib-core:build: [34mESM[39m Build start
@isl-lang/stdlib-core:build: [34mCJS[39m Build start
@isl-lang/stdlib-core:build: Entry module "dist/primitives.cjs" is using named and default exports together. Consumers of your bundle will have to use `chunk.default` to access the default export, which may not be what you want. Use `output.exports: "named"` to disable this warning.
@isl-lang/stdlib-core:build: Entry module "dist/validation.cjs" is using named and default exports together. Consumers of your bundle will have to use `chunk.default` to access the default export, which may not be what you want. Use `output.exports: "named"` to disable this warning.
@isl-lang/stdlib-core:build: Entry module "dist/geo.cjs" is using named and default exports together. Consumers of your bundle will have to use `chunk.default` to access the default export, which may not be what you want. Use `output.exports: "named"` to disable this warning.
@isl-lang/stdlib-core:build: Entry module "dist/time.cjs" is using named and default exports together. Consumers of your bundle will have to use `chunk.default` to access the default export, which may not be what you want. Use `output.exports: "named"` to disable this warning.
@isl-lang/stdlib-core:build: Entry module "dist/ids.cjs" is using named and default exports together. Consumers of your bundle will have to use `chunk.default` to access the default export, which may not be what you want. Use `output.exports: "named"` to disable this warning.
@isl-lang/stdlib-core:build: Entry module "dist/index.cjs" is using named and default exports together. Consumers of your bundle will have to use `chunk.default` to access the default export, which may not be what you want. Use `output.exports: "named"` to disable this warning.
@isl-lang/stdlib-core:build: [32mESM[39m [1mdist\primitives.js     [22m[32m8.57 KB[39m
@isl-lang/stdlib-core:build: [32mESM[39m [1mdist\time.js           [22m[32m11.70 KB[39m
@isl-lang/stdlib-core:build: [32mESM[39m [1mdist\ids.js            [22m[32m12.02 KB[39m
@isl-lang/stdlib-core:build: [32mESM[39m [1mdist\validation.js     [22m[32m8.05 KB[39m
@isl-lang/stdlib-core:build: [32mESM[39m [1mdist\geo.js            [22m[32m7.80 KB[39m
@isl-lang/stdlib-core:build: [32mESM[39m [1mdist\index.js          [22m[32m47.98 KB[39m
@isl-lang/stdlib-core:build: [32mESM[39m [1mdist\primitives.js.map [22m[32m21.58 KB[39m
@isl-lang/stdlib-core:build: [32mESM[39m [1mdist\time.js.map       [22m[32m27.00 KB[39m
@isl-lang/stdlib-core:build: [32mESM[39m [1mdist\geo.js.map        [22m[32m20.60 KB[39m
@isl-lang/stdlib-core:build: [32mESM[39m [1mdist\ids.js.map        [22m[32m30.29 KB[39m
@isl-lang/stdlib-core:build: [32mESM[39m [1mdist\index.js.map      [22m[32m122.89 KB[39m
@isl-lang/stdlib-core:build: [32mESM[39m [1mdist\validation.js.map [22m[32m21.94 KB[39m
@isl-lang/stdlib-core:build: [32mESM[39m ΓÜí∩╕Å Build success in 1133ms
@isl-lang/stdlib-core:build: [32mCJS[39m [1mdist\validation.cjs     [22m[32m8.59 KB[39m
@isl-lang/stdlib-core:build: [32mCJS[39m [1mdist\index.cjs          [22m[32m52.47 KB[39m
@isl-lang/stdlib-core:build: [32mCJS[39m [1mdist\geo.cjs            [22m[32m8.66 KB[39m
@isl-lang/stdlib-core:build: [32mCJS[39m [1mdist\primitives.cjs     [22m[32m9.67 KB[39m
@isl-lang/stdlib-core:build: [32mCJS[39m [1mdist\ids.cjs            [22m[32m13.30 KB[39m
@isl-lang/stdlib-core:build: [32mCJS[39m [1mdist\time.cjs           [22m[32m12.93 KB[39m
@isl-lang/stdlib-core:build: [32mCJS[39m [1mdist\geo.cjs.map        [22m[32m20.61 KB[39m
@isl-lang/stdlib-core:build: [32mCJS[39m [1mdist\index.cjs.map      [22m[32m122.89 KB[39m
@isl-lang/stdlib-core:build: [32mCJS[39m [1mdist\validation.cjs.map [22m[32m21.94 KB[39m
@isl-lang/stdlib-core:build: [32mCJS[39m [1mdist\primitives.cjs.map [22m[32m21.58 KB[39m
@isl-lang/stdlib-core:build: [32mCJS[39m [1mdist\ids.cjs.map        [22m[32m30.30 KB[39m
@isl-lang/stdlib-core:build: [32mCJS[39m [1mdist\time.cjs.map       [22m[32m27.00 KB[39m
@isl-lang/stdlib-core:build: [32mCJS[39m ΓÜí∩╕Å Build success in 1137ms
@isl-lang/errors:build: cache hit, replaying logs ac15e0b482677448
@isl-lang/errors:build: 
@isl-lang/errors:build: > @isl-lang/errors@2.0.0 build C:\Users\mevla\OneDrive\Desktop\projects\IntentOS\packages\errors
@isl-lang/errors:build: > tsc
@isl-lang/errors:build: 
repo-isl-verified:build: cache hit, replaying logs 948ba68fe5e85c8e
repo-isl-verified:build: 
repo-isl-verified:build: > repo-isl-verified@1.0.0 build C:\Users\mevla\OneDrive\Desktop\projects\IntentOS\demos\repo-isl-verified
repo-isl-verified:build: > tsc
repo-isl-verified:build: 
@isl-lang/java-resolver:build: cache hit, replaying logs aca55e1d6f0bcc13
@isl-lang/java-resolver:build: 
@isl-lang/java-resolver:build: > @isl-lang/java-resolver@0.1.0 build C:\Users\mevla\OneDrive\Desktop\projects\IntentOS\packages\java-resolver
@isl-lang/java-resolver:build: > tsup src/index.ts --format esm --dts --clean
@isl-lang/java-resolver:build: 
@isl-lang/java-resolver:build: [34mCLI[39m Building entry: src/index.ts
@isl-lang/java-resolver:build: [34mCLI[39m Using tsconfig: tsconfig.json
@isl-lang/java-resolver:build: [34mCLI[39m tsup v8.5.1
@isl-lang/java-resolver:build: [34mCLI[39m Target: es2022
@isl-lang/java-resolver:build: [34mCLI[39m Cleaning output folder
@isl-lang/java-resolver:build: [34mESM[39m Build start
@isl-lang/java-resolver:build: [32mESM[39m [1mdist\index.js [22m[32m2.68 KB[39m
@isl-lang/java-resolver:build: [32mESM[39m ΓÜí∩╕Å Build success in 129ms
@isl-lang/java-resolver:build: [34mDTS[39m Build start
@isl-lang/java-resolver:build: [32mDTS[39m ΓÜí∩╕Å Build success in 4227ms
@isl-lang/java-resolver:build: [32mDTS[39m [1mdist\index.d.ts [22m[32m2.37 KB[39m
@isl-lang/marketplace-web:build: cache hit, replaying logs 46f1dc33dac3f30d
@isl-lang/marketplace-web:build: 
@isl-lang/marketplace-web:build: > @isl-lang/marketplace-web@0.1.0 build C:\Users\mevla\OneDrive\Desktop\projects\IntentOS\packages\marketplace-web
@isl-lang/marketplace-web:build: > echo 'Skipping Next.js build'
@isl-lang/marketplace-web:build: 
@isl-lang/marketplace-web:build: 'Skipping Next.js build'
@isl-demos/5280-remodeling-landing:build: cache hit, replaying logs cbf057ee2e0d2139
@isl-demos/5280-remodeling-landing:build: 
@isl-demos/5280-remodeling-landing:build: > @isl-demos/5280-remodeling-landing@1.0.0 build C:\Users\mevla\OneDrive\Desktop\projects\IntentOS\demos\5280-remodeling-landing
@isl-demos/5280-remodeling-landing:build: > next build
@isl-demos/5280-remodeling-landing:build: 
@isl-demos/5280-remodeling-landing:build:    Γû▓ Next.js 14.1.0
@isl-demos/5280-remodeling-landing:build: 
@isl-demos/5280-remodeling-landing:build:    Creating an optimized production build ...
@isl-demos/5280-remodeling-landing:build:  Γ£ô Compiled successfully
@isl-demos/5280-remodeling-landing:build:    Skipping validation of types
@isl-demos/5280-remodeling-landing:build:    Skipping linting
@isl-demos/5280-remodeling-landing:build:    Collecting page data ...
@isl-demos/5280-remodeling-landing:build:    Generating static pages (0/6) ...
@isl-demos/5280-remodeling-landing:build: 
@isl-demos/5280-remodeling-landing:build:    Generating static pages (1/6) 
@isl-demos/5280-remodeling-landing:build: 
@isl-demos/5280-remodeling-landing:build:    Generating static pages (2/6) 
@isl-demos/5280-remodeling-landing:build: 
@isl-demos/5280-remodeling-landing:build:    Generating static pages (4/6) 
@isl-demos/5280-remodeling-landing:build: 
@isl-demos/5280-remodeling-landing:build:  Γ£ô Generating static pages (6/6) 
@isl-demos/5280-remodeling-landing:build:    Finalizing page optimization ...
@isl-demos/5280-remodeling-landing:build:    Collecting build traces ...
@isl-demos/5280-remodeling-landing:build: 
@isl-demos/5280-remodeling-landing:build: Route (app)                              Size     First Load JS
@isl-demos/5280-remodeling-landing:build: Γöî Γùï /                                    1.91 kB        86.1 kB
@isl-demos/5280-remodeling-landing:build: Γö£ Γùï /_not-found                          882 B            85 kB
@isl-demos/5280-remodeling-landing:build: Γö£ ╬╗ /api/contact                         0 B                0 B
@isl-demos/5280-remodeling-landing:build: Γöö Γùï /api/services                        0 B                0 B
@isl-demos/5280-remodeling-landing:build: + First Load JS shared by all            84.2 kB
@isl-demos/5280-remodeling-landing:build:   Γö£ chunks/166-eb5e328621fdbacc.js       28.9 kB
@isl-demos/5280-remodeling-landing:build:   Γö£ chunks/40cc9e67-536dff04ca3ec09b.js  53.4 kB
@isl-demos/5280-remodeling-landing:build:   Γöö other shared chunks (total)          1.87 kB
@isl-demos/5280-remodeling-landing:build: 
@isl-demos/5280-remodeling-landing:build: 
@isl-demos/5280-remodeling-landing:build: Γùï  (Static)   prerendered as static content
@isl-demos/5280-remodeling-landing:build: ╬╗  (Dynamic)  server-rendered on demand using Node.js
@isl-demos/5280-remodeling-landing:build: 
@isl-lang/stdlib-actors:build: cache hit, replaying logs de5066449af2513a
@isl-lang/stdlib-actors:build: 
@isl-lang/stdlib-actors:build: > @isl-lang/stdlib-actors@0.1.0 build C:\Users\mevla\OneDrive\Desktop\projects\IntentOS\packages\stdlib-actors
@isl-lang/stdlib-actors:build: > tsc
@isl-lang/stdlib-actors:build: 
@isl-lang/stdlib-runtime:build: cache hit, replaying logs 7351ec6d4ffb2869
@isl-lang/stdlib-runtime:build: 
@isl-lang/stdlib-runtime:build: > @isl-lang/stdlib-runtime@1.0.0 build C:\Users\mevla\OneDrive\Desktop\projects\IntentOS\packages\stdlib-runtime
@isl-lang/stdlib-runtime:build: > tsup && tsc -p tsconfig.build.json
@isl-lang/stdlib-runtime:build: 
@isl-lang/stdlib-runtime:build: [34mCLI[39m Building entry: {"index":"src/index.ts","string":"src/string.ts","math":"src/math.ts","collections":"src/collections.ts","json":"src/json.ts","datetime":"src/datetime.ts","uuid":"src/uuid.ts","crypto":"src/crypto.ts","encoding":"src/encoding.ts","regex":"src/regex.ts","url":"src/url.ts"}
@isl-lang/stdlib-runtime:build: [34mCLI[39m Using tsconfig: tsconfig.json
@isl-lang/stdlib-runtime:build: [34mCLI[39m tsup v8.5.1
@isl-lang/stdlib-runtime:build: [34mCLI[39m Using tsup config: C:\Users\mevla\OneDrive\Desktop\projects\IntentOS\packages\stdlib-runtime\tsup.config.ts
@isl-lang/stdlib-runtime:build: [34mCLI[39m Target: es2022
@isl-lang/stdlib-runtime:build: [34mCLI[39m Cleaning output folder
@isl-lang/stdlib-runtime:build: [34mESM[39m Build start
@isl-lang/stdlib-runtime:build: [32mESM[39m [1mdist\encoding.js           [22m[32m1.34 KB[39m
@isl-lang/stdlib-runtime:build: [32mESM[39m [1mdist\regex.js              [22m[32m1.26 KB[39m
@isl-lang/stdlib-runtime:build: [32mESM[39m [1mdist\url.js                [22m[32m1.67 KB[39m
@isl-lang/stdlib-runtime:build: [32mESM[39m [1mdist\chunk-55S7V2KP.js     [22m[32m12.37 KB[39m
@isl-lang/stdlib-runtime:build: [32mESM[39m [1mdist\chunk-CW3WNTHR.js     [22m[32m9.38 KB[39m
@isl-lang/stdlib-runtime:build: [32mESM[39m [1mdist\chunk-HVQ4Q5AW.js     [22m[32m10.73 KB[39m
@isl-lang/stdlib-runtime:build: [32mESM[39m [1mdist\chunk-MU7JDJ32.js     [22m[32m9.64 KB[39m
@isl-lang/stdlib-runtime:build: [32mESM[39m [1mdist\chunk-ULMT6AP4.js     [22m[32m8.85 KB[39m
@isl-lang/stdlib-runtime:build: [32mESM[39m [1mdist\index.js              [22m[32m2.73 KB[39m
@isl-lang/stdlib-runtime:build: [32mESM[39m [1mdist\string.js             [22m[32m1.38 KB[39m
@isl-lang/stdlib-runtime:build: [32mESM[39m [1mdist\collections.js        [22m[32m1.51 KB[39m
@isl-lang/stdlib-runtime:build: [32mESM[39m [1mdist\math.js               [22m[32m1.15 KB[39m
@isl-lang/stdlib-runtime:build: [32mESM[39m [1mdist\json.js               [22m[32m1022.00 B[39m
@isl-lang/stdlib-runtime:build: [32mESM[39m [1mdist\chunk-5HWVXLQ6.js     [22m[32m7.64 KB[39m
@isl-lang/stdlib-runtime:build: [32mESM[39m [1mdist\chunk-CJD5OOQO.js     [22m[32m11.11 KB[39m
@isl-lang/stdlib-runtime:build: [32mESM[39m [1mdist\uuid.js               [22m[32m884.00 B[39m
@isl-lang/stdlib-runtime:build: [32mESM[39m [1mdist\chunk-IQF63QAQ.js     [22m[32m13.19 KB[39m
@isl-lang/stdlib-runtime:build: [32mESM[39m [1mdist\datetime.js           [22m[32m866.00 B[39m
@isl-lang/stdlib-runtime:build: [32mESM[39m [1mdist\crypto.js             [22m[32m896.00 B[39m
@isl-lang/stdlib-runtime:build: [32mESM[39m [1mdist\chunk-VJYTW36K.js     [22m[32m8.57 KB[39m
@isl-lang/stdlib-runtime:build: [32mESM[39m [1mdist\chunk-5NS376SD.js     [22m[32m8.24 KB[39m
@isl-lang/stdlib-runtime:build: [32mESM[39m [1mdist\chunk-PZ5AY32C.js     [22m[32m233.00 B[39m
@isl-lang/stdlib-runtime:build: [32mESM[39m [1mdist\encoding.js.map       [22m[32m71.00 B[39m
@isl-lang/stdlib-runtime:build: [32mESM[39m [1mdist\chunk-55S7V2KP.js.map [22m[32m25.53 KB[39m
@isl-lang/stdlib-runtime:build: [32mESM[39m [1mdist\chunk-CW3WNTHR.js.map [22m[32m16.87 KB[39m
@isl-lang/stdlib-runtime:build: [32mESM[39m [1mdist\url.js.map            [22m[32m71.00 B[39m
@isl-lang/stdlib-runtime:build: [32mESM[39m [1mdist\regex.js.map          [22m[32m71.00 B[39m
@isl-lang/stdlib-runtime:build: [32mESM[39m [1mdist\chunk-MU7JDJ32.js.map [22m[32m19.40 KB[39m
@isl-lang/stdlib-runtime:build: [32mESM[39m [1mdist\chunk-ULMT6AP4.js.map [22m[32m17.51 KB[39m
@isl-lang/stdlib-runtime:build: [32mESM[39m [1mdist\chunk-HVQ4Q5AW.js.map [22m[32m21.74 KB[39m
@isl-lang/stdlib-runtime:build: [32mESM[39m [1mdist\index.js.map          [22m[32m5.08 KB[39m
@isl-lang/stdlib-runtime:build: [32mESM[39m [1mdist\string.js.map         [22m[32m71.00 B[39m
@isl-lang/stdlib-runtime:build: [32mESM[39m [1mdist\collections.js.map    [22m[32m71.00 B[39m
@isl-lang/stdlib-runtime:build: [32mESM[39m [1mdist\json.js.map           [22m[32m71.00 B[39m
@isl-lang/stdlib-runtime:build: [32mESM[39m [1mdist\math.js.map           [22m[32m71.00 B[39m
@isl-lang/stdlib-runtime:build: [32mESM[39m [1mdist\uuid.js.map           [22m[32m71.00 B[39m
@isl-lang/stdlib-runtime:build: [32mESM[39m [1mdist\chunk-CJD5OOQO.js.map [22m[32m23.03 KB[39m
@isl-lang/stdlib-runtime:build: [32mESM[39m [1mdist\chunk-5HWVXLQ6.js.map [22m[32m15.48 KB[39m
@isl-lang/stdlib-runtime:build: [32mESM[39m [1mdist\crypto.js.map         [22m[32m71.00 B[39m
@isl-lang/stdlib-runtime:build: [32mESM[39m [1mdist\datetime.js.map       [22m[32m71.00 B[39m
@isl-lang/stdlib-runtime:build: [32mESM[39m [1mdist\chunk-VJYTW36K.js.map [22m[32m17.76 KB[39m
@isl-lang/stdlib-runtime:build: [32mESM[39m [1mdist\chunk-IQF63QAQ.js.map [22m[32m27.10 KB[39m
@isl-lang/stdlib-runtime:build: [32mESM[39m [1mdist\chunk-PZ5AY32C.js.map [22m[32m71.00 B[39m
@isl-lang/stdlib-runtime:build: [32mESM[39m [1mdist\chunk-5NS376SD.js.map [22m[32m17.13 KB[39m
@isl-lang/stdlib-runtime:build: [32mESM[39m ΓÜí∩╕Å Build success in 251ms
@isl-lang/snapshot-testing:build: cache hit, replaying logs f6b965f47bd37049
@isl-lang/snapshot-testing:build: 
@isl-lang/snapshot-testing:build: > @isl-lang/snapshot-testing@0.1.0 build C:\Users\mevla\OneDrive\Desktop\projects\IntentOS\packages\snapshot-testing
@isl-lang/snapshot-testing:build: > tsup src/index.ts src/vitest.ts src/jest.ts --format esm --dts --clean
@isl-lang/snapshot-testing:build: 
@isl-lang/snapshot-testing:build: [34mCLI[39m Building entry: src/index.ts, src/jest.ts, src/vitest.ts
@isl-lang/snapshot-testing:build: [34mCLI[39m Using tsconfig: tsconfig.json
@isl-lang/snapshot-testing:build: [34mCLI[39m tsup v8.5.1
@isl-lang/snapshot-testing:build: [34mCLI[39m Target: es2022
@isl-lang/snapshot-testing:build: [34mCLI[39m Cleaning output folder
@isl-lang/snapshot-testing:build: [34mESM[39m Build start
@isl-lang/snapshot-testing:build: [32mESM[39m [1mdist\chunk-KFGZD6TC.js [22m[32m38.90 KB[39m
@isl-lang/snapshot-testing:build: [32mESM[39m [1mdist\index.js          [22m[32m2.69 KB[39m
@isl-lang/snapshot-testing:build: [32mESM[39m [1mdist\jest.js           [22m[32m2.47 KB[39m
@isl-lang/snapshot-testing:build: [32mESM[39m [1mdist\vitest.js         [22m[32m2.43 KB[39m
@isl-lang/snapshot-testing:build: [32mESM[39m ΓÜí∩╕Å Build success in 542ms
@isl-lang/snapshot-testing:build: [34mDTS[39m Build start
@isl-lang/snapshot-testing:build: [32mDTS[39m ΓÜí∩╕Å Build success in 11191ms
@isl-lang/snapshot-testing:build: [32mDTS[39m [1mdist\jest.d.ts   [22m[32m876.00 B[39m
@isl-lang/snapshot-testing:build: [32mDTS[39m [1mdist\vitest.d.ts [22m[32m1.15 KB[39m
@isl-lang/snapshot-testing:build: [32mDTS[39m [1mdist\index.d.ts  [22m[32m18.23 KB[39m
@isl-lang/test-runtime-legacy:build: cache hit, replaying logs 6dd942023e84b3f0
@isl-lang/test-runtime-legacy:build: 
@isl-lang/test-runtime-legacy:build: > @isl-lang/test-runtime-legacy@0.1.0 build C:\Users\mevla\OneDrive\Desktop\projects\IntentOS\packages\test-runtime
@isl-lang/test-runtime-legacy:build: > tsc
@isl-lang/test-runtime-legacy:build: 
@isl-lang/grafana:build: cache hit, replaying logs efa3bc5e0a142b63
@isl-lang/grafana:build: 
@isl-lang/grafana:build: > @isl-lang/grafana@0.1.0 build C:\Users\mevla\OneDrive\Desktop\projects\IntentOS\packages\grafana
@isl-lang/grafana:build: > tsc
@isl-lang/grafana:build: 
@isl-lang/isl-certificate:build: cache hit, replaying logs 0d2c0bdbab559eeb
@isl-lang/isl-certificate:build: 
@isl-lang/isl-certificate:build: > @isl-lang/isl-certificate@0.1.0 build C:\Users\mevla\OneDrive\Desktop\projects\IntentOS\packages\isl-certificate
@isl-lang/isl-certificate:build: > tsup src/index.ts --format esm --dts --clean
@isl-lang/isl-certificate:build: 
@isl-lang/isl-certificate:build: [34mCLI[39m Building entry: src/index.ts
@isl-lang/isl-certificate:build: [34mCLI[39m Using tsconfig: tsconfig.json
@isl-lang/isl-certificate:build: [34mCLI[39m tsup v8.5.1
@isl-lang/isl-certificate:build: [34mCLI[39m Target: es2022
@isl-lang/isl-certificate:build: [34mCLI[39m Cleaning output folder
@isl-lang/isl-certificate:build: [34mESM[39m Build start
@isl-lang/isl-certificate:build: [32mESM[39m [1mdist\index.js [22m[32m7.39 KB[39m
@isl-lang/isl-certificate:build: [32mESM[39m ΓÜí∩╕Å Build success in 59ms
@isl-lang/isl-certificate:build: [34mDTS[39m Build start
@isl-lang/isl-certificate:build: [32mDTS[39m ΓÜí∩╕Å Build success in 3844ms
@isl-lang/isl-certificate:build: [32mDTS[39m [1mdist\index.d.ts [22m[32m6.94 KB[39m
@isl-lang/stdlib-distributed:build: cache hit, replaying logs fde8279b8c9d044b
@isl-lang/stdlib-distributed:build: 
@isl-lang/stdlib-distributed:build: > @isl-lang/stdlib-distributed@1.0.0 build C:\Users\mevla\OneDrive\Desktop\projects\IntentOS\packages\stdlib-distributed
@isl-lang/stdlib-distributed:build: > tsup && tsc --emitDeclarationOnly
@isl-lang/stdlib-distributed:build: 
@isl-lang/stdlib-distributed:build: [34mCLI[39m Building entry: src/actor.ts, src/consensus.ts, src/coordination.ts, src/crdt.ts, src/index.ts, src/saga.ts, src/service-mesh.ts
@isl-lang/stdlib-distributed:build: [34mCLI[39m Using tsconfig: tsconfig.json
@isl-lang/stdlib-distributed:build: [34mCLI[39m tsup v8.5.1
@isl-lang/stdlib-distributed:build: [34mCLI[39m Using tsup config: C:\Users\mevla\OneDrive\Desktop\projects\IntentOS\packages\stdlib-distributed\tsup.config.ts
@isl-lang/stdlib-distributed:build: [34mCLI[39m Target: es2022
@isl-lang/stdlib-distributed:build: [34mCLI[39m Cleaning output folder
@isl-lang/stdlib-distributed:build: [34mESM[39m Build start
@isl-lang/stdlib-distributed:build: [34mCJS[39m Build start
@isl-lang/stdlib-distributed:build: [32mCJS[39m [1mdist\actor.cjs            [22m[32m8.31 KB[39m
@isl-lang/stdlib-distributed:build: [32mCJS[39m [1mdist\coordination.cjs     [22m[32m8.71 KB[39m
@isl-lang/stdlib-distributed:build: [32mCJS[39m [1mdist\index.cjs            [22m[32m60.10 KB[39m
@isl-lang/stdlib-distributed:build: [32mCJS[39m [1mdist\saga.cjs             [22m[32m8.69 KB[39m
@isl-lang/stdlib-distributed:build: [32mCJS[39m [1mdist\service-mesh.cjs     [22m[32m11.89 KB[39m
@isl-lang/stdlib-distributed:build: [32mCJS[39m [1mdist\crdt.cjs             [22m[32m10.98 KB[39m
@isl-lang/stdlib-distributed:build: [32mCJS[39m [1mdist\consensus.cjs        [22m[32m9.83 KB[39m
@isl-lang/stdlib-distributed:build: [32mCJS[39m [1mdist\actor.cjs.map        [22m[32m17.92 KB[39m
@isl-lang/stdlib-distributed:build: [32mCJS[39m [1mdist\index.cjs.map        [22m[32m133.11 KB[39m
@isl-lang/stdlib-distributed:build: [32mCJS[39m [1mdist\coordination.cjs.map [22m[32m16.79 KB[39m
@isl-lang/stdlib-distributed:build: [32mCJS[39m [1mdist\service-mesh.cjs.map [22m[32m23.73 KB[39m
@isl-lang/stdlib-distributed:build: [32mCJS[39m [1mdist\crdt.cjs.map         [22m[32m20.39 KB[39m
@isl-lang/stdlib-distributed:build: [32mCJS[39m [1mdist\saga.cjs.map         [22m[32m17.18 KB[39m
@isl-lang/stdlib-distributed:build: [32mCJS[39m [1mdist\consensus.cjs.map    [22m[32m19.92 KB[39m
@isl-lang/stdlib-distributed:build: [32mCJS[39m ΓÜí∩╕Å Build success in 2510ms
@isl-lang/stdlib-distributed:build: [32mESM[39m [1mdist\actor.js            [22m[32m7.20 KB[39m
@isl-lang/stdlib-distributed:build: [32mESM[39m [1mdist\coordination.js     [22m[32m7.50 KB[39m
@isl-lang/stdlib-distributed:build: [32mESM[39m [1mdist\consensus.js        [22m[32m8.80 KB[39m
@isl-lang/stdlib-distributed:build: [32mESM[39m [1mdist\service-mesh.js     [22m[32m10.56 KB[39m
@isl-lang/stdlib-distributed:build: [32mESM[39m [1mdist\saga.js             [22m[32m7.50 KB[39m
@isl-lang/stdlib-distributed:build: [32mESM[39m [1mdist\index.js            [22m[32m56.64 KB[39m
@isl-lang/stdlib-distributed:build: [32mESM[39m [1mdist\crdt.js             [22m[32m8.77 KB[39m
@isl-lang/stdlib-distributed:build: [32mESM[39m [1mdist\actor.js.map        [22m[32m17.86 KB[39m
@isl-lang/stdlib-distributed:build: [32mESM[39m [1mdist\consensus.js.map    [22m[32m19.87 KB[39m
@isl-lang/stdlib-distributed:build: [32mESM[39m [1mdist\coordination.js.map [22m[32m16.73 KB[39m
@isl-lang/stdlib-distributed:build: [32mESM[39m [1mdist\service-mesh.js.map [22m[32m23.65 KB[39m
@isl-lang/stdlib-distributed:build: [32mESM[39m [1mdist\index.js.map        [22m[32m130.45 KB[39m
@isl-lang/stdlib-distributed:build: [32mESM[39m [1mdist\saga.js.map         [22m[32m17.10 KB[39m
@isl-lang/stdlib-distributed:build: [32mESM[39m [1mdist\crdt.js.map         [22m[32m20.19 KB[39m
@isl-lang/stdlib-distributed:build: [32mESM[39m ΓÜí∩╕Å Build success in 2511ms
@isl-lang/stdlib-http:build: cache hit, replaying logs 9e3349d0398a2fb5
@isl-lang/stdlib-http:build: 
@isl-lang/stdlib-http:build: > @isl-lang/stdlib-http@0.1.0 build C:\Users\mevla\OneDrive\Desktop\projects\IntentOS\packages\stdlib-http
@isl-lang/stdlib-http:build: > tsup src/index.ts --format esm --dts --clean
@isl-lang/stdlib-http:build: 
@isl-lang/stdlib-http:build: [34mCLI[39m Building entry: src/index.ts
@isl-lang/stdlib-http:build: [34mCLI[39m Using tsconfig: tsconfig.json
@isl-lang/stdlib-http:build: [34mCLI[39m tsup v8.5.1
@isl-lang/stdlib-http:build: [34mCLI[39m Target: es2022
@isl-lang/stdlib-http:build: [34mCLI[39m Cleaning output folder
@isl-lang/stdlib-http:build: [34mESM[39m Build start
@isl-lang/stdlib-http:build: [34mDTS[39m Build start
@isl-lang/stdlib-http:build: [32mESM[39m [1mdist\index.js [22m[32m8.82 KB[39m
@isl-lang/stdlib-http:build: [32mESM[39m ΓÜí∩╕Å Build success in 4377ms
@isl-lang/stdlib-http:build: [32mDTS[39m ΓÜí∩╕Å Build success in 12062ms
@isl-lang/stdlib-http:build: [32mDTS[39m [1mdist\index.d.ts [22m[32m5.79 KB[39m
@isl-lang/postconditions:build: cache hit, replaying logs 1485fd893744cdd2
@isl-lang/postconditions:build: 
@isl-lang/postconditions:build: > @isl-lang/postconditions@0.1.0 build C:\Users\mevla\OneDrive\Desktop\projects\IntentOS\packages\postconditions
@isl-lang/postconditions:build: > tsc
@isl-lang/postconditions:build: 
@isl-lang/hallucination-scanner:build: cache hit, replaying logs eeab40f13df02345
playwright-showcase:build: cache miss, executing 1fe46cd3923723af
@isl-lang/hallucination-scanner:build: 
@isl-lang/hallucination-scanner:build: > @isl-lang/hallucination-scanner@0.1.0 build C:\Users\mevla\OneDrive\Desktop\projects\IntentOS\packages\hallucination-scanner
@isl-lang/hallucination-scanner:build: > tsup src/index.ts --format esm --dts --clean
@isl-lang/hallucination-scanner:build: 
@isl-lang/hallucination-scanner:build: [34mCLI[39m Building entry: src/index.ts
@isl-lang/hallucination-scanner:build: [34mCLI[39m Using tsconfig: tsconfig.json
@isl-lang/hallucination-scanner:build: [34mCLI[39m tsup v8.5.1
@isl-lang/hallucination-scanner:build: [34mCLI[39m Using tsup config: C:\Users\mevla\OneDrive\Desktop\projects\IntentOS\packages\hallucination-scanner\tsup.config.ts
@isl-lang/hallucination-scanner:build: [34mCLI[39m Target: node18
@isl-lang/hallucination-scanner:build: [34mCLI[39m Cleaning output folder
@isl-lang/hallucination-scanner:build: [34mESM[39m Build start
@isl-lang/hallucination-scanner:build: [32mESM[39m [1mdist\use-parser-3NRRTYXS.js     [22m[32m234.00 B[39m
@isl-lang/hallucination-scanner:build: [32mESM[39m [1mdist\chunk-LSR47TRT.js          [22m[32m3.20 KB[39m
@isl-lang/hallucination-scanner:build: [32mESM[39m [1mdist\index.js                   [22m[32m77.32 KB[39m
@isl-lang/hallucination-scanner:build: [32mESM[39m [1mdist\use-parser-3NRRTYXS.js.map [22m[32m71.00 B[39m
@isl-lang/hallucination-scanner:build: [32mESM[39m [1mdist\chunk-LSR47TRT.js.map      [22m[32m7.22 KB[39m
@isl-lang/hallucination-scanner:build: [32mESM[39m [1mdist\index.js.map               [22m[32m157.43 KB[39m
@isl-lang/hallucination-scanner:build: [32mESM[39m ΓÜí∩╕Å Build success in 111ms
@isl-lang/hallucination-scanner:build: [34mDTS[39m Build start
@isl-lang/hallucination-scanner:build: [32mDTS[39m ΓÜí∩╕Å Build success in 5282ms
@isl-lang/hallucination-scanner:build: [32mDTS[39m [1mdist\index.d.ts [22m[32m22.88 KB[39m
@isl-lang/db-reality-verifier:build: cache hit, replaying logs 86ee83f8e349f313
@isl-lang/db-reality-verifier:build: 
@isl-lang/db-reality-verifier:build: > @isl-lang/db-reality-verifier@0.1.0 build C:\Users\mevla\OneDrive\Desktop\projects\IntentOS\packages\db-reality-verifier
@isl-lang/db-reality-verifier:build: > tsup src/index.ts --format esm --dts --clean
@isl-lang/db-reality-verifier:build: 
@isl-lang/db-reality-verifier:build: [34mCLI[39m Building entry: src/index.ts
@isl-lang/db-reality-verifier:build: [34mCLI[39m Using tsconfig: tsconfig.json
@isl-lang/db-reality-verifier:build: [34mCLI[39m tsup v8.5.1
@isl-lang/db-reality-verifier:build: [34mCLI[39m Using tsup config: C:\Users\mevla\OneDrive\Desktop\projects\IntentOS\packages\db-reality-verifier\tsup.config.ts
@isl-lang/db-reality-verifier:build: [34mCLI[39m Target: node18
@isl-lang/db-reality-verifier:build: [34mCLI[39m Cleaning output folder
@isl-lang/db-reality-verifier:build: [34mESM[39m Build start
@isl-lang/db-reality-verifier:build: [32mESM[39m [1mdist\index.js     [22m[32m26.67 KB[39m
@isl-lang/db-reality-verifier:build: [32mESM[39m [1mdist\index.js.map [22m[32m61.45 KB[39m
@isl-lang/db-reality-verifier:build: [32mESM[39m ΓÜí∩╕Å Build success in 232ms
@isl-lang/db-reality-verifier:build: [34mDTS[39m Build start
@isl-lang/db-reality-verifier:build: [32mDTS[39m ΓÜí∩╕Å Build success in 6083ms
@isl-lang/db-reality-verifier:build: [32mDTS[39m [1mdist\index.d.ts [22m[32m4.09 KB[39m
@isl-lang/feature-flags:build: cache hit, replaying logs 6007add3e7d4f2ee
@isl-lang/feature-flags:build: 
@isl-lang/feature-flags:build: > @isl-lang/feature-flags@1.0.0 build C:\Users\mevla\OneDrive\Desktop\projects\IntentOS\packages\feature-flags
@isl-lang/feature-flags:build: > tsup src/index.ts --format cjs,esm --dts
@isl-lang/feature-flags:build: 
@isl-lang/feature-flags:build: [34mCLI[39m Building entry: src/index.ts
@isl-lang/feature-flags:build: [34mCLI[39m Using tsconfig: tsconfig.json
@isl-lang/feature-flags:build: [34mCLI[39m tsup v8.5.1
@isl-lang/feature-flags:build: [34mCLI[39m Target: es2022
@isl-lang/feature-flags:build: [34mCJS[39m Build start
@isl-lang/feature-flags:build: [34mESM[39m Build start
@isl-lang/feature-flags:build: [32mESM[39m [1mdist\index.js [22m[32m16.06 KB[39m
@isl-lang/feature-flags:build: [32mESM[39m ΓÜí∩╕Å Build success in 132ms
@isl-lang/feature-flags:build: [32mCJS[39m [1mdist\index.cjs [22m[32m17.74 KB[39m
@isl-lang/feature-flags:build: [32mCJS[39m ΓÜí∩╕Å Build success in 151ms
@isl-lang/feature-flags:build: [34mDTS[39m Build start
@isl-lang/feature-flags:build: [32mDTS[39m ΓÜí∩╕Å Build success in 4455ms
@isl-lang/feature-flags:build: [32mDTS[39m [1mdist\index.d.cts [22m[32m7.25 KB[39m
@isl-lang/feature-flags:build: [32mDTS[39m [1mdist\index.d.ts  [22m[32m7.25 KB[39m
@isl-lang/semantics:build: cache hit, replaying logs 2ae0400060a448fc
@isl-lang/semantics:build: 
@isl-lang/semantics:build: > @isl-lang/semantics@0.1.0 build C:\Users\mevla\OneDrive\Desktop\projects\IntentOS\packages\semantics
@isl-lang/semantics:build: > tsc
@isl-lang/semantics:build: 
@isl-lang/verifier-sandbox:build: cache hit, replaying logs 6e90aa122f2bcaf9
@isl-lang/verifier-sandbox:build: 
@isl-lang/verifier-sandbox:build: > @isl-lang/verifier-sandbox@1.0.0 build C:\Users\mevla\OneDrive\Desktop\projects\IntentOS\packages\verifier-sandbox
@isl-lang/verifier-sandbox:build: > tsup && tsc -p tsconfig.build.json
@isl-lang/verifier-sandbox:build: 
@isl-lang/verifier-sandbox:build: [34mCLI[39m Building entry: src/index.ts
@isl-lang/verifier-sandbox:build: [34mCLI[39m Using tsconfig: tsconfig.json
@isl-lang/verifier-sandbox:build: [34mCLI[39m tsup v8.5.1
@isl-lang/verifier-sandbox:build: [34mCLI[39m Using tsup config: C:\Users\mevla\OneDrive\Desktop\projects\IntentOS\packages\verifier-sandbox\tsup.config.ts
@isl-lang/verifier-sandbox:build: [34mCLI[39m Target: es2022
@isl-lang/verifier-sandbox:build: [34mCLI[39m Cleaning output folder
@isl-lang/verifier-sandbox:build: [34mESM[39m Build start
@isl-lang/verifier-sandbox:build: [32mESM[39m [1mdist\index.js     [22m[32m20.14 KB[39m
@isl-lang/verifier-sandbox:build: [32mESM[39m [1mdist\index.js.map [22m[32m37.08 KB[39m
@isl-lang/verifier-sandbox:build: [32mESM[39m ΓÜí∩╕Å Build success in 204ms
@isl-lang/codegen-k8s:build: cache hit, replaying logs b550b5b3922a9ddd
@isl-lang/codegen-k8s:build: 
@isl-lang/codegen-k8s:build: > @isl-lang/codegen-k8s@0.1.0 build C:\Users\mevla\OneDrive\Desktop\projects\IntentOS\packages\codegen-k8s
@isl-lang/codegen-k8s:build: > tsup
@isl-lang/codegen-k8s:build: 
@isl-lang/codegen-k8s:build: [34mCLI[39m Building entry: src/index.ts
@isl-lang/codegen-k8s:build: [34mCLI[39m Using tsconfig: tsconfig.json
@isl-lang/codegen-k8s:build: [34mCLI[39m tsup v8.5.1
@isl-lang/codegen-k8s:build: [34mCLI[39m Using tsup config: C:\Users\mevla\OneDrive\Desktop\projects\IntentOS\packages\codegen-k8s\tsup.config.ts
@isl-lang/codegen-k8s:build: [34mCLI[39m Target: es2022
@isl-lang/codegen-k8s:build: [34mCLI[39m Cleaning output folder
@isl-lang/codegen-k8s:build: [34mESM[39m Build start
@isl-lang/codegen-k8s:build: [34mCJS[39m Build start
@isl-lang/codegen-k8s:build: [32mCJS[39m [1mdist\index.cjs     [22m[32m11.72 KB[39m
@isl-lang/codegen-k8s:build: [32mCJS[39m [1mdist\index.cjs.map [22m[32m21.56 KB[39m
@isl-lang/codegen-k8s:build: [32mCJS[39m ΓÜí∩╕Å Build success in 95ms
@isl-lang/codegen-k8s:build: [32mESM[39m [1mdist\index.js     [22m[32m10.08 KB[39m
@isl-lang/codegen-k8s:build: [32mESM[39m [1mdist\index.js.map [22m[32m21.19 KB[39m
@isl-lang/codegen-k8s:build: [32mESM[39m ΓÜí∩╕Å Build success in 123ms
@isl-lang/codegen-k8s:build: [34mDTS[39m Build start
@isl-lang/codegen-k8s:build: [32mDTS[39m ΓÜí∩╕Å Build success in 4513ms
@isl-lang/codegen-k8s:build: [32mDTS[39m [1mdist\index.d.ts  [22m[32m7.58 KB[39m
@isl-lang/codegen-k8s:build: [32mDTS[39m [1mdist\index.d.cts [22m[32m7.58 KB[39m
@isl-lang/visual-editor:build: cache hit, replaying logs ed90ab1ace872726
@isl-lang/visual-editor:build: 
@isl-lang/visual-editor:build: > @isl-lang/visual-editor@0.1.0 build C:\Users\mevla\OneDrive\Desktop\projects\IntentOS\packages\visual-editor
@isl-lang/visual-editor:build: > echo 'Skipping Next.js build'
@isl-lang/visual-editor:build: 
@isl-lang/visual-editor:build: 'Skipping Next.js build'
@isl-lang/api-versioning:build: cache hit, replaying logs f46afe300356e26f
@isl-lang/api-versioning:build: 
@isl-lang/api-versioning:build: > @isl-lang/api-versioning@0.1.0 build C:\Users\mevla\OneDrive\Desktop\projects\IntentOS\packages\api-versioning
@isl-lang/api-versioning:build: > tsc
@isl-lang/api-versioning:build: 
@isl-lang/healer:build: cache hit, replaying logs bf86ee5498940b7b
@isl-lang/healer:build: 
@isl-lang/healer:build: > @isl-lang/healer@0.1.0 build C:\Users\mevla\OneDrive\Desktop\projects\IntentOS\packages\isl-healer
@isl-lang/healer:build: > tsup && tsc -p tsconfig.build.json
@isl-lang/healer:build: 
@isl-lang/healer:build: [34mCLI[39m Building entry: src/index.ts
@isl-lang/healer:build: [34mCLI[39m Using tsconfig: tsconfig.json
@isl-lang/healer:build: [34mCLI[39m tsup v8.5.1
@isl-lang/healer:build: [34mCLI[39m Using tsup config: C:\Users\mevla\OneDrive\Desktop\projects\IntentOS\packages\isl-healer\tsup.config.ts
@isl-lang/healer:build: [34mCLI[39m Target: es2022
@isl-lang/healer:build: [34mCLI[39m Cleaning output folder
@isl-lang/healer:build: [34mESM[39m Build start
@isl-lang/healer:build: [32mESM[39m [1mdist\index.js     [22m[32m173.08 KB[39m
@isl-lang/healer:build: [32mESM[39m [1mdist\index.js.map [22m[32m340.71 KB[39m
@isl-lang/healer:build: [32mESM[39m ΓÜí∩╕Å Build success in 166ms
@isl-lang/isl-verify-action:build: cache miss, executing cd899f0141724535
@isl-lang/stdlib-time:build: cache hit, replaying logs e56a26650fe9a834
@isl-lang/stdlib-time:build: 
@isl-lang/stdlib-time:build: > @isl-lang/stdlib-time@0.1.0 build C:\Users\mevla\OneDrive\Desktop\projects\IntentOS\packages\stdlib-time
@isl-lang/stdlib-time:build: > tsc
@isl-lang/stdlib-time:build: 
@isl-lang/effects:build: cache hit, replaying logs f56f08a4b85c9f6c
@isl-lang/effects:build: 
@isl-lang/effects:build: > @isl-lang/effects@0.1.0 build C:\Users\mevla\OneDrive\Desktop\projects\IntentOS\packages\effects
@isl-lang/effects:build: > tsc
@isl-lang/effects:build: 
@isl-lang/ci-docker:build: cache hit, replaying logs 86b77d162dbe28e0
@isl-lang/ci-docker:build: 
@isl-lang/ci-docker:build: > @isl-lang/ci-docker@1.0.0 build C:\Users\mevla\OneDrive\Desktop\projects\IntentOS\packages\ci-docker
@isl-lang/ci-docker:build: > echo 'Docker build skipped in CI - use docker build directly' && exit 0
@isl-lang/ci-docker:build: 
@isl-lang/ci-docker:build: 'Docker build skipped in CI - use docker build directly' 
@isl-lang/codegen-loadtest:build: cache hit, replaying logs 6d98344223d357d7
@isl-lang/codegen-loadtest:build: 
@isl-lang/codegen-loadtest:build: > @isl-lang/codegen-loadtest@0.1.0 build C:\Users\mevla\OneDrive\Desktop\projects\IntentOS\packages\codegen-loadtest
@isl-lang/codegen-loadtest:build: > tsc
@isl-lang/codegen-loadtest:build: 
@isl-lang/fake-success-ui-detector:build: cache hit, replaying logs 045c5ffc26475c4c
@isl-lang/fake-success-ui-detector:build: 
@isl-lang/fake-success-ui-detector:build: > @isl-lang/fake-success-ui-detector@0.1.0 build C:\Users\mevla\OneDrive\Desktop\projects\IntentOS\packages\fake-success-ui-detector
@isl-lang/fake-success-ui-detector:build: > tsup src/index.ts --format esm --dts --clean
@isl-lang/fake-success-ui-detector:build: 
@isl-lang/fake-success-ui-detector:build: [34mCLI[39m Building entry: src/index.ts
@isl-lang/fake-success-ui-detector:build: [34mCLI[39m Using tsconfig: tsconfig.json
@isl-lang/fake-success-ui-detector:build: [34mCLI[39m tsup v8.5.1
@isl-lang/fake-success-ui-detector:build: [34mCLI[39m Using tsup config: C:\Users\mevla\OneDrive\Desktop\projects\IntentOS\packages\fake-success-ui-detector\tsup.config.ts
@isl-lang/fake-success-ui-detector:build: [34mCLI[39m Target: es2022
@isl-lang/fake-success-ui-detector:build: [34mCLI[39m Cleaning output folder
@isl-lang/fake-success-ui-detector:build: [34mESM[39m Build start
@isl-lang/fake-success-ui-detector:build: [32mESM[39m [1mdist\index.js     [22m[32m22.12 KB[39m
@isl-lang/fake-success-ui-detector:build: [32mESM[39m [1mdist\index.js.map [22m[32m46.53 KB[39m
@isl-lang/fake-success-ui-detector:build: [32mESM[39m ΓÜí∩╕Å Build success in 238ms
@isl-lang/fake-success-ui-detector:build: [34mDTS[39m Build start
@isl-lang/fake-success-ui-detector:build: [32mDTS[39m ΓÜí∩╕Å Build success in 4781ms
@isl-lang/fake-success-ui-detector:build: [32mDTS[39m [1mdist\index.d.ts [22m[32m3.52 KB[39m
@isl-lang/effect-handlers:build: cache hit, replaying logs 7285fc7dbfeb9a93
@isl-lang/effect-handlers:build: 
@isl-lang/effect-handlers:build: > @isl-lang/effect-handlers@1.0.0 build C:\Users\mevla\OneDrive\Desktop\projects\IntentOS\packages\effect-handlers
@isl-lang/effect-handlers:build: > echo 'Skipping build - package has known issues'
@isl-lang/effect-handlers:build: 
@isl-lang/effect-handlers:build: 'Skipping build - package has known issues'
@isl-lang/dashboard-api:build: cache hit, replaying logs cc0005c0bb786ea3
@isl-lang/dashboard-api:build: 
@isl-lang/dashboard-api:build: > @isl-lang/dashboard-api@1.0.0 build C:\Users\mevla\OneDrive\Desktop\projects\IntentOS\packages\dashboard-api
@isl-lang/dashboard-api:build: > tsup
@isl-lang/dashboard-api:build: 
@isl-lang/dashboard-api:build: [34mCLI[39m Building entry: src/index.ts
@isl-lang/dashboard-api:build: [34mCLI[39m Using tsconfig: tsconfig.json
@isl-lang/dashboard-api:build: [34mCLI[39m tsup v8.5.1
@isl-lang/dashboard-api:build: [34mCLI[39m Using tsup config: C:\Users\mevla\OneDrive\Desktop\projects\IntentOS\packages\dashboard-api\tsup.config.ts
@isl-lang/dashboard-api:build: [34mCLI[39m Target: node18
@isl-lang/dashboard-api:build: [34mCLI[39m Cleaning output folder
@isl-lang/dashboard-api:build: [34mESM[39m Build start
@isl-lang/dashboard-api:build: [32mESM[39m [1mdist\index.js     [22m[32m254.08 KB[39m
@isl-lang/dashboard-api:build: [32mESM[39m [1mdist\index.js.map [22m[32m501.11 KB[39m
@isl-lang/dashboard-api:build: [32mESM[39m ΓÜí∩╕Å Build success in 234ms
@isl-lang/dashboard-api:build: [34mDTS[39m Build start
@isl-lang/dashboard-api:build: [32mDTS[39m ΓÜí∩╕Å Build success in 5043ms
@isl-lang/dashboard-api:build: [32mDTS[39m [1mdist\index.d.ts [22m[32m28.70 KB[39m
@isl-lang/runtime-verify:build: cache hit, replaying logs db86ae2d16c22353
@isl-lang/runtime-verify:build: 
@isl-lang/runtime-verify:build: > @isl-lang/runtime-verify@0.1.0 build C:\Users\mevla\OneDrive\Desktop\projects\IntentOS\packages\runtime-verify
@isl-lang/runtime-verify:build: > tsc
@isl-lang/runtime-verify:build: 
@isl-lang/cli-ux:build: cache hit, replaying logs 7c05220677d53b49
@isl-lang/cli-ux:build: 
@isl-lang/cli-ux:build: > @isl-lang/cli-ux@0.1.0 build C:\Users\mevla\OneDrive\Desktop\projects\IntentOS\packages\cli-ux
@isl-lang/cli-ux:build: > tsup
@isl-lang/cli-ux:build: 
@isl-lang/cli-ux:build: [34mCLI[39m Building entry: src/index.ts
@isl-lang/cli-ux:build: [34mCLI[39m Using tsconfig: tsconfig.json
@isl-lang/cli-ux:build: [34mCLI[39m tsup v8.5.1
@isl-lang/cli-ux:build: [34mCLI[39m Using tsup config: C:\Users\mevla\OneDrive\Desktop\projects\IntentOS\packages\cli-ux\tsup.config.ts
@isl-lang/cli-ux:build: [34mCLI[39m Target: es2022
@isl-lang/cli-ux:build: [34mCLI[39m Cleaning output folder
@isl-lang/cli-ux:build: [34mCJS[39m Build start
@isl-lang/cli-ux:build: [34mESM[39m Build start
@isl-lang/cli-ux:build: [32mESM[39m [1mdist\index.js     [22m[32m35.03 KB[39m
@isl-lang/cli-ux:build: [32mESM[39m [1mdist\index.js.map [22m[32m108.92 KB[39m
@isl-lang/cli-ux:build: [32mESM[39m ΓÜí∩╕Å Build success in 783ms
@isl-lang/cli-ux:build: [32mCJS[39m [1mdist\index.cjs     [22m[32m37.42 KB[39m
@isl-lang/cli-ux:build: [32mCJS[39m [1mdist\index.cjs.map [22m[32m109.01 KB[39m
@isl-lang/cli-ux:build: [32mCJS[39m ΓÜí∩╕Å Build success in 783ms
@isl-lang/cli-ux:build: [34mDTS[39m Build start
@isl-lang/cli-ux:build: [32mDTS[39m ΓÜí∩╕Å Build success in 7032ms
@isl-lang/cli-ux:build: [32mDTS[39m [1mdist\index.d.cts [22m[32m90.58 KB[39m
@isl-lang/cli-ux:build: [32mDTS[39m [1mdist\index.d.ts  [22m[32m90.58 KB[39m
@isl-lang/private-registry:build: cache hit, replaying logs 752aab7505fd7220
@isl-lang/private-registry:build: 
@isl-lang/private-registry:build: > @isl-lang/private-registry@0.1.0 build C:\Users\mevla\OneDrive\Desktop\projects\IntentOS\packages\private-registry
@isl-lang/private-registry:build: > tsup src/index.ts --format esm --dts --clean
@isl-lang/private-registry:build: 
@isl-lang/private-registry:build: [34mCLI[39m Building entry: src/index.ts
@isl-lang/private-registry:build: [34mCLI[39m Using tsconfig: tsconfig.json
@isl-lang/private-registry:build: [34mCLI[39m tsup v8.5.1
@isl-lang/private-registry:build: [34mCLI[39m Target: es2022
@isl-lang/private-registry:build: [34mCLI[39m Cleaning output folder
@isl-lang/private-registry:build: [34mESM[39m Build start
@isl-lang/private-registry:build: [32mESM[39m [1mdist\index.js [22m[32m6.73 KB[39m
@isl-lang/private-registry:build: [32mESM[39m ΓÜí∩╕Å Build success in 199ms
@isl-lang/private-registry:build: [34mDTS[39m Build start
@isl-lang/private-registry:build: [32mDTS[39m ΓÜí∩╕Å Build success in 5004ms
@isl-lang/private-registry:build: [32mDTS[39m [1mdist\index.d.ts [22m[32m3.49 KB[39m
@isl-lang/distributed-tracing:build: cache hit, replaying logs f02ce98ecbe8abd1
@isl-lang/distributed-tracing:build: 
@isl-lang/distributed-tracing:build: > @isl-lang/distributed-tracing@2.0.0 build C:\Users\mevla\OneDrive\Desktop\projects\IntentOS\packages\distributed-tracing
@isl-lang/distributed-tracing:build: > tsup src/index.ts --format cjs,esm --no-dts
@isl-lang/distributed-tracing:build: 
@isl-lang/distributed-tracing:build: [34mCLI[39m Building entry: src/index.ts
@isl-lang/distributed-tracing:build: [34mCLI[39m Using tsconfig: tsconfig.json
@isl-lang/distributed-tracing:build: [34mCLI[39m tsup v8.5.1
@isl-lang/distributed-tracing:build: [34mCLI[39m Target: es2022
@isl-lang/distributed-tracing:build: [34mCJS[39m Build start
@isl-lang/distributed-tracing:build: [34mESM[39m Build start
@isl-lang/distributed-tracing:build: [32mESM[39m [1mdist\index.js [22m[32m21.15 KB[39m
@isl-lang/distributed-tracing:build: [32mESM[39m ΓÜí∩╕Å Build success in 125ms
@isl-lang/distributed-tracing:build: [32mCJS[39m [1mdist\index.cjs [22m[32m23.12 KB[39m
@isl-lang/distributed-tracing:build: [32mCJS[39m ΓÜí∩╕Å Build success in 166ms
@isl-lang/crud-template-examples:build: cache miss, executing 2bbb8c7d8cc7e1b1
@isl-lang/docs:build: cache hit, replaying logs 4d5f9ab6be9bcf00
@isl-lang/docs:build: 
@isl-lang/docs:build: > @isl-lang/docs@1.0.0 build C:\Users\mevla\OneDrive\Desktop\projects\IntentOS\packages\docs
@isl-lang/docs:build: > astro build
@isl-lang/docs:build: 
@isl-lang/docs:build: [2m01:52:22[22m [34m[content][39m Syncing content
@isl-lang/docs:build: [2m01:52:22[22m [34m[content][39m Synced content
@isl-lang/docs:build: [2m01:52:22[22m [34m[types][39m Generated [2m1.52s[22m
@isl-lang/docs:build: [2m01:52:22[22m [34m[build][39m output: [34m"static"[39m
@isl-lang/docs:build: [2m01:52:22[22m [34m[build][39m mode: [34m"static"[39m
@isl-lang/docs:build: [2m01:52:22[22m [34m[build][39m directory: [34mC:\Users\mevla\OneDrive\Desktop\projects\IntentOS\packages\docs\dist\[39m
@isl-lang/docs:build: [2m01:52:22[22m [34m[build][39m Collecting build info...
@isl-lang/docs:build: [2m01:52:22[22m [34m[build][39m [32mΓ£ô Completed in 2.04s.[39m
@isl-lang/docs:build: [2m01:52:22[22m [34m[build][39m Building static entrypoints...
@isl-lang/docs:build: [2m01:52:26[22m [34m[vite][39m [32mΓ£ô built in 3.89s[39m
@isl-lang/docs:build: [2m01:52:26[22m [34m[build][39m [32mΓ£ô Completed in 3.95s.[39m
@isl-lang/docs:build: 
@isl-lang/docs:build: [42m[30m building client (vite) [39m[49m
@isl-lang/docs:build: [2m01:52:26[22m [34m[vite][39m transforming...
@isl-lang/docs:build: [2m01:52:26[22m [34m[vite][39m [32mΓ£ô[39m 18 modules transformed.
@isl-lang/docs:build: [2m01:52:26[22m [34m[vite][39m rendering chunks...
@isl-lang/docs:build: [2m01:52:26[22m [34m[vite][39m computing gzip size...
@isl-lang/docs:build: [2m01:52:26[22m [34m[vite][39m [2mdist/[22m[32m_astro/ec.8zarh.js                                                             [39m[1m[2m 2.42 kB[22m[1m[22m
@isl-lang/docs:build: [2m01:52:26[22m [34m[vite][39m [2mdist/[22m[35m_astro/ec.tm3va.css                                                            [39m[1m[2m18.26 kB[22m[1m[22m[2m Γöé gzip:  3.88 kB[22m
@isl-lang/docs:build: [2m01:52:26[22m [34m[vite][39m [2mdist/[22m[36m_astro/MobileTableOfContents.astro_astro_type_script_index_0_lang.C181hMzK.js  [39m[1m[2m 0.67 kB[22m[1m[22m[2m Γöé gzip:  0.40 kB[22m
@isl-lang/docs:build: [2m01:52:26[22m [34m[vite][39m [2mdist/[22m[36m_astro/TableOfContents.astro_astro_type_script_index_0_lang.CKWWgpjV.js        [39m[1m[2m 1.67 kB[22m[1m[22m[2m Γöé gzip:  0.86 kB[22m
@isl-lang/docs:build: [2m01:52:26[22m [34m[vite][39m [2mdist/[22m[36m_astro/page.B1D-nYk3.js                                                        [39m[1m[2m 2.24 kB[22m[1m[22m[2m Γöé gzip:  1.01 kB[22m
@isl-lang/docs:build: [2m01:52:26[22m [34m[vite][39m [2mdist/[22m[36m_astro/Search.astro_astro_type_script_index_0_lang.cjYDvRdi.js                 [39m[1m[2m 2.69 kB[22m[1m[22m[2m Γöé gzip:  1.38 kB[22m
@isl-lang/docs:build: [2m01:52:26[22m [34m[vite][39m [2mdist/[22m[36m_astro/ui-core.D_Lfcn_I.js                                                     [39m[1m[2m72.93 kB[22m[1m[22m[2m Γöé gzip: 22.86 kB[22m
@isl-lang/docs:build: [2m01:52:26[22m [34m[vite][39m [32mΓ£ô built in 399ms[39m
@isl-lang/docs:build: 
@isl-lang/docs:build: [42m[30m generating static routes [39m[49m
@isl-lang/docs:build: [2m01:52:26[22m [32mΓû╢[39m /404
@isl-lang/docs:build: Entry docs ΓåÆ 404 was not found.
@isl-lang/docs:build: [2m01:52:26[22m   [34mΓööΓöÇ[39m [2m/404.html[22m [2m(+33ms)[22m 
@isl-lang/docs:build: [2m01:52:26[22m [32mΓû╢[39m /[...slug]
@isl-lang/docs:build: [2m01:52:26[22m   [34mΓö£ΓöÇ[39m [2m/index.html[22m [2m(+25ms)[22m 
@isl-lang/docs:build: [2m01:52:26[22m   [34mΓö£ΓöÇ[39m [2m/cli/verify/index.html[22m [2m(+18ms)[22m 
@isl-lang/docs:build: [2m01:52:26[22m   [34mΓö£ΓöÇ[39m [2m/cli/watch/index.html[22m [2m(+18ms)[22m 
@isl-lang/docs:build: [2m01:52:26[22m   [34mΓö£ΓöÇ[39m [2m/getting-started/installation/index.html[22m [2m(+21ms)[22m 
@isl-lang/docs:build: [2m01:52:26[22m   [34mΓö£ΓöÇ[39m [2m/cli/repl/index.html[22m [2m(+22ms)[22m 
@isl-lang/docs:build: [2m01:52:26[22m   [34mΓö£ΓöÇ[39m [2m/cli/init/index.html[22m [2m(+12ms)[22m 
@isl-lang/docs:build: [2m01:52:26[22m   [34mΓö£ΓöÇ[39m [2m/cli/generate/index.html[22m [2m(+25ms)[22m 
@isl-lang/docs:build: [2m01:52:26[22m   [34mΓö£ΓöÇ[39m [2m/cli/lint/index.html[22m [2m(+28ms)[22m 
@isl-lang/docs:build: [2m01:52:26[22m   [34mΓö£ΓöÇ[39m [2m/api/gate-api/index.html[22m [2m(+14ms)[22m 
@isl-lang/docs:build: [2m01:52:26[22m   [34mΓö£ΓöÇ[39m [2m/api/dashboard-api/index.html[22m [2m(+27ms)[22m 
@isl-lang/docs:build: [2m01:52:27[22m   [34mΓö£ΓöÇ[39m [2m/getting-started/quickstart/index.html[22m [2m(+8ms)[22m 
@isl-lang/docs:build: [2m01:52:27[22m   [34mΓö£ΓöÇ[39m [2m/guides/best-practices/index.html[22m [2m(+14ms)[22m 
@isl-lang/docs:build: [2m01:52:27[22m   [34mΓö£ΓöÇ[39m [2m/guides/ci-integration/index.html[22m [2m(+11ms)[22m 
@isl-lang/docs:build: [2m01:52:27[22m   [34mΓö£ΓöÇ[39m [2m/guides/migration/index.html[22m [2m(+17ms)[22m 
@isl-lang/docs:build: [2m01:52:27[22m   [34mΓö£ΓöÇ[39m [2m/getting-started/your-first-spec/index.html[22m [2m(+12ms)[22m 
@isl-lang/docs:build: [2m01:52:27[22m   [34mΓö£ΓöÇ[39m [2m/guides/specless-mode/index.html[22m [2m(+10ms)[22m 
@isl-lang/docs:build: [2m01:52:27[22m   [34mΓö£ΓöÇ[39m [2m/guides/team-config/index.html[22m [2m(+8ms)[22m 
@isl-lang/docs:build: [2m01:52:27[22m   [34mΓö£ΓöÇ[39m [2m/isl-language/behaviors/index.html[22m [2m(+9ms)[22m 
@isl-lang/docs:build: [2m01:52:27[22m   [34mΓö£ΓöÇ[39m [2m/isl-language/chaos/index.html[22m [2m(+10ms)[22m 
@isl-lang/docs:build: [2m01:52:27[22m   [34mΓö£ΓöÇ[39m [2m/isl-language/entities/index.html[22m [2m(+14ms)[22m 
@isl-lang/docs:build: [2m01:52:27[22m   [34mΓö£ΓöÇ[39m [2m/isl-language/postconditions/index.html[22m [2m(+7ms)[22m 
@isl-lang/docs:build: [2m01:52:27[22m   [34mΓö£ΓöÇ[39m [2m/isl-language/stdlib/index.html[22m [2m(+11ms)[22m 
@isl-lang/docs:build: [2m01:52:27[22m   [34mΓö£ΓöÇ[39m [2m/isl-language/scenarios/index.html[22m [2m(+10ms)[22m 
@isl-lang/docs:build: [2m01:52:27[22m   [34mΓö£ΓöÇ[39m [2m/isl-language/syntax-reference/index.html[22m [2m(+7ms)[22m 
@isl-lang/docs:build: [2m01:52:27[22m   [34mΓö£ΓöÇ[39m [2m/vscode/changelog/index.html[22m [2m(+20ms)[22m 
@isl-lang/docs:build: [2m01:52:27[22m   [34mΓö£ΓöÇ[39m [2m/vscode/features/index.html[22m [2m(+11ms)[22m 
@isl-lang/docs:build: [2m01:52:27[22m   [34mΓö£ΓöÇ[39m [2m/isl-language/types/index.html[22m [2m(+9ms)[22m 
@isl-lang/docs:build: [2m01:52:27[22m   [34mΓö£ΓöÇ[39m [2m/vscode/installation/index.html[22m [2m(+12ms)[22m 
@isl-lang/docs:build: [2m01:52:27[22m   [34mΓö£ΓöÇ[39m [2m/cli/check/index.html[22m [2m(+13ms)[22m 
@isl-lang/docs:build: [2m01:52:27[22m   [34mΓö£ΓöÇ[39m [2m/cli/gate/index.html[22m [2m(+12ms)[22m 
@isl-lang/docs:build: [2m01:52:27[22m   [34mΓööΓöÇ[39m [2m/isl-reference/index.html[22m [2m(+8ms)[22m 
@isl-lang/docs:build: [2m01:52:27[22m [32mΓ£ô Completed in 699ms.
@isl-lang/docs:build: [39m
@isl-lang/docs:build: (node:15084) [DEP0190] DeprecationWarning: Passing args to a child process with shell option true can lead to security vulnerabilities, as the arguments are not escaped, only concatenated.
@isl-lang/docs:build: (Use `node --trace-deprecation ...` to show where the warning was created)
@isl-lang/docs:build: npm warn Unknown env config "shamefully-hoist". This will stop working in the next major version of npm.
@isl-lang/docs:build: 
@isl-lang/docs:build: Running Pagefind v1.4.0 (Extended)
@isl-lang/docs:build: Running from: "C:\\Users\\mevla\\OneDrive\\Desktop\\projects\\IntentOS\\node_modules\\.pnpm\\@astrojs+starlight@0.32.6_astro@5.17.1\\node_modules\\@astrojs\\starlight"
@isl-lang/docs:build: Source:       "..\\..\\..\\..\\..\\..\\packages\\docs\\dist"
@isl-lang/docs:build: Output:       "..\\..\\..\\..\\..\\..\\packages\\docs\\dist\\pagefind"
@isl-lang/docs:build: 
@isl-lang/docs:build: [Walking source directory]
@isl-lang/docs:build: Found 32 files matching **/*.{html}
@isl-lang/docs:build: 
@isl-lang/docs:build: [Parsing files]
@isl-lang/docs:build: Found a data-pagefind-body element on the site.
@isl-lang/docs:build: Γå│ Ignoring pages without this tag.
@isl-lang/docs:build: 
@isl-lang/docs:build: [Reading languages]
@isl-lang/docs:build: Discovered 1 language: en
@isl-lang/docs:build: 
@isl-lang/docs:build: [Building search indexes]
@isl-lang/docs:build: Total: 
@isl-lang/docs:build:   Indexed 1 language
@isl-lang/docs:build:   Indexed 31 pages
@isl-lang/docs:build:   Indexed 2198 words
@isl-lang/docs:build:   Indexed 0 filters
@isl-lang/docs:build:   Indexed 0 sorts
@isl-lang/docs:build: 
@isl-lang/docs:build: Finished in 0.710 seconds
@isl-lang/docs:build: [2m01:52:29[22m [34m[@astrojs/sitemap][39m `sitemap-index.xml` created at `dist`
@isl-lang/docs:build: [2m01:52:29[22m [34m[build][39m 32 page(s) built in [1m9.84s[22m
@isl-lang/docs:build: [2m01:52:29[22m [34m[build][39m [1mComplete![22m
@isl-lang/opentelemetry:build: cache hit, replaying logs ecf2fee63f298c3a
@isl-lang/opentelemetry:build: 
@isl-lang/opentelemetry:build: > @isl-lang/opentelemetry@1.0.0 build C:\Users\mevla\OneDrive\Desktop\projects\IntentOS\packages\opentelemetry
@isl-lang/opentelemetry:build: > tsup
@isl-lang/opentelemetry:build: 
@isl-lang/opentelemetry:build: Γû▓ [WARNING] The condition "types" here will never be used as it comes after both "import" and "require" [package.json]
@isl-lang/opentelemetry:build: 
@isl-lang/opentelemetry:build:     package.json:12:6:
@isl-lang/opentelemetry:build:       12 Γöé       "types": "./dist/index.d.ts"
@isl-lang/opentelemetry:build:          Γò╡       ~~~~~~~
@isl-lang/opentelemetry:build: 
@isl-lang/opentelemetry:build:   The "import" condition comes earlier and will be used for all "import" statements:
@isl-lang/opentelemetry:build: 
@isl-lang/opentelemetry:build:     package.json:10:6:
@isl-lang/opentelemetry:build:       10 Γöé       "import": "./dist/index.mjs",
@isl-lang/opentelemetry:build:          Γò╡       ~~~~~~~~
@isl-lang/opentelemetry:build: 
@isl-lang/opentelemetry:build:   The "require" condition comes earlier and will be used for all "require" calls:
@isl-lang/opentelemetry:build: 
@isl-lang/opentelemetry:build:     package.json:11:6:
@isl-lang/opentelemetry:build:       11 Γöé       "require": "./dist/index.js",
@isl-lang/opentelemetry:build:          Γò╡       ~~~~~~~~~
@isl-lang/opentelemetry:build: 
@isl-lang/opentelemetry:build: Γû▓ [WARNING] The condition "types" here will never be used as it comes after both "import" and "require" [package.json]
@isl-lang/opentelemetry:build: 
@isl-lang/opentelemetry:build:     package.json:17:6:
@isl-lang/opentelemetry:build:       17 Γöé       "types": "./dist/spans/index.d.ts"
@isl-lang/opentelemetry:build:          Γò╡       ~~~~~~~
@isl-lang/opentelemetry:build: 
@isl-lang/opentelemetry:build:   The "import" condition comes earlier and will be used for all "import" statements:
@isl-lang/opentelemetry:build: 
@isl-lang/opentelemetry:build:     package.json:15:6:
@isl-lang/opentelemetry:build:       15 Γöé       "import": "./dist/spans/index.mjs",
@isl-lang/opentelemetry:build:          Γò╡       ~~~~~~~~
@isl-lang/opentelemetry:build: 
@isl-lang/opentelemetry:build:   The "require" condition comes earlier and will be used for all "require" calls:
@isl-lang/opentelemetry:build: 
@isl-lang/opentelemetry:build:     package.json:16:6:
@isl-lang/opentelemetry:build:       16 Γöé       "require": "./dist/spans/index.js",
@isl-lang/opentelemetry:build:          Γò╡       ~~~~~~~~~
@isl-lang/opentelemetry:build: 
@isl-lang/opentelemetry:build: Γû▓ [WARNING] The condition "types" here will never be used as it comes after both "import" and "require" [package.json]
@isl-lang/opentelemetry:build: 
@isl-lang/opentelemetry:build:     package.json:22:6:
@isl-lang/opentelemetry:build:       22 Γöé       "types": "./dist/metrics/index.d.ts"
@isl-lang/opentelemetry:build:          Γò╡       ~~~~~~~
@isl-lang/opentelemetry:build: 
@isl-lang/opentelemetry:build:   The "import" condition comes earlier and will be used for all "import" statements:
@isl-lang/opentelemetry:build: 
@isl-lang/opentelemetry:build:     package.json:20:6:
@isl-lang/opentelemetry:build:       20 Γöé       "import": "./dist/metrics/index.mjs",
@isl-lang/opentelemetry:build:          Γò╡       ~~~~~~~~
@isl-lang/opentelemetry:build: 
@isl-lang/opentelemetry:build:   The "require" condition comes earlier and will be used for all "require" calls:
@isl-lang/opentelemetry:build: 
@isl-lang/opentelemetry:build:     package.json:21:6:
@isl-lang/opentelemetry:build:       21 Γöé       "require": "./dist/metrics/index.js",
@isl-lang/opentelemetry:build:          Γò╡       ~~~~~~~~~
@isl-lang/opentelemetry:build: 
@isl-lang/opentelemetry:build: Γû▓ [WARNING] The condition "types" here will never be used as it comes after both "import" and "require" [package.json]
@isl-lang/opentelemetry:build: 
@isl-lang/opentelemetry:build:     package.json:27:6:
@isl-lang/opentelemetry:build:       27 Γöé       "types": "./dist/exporters/index.d.ts"
@isl-lang/opentelemetry:build:          Γò╡       ~~~~~~~
@isl-lang/opentelemetry:build: 
@isl-lang/opentelemetry:build:   The "import" condition comes earlier and will be used for all "import" statements:
@isl-lang/opentelemetry:build: 
@isl-lang/opentelemetry:build:     package.json:25:6:
@isl-lang/opentelemetry:build:       25 Γöé       "import": "./dist/exporters/index.mjs",
@isl-lang/opentelemetry:build:          Γò╡       ~~~~~~~~
@isl-lang/opentelemetry:build: 
@isl-lang/opentelemetry:build:   The "require" condition comes earlier and will be used for all "require" calls:
@isl-lang/opentelemetry:build: 
@isl-lang/opentelemetry:build:     package.json:26:6:
@isl-lang/opentelemetry:build:       26 Γöé       "require": "./dist/exporters/index.js",
@isl-lang/opentelemetry:build:          Γò╡       ~~~~~~~~~
@isl-lang/opentelemetry:build: 
@isl-lang/opentelemetry:build: Γû▓ [WARNING] The condition "types" here will never be used as it comes after both "import" and "require" [package.json]
@isl-lang/opentelemetry:build: 
@isl-lang/opentelemetry:build:     package.json:32:6:
@isl-lang/opentelemetry:build:       32 Γöé       "types": "./dist/instrumentation/index.d.ts"
@isl-lang/opentelemetry:build:          Γò╡       ~~~~~~~
@isl-lang/opentelemetry:build: 
@isl-lang/opentelemetry:build:   The "import" condition comes earlier and will be used for all "import" statements:
@isl-lang/opentelemetry:build: 
@isl-lang/opentelemetry:build:     package.json:30:6:
@isl-lang/opentelemetry:build:       30 Γöé       "import": "./dist/instrumentation/index.mjs",
@isl-lang/opentelemetry:build:          Γò╡       ~~~~~~~~
@isl-lang/opentelemetry:build: 
@isl-lang/opentelemetry:build:   The "require" condition comes earlier and will be used for all "require" calls:
@isl-lang/opentelemetry:build: 
@isl-lang/opentelemetry:build:     package.json:31:6:
@isl-lang/opentelemetry:build:       31 Γöé       "require": "./dist/instrumentation/index.js",
@isl-lang/opentelemetry:build:          Γò╡       ~~~~~~~~~
@isl-lang/opentelemetry:build: 
@isl-lang/opentelemetry:build: [34mCLI[39m Building entry: src/index.ts
@isl-lang/opentelemetry:build: [34mCLI[39m Using tsconfig: tsconfig.json
@isl-lang/opentelemetry:build: [34mCLI[39m tsup v8.5.1
@isl-lang/opentelemetry:build: [34mCLI[39m Using tsup config: C:\Users\mevla\OneDrive\Desktop\projects\IntentOS\packages\opentelemetry\tsup.config.ts
@isl-lang/opentelemetry:build: [34mCLI[39m Target: es2022
@isl-lang/opentelemetry:build: [34mCLI[39m Cleaning output folder
@isl-lang/opentelemetry:build: [34mESM[39m Build start
@isl-lang/opentelemetry:build: [34mCJS[39m Build start
@isl-lang/opentelemetry:build: 
@isl-lang/opentelemetry:build:  WARN  [33mΓû▓ [43;33m[[43;30mWARNING[43;33m][0m [1mThe condition "types" here will never be used as it comes after both "import" and "require"[0m [package.json]
@isl-lang/opentelemetry:build: 
@isl-lang/opentelemetry:build:     package.json:12:6:
@isl-lang/opentelemetry:build: [37m      12 Γöé       [32m"types"[37m: "./dist/index.d.ts"
@isl-lang/opentelemetry:build:          Γò╡       [32m~~~~~~~[0m
@isl-lang/opentelemetry:build: 
@isl-lang/opentelemetry:build:   The "import" condition comes earlier and will be used for all "import" statements:
@isl-lang/opentelemetry:build: 
@isl-lang/opentelemetry:build:     package.json:10:6:
@isl-lang/opentelemetry:build: [37m      10 Γöé       [32m"import"[37m: "./dist/index.mjs",
@isl-lang/opentelemetry:build:          Γò╡       [32m~~~~~~~~[0m
@isl-lang/opentelemetry:build: 
@isl-lang/opentelemetry:build:   The "require" condition comes earlier and will be used for all "require" calls:
@isl-lang/opentelemetry:build: 
@isl-lang/opentelemetry:build:     package.json:11:6:
@isl-lang/opentelemetry:build: [37m      11 Γöé       [32m"require"[37m: "./dist/index.js",
@isl-lang/opentelemetry:build:          Γò╡       [32m~~~~~~~~~[0m
@isl-lang/opentelemetry:build: 
@isl-lang/opentelemetry:build: 
@isl-lang/opentelemetry:build: 
@isl-lang/opentelemetry:build: 
@isl-lang/opentelemetry:build:  WARN  [33mΓû▓ [43;33m[[43;30mWARNING[43;33m][0m [1mThe condition "types" here will never be used as it comes after both "import" and "require"[0m [package.json]
@isl-lang/opentelemetry:build: 
@isl-lang/opentelemetry:build:     package.json:17:6:
@isl-lang/opentelemetry:build: [37m      17 Γöé       [32m"types"[37m: "./dist/spans/index.d.ts"
@isl-lang/opentelemetry:build:          Γò╡       [32m~~~~~~~[0m
@isl-lang/opentelemetry:build: 
@isl-lang/opentelemetry:build:   The "import" condition comes earlier and will be used for all "import" statements:
@isl-lang/opentelemetry:build: 
@isl-lang/opentelemetry:build:     package.json:15:6:
@isl-lang/opentelemetry:build: [37m      15 Γöé       [32m"import"[37m: "./dist/spans/index.mjs",
@isl-lang/opentelemetry:build:          Γò╡       [32m~~~~~~~~[0m
@isl-lang/opentelemetry:build: 
@isl-lang/opentelemetry:build:   The "require" condition comes earlier and will be used for all "require" calls:
@isl-lang/opentelemetry:build: 
@isl-lang/opentelemetry:build:     package.json:16:6:
@isl-lang/opentelemetry:build: [37m      16 Γöé       [32m"require"[37m: "./dist/spans/index.js",
@isl-lang/opentelemetry:build:          Γò╡       [32m~~~~~~~~~[0m
@isl-lang/opentelemetry:build: 
@isl-lang/opentelemetry:build: 
@isl-lang/opentelemetry:build: 
@isl-lang/opentelemetry:build: 
@isl-lang/opentelemetry:build:  WARN  [33mΓû▓ [43;33m[[43;30mWARNING[43;33m][0m [1mThe condition "types" here will never be used as it comes after both "import" and "require"[0m [package.json]
@isl-lang/opentelemetry:build: 
@isl-lang/opentelemetry:build:     package.json:22:6:
@isl-lang/opentelemetry:build: [37m      22 Γöé       [32m"types"[37m: "./dist/metrics/index.d.ts"
@isl-lang/opentelemetry:build:          Γò╡       [32m~~~~~~~[0m
@isl-lang/opentelemetry:build: 
@isl-lang/opentelemetry:build:   The "import" condition comes earlier and will be used for all "import" statements:
@isl-lang/opentelemetry:build: 
@isl-lang/opentelemetry:build:     package.json:20:6:
@isl-lang/opentelemetry:build: [37m      20 Γöé       [32m"import"[37m: "./dist/metrics/index.mjs",
@isl-lang/opentelemetry:build:          Γò╡       [32m~~~~~~~~[0m
@isl-lang/opentelemetry:build: 
@isl-lang/opentelemetry:build:   The "require" condition comes earlier and will be used for all "require" calls:
@isl-lang/opentelemetry:build: 
@isl-lang/opentelemetry:build:     package.json:21:6:
@isl-lang/opentelemetry:build: [37m      21 Γöé       [32m"require"[37m: "./dist/metrics/index.js",
@isl-lang/opentelemetry:build:          Γò╡       [32m~~~~~~~~~[0m
@isl-lang/opentelemetry:build: 
@isl-lang/opentelemetry:build: 
@isl-lang/opentelemetry:build: 
@isl-lang/opentelemetry:build: 
@isl-lang/opentelemetry:build:  WARN  [33mΓû▓ [43;33m[[43;30mWARNING[43;33m][0m [1mThe condition "types" here will never be used as it comes after both "import" and "require"[0m [package.json]
@isl-lang/opentelemetry:build: 
@isl-lang/opentelemetry:build:     package.json:27:6:
@isl-lang/opentelemetry:build: [37m      27 Γöé       [32m"types"[37m: "./dist/exporters/index.d.ts"
@isl-lang/opentelemetry:build:          Γò╡       [32m~~~~~~~[0m
@isl-lang/opentelemetry:build: 
@isl-lang/opentelemetry:build:   The "import" condition comes earlier and will be used for all "import" statements:
@isl-lang/opentelemetry:build: 
@isl-lang/opentelemetry:build:     package.json:25:6:
@isl-lang/opentelemetry:build: [37m      25 Γöé       [32m"import"[37m: "./dist/exporters/index.mjs",
@isl-lang/opentelemetry:build:          Γò╡       [32m~~~~~~~~[0m
@isl-lang/opentelemetry:build: 
@isl-lang/opentelemetry:build:   The "require" condition comes earlier and will be used for all "require" calls:
@isl-lang/opentelemetry:build: 
@isl-lang/opentelemetry:build:     package.json:26:6:
@isl-lang/opentelemetry:build: [37m      26 Γöé       [32m"require"[37m: "./dist/exporters/index.js",
@isl-lang/opentelemetry:build:          Γò╡       [32m~~~~~~~~~[0m
@isl-lang/opentelemetry:build: 
@isl-lang/opentelemetry:build: 
@isl-lang/opentelemetry:build: 
@isl-lang/opentelemetry:build: 
@isl-lang/opentelemetry:build:  WARN  [33mΓû▓ [43;33m[[43;30mWARNING[43;33m][0m [1mThe condition "types" here will never be used as it comes after both "import" and "require"[0m [package.json]
@isl-lang/opentelemetry:build: 
@isl-lang/opentelemetry:build:     package.json:32:6:
@isl-lang/opentelemetry:build: [37m      32 Γöé       [32m"types"[37m: "./dist/instrumentation/index.d.ts"
@isl-lang/opentelemetry:build:          Γò╡       [32m~~~~~~~[0m
@isl-lang/opentelemetry:build: 
@isl-lang/opentelemetry:build:   The "import" condition comes earlier and will be used for all "import" statements:
@isl-lang/opentelemetry:build: 
@isl-lang/opentelemetry:build:     package.json:30:6:
@isl-lang/opentelemetry:build: [37m      30 Γöé       [32m"import"[37m: "./dist/instrumentation/index.mjs",
@isl-lang/opentelemetry:build:          Γò╡       [32m~~~~~~~~[0m
@isl-lang/opentelemetry:build: 
@isl-lang/opentelemetry:build:   The "require" condition comes earlier and will be used for all "require" calls:
@isl-lang/opentelemetry:build: 
@isl-lang/opentelemetry:build:     package.json:31:6:
@isl-lang/opentelemetry:build: [37m      31 Γöé       [32m"require"[37m: "./dist/instrumentation/index.js",
@isl-lang/opentelemetry:build:          Γò╡       [32m~~~~~~~~~[0m
@isl-lang/opentelemetry:build: 
@isl-lang/opentelemetry:build: 
@isl-lang/opentelemetry:build: 
@isl-lang/opentelemetry:build: [32mCJS[39m [1mdist\index.cjs     [22m[32m96.06 KB[39m
@isl-lang/opentelemetry:build: [32mCJS[39m [1mdist\index.cjs.map [22m[32m186.71 KB[39m
@isl-lang/opentelemetry:build: [32mCJS[39m ΓÜí∩╕Å Build success in 281ms
@isl-lang/opentelemetry:build: 
@isl-lang/opentelemetry:build:  WARN  [33mΓû▓ [43;33m[[43;30mWARNING[43;33m][0m [1mThe condition "types" here will never be used as it comes after both "import" and "require"[0m [package.json]
@isl-lang/opentelemetry:build: 
@isl-lang/opentelemetry:build:     package.json:12:6:
@isl-lang/opentelemetry:build: [37m      12 Γöé       [32m"types"[37m: "./dist/index.d.ts"
@isl-lang/opentelemetry:build:          Γò╡       [32m~~~~~~~[0m
@isl-lang/opentelemetry:build: 
@isl-lang/opentelemetry:build:   The "import" condition comes earlier and will be used for all "import" statements:
@isl-lang/opentelemetry:build: 
@isl-lang/opentelemetry:build:     package.json:10:6:
@isl-lang/opentelemetry:build: [37m      10 Γöé       [32m"import"[37m: "./dist/index.mjs",
@isl-lang/opentelemetry:build:          Γò╡       [32m~~~~~~~~[0m
@isl-lang/opentelemetry:build: 
@isl-lang/opentelemetry:build:   The "require" condition comes earlier and will be used for all "require" calls:
@isl-lang/opentelemetry:build: 
@isl-lang/opentelemetry:build:     package.json:11:6:
@isl-lang/opentelemetry:build: [37m      11 Γöé       [32m"require"[37m: "./dist/index.js",
@isl-lang/opentelemetry:build:          Γò╡       [32m~~~~~~~~~[0m
@isl-lang/opentelemetry:build: 
@isl-lang/opentelemetry:build: 
@isl-lang/opentelemetry:build: 
@isl-lang/opentelemetry:build: 
@isl-lang/opentelemetry:build:  WARN  [33mΓû▓ [43;33m[[43;30mWARNING[43;33m][0m [1mThe condition "types" here will never be used as it comes after both "import" and "require"[0m [package.json]
@isl-lang/opentelemetry:build: 
@isl-lang/opentelemetry:build:     package.json:17:6:
@isl-lang/opentelemetry:build: [37m      17 Γöé       [32m"types"[37m: "./dist/spans/index.d.ts"
@isl-lang/opentelemetry:build:          Γò╡       [32m~~~~~~~[0m
@isl-lang/opentelemetry:build: 
@isl-lang/opentelemetry:build:   The "import" condition comes earlier and will be used for all "import" statements:
@isl-lang/opentelemetry:build: 
@isl-lang/opentelemetry:build:     package.json:15:6:
@isl-lang/opentelemetry:build: [37m      15 Γöé       [32m"import"[37m: "./dist/spans/index.mjs",
@isl-lang/opentelemetry:build:          Γò╡       [32m~~~~~~~~[0m
@isl-lang/opentelemetry:build: 
@isl-lang/opentelemetry:build:   The "require" condition comes earlier and will be used for all "require" calls:
@isl-lang/opentelemetry:build: 
@isl-lang/opentelemetry:build:     package.json:16:6:
@isl-lang/opentelemetry:build: [37m      16 Γöé       [32m"require"[37m: "./dist/spans/index.js",
@isl-lang/opentelemetry:build:          Γò╡       [32m~~~~~~~~~[0m
@isl-lang/opentelemetry:build: 
@isl-lang/opentelemetry:build: 
@isl-lang/opentelemetry:build: 
@isl-lang/opentelemetry:build: 
@isl-lang/opentelemetry:build:  WARN  [33mΓû▓ [43;33m[[43;30mWARNING[43;33m][0m [1mThe condition "types" here will never be used as it comes after both "import" and "require"[0m [package.json]
@isl-lang/opentelemetry:build: 
@isl-lang/opentelemetry:build:     package.json:22:6:
@isl-lang/opentelemetry:build: [37m      22 Γöé       [32m"types"[37m: "./dist/metrics/index.d.ts"
@isl-lang/opentelemetry:build:          Γò╡       [32m~~~~~~~[0m
@isl-lang/opentelemetry:build: 
@isl-lang/opentelemetry:build:   The "import" condition comes earlier and will be used for all "import" statements:
@isl-lang/opentelemetry:build: 
@isl-lang/opentelemetry:build:     package.json:20:6:
@isl-lang/opentelemetry:build: [37m      20 Γöé       [32m"import"[37m: "./dist/metrics/index.mjs",
@isl-lang/opentelemetry:build:          Γò╡       [32m~~~~~~~~[0m
@isl-lang/opentelemetry:build: 
@isl-lang/opentelemetry:build:   The "require" condition comes earlier and will be used for all "require" calls:
@isl-lang/opentelemetry:build: 
@isl-lang/opentelemetry:build:     package.json:21:6:
@isl-lang/opentelemetry:build: [37m      21 Γöé       [32m"require"[37m: "./dist/metrics/index.js",
@isl-lang/opentelemetry:build:          Γò╡       [32m~~~~~~~~~[0m
@isl-lang/opentelemetry:build: 
@isl-lang/opentelemetry:build: 
@isl-lang/opentelemetry:build: 
@isl-lang/opentelemetry:build: 
@isl-lang/opentelemetry:build:  WARN  [33mΓû▓ [43;33m[[43;30mWARNING[43;33m][0m [1mThe condition "types" here will never be used as it comes after both "import" and "require"[0m [package.json]
@isl-lang/opentelemetry:build: 
@isl-lang/opentelemetry:build:     package.json:27:6:
@isl-lang/opentelemetry:build: [37m      27 Γöé       [32m"types"[37m: "./dist/exporters/index.d.ts"
@isl-lang/opentelemetry:build:          Γò╡       [32m~~~~~~~[0m
@isl-lang/opentelemetry:build: 
@isl-lang/opentelemetry:build:   The "import" condition comes earlier and will be used for all "import" statements:
@isl-lang/opentelemetry:build: 
@isl-lang/opentelemetry:build:     package.json:25:6:
@isl-lang/opentelemetry:build: [37m      25 Γöé       [32m"import"[37m: "./dist/exporters/index.mjs",
@isl-lang/opentelemetry:build:          Γò╡       [32m~~~~~~~~[0m
@isl-lang/opentelemetry:build: 
@isl-lang/opentelemetry:build:   The "require" condition comes earlier and will be used for all "require" calls:
@isl-lang/opentelemetry:build: 
@isl-lang/opentelemetry:build:     package.json:26:6:
@isl-lang/opentelemetry:build: [37m      26 Γöé       [32m"require"[37m: "./dist/exporters/index.js",
@isl-lang/opentelemetry:build:          Γò╡       [32m~~~~~~~~~[0m
@isl-lang/opentelemetry:build: 
@isl-lang/opentelemetry:build: 
@isl-lang/opentelemetry:build: 
@isl-lang/opentelemetry:build: 
@isl-lang/opentelemetry:build:  WARN  [33mΓû▓ [43;33m[[43;30mWARNING[43;33m][0m [1mThe condition "types" here will never be used as it comes after both "import" and "require"[0m [package.json]
@isl-lang/opentelemetry:build: 
@isl-lang/opentelemetry:build:     package.json:32:6:
@isl-lang/opentelemetry:build: [37m      32 Γöé       [32m"types"[37m: "./dist/instrumentation/index.d.ts"
@isl-lang/opentelemetry:build:          Γò╡       [32m~~~~~~~[0m
@isl-lang/opentelemetry:build: 
@isl-lang/opentelemetry:build:   The "import" condition comes earlier and will be used for all "import" statements:
@isl-lang/opentelemetry:build: 
@isl-lang/opentelemetry:build:     package.json:30:6:
@isl-lang/opentelemetry:build: [37m      30 Γöé       [32m"import"[37m: "./dist/instrumentation/index.mjs",
@isl-lang/opentelemetry:build:          Γò╡       [32m~~~~~~~~[0m
@isl-lang/opentelemetry:build: 
@isl-lang/opentelemetry:build:   The "require" condition comes earlier and will be used for all "require" calls:
@isl-lang/opentelemetry:build: 
@isl-lang/opentelemetry:build:     package.json:31:6:
@isl-lang/opentelemetry:build: [37m      31 Γöé       [32m"require"[37m: "./dist/instrumentation/index.js",
@isl-lang/opentelemetry:build:          Γò╡       [32m~~~~~~~~~[0m
@isl-lang/opentelemetry:build: 
@isl-lang/opentelemetry:build: 
@isl-lang/opentelemetry:build: 
@isl-lang/opentelemetry:build: [32mESM[39m [1mdist\index.js     [22m[32m90.65 KB[39m
@isl-lang/opentelemetry:build: [32mESM[39m [1mdist\index.js.map [22m[32m187.43 KB[39m
@isl-lang/opentelemetry:build: [32mESM[39m ΓÜí∩╕Å Build success in 337ms
@isl-lang/opentelemetry:build: [34mDTS[39m Build start
@isl-lang/opentelemetry:build: [32mDTS[39m ΓÜí∩╕Å Build success in 8882ms
@isl-lang/opentelemetry:build: [32mDTS[39m [1mdist\index.d.ts  [22m[32m46.32 KB[39m
@isl-lang/opentelemetry:build: [32mDTS[39m [1mdist\index.d.cts [22m[32m46.32 KB[39m
@isl-lang/evidence-schema:build: cache hit, replaying logs b4f2dc51df58becb
@isl-lang/evidence-schema:build: 
@isl-lang/evidence-schema:build: > @isl-lang/evidence-schema@2.0.0 build C:\Users\mevla\OneDrive\Desktop\projects\IntentOS\packages\evidence
@isl-lang/evidence-schema:build: > tsc
@isl-lang/evidence-schema:build: 
@isl-lang/schema-evolution:build: cache hit, replaying logs dea67f43573ac9bd
@isl-lang/schema-evolution:build: 
@isl-lang/schema-evolution:build: > @isl-lang/schema-evolution@2.0.0 build C:\Users\mevla\OneDrive\Desktop\projects\IntentOS\packages\schema-evolution
@isl-lang/schema-evolution:build: > tsup src/index.ts --format cjs,esm --no-dts
@isl-lang/schema-evolution:build: 
@isl-lang/schema-evolution:build: [34mCLI[39m Building entry: src/index.ts
@isl-lang/schema-evolution:build: [34mCLI[39m Using tsconfig: tsconfig.json
@isl-lang/schema-evolution:build: [34mCLI[39m tsup v8.5.1
@isl-lang/schema-evolution:build: [34mCLI[39m Target: es2022
@isl-lang/schema-evolution:build: [34mCJS[39m Build start
@isl-lang/schema-evolution:build: [34mESM[39m Build start
@isl-lang/schema-evolution:build: [32mESM[39m [1mdist\index.js [22m[32m22.12 KB[39m
@isl-lang/schema-evolution:build: [32mESM[39m ΓÜí∩╕Å Build success in 188ms
@isl-lang/schema-evolution:build: [32mCJS[39m [1mdist\index.cjs [22m[32m23.81 KB[39m
@isl-lang/schema-evolution:build: [32mCJS[39m ΓÜí∩╕Å Build success in 190ms
@isl-lang/runtime-interpreter:build: cache hit, replaying logs a8a2bdccfdff88d8
@isl-lang/runtime-interpreter:build: 
@isl-lang/runtime-interpreter:build: > @isl-lang/runtime-interpreter@1.0.0 build C:\Users\mevla\OneDrive\Desktop\projects\IntentOS\packages\runtime-interpreter
@isl-lang/runtime-interpreter:build: > tsup
@isl-lang/runtime-interpreter:build: 
@isl-lang/runtime-interpreter:build: [34mCLI[39m Building entry: src/index.ts
@isl-lang/runtime-interpreter:build: [34mCLI[39m Using tsconfig: tsconfig.json
@isl-lang/runtime-interpreter:build: [34mCLI[39m tsup v8.5.1
@isl-lang/runtime-interpreter:build: [34mCLI[39m Using tsup config: C:\Users\mevla\OneDrive\Desktop\projects\IntentOS\packages\runtime-interpreter\tsup.config.ts
@isl-lang/runtime-interpreter:build: [34mCLI[39m Target: es2022
@isl-lang/runtime-interpreter:build: [34mCLI[39m Cleaning output folder
@isl-lang/runtime-interpreter:build: [34mESM[39m Build start
@isl-lang/runtime-interpreter:build: [34mCJS[39m Build start
@isl-lang/runtime-interpreter:build: [34mDTS[39m Build start
@isl-lang/runtime-interpreter:build: [32mESM[39m [1mdist\index.js     [22m[32m71.44 KB[39m
@isl-lang/runtime-interpreter:build: [32mESM[39m [1mdist\index.js.map [22m[32m196.02 KB[39m
@isl-lang/runtime-interpreter:build: [32mESM[39m ΓÜí∩╕Å Build success in 1922ms
@isl-lang/runtime-interpreter:build: [32mCJS[39m [1mdist\index.cjs     [22m[32m72.39 KB[39m
@isl-lang/runtime-interpreter:build: [32mCJS[39m [1mdist\index.cjs.map [22m[32m196.03 KB[39m
@isl-lang/runtime-interpreter:build: [32mCJS[39m ΓÜí∩╕Å Build success in 1921ms
@isl-lang/runtime-interpreter:build: [32mDTS[39m ΓÜí∩╕Å Build success in 7124ms
@isl-lang/runtime-interpreter:build: [32mDTS[39m [1mdist\index.d.ts  [22m[32m19.88 KB[39m
@isl-lang/runtime-interpreter:build: [32mDTS[39m [1mdist\index.d.cts [22m[32m19.88 KB[39m
@isl-lang/marketplace-api:build: cache hit, replaying logs d634ad7ea3cbb727
@isl-lang/marketplace-api:build: 
@isl-lang/marketplace-api:build: > @isl-lang/marketplace-api@0.1.0 build C:\Users\mevla\OneDrive\Desktop\projects\IntentOS\packages\marketplace-api
@isl-lang/marketplace-api:build: > tsup src/index.ts --format esm --dts --clean
@isl-lang/marketplace-api:build: 
@isl-lang/marketplace-api:build: [34mCLI[39m Building entry: src/index.ts
@isl-lang/marketplace-api:build: [34mCLI[39m Using tsconfig: tsconfig.json
@isl-lang/marketplace-api:build: [34mCLI[39m tsup v8.5.1
@isl-lang/marketplace-api:build: [34mCLI[39m Target: es2022
@isl-lang/marketplace-api:build: [34mCLI[39m Cleaning output folder
@isl-lang/marketplace-api:build: [34mESM[39m Build start
@isl-lang/marketplace-api:build: [32mESM[39m [1mdist\index.js [22m[32m18.85 KB[39m
@isl-lang/marketplace-api:build: [32mESM[39m ΓÜí∩╕Å Build success in 258ms
@isl-lang/marketplace-api:build: [34mDTS[39m Build start
@isl-lang/marketplace-api:build: [32mDTS[39m ΓÜí∩╕Å Build success in 7892ms
@isl-lang/marketplace-api:build: [32mDTS[39m [1mdist\index.d.ts [22m[32m4.16 KB[39m
@isl-lang/security-policies:build: cache hit, replaying logs 72dd6f9c1938ed5a
@isl-lang/security-policies:build: 
@isl-lang/security-policies:build: > @isl-lang/security-policies@1.0.0 build C:\Users\mevla\OneDrive\Desktop\projects\IntentOS\packages\security-policies
@isl-lang/security-policies:build: > tsup
@isl-lang/security-policies:build: 
@isl-lang/security-policies:build: [34mCLI[39m Building entry: src/index.ts
@isl-lang/security-policies:build: [34mCLI[39m Using tsconfig: tsconfig.json
@isl-lang/security-policies:build: [34mCLI[39m tsup v8.5.1
@isl-lang/security-policies:build: [34mCLI[39m Using tsup config: C:\Users\mevla\OneDrive\Desktop\projects\IntentOS\packages\security-policies\tsup.config.ts
@isl-lang/security-policies:build: [34mCLI[39m Target: es2022
@isl-lang/security-policies:build: [34mCLI[39m Cleaning output folder
@isl-lang/security-policies:build: [34mESM[39m Build start
@isl-lang/security-policies:build: [34mCJS[39m Build start
@isl-lang/security-policies:build: [32mCJS[39m [1mdist\index.cjs     [22m[32m73.19 KB[39m
@isl-lang/security-policies:build: [32mCJS[39m [1mdist\index.cjs.map [22m[32m176.47 KB[39m
@isl-lang/security-policies:build: [32mCJS[39m ΓÜí∩╕Å Build success in 1751ms
@isl-lang/security-policies:build: [32mESM[39m [1mdist\index.js     [22m[32m71.84 KB[39m
@isl-lang/security-policies:build: [32mESM[39m [1mdist\index.js.map [22m[32m176.47 KB[39m
@isl-lang/security-policies:build: [32mESM[39m ΓÜí∩╕Å Build success in 1751ms
@isl-lang/security-policies:build: [34mDTS[39m Build start
@isl-lang/security-policies:build: [32mDTS[39m ΓÜí∩╕Å Build success in 5796ms
@isl-lang/security-policies:build: [32mDTS[39m [1mdist\index.d.ts  [22m[32m17.65 KB[39m
@isl-lang/security-policies:build: [32mDTS[39m [1mdist\index.d.cts [22m[32m17.65 KB[39m
@isl-lang/prometheus:build: cache hit, replaying logs 9325f4d3ae27a4e4
@isl-lang/prometheus:build: 
@isl-lang/prometheus:build: > @isl-lang/prometheus@1.0.0 build C:\Users\mevla\OneDrive\Desktop\projects\IntentOS\packages\prometheus
@isl-lang/prometheus:build: > tsc
@isl-lang/prometheus:build: 
@isl-lang/mock-detector:build: cache miss, executing 5b27a390ab5ff4d7
@isl-lang/stdlib-audit:build: 
@isl-lang/stdlib-audit:build: > @isl-lang/stdlib-audit@2.0.0 build C:\Users\mevla\OneDrive\Desktop\projects\IntentOS\packages\stdlib-audit
@isl-lang/stdlib-audit:build: > tsup
@isl-lang/stdlib-audit:build: 
@isl-lang/dashboard-web:build: 
@isl-lang/dashboard-web:build: > @isl-lang/dashboard-web@0.1.0 build C:\Users\mevla\OneDrive\Desktop\projects\IntentOS\packages\dashboard-web
@isl-lang/dashboard-web:build: > next build
@isl-lang/dashboard-web:build: 
@shipgate/portal:build: 
@shipgate/portal:build: > @shipgate/portal@0.1.0 build C:\Users\mevla\OneDrive\Desktop\projects\IntentOS\packages\portal
@shipgate/portal:build: > next build
@shipgate/portal:build: 
@isl-lang/stdlib-idempotency:build: 
@isl-lang/stdlib-idempotency:build: > @isl-lang/stdlib-idempotency@2.0.0 build C:\Users\mevla\OneDrive\Desktop\projects\IntentOS\packages\stdlib-idempotency
@isl-lang/stdlib-idempotency:build: > tsup
@isl-lang/stdlib-idempotency:build: 
@isl-lang/sentry:build: 
@isl-lang/sentry:build: > @isl-lang/sentry@1.0.0 build C:\Users\mevla\OneDrive\Desktop\projects\IntentOS\packages\sentry
@isl-lang/sentry:build: > tsup
@isl-lang/sentry:build: 
@isl-lang/gate-action:build: 
@isl-lang/gate-action:build: > @isl-lang/gate-action@0.1.0 build C:\Users\mevla\OneDrive\Desktop\projects\IntentOS\packages\isl-gate-action
@isl-lang/gate-action:build: > ncc build src/index.ts -o dist --source-map --license licenses.txt
@isl-lang/gate-action:build: 
playwright-showcase:build: 
playwright-showcase:build: > playwright-showcase@1.0.0 build C:\Users\mevla\OneDrive\Desktop\projects\IntentOS\demos\playwright-showcase
playwright-showcase:build: > tsc && vite build
playwright-showcase:build: 
@isl-lang/isl-verify-action:build: 
@isl-lang/isl-verify-action:build: > @isl-lang/isl-verify-action@0.1.0 build C:\Users\mevla\OneDrive\Desktop\projects\IntentOS\packages\isl-verify-action
@isl-lang/isl-verify-action:build: > ncc build src/index.ts -o dist --source-map --license licenses.txt
@isl-lang/isl-verify-action:build: 
@isl-lang/crud-template-examples:build: 
@isl-lang/crud-template-examples:build: > @isl-lang/crud-template-examples@0.1.0 build C:\Users\mevla\OneDrive\Desktop\projects\IntentOS\packages\crud-template-examples
@isl-lang/crud-template-examples:build: > next build
@isl-lang/crud-template-examples:build: 
@isl-lang/gate-action:build: ncc: Version 0.38.4
@isl-lang/gate-action:build: ncc: Compiling file index.js into ESM
@isl-lang/mock-detector:build: 
@isl-lang/mock-detector:build: > @isl-lang/mock-detector@0.1.0 build C:\Users\mevla\OneDrive\Desktop\projects\IntentOS\packages\mock-detector
@isl-lang/mock-detector:build: > tsup src/index.ts --format esm --dts --clean
@isl-lang/mock-detector:build: 
@isl-lang/isl-verify-action:build: ncc: Version 0.38.4
@isl-lang/isl-verify-action:build: ncc: Compiling file index.js into ESM
@isl-lang/stdlib-audit:build: [34mCLI[39m Building entry: {"src/index":"src/index.ts","src/types":"src/types.ts","src/errors":"src/errors.ts","src/trail/entry":"src/trail/entry.ts","src/trail/tracker":"src/trail/tracker.ts","src/trail/store":"src/trail/store.ts","src/trail/query":"src/trail/query.ts","src/compliance/checker":"src/compliance/checker.ts","src/compliance/rules":"src/compliance/rules.ts","src/compliance/report":"src/compliance/report.ts","src/aggregation/pipeline":"src/aggregation/pipeline.ts","src/aggregation/aggregator":"src/aggregation/aggregator.ts","src/retention/policy":"src/retention/policy.ts","src/retention/enforcer":"src/retention/enforcer.ts","index":"implementations/typescript/index.ts","types":"implementations/typescript/types.ts","logger":"implementations/typescript/logger.ts","storage/postgres":"implementations/typescript/storage/postgres.ts","storage/elasticsearch":"implementations/typescript/storage/elasticsearch.ts","storage/s3":"implementations/typescript/storage/s3.ts","exporters/csv":"implementations/typescript/exporters/csv.ts","exporters/json":"implementations/typescript/exporters/json.ts","utils/pii":"implementations/typescript/utils/pii.ts","utils/hashing":"implementations/typescript/utils/hashing.ts","utils/retention":"implementations/typescript/utils/retention.ts"}
@isl-lang/stdlib-audit:build: [34mCLI[39m Using tsconfig: tsconfig.json
@isl-lang/stdlib-audit:build: [34mCLI[39m tsup v8.5.1
@isl-lang/stdlib-audit:build: [34mCLI[39m Using tsup config: C:\Users\mevla\OneDrive\Desktop\projects\IntentOS\packages\stdlib-audit\tsup.config.ts
@isl-lang/stdlib-audit:build: [34mCLI[39m Target: es2022
@isl-lang/stdlib-audit:build: [34mCLI[39m Cleaning output folder
@isl-lang/stdlib-audit:build: [34mESM[39m Build start
@isl-lang/stdlib-audit:build: [34mCJS[39m Build start
@isl-lang/stdlib-idempotency:build: [34mCLI[39m Building entry: {"index":"implementations/typescript/index.ts","types":"implementations/typescript/types.ts","utils":"implementations/typescript/utils.ts","manager":"implementations/typescript/manager.ts","store/memory":"implementations/typescript/store/memory.ts","store/redis":"implementations/typescript/store/redis.ts","store/postgres":"implementations/typescript/store/postgres.ts","middleware/express":"implementations/typescript/middleware/express.ts","middleware/fastify":"implementations/typescript/middleware/fastify.ts"}
@isl-lang/stdlib-idempotency:build: [34mCLI[39m Using tsconfig: tsconfig.json
@isl-lang/stdlib-idempotency:build: [34mCLI[39m tsup v8.5.1
@isl-lang/stdlib-idempotency:build: [34mCLI[39m Using tsup config: C:\Users\mevla\OneDrive\Desktop\projects\IntentOS\packages\stdlib-idempotency\tsup.config.ts
@isl-lang/stdlib-idempotency:build: [34mCLI[39m Target: es2022
@isl-lang/stdlib-idempotency:build: [34mCLI[39m Cleaning output folder
@isl-lang/stdlib-idempotency:build: [34mCJS[39m Build start
@isl-lang/stdlib-idempotency:build: [34mESM[39m Build start
@isl-lang/gate-action:build: ncc: Using typescript@5.9.3 (local user-provided)
@isl-lang/isl-verify-action:build: ncc: Using typescript@5.9.3 (local user-provided)
@isl-lang/dashboard-web:build:    Γû▓ Next.js 14.1.0
@isl-lang/dashboard-web:build: 
@shipgate/portal:build:   Γû▓ Next.js 14.2.35
@shipgate/portal:build: 
@isl-lang/sentry:build: [34mCLI[39m Building entry: {"index":"src/index.ts","client":"src/client.ts","integrations/index":"src/integrations/index.ts","middleware/index":"src/middleware/index.ts"}
@isl-lang/sentry:build: [34mCLI[39m Using tsconfig: tsconfig.json
@isl-lang/sentry:build: [34mCLI[39m tsup v8.5.1
@isl-lang/sentry:build: [34mCLI[39m Using tsup config: C:\Users\mevla\OneDrive\Desktop\projects\IntentOS\packages\sentry\tsup.config.ts
@isl-lang/sentry:build: [34mCLI[39m Target: es2022
@isl-lang/sentry:build: [34mCLI[39m Cleaning output folder
@isl-lang/sentry:build: [34mCJS[39m Build start
@isl-lang/sentry:build: [34mESM[39m Build start
@isl-lang/stdlib-audit:build: [34mDTS[39m Build start
@isl-lang/crud-template-examples:build:    Γû▓ Next.js 14.1.0
@isl-lang/crud-template-examples:build: 
@shipgate/portal:build:    Creating an optimized production build ...
@isl-lang/dashboard-web:build:    Creating an optimized production build ...
@isl-lang/mock-detector:build: [34mCLI[39m Building entry: src/index.ts
@isl-lang/mock-detector:build: [34mCLI[39m Using tsconfig: tsconfig.json
@isl-lang/mock-detector:build: [34mCLI[39m tsup v8.5.1
@isl-lang/mock-detector:build: [34mCLI[39m Using tsup config: C:\Users\mevla\OneDrive\Desktop\projects\IntentOS\packages\mock-detector\tsup.config.ts
@isl-lang/mock-detector:build: [34mCLI[39m Target: es2022
@isl-lang/mock-detector:build: [34mCLI[39m Cleaning output folder
@isl-lang/mock-detector:build: [34mESM[39m Build start
@isl-lang/stdlib-idempotency:build: [34mDTS[39m Build start
@isl-lang/crud-template-examples:build:    Creating an optimized production build ...
@isl-lang/sentry:build: [34mDTS[39m Build start
@isl-lang/stdlib-idempotency:build: "randomUUID" is imported from external module "crypto" but never used in "dist/manager.js".
@isl-lang/stdlib-idempotency:build: "createHash" is imported from external module "crypto" but never used in "dist/store/memory.js".
@isl-lang/stdlib-idempotency:build: "createHash" is imported from external module "crypto" but never used in "dist/store/redis.js".
@isl-lang/mock-detector:build: [32mESM[39m [1mdist\index.js [22m[32m17.11 KB[39m
@isl-lang/mock-detector:build: [32mESM[39m ΓÜí∩╕Å Build success in 1225ms
@isl-lang/stdlib-idempotency:build: "createHash" is imported from external module "crypto" but never used in "dist/store/postgres.js".
@isl-lang/stdlib-idempotency:build: "randomUUID" is imported from external module "crypto" but never used in "dist/middleware/express.js".
@isl-lang/stdlib-idempotency:build: "randomUUID" is imported from external module "crypto" but never used in "dist/middleware/fastify.js".
@isl-lang/sentry:build: [32mESM[39m [1mdist\index.js                  [22m[32m68.01 KB[39m
@isl-lang/sentry:build: [32mESM[39m [1mdist\middleware\index.js       [22m[32m11.07 KB[39m
@isl-lang/sentry:build: [32mESM[39m [1mdist\integrations\index.js     [22m[32m25.30 KB[39m
@isl-lang/sentry:build: [32mESM[39m [1mdist\client.js                 [22m[32m15.65 KB[39m
@isl-lang/sentry:build: [32mESM[39m [1mdist\index.js.map              [22m[32m172.81 KB[39m
@isl-lang/sentry:build: [32mESM[39m [1mdist\middleware\index.js.map   [22m[32m55.17 KB[39m
@isl-lang/sentry:build: [32mESM[39m [1mdist\client.js.map             [22m[32m54.49 KB[39m
@isl-lang/sentry:build: [32mESM[39m [1mdist\integrations\index.js.map [22m[32m75.77 KB[39m
@isl-lang/sentry:build: [32mESM[39m ΓÜí∩╕Å Build success in 2175ms
@isl-lang/mock-detector:build: [34mDTS[39m Build start
@isl-lang/stdlib-idempotency:build: "randomUUID" is imported from external module "crypto" but never used in "dist/manager.cjs".
@isl-lang/stdlib-idempotency:build: "createHash" is imported from external module "crypto" but never used in "dist/store/memory.cjs".
@isl-lang/stdlib-idempotency:build: "createHash" is imported from external module "crypto" but never used in "dist/store/redis.cjs".
@isl-lang/stdlib-idempotency:build: "createHash" is imported from external module "crypto" but never used in "dist/store/postgres.cjs".
@isl-lang/stdlib-idempotency:build: "randomUUID" is imported from external module "crypto" but never used in "dist/middleware/express.cjs".
@isl-lang/stdlib-idempotency:build: "randomUUID" is imported from external module "crypto" but never used in "dist/middleware/fastify.cjs".
@isl-lang/stdlib-idempotency:build: Entry module "dist/middleware/fastify.cjs" is using named and default exports together. Consumers of your bundle will have to use `chunk.default` to access the default export, which may not be what you want. Use `output.exports: "named"` to disable this warning.
@isl-lang/stdlib-idempotency:build: [32mESM[39m [1mdist\types.js                  [22m[32m1.92 KB[39m
@isl-lang/stdlib-idempotency:build: [32mESM[39m [1mdist\utils.js                  [22m[32m7.11 KB[39m
@isl-lang/stdlib-idempotency:build: [32mESM[39m [1mdist\manager.js                [22m[32m12.74 KB[39m
@isl-lang/stdlib-idempotency:build: [32mESM[39m [1mdist\store\redis.js            [22m[32m18.23 KB[39m
@isl-lang/stdlib-idempotency:build: [32mESM[39m [1mdist\index.js                  [22m[32m80.92 KB[39m
@isl-lang/stdlib-idempotency:build: [32mESM[39m [1mdist\store\memory.js           [22m[32m14.11 KB[39m
@isl-lang/stdlib-idempotency:build: [32mESM[39m [1mdist\middleware\fastify.js     [22m[32m12.40 KB[39m
@isl-lang/stdlib-idempotency:build: [32mESM[39m [1mdist\middleware\express.js     [22m[32m10.64 KB[39m
@isl-lang/stdlib-idempotency:build: [32mESM[39m [1mdist\store\postgres.js         [22m[32m20.72 KB[39m
@isl-lang/stdlib-idempotency:build: [32mESM[39m [1mdist\types.js.map              [22m[32m12.73 KB[39m
@isl-lang/stdlib-idempotency:build: [32mESM[39m [1mdist\utils.js.map              [22m[32m29.91 KB[39m
@isl-lang/stdlib-idempotency:build: [32mESM[39m [1mdist\index.js.map              [22m[32m189.99 KB[39m
@isl-lang/stdlib-idempotency:build: [32mESM[39m [1mdist\manager.js.map            [22m[32m47.08 KB[39m
@isl-lang/stdlib-idempotency:build: [32mESM[39m [1mdist\store\memory.js.map       [22m[32m50.08 KB[39m
@isl-lang/stdlib-idempotency:build: [32mESM[39m [1mdist\middleware\fastify.js.map [22m[32m51.08 KB[39m
@isl-lang/stdlib-idempotency:build: [32mESM[39m [1mdist\middleware\express.js.map [22m[32m47.89 KB[39m
@isl-lang/stdlib-idempotency:build: [32mESM[39m [1mdist\store\redis.js.map        [22m[32m55.88 KB[39m
@isl-lang/stdlib-idempotency:build: [32mESM[39m [1mdist\store\postgres.js.map     [22m[32m61.12 KB[39m
@isl-lang/stdlib-idempotency:build: [32mESM[39m ΓÜí∩╕Å Build success in 4527ms
@isl-lang/stdlib-idempotency:build: [32mCJS[39m [1mdist\types.cjs                  [22m[32m2.03 KB[39m
@isl-lang/stdlib-idempotency:build: [32mCJS[39m [1mdist\utils.cjs                  [22m[32m7.67 KB[39m
@isl-lang/stdlib-idempotency:build: [32mCJS[39m [1mdist\store\memory.cjs           [22m[32m14.18 KB[39m
@isl-lang/stdlib-idempotency:build: [32mCJS[39m [1mdist\manager.cjs                [22m[32m12.81 KB[39m
@isl-lang/stdlib-idempotency:build: [32mCJS[39m [1mdist\middleware\express.cjs     [22m[32m10.71 KB[39m
@isl-lang/stdlib-idempotency:build: [32mCJS[39m [1mdist\store\redis.cjs            [22m[32m18.30 KB[39m
@isl-lang/stdlib-idempotency:build: [32mCJS[39m [1mdist\middleware\fastify.cjs     [22m[32m12.54 KB[39m
@isl-lang/stdlib-idempotency:build: [32mCJS[39m [1mdist\index.cjs                  [22m[32m81.98 KB[39m
@isl-lang/stdlib-idempotency:build: [32mCJS[39m [1mdist\store\postgres.cjs         [22m[32m20.82 KB[39m
@isl-lang/stdlib-idempotency:build: [32mCJS[39m [1mdist\types.cjs.map              [22m[32m12.73 KB[39m
@isl-lang/stdlib-idempotency:build: [32mCJS[39m [1mdist\utils.cjs.map              [22m[32m29.94 KB[39m
@isl-lang/stdlib-idempotency:build: [32mCJS[39m [1mdist\store\memory.cjs.map       [22m[32m50.10 KB[39m
@isl-lang/stdlib-idempotency:build: [32mCJS[39m [1mdist\manager.cjs.map            [22m[32m47.10 KB[39m
@isl-lang/stdlib-idempotency:build: [32mCJS[39m [1mdist\middleware\express.cjs.map [22m[32m47.90 KB[39m
@isl-lang/stdlib-idempotency:build: [32mCJS[39m [1mdist\middleware\fastify.cjs.map [22m[32m51.09 KB[39m
@isl-lang/stdlib-idempotency:build: [32mCJS[39m [1mdist\store\redis.cjs.map        [22m[32m55.90 KB[39m
@isl-lang/stdlib-idempotency:build: [32mCJS[39m [1mdist\index.cjs.map              [22m[32m190.02 KB[39m
@isl-lang/stdlib-idempotency:build: [32mCJS[39m [1mdist\store\postgres.cjs.map     [22m[32m61.14 KB[39m
@isl-lang/stdlib-idempotency:build: [32mCJS[39m ΓÜí∩╕Å Build success in 4551ms
@isl-lang/stdlib-audit:build: [32mESM[39m [1mdist\utils\retention.js                [22m[32m211.00 B[39m
@isl-lang/stdlib-audit:build: [32mESM[39m [1mdist\logger.js                         [22m[32m169.00 B[39m
@isl-lang/stdlib-audit:build: [32mESM[39m [1mdist\storage\elasticsearch.js          [22m[32m180.00 B[39m
@isl-lang/stdlib-audit:build: [32mESM[39m [1mdist\storage\postgres.js               [22m[32m165.00 B[39m
@isl-lang/stdlib-audit:build: [32mESM[39m [1mdist\storage\s3.js                     [22m[32m147.00 B[39m
@isl-lang/stdlib-audit:build: [32mESM[39m [1mdist\exporters\csv.js                  [22m[32m197.00 B[39m
@isl-lang/stdlib-audit:build: [32mESM[39m [1mdist\exporters\json.js                 [22m[32m240.00 B[39m
@isl-lang/stdlib-audit:build: [32mESM[39m [1mdist\src\compliance\rules.js           [22m[32m356.00 B[39m
@isl-lang/stdlib-audit:build: [32mESM[39m [1mdist\utils\pii.js                      [22m[32m222.00 B[39m
@isl-lang/stdlib-audit:build: [32mESM[39m [1mdist\utils\hashing.js                  [22m[32m208.00 B[39m
@isl-lang/stdlib-audit:build: [32mESM[39m [1mdist\src\compliance\report.js          [22m[32m229.00 B[39m
@isl-lang/stdlib-audit:build: [32mESM[39m [1mdist\index.js                          [22m[32m795.00 B[39m
@isl-lang/stdlib-audit:build: [32mESM[39m [1mdist\src\retention\policy.js           [22m[32m219.00 B[39m
@isl-lang/stdlib-audit:build: [32mESM[39m [1mdist\src\aggregation\pipeline.js       [22m[32m170.00 B[39m
@isl-lang/stdlib-audit:build: [32mESM[39m [1mdist\src\retention\enforcer.js         [22m[32m236.00 B[39m
@isl-lang/stdlib-audit:build: [32mESM[39m [1mdist\src\aggregation\aggregator.js     [22m[32m199.00 B[39m
@isl-lang/stdlib-audit:build: [32mESM[39m [1mdist\chunk-EAWA6JFE.js                 [22m[32m10.11 KB[39m
@isl-lang/stdlib-audit:build: [32mESM[39m [1mdist\chunk-YZDURHUS.js                 [22m[32m8.05 KB[39m
@isl-lang/stdlib-audit:build: [32mESM[39m [1mdist\chunk-E52JPDW3.js                 [22m[32m13.31 KB[39m
@isl-lang/stdlib-audit:build: [32mESM[39m [1mdist\chunk-XFOMGRJE.js                 [22m[32m13.36 KB[39m
@isl-lang/stdlib-audit:build: [32mESM[39m [1mdist\src\index.js                      [22m[32m1.26 KB[39m
@isl-lang/stdlib-audit:build: [32mESM[39m [1mdist\chunk-HUOZ7U5U.js                 [22m[32m4.47 KB[39m
@isl-lang/stdlib-audit:build: [32mESM[39m [1mdist\chunk-X5RGJUCT.js                 [22m[32m9.80 KB[39m
@isl-lang/stdlib-audit:build: [32mESM[39m [1mdist\chunk-TTSCATVV.js                 [22m[32m3.95 KB[39m
@isl-lang/stdlib-audit:build: [32mESM[39m [1mdist\chunk-QTRMYZ4I.js                 [22m[32m6.88 KB[39m
@isl-lang/stdlib-audit:build: [32mESM[39m [1mdist\types.js                          [22m[32m246.00 B[39m
@isl-lang/stdlib-audit:build: [32mESM[39m [1mdist\chunk-BF4QN6KS.js                 [22m[32m6.14 KB[39m
@isl-lang/stdlib-audit:build: [32mESM[39m [1mdist\chunk-AYLG34YW.js                 [22m[32m2.83 KB[39m
@isl-lang/stdlib-audit:build: [32mESM[39m [1mdist\chunk-CQLLH3L2.js                 [22m[32m1.78 KB[39m
@isl-lang/stdlib-audit:build: [32mESM[39m [1mdist\chunk-C22YJ2BC.js                 [22m[32m4.23 KB[39m
@isl-lang/stdlib-audit:build: [32mESM[39m [1mdist\chunk-I4CZS46D.js                 [22m[32m1.41 KB[39m
@isl-lang/stdlib-audit:build: [32mESM[39m [1mdist\src\trail\entry.js                [22m[32m190.00 B[39m
@isl-lang/stdlib-audit:build: [32mESM[39m [1mdist\chunk-T3D7UL4Q.js                 [22m[32m6.02 KB[39m
@isl-lang/stdlib-audit:build: [32mESM[39m [1mdist\chunk-WDT4SFF5.js                 [22m[32m2.88 KB[39m
@isl-lang/stdlib-audit:build: [32mESM[39m [1mdist\src\trail\store.js                [22m[32m129.00 B[39m
@isl-lang/stdlib-audit:build: [32mESM[39m [1mdist\src\trail\tracker.js              [22m[32m263.00 B[39m
@isl-lang/stdlib-audit:build: [32mESM[39m [1mdist\chunk-2RCRVZ6N.js                 [22m[32m1.45 KB[39m
@isl-lang/stdlib-audit:build: [32mESM[39m [1mdist\chunk-KTVYU3QY.js                 [22m[32m3.43 KB[39m
@isl-lang/stdlib-audit:build: [32mESM[39m [1mdist\src\trail\query.js                [22m[32m196.00 B[39m
@isl-lang/stdlib-audit:build: [32mESM[39m [1mdist\src\errors.js                     [22m[32m332.00 B[39m
@isl-lang/stdlib-audit:build: [32mESM[39m [1mdist\src\types.js                      [22m[32m155.00 B[39m
@isl-lang/stdlib-audit:build: [32mESM[39m [1mdist\chunk-G3ALAS4F.js                 [22m[32m2.79 KB[39m
@isl-lang/stdlib-audit:build: [32mESM[39m [1mdist\chunk-XXN6P72B.js                 [22m[32m2.75 KB[39m
@isl-lang/stdlib-audit:build: [32mESM[39m [1mdist\src\compliance\checker.js         [22m[32m200.00 B[39m
@isl-lang/stdlib-audit:build: [32mESM[39m [1mdist\chunk-M4ZYD3X3.js                 [22m[32m3.00 KB[39m
@isl-lang/stdlib-audit:build: [32mESM[39m [1mdist\chunk-I4JL5QYF.js                 [22m[32m1.02 KB[39m
@isl-lang/stdlib-audit:build: [32mESM[39m [1mdist\chunk-BZSHBF3V.js                 [22m[32m1.81 KB[39m
@isl-lang/stdlib-audit:build: [32mESM[39m [1mdist\chunk-XJXXBFSU.js                 [22m[32m1.19 KB[39m
@isl-lang/stdlib-audit:build: [32mESM[39m [1mdist\logger.js.map                     [22m[32m70.00 B[39m
@isl-lang/stdlib-audit:build: [32mESM[39m [1mdist\utils\retention.js.map            [22m[32m73.00 B[39m
@isl-lang/stdlib-audit:build: [32mESM[39m [1mdist\storage\postgres.js.map           [22m[32m72.00 B[39m
@isl-lang/stdlib-audit:build: [32mESM[39m [1mdist\exporters\csv.js.map              [22m[32m67.00 B[39m
@isl-lang/stdlib-audit:build: [32mESM[39m [1mdist\storage\s3.js.map                 [22m[32m66.00 B[39m
@isl-lang/stdlib-audit:build: [32mESM[39m [1mdist\src\compliance\rules.js.map       [22m[32m69.00 B[39m
@isl-lang/stdlib-audit:build: [32mESM[39m [1mdist\storage\elasticsearch.js.map      [22m[32m77.00 B[39m
@isl-lang/stdlib-audit:build: [32mESM[39m [1mdist\utils\pii.js.map                  [22m[32m67.00 B[39m
@isl-lang/stdlib-audit:build: [32mESM[39m [1mdist\utils\hashing.js.map              [22m[32m71.00 B[39m
@isl-lang/stdlib-audit:build: [32mESM[39m [1mdist\src\compliance\report.js.map      [22m[32m70.00 B[39m
@isl-lang/stdlib-audit:build: [32mESM[39m [1mdist\exporters\json.js.map             [22m[32m68.00 B[39m
@isl-lang/stdlib-audit:build: [32mESM[39m [1mdist\src\aggregation\pipeline.js.map   [22m[32m72.00 B[39m
@isl-lang/stdlib-audit:build: [32mESM[39m [1mdist\chunk-EAWA6JFE.js.map             [22m[32m24.14 KB[39m
@isl-lang/stdlib-audit:build: [32mESM[39m [1mdist\index.js.map                      [22m[32m69.00 B[39m
@isl-lang/stdlib-audit:build: [32mESM[39m [1mdist\chunk-YZDURHUS.js.map             [22m[32m18.09 KB[39m
@isl-lang/stdlib-audit:build: [32mESM[39m [1mdist\chunk-E52JPDW3.js.map             [22m[32m28.37 KB[39m
@isl-lang/stdlib-audit:build: [32mESM[39m [1mdist\chunk-XFOMGRJE.js.map             [22m[32m30.84 KB[39m
@isl-lang/stdlib-audit:build: [32mESM[39m [1mdist\src\index.js.map                  [22m[32m69.00 B[39m
@isl-lang/stdlib-audit:build: [32mESM[39m [1mdist\src\aggregation\aggregator.js.map [22m[32m74.00 B[39m
@isl-lang/stdlib-audit:build: [32mESM[39m [1mdist\chunk-X5RGJUCT.js.map             [22m[32m25.07 KB[39m
@isl-lang/stdlib-audit:build: [32mESM[39m [1mdist\chunk-HUOZ7U5U.js.map             [22m[32m12.36 KB[39m
@isl-lang/stdlib-audit:build: [32mESM[39m [1mdist\src\retention\policy.js.map       [22m[32m70.00 B[39m
@isl-lang/stdlib-audit:build: [32mESM[39m [1mdist\types.js.map                      [22m[32m69.00 B[39m
@isl-lang/stdlib-audit:build: [32mESM[39m [1mdist\chunk-QTRMYZ4I.js.map             [22m[32m17.21 KB[39m
@isl-lang/stdlib-audit:build: [32mESM[39m [1mdist\chunk-TTSCATVV.js.map             [22m[32m11.17 KB[39m
@isl-lang/stdlib-audit:build: [32mESM[39m [1mdist\src\trail\entry.js.map            [22m[32m69.00 B[39m
@isl-lang/stdlib-audit:build: [32mESM[39m [1mdist\src\retention\enforcer.js.map     [22m[32m72.00 B[39m
@isl-lang/stdlib-audit:build: [32mESM[39m [1mdist\chunk-BF4QN6KS.js.map             [22m[32m16.59 KB[39m
@isl-lang/stdlib-audit:build: [32mESM[39m [1mdist\chunk-AYLG34YW.js.map             [22m[32m14.10 KB[39m
@isl-lang/stdlib-audit:build: [32mESM[39m [1mdist\chunk-I4CZS46D.js.map             [22m[32m4.19 KB[39m
@isl-lang/stdlib-audit:build: [32mESM[39m [1mdist\chunk-C22YJ2BC.js.map             [22m[32m10.84 KB[39m
@isl-lang/stdlib-audit:build: [32mESM[39m [1mdist\chunk-CQLLH3L2.js.map             [22m[32m4.94 KB[39m
@isl-lang/stdlib-audit:build: [32mESM[39m [1mdist\src\trail\store.js.map            [22m[32m69.00 B[39m
@isl-lang/stdlib-audit:build: [32mESM[39m [1mdist\chunk-WDT4SFF5.js.map             [22m[32m6.25 KB[39m
@isl-lang/stdlib-audit:build: [32mESM[39m [1mdist\src\trail\query.js.map            [22m[32m69.00 B[39m
@isl-lang/stdlib-audit:build: [32mESM[39m [1mdist\src\trail\tracker.js.map          [22m[32m71.00 B[39m
@isl-lang/stdlib-audit:build: [32mESM[39m [1mdist\src\errors.js.map                 [22m[32m70.00 B[39m
@isl-lang/stdlib-audit:build: [32mESM[39m [1mdist\chunk-T3D7UL4Q.js.map             [22m[32m12.79 KB[39m
@isl-lang/stdlib-audit:build: [32mESM[39m [1mdist\chunk-KTVYU3QY.js.map             [22m[32m8.52 KB[39m
@isl-lang/stdlib-audit:build: [32mESM[39m [1mdist\src\types.js.map                  [22m[32m69.00 B[39m
@isl-lang/stdlib-audit:build: [32mESM[39m [1mdist\chunk-G3ALAS4F.js.map             [22m[32m7.14 KB[39m
@isl-lang/stdlib-audit:build: [32mESM[39m [1mdist\chunk-2RCRVZ6N.js.map             [22m[32m3.34 KB[39m
@isl-lang/stdlib-audit:build: [32mESM[39m [1mdist\src\compliance\checker.js.map     [22m[32m71.00 B[39m
@isl-lang/stdlib-audit:build: [32mESM[39m [1mdist\chunk-I4JL5QYF.js.map             [22m[32m2.90 KB[39m
@isl-lang/stdlib-audit:build: [32mESM[39m [1mdist\chunk-XXN6P72B.js.map             [22m[32m7.00 KB[39m
@isl-lang/stdlib-audit:build: [32mESM[39m [1mdist\chunk-BZSHBF3V.js.map             [22m[32m4.06 KB[39m
@isl-lang/stdlib-audit:build: [32mESM[39m [1mdist\chunk-M4ZYD3X3.js.map             [22m[32m7.41 KB[39m
@isl-lang/stdlib-audit:build: [32mESM[39m [1mdist\chunk-XJXXBFSU.js.map             [22m[32m7.19 KB[39m
@isl-lang/stdlib-audit:build: [32mESM[39m ΓÜí∩╕Å Build success in 4765ms
@isl-lang/stdlib-audit:build: [32mCJS[39m [1mdist\storage\postgres.cjs               [22m[32m336.00 B[39m
@isl-lang/stdlib-audit:build: [32mCJS[39m [1mdist\logger.cjs                         [22m[32m457.00 B[39m
@isl-lang/stdlib-audit:build: [32mCJS[39m [1mdist\storage\elasticsearch.cjs          [22m[32m356.00 B[39m
@isl-lang/stdlib-audit:build: [32mCJS[39m [1mdist\utils\retention.cjs                [22m[32m640.00 B[39m
@isl-lang/stdlib-audit:build: [32mCJS[39m [1mdist\storage\s3.cjs                     [22m[32m312.00 B[39m
@isl-lang/stdlib-audit:build: [32mCJS[39m [1mdist\utils\pii.cjs                      [22m[32m1.42 KB[39m
@isl-lang/stdlib-audit:build: [32mCJS[39m [1mdist\exporters\csv.cjs                  [22m[32m489.00 B[39m
@isl-lang/stdlib-audit:build: [32mCJS[39m [1mdist\exporters\json.cjs                 [22m[32m787.00 B[39m
@isl-lang/stdlib-audit:build: [32mCJS[39m [1mdist\src\retention\policy.cjs           [22m[32m656.00 B[39m
@isl-lang/stdlib-audit:build: [32mCJS[39m [1mdist\src\compliance\rules.cjs           [22m[32m1.75 KB[39m
@isl-lang/stdlib-audit:build: [32mCJS[39m [1mdist\src\aggregation\pipeline.cjs       [22m[32m340.00 B[39m
@isl-lang/stdlib-audit:build: [32mCJS[39m [1mdist\src\compliance\report.cjs          [22m[32m400.00 B[39m
@isl-lang/stdlib-audit:build: [32mCJS[39m [1mdist\src\retention\enforcer.cjs         [22m[32m410.00 B[39m
@isl-lang/stdlib-audit:build: [32mCJS[39m [1mdist\src\aggregation\aggregator.cjs     [22m[32m363.00 B[39m
@isl-lang/stdlib-audit:build: [32mCJS[39m [1mdist\index.cjs                          [22m[32m3.72 KB[39m
@isl-lang/stdlib-audit:build: [32mCJS[39m [1mdist\chunk-6FT5UBZM.cjs                 [22m[32m13.35 KB[39m
@isl-lang/stdlib-audit:build: [32mCJS[39m [1mdist\utils\hashing.cjs                  [22m[32m987.00 B[39m
@isl-lang/stdlib-audit:build: [32mCJS[39m [1mdist\chunk-P5A3DU6U.cjs                 [22m[32m10.16 KB[39m
@isl-lang/stdlib-audit:build: [32mCJS[39m [1mdist\chunk-DLVX3M5P.cjs                 [22m[32m8.15 KB[39m
@isl-lang/stdlib-audit:build: [32mCJS[39m [1mdist\chunk-4XA3VCRK.cjs                 [22m[32m9.83 KB[39m
@isl-lang/stdlib-audit:build: [32mCJS[39m [1mdist\chunk-CJPWPTZR.cjs                 [22m[32m13.40 KB[39m
@isl-lang/stdlib-audit:build: [32mCJS[39m [1mdist\chunk-UXPD2O4I.cjs                 [22m[32m6.97 KB[39m
@isl-lang/stdlib-audit:build: [32mCJS[39m [1mdist\src\index.cjs                      [22m[32m6.60 KB[39m
@isl-lang/stdlib-audit:build: [32mCJS[39m [1mdist\types.cjs                          [22m[32m1.46 KB[39m
@isl-lang/stdlib-audit:build: [32mCJS[39m [1mdist\chunk-5BUBE445.cjs                 [22m[32m3.06 KB[39m
@isl-lang/stdlib-audit:build: [32mCJS[39m [1mdist\src\types.cjs                      [22m[32m778.00 B[39m
@isl-lang/stdlib-audit:build: [32mCJS[39m [1mdist\chunk-5GXLQEQU.cjs                 [22m[32m4.12 KB[39m
@isl-lang/stdlib-audit:build: [32mCJS[39m [1mdist\chunk-VDNRPQAM.cjs                 [22m[32m1.89 KB[39m
@isl-lang/stdlib-audit:build: [32mCJS[39m [1mdist\chunk-UMCE4K3R.cjs                 [22m[32m4.68 KB[39m
@isl-lang/stdlib-audit:build: [32mCJS[39m [1mdist\chunk-5CD7MSA2.cjs                 [22m[32m1.54 KB[39m
@isl-lang/stdlib-audit:build: [32mCJS[39m [1mdist\chunk-BT4FZ3RB.cjs                 [22m[32m6.33 KB[39m
@isl-lang/stdlib-audit:build: [32mCJS[39m [1mdist\src\trail\entry.cjs                [22m[32m355.00 B[39m
@isl-lang/stdlib-audit:build: [32mCJS[39m [1mdist\chunk-APHHMRBQ.cjs                 [22m[32m6.33 KB[39m
@isl-lang/stdlib-audit:build: [32mCJS[39m [1mdist\chunk-KYZZRSQ3.cjs                 [22m[32m1.55 KB[39m
@isl-lang/stdlib-audit:build: [32mCJS[39m [1mdist\src\errors.cjs                     [22m[32m2.04 KB[39m
@isl-lang/stdlib-audit:build: [32mCJS[39m [1mdist\src\trail\store.cjs                [22m[32m295.00 B[39m
@isl-lang/stdlib-audit:build: [32mCJS[39m [1mdist\chunk-2XU6IXD6.cjs                 [22m[32m3.15 KB[39m
@isl-lang/stdlib-audit:build: [32mCJS[39m [1mdist\src\trail\tracker.cjs              [22m[32m435.00 B[39m
@isl-lang/stdlib-audit:build: [32mCJS[39m [1mdist\chunk-S3ENIXJP.cjs                 [22m[32m4.31 KB[39m
@isl-lang/stdlib-audit:build: [32mCJS[39m [1mdist\chunk-JQHKJISO.cjs                 [22m[32m3.13 KB[39m
@isl-lang/stdlib-audit:build: [32mCJS[39m [1mdist\src\trail\query.cjs                [22m[32m367.00 B[39m
@isl-lang/stdlib-audit:build: [32mCJS[39m [1mdist\chunk-UWHLYNKY.cjs                 [22m[32m3.63 KB[39m
@isl-lang/stdlib-audit:build: [32mCJS[39m [1mdist\src\compliance\checker.cjs         [22m[32m371.00 B[39m
@isl-lang/stdlib-audit:build: [32mCJS[39m [1mdist\chunk-J7JA3U2M.cjs                 [22m[32m2.79 KB[39m
@isl-lang/stdlib-audit:build: [32mCJS[39m [1mdist\chunk-2MTCKCWW.cjs                 [22m[32m1.13 KB[39m
@isl-lang/stdlib-audit:build: [32mCJS[39m [1mdist\chunk-23MZ3C5U.cjs                 [22m[32m3.22 KB[39m
@isl-lang/stdlib-audit:build: [32mCJS[39m [1mdist\chunk-F5KOCWSF.cjs                 [22m[32m2.16 KB[39m
@isl-lang/stdlib-audit:build: [32mCJS[39m [1mdist\chunk-XNHEQMEJ.cjs                 [22m[32m1.29 KB[39m
@isl-lang/stdlib-audit:build: [32mCJS[39m [1mdist\storage\postgres.cjs.map           [22m[32m73.00 B[39m
@isl-lang/stdlib-audit:build: [32mCJS[39m [1mdist\storage\elasticsearch.cjs.map      [22m[32m78.00 B[39m
@isl-lang/stdlib-audit:build: [32mCJS[39m [1mdist\utils\retention.cjs.map            [22m[32m74.00 B[39m
@isl-lang/stdlib-audit:build: [32mCJS[39m [1mdist\exporters\json.cjs.map             [22m[32m69.00 B[39m
@isl-lang/stdlib-audit:build: [32mCJS[39m [1mdist\exporters\csv.cjs.map              [22m[32m68.00 B[39m
@isl-lang/stdlib-audit:build: [32mCJS[39m [1mdist\src\retention\policy.cjs.map       [22m[32m71.00 B[39m
@isl-lang/stdlib-audit:build: [32mCJS[39m [1mdist\src\aggregation\pipeline.cjs.map   [22m[32m73.00 B[39m
@isl-lang/stdlib-audit:build: [32mCJS[39m [1mdist\src\compliance\rules.cjs.map       [22m[32m70.00 B[39m
@isl-lang/stdlib-audit:build: [32mCJS[39m [1mdist\src\compliance\report.cjs.map      [22m[32m71.00 B[39m
@isl-lang/stdlib-audit:build: [32mCJS[39m [1mdist\src\retention\enforcer.cjs.map     [22m[32m73.00 B[39m
@isl-lang/stdlib-audit:build: [32mCJS[39m [1mdist\logger.cjs.map                     [22m[32m71.00 B[39m
@isl-lang/stdlib-audit:build: [32mCJS[39m [1mdist\index.cjs.map                      [22m[32m70.00 B[39m
@isl-lang/stdlib-audit:build: [32mCJS[39m [1mdist\src\aggregation\aggregator.cjs.map [22m[32m75.00 B[39m
@isl-lang/stdlib-audit:build: [32mCJS[39m [1mdist\utils\hashing.cjs.map              [22m[32m72.00 B[39m
@isl-lang/stdlib-audit:build: [32mCJS[39m [1mdist\storage\s3.cjs.map                 [22m[32m67.00 B[39m
@isl-lang/stdlib-audit:build: [32mCJS[39m [1mdist\utils\pii.cjs.map                  [22m[32m68.00 B[39m
@isl-lang/stdlib-audit:build: [32mCJS[39m [1mdist\chunk-P5A3DU6U.cjs.map             [22m[32m24.18 KB[39m
@isl-lang/stdlib-audit:build: [32mCJS[39m [1mdist\chunk-6FT5UBZM.cjs.map             [22m[32m28.37 KB[39m
@isl-lang/stdlib-audit:build: [32mCJS[39m [1mdist\chunk-DLVX3M5P.cjs.map             [22m[32m18.09 KB[39m
@isl-lang/stdlib-audit:build: [32mCJS[39m [1mdist\chunk-4XA3VCRK.cjs.map             [22m[32m25.07 KB[39m
@isl-lang/stdlib-audit:build: [32mCJS[39m [1mdist\src\index.cjs.map                  [22m[32m70.00 B[39m
@isl-lang/stdlib-audit:build: [32mCJS[39m [1mdist\types.cjs.map                      [22m[32m70.00 B[39m
@isl-lang/stdlib-audit:build: [32mCJS[39m [1mdist\chunk-CJPWPTZR.cjs.map             [22m[32m30.85 KB[39m
@isl-lang/stdlib-audit:build: [32mCJS[39m [1mdist\chunk-UXPD2O4I.cjs.map             [22m[32m17.23 KB[39m
@isl-lang/stdlib-audit:build: [32mCJS[39m [1mdist\chunk-5GXLQEQU.cjs.map             [22m[32m11.19 KB[39m
@isl-lang/stdlib-audit:build: [32mCJS[39m [1mdist\chunk-5BUBE445.cjs.map             [22m[32m14.10 KB[39m
@isl-lang/stdlib-audit:build: [32mCJS[39m [1mdist\src\trail\entry.cjs.map            [22m[32m70.00 B[39m
@isl-lang/stdlib-audit:build: [32mCJS[39m [1mdist\chunk-UMCE4K3R.cjs.map             [22m[32m12.36 KB[39m
@isl-lang/stdlib-audit:build: [32mCJS[39m [1mdist\src\trail\store.cjs.map            [22m[32m70.00 B[39m
@isl-lang/stdlib-audit:build: [32mCJS[39m [1mdist\src\types.cjs.map                  [22m[32m70.00 B[39m
@isl-lang/stdlib-audit:build: [32mCJS[39m [1mdist\chunk-VDNRPQAM.cjs.map             [22m[32m5.00 KB[39m
@isl-lang/stdlib-audit:build: [32mCJS[39m [1mdist\chunk-BT4FZ3RB.cjs.map             [22m[32m16.62 KB[39m
@isl-lang/stdlib-audit:build: [32mCJS[39m [1mdist\src\trail\tracker.cjs.map          [22m[32m72.00 B[39m
@isl-lang/stdlib-audit:build: [32mCJS[39m [1mdist\chunk-5CD7MSA2.cjs.map             [22m[32m4.22 KB[39m
@isl-lang/stdlib-audit:build: [32mCJS[39m [1mdist\chunk-KYZZRSQ3.cjs.map             [22m[32m3.34 KB[39m
@isl-lang/stdlib-audit:build: [32mCJS[39m [1mdist\chunk-APHHMRBQ.cjs.map             [22m[32m12.80 KB[39m
@isl-lang/stdlib-audit:build: [32mCJS[39m [1mdist\src\trail\query.cjs.map            [22m[32m70.00 B[39m
@isl-lang/stdlib-audit:build: [32mCJS[39m [1mdist\src\errors.cjs.map                 [22m[32m71.00 B[39m
@isl-lang/stdlib-audit:build: [32mCJS[39m [1mdist\src\compliance\checker.cjs.map     [22m[32m72.00 B[39m
@isl-lang/stdlib-audit:build: [32mCJS[39m [1mdist\chunk-2XU6IXD6.cjs.map             [22m[32m6.35 KB[39m
@isl-lang/stdlib-audit:build: [32mCJS[39m [1mdist\chunk-S3ENIXJP.cjs.map             [22m[32m10.85 KB[39m
@isl-lang/stdlib-audit:build: [32mCJS[39m [1mdist\chunk-JQHKJISO.cjs.map             [22m[32m7.25 KB[39m
@isl-lang/stdlib-audit:build: [32mCJS[39m [1mdist\chunk-UWHLYNKY.cjs.map             [22m[32m8.63 KB[39m
@isl-lang/stdlib-audit:build: [32mCJS[39m [1mdist\chunk-2MTCKCWW.cjs.map             [22m[32m2.94 KB[39m
@isl-lang/stdlib-audit:build: [32mCJS[39m [1mdist\chunk-23MZ3C5U.cjs.map             [22m[32m7.47 KB[39m
@isl-lang/stdlib-audit:build: [32mCJS[39m [1mdist\chunk-F5KOCWSF.cjs.map             [22m[32m4.06 KB[39m
@isl-lang/stdlib-audit:build: [32mCJS[39m [1mdist\chunk-J7JA3U2M.cjs.map             [22m[32m7.00 KB[39m
@isl-lang/stdlib-audit:build: [32mCJS[39m [1mdist\chunk-XNHEQMEJ.cjs.map             [22m[32m7.20 KB[39m
@isl-lang/stdlib-audit:build: [32mCJS[39m ΓÜí∩╕Å Build success in 4783ms
@isl-lang/sentry:build: [32mCJS[39m [1mdist\client.cjs                 [22m[32m16.44 KB[39m
@isl-lang/sentry:build: [32mCJS[39m [1mdist\index.cjs                  [22m[32m71.68 KB[39m
@isl-lang/sentry:build: [32mCJS[39m [1mdist\middleware\index.cjs       [22m[32m11.87 KB[39m
@isl-lang/sentry:build: [32mCJS[39m [1mdist\integrations\index.cjs     [22m[32m26.40 KB[39m
@isl-lang/sentry:build: [32mCJS[39m [1mdist\client.cjs.map             [22m[32m54.57 KB[39m
@isl-lang/sentry:build: [32mCJS[39m [1mdist\index.cjs.map              [22m[32m172.93 KB[39m
@isl-lang/sentry:build: [32mCJS[39m [1mdist\middleware\index.cjs.map   [22m[32m55.23 KB[39m
@isl-lang/sentry:build: [32mCJS[39m [1mdist\integrations\index.cjs.map [22m[32m75.81 KB[39m
@isl-lang/sentry:build: [32mCJS[39m ΓÜí∩╕Å Build success in 2717ms
@isl-lang/dashboard-web:build: Warning: Your PostCSS configuration defines a field which is not supported (`__esModule`). Please remove this configuration value.
@isl-lang/mock-detector:build: [32mDTS[39m ΓÜí∩╕Å Build success in 5909ms
@isl-lang/mock-detector:build: [32mDTS[39m [1mdist\index.d.ts [22m[32m7.86 KB[39m
@isl-lang/generator:build: cache hit, replaying logs e66b7b41fe802ae7
@isl-lang/generator:build: 
@isl-lang/generator:build: > @isl-lang/generator@0.1.0 build C:\Users\mevla\OneDrive\Desktop\projects\IntentOS\packages\isl-generator
@isl-lang/generator:build: > tsup src/index.ts --format esm --dts --clean
@isl-lang/generator:build: 
@isl-lang/generator:build: [34mCLI[39m Building entry: src/index.ts
@isl-lang/generator:build: [34mCLI[39m Using tsconfig: tsconfig.json
@isl-lang/generator:build: [34mCLI[39m tsup v8.5.1
@isl-lang/generator:build: [34mCLI[39m Target: es2022
@isl-lang/generator:build: [34mCLI[39m Cleaning output folder
@isl-lang/generator:build: [34mESM[39m Build start
@isl-lang/generator:build: [32mESM[39m [1mdist\index.js [22m[32m15.14 KB[39m
@isl-lang/generator:build: [32mESM[39m ΓÜí∩╕Å Build success in 53ms
@isl-lang/generator:build: [34mDTS[39m Build start
@isl-lang/generator:build: [32mDTS[39m ΓÜí∩╕Å Build success in 2783ms
@isl-lang/generator:build: [32mDTS[39m [1mdist\index.d.ts [22m[32m3.76 KB[39m
@isl-lang/reality-probe:build: cache hit, replaying logs 61f77ad344eaf47e
@isl-lang/reality-probe:build: 
@isl-lang/reality-probe:build: > @isl-lang/reality-probe@0.1.1 build C:\Users\mevla\OneDrive\Desktop\projects\IntentOS\packages\reality-probe
@isl-lang/reality-probe:build: > tsc
@isl-lang/reality-probe:build: 
@isl-lang/isl-core:build: cache hit, replaying logs 7132a67b0ee7d628
@isl-lang/isl-core:build: 
@isl-lang/isl-core:build: > @isl-lang/isl-core@1.0.0 build C:\Users\mevla\OneDrive\Desktop\projects\IntentOS\packages\isl-core
@isl-lang/isl-core:build: > tsup && tsc -p tsconfig.build.json
@isl-lang/isl-core:build: 
@isl-lang/isl-core:build: [34mCLI[39m Building entry: src/index.ts, src/check/index.ts, src/fmt/index.ts, src/ast/index.ts, src/imports/index.ts, src/lexer/index.ts, src/lint/index.ts, src/testgen/index.ts, src/isl-agent/verification/index.ts
@isl-lang/isl-core:build: [34mCLI[39m Using tsconfig: tsconfig.json
@isl-lang/isl-core:build: [34mCLI[39m tsup v8.5.1
@isl-lang/isl-core:build: [34mCLI[39m Using tsup config: C:\Users\mevla\OneDrive\Desktop\projects\IntentOS\packages\isl-core\tsup.config.ts
@isl-lang/isl-core:build: [34mCLI[39m Target: node18
@isl-lang/isl-core:build: [34mCLI[39m Cleaning output folder
@isl-lang/isl-core:build: [34mESM[39m Build start
@isl-lang/isl-core:build: [32mESM[39m [1mdist\ast\index.js                        [22m[32m13.76 KB[39m
@isl-lang/isl-core:build: [32mESM[39m [1mdist\check\index.js                      [22m[32m6.11 KB[39m
@isl-lang/isl-core:build: [32mESM[39m [1mdist\lexer\index.js                      [22m[32m13.29 KB[39m
@isl-lang/isl-core:build: [32mESM[39m [1mdist\imports\index.js                    [22m[32m3.24 KB[39m
@isl-lang/isl-core:build: [32mESM[39m [1mdist\index.js                            [22m[32m127.86 KB[39m
@isl-lang/isl-core:build: [32mESM[39m [1mdist\lint\index.js                       [22m[32m6.81 KB[39m
@isl-lang/isl-core:build: [32mESM[39m [1mdist\isl-agent\verification\index.js     [22m[32m15.18 KB[39m
@isl-lang/isl-core:build: [32mESM[39m [1mdist\fmt\index.js                        [22m[32m14.20 KB[39m
@isl-lang/isl-core:build: [32mESM[39m [1mdist\testgen\index.js                    [22m[32m9.73 KB[39m
@isl-lang/isl-core:build: [32mESM[39m [1mdist\ast\index.js.map                    [22m[32m41.71 KB[39m
@isl-lang/isl-core:build: [32mESM[39m [1mdist\check\index.js.map                  [22m[32m16.92 KB[39m
@isl-lang/isl-core:build: [32mESM[39m [1mdist\lexer\index.js.map                  [22m[32m29.50 KB[39m
@isl-lang/isl-core:build: [32mESM[39m [1mdist\index.js.map                        [22m[32m353.84 KB[39m
@isl-lang/isl-core:build: [32mESM[39m [1mdist\imports\index.js.map                [22m[32m10.26 KB[39m
@isl-lang/isl-core:build: [32mESM[39m [1mdist\lint\index.js.map                   [22m[32m17.52 KB[39m
@isl-lang/isl-core:build: [32mESM[39m [1mdist\isl-agent\verification\index.js.map [22m[32m40.00 KB[39m
@isl-lang/isl-core:build: [32mESM[39m [1mdist\fmt\index.js.map                    [22m[32m37.26 KB[39m
@isl-lang/isl-core:build: [32mESM[39m [1mdist\testgen\index.js.map                [22m[32m25.69 KB[39m
@isl-lang/isl-core:build: [32mESM[39m ΓÜí∩╕Å Build success in 1136ms
@isl-lang/codegen-tests:build: cache miss, executing c51d1076f6e3beaa
@isl-lang/isl-verify-action:build:    0kB  dist\package.json
@isl-lang/isl-verify-action:build:    0kB  dist\index.d.ts
@isl-lang/isl-verify-action:build:    0kB  dist\index.d.ts.map
@isl-lang/isl-verify-action:build:   32kB  dist\licenses.txt
@isl-lang/isl-verify-action:build:   40kB  dist\sourcemap-register.cjs
@isl-lang/isl-verify-action:build: 1113kB  dist\index.js
@isl-lang/isl-verify-action:build: 1300kB  dist\index.js.map
@isl-lang/isl-verify-action:build: 1300kB  dist\index.js.map
@isl-lang/isl-verify-action:build: 2485kB  [12195ms] - ncc 0.38.4
@isl-lang/gate-action:build:    0kB  dist\package.json
@isl-lang/gate-action:build:    0kB  dist\verify.d.ts.map
@isl-lang/gate-action:build:    0kB  dist\index.d.ts
@isl-lang/gate-action:build:    0kB  dist\index.d.ts.map
@isl-lang/gate-action:build:    0kB  dist\comment.d.ts.map
@isl-lang/gate-action:build:    1kB  dist\verify.d.ts
@isl-lang/gate-action:build:    1kB  dist\comment.d.ts
@isl-lang/gate-action:build:    2kB  dist\types.d.ts
@isl-lang/gate-action:build:    2kB  dist\types.d.ts.map
@isl-lang/gate-action:build:   32kB  dist\licenses.txt
@isl-lang/gate-action:build:   40kB  dist\sourcemap-register.cjs
@isl-lang/gate-action:build: 1122kB  dist\index.js
@isl-lang/gate-action:build: 1314kB  dist\index.js.map
@isl-lang/gate-action:build: 1314kB  dist\index.js.map
@isl-lang/gate-action:build: 2514kB  [13012ms] - ncc 0.38.4
@isl-lang/test-generator:build: cache miss, executing 35b5eacbb03d2f09
@isl-lang/isl-cache:build: cache hit, replaying logs f61a13f8df18bd64
@isl-lang/isl-cache:build: 
@isl-lang/isl-cache:build: > @isl-lang/isl-cache@0.1.0 build C:\Users\mevla\OneDrive\Desktop\projects\IntentOS\packages\isl-cache
@isl-lang/isl-cache:build: > tsup
@isl-lang/isl-cache:build: 
@isl-lang/isl-cache:build: [34mCLI[39m Building entry: src/index.ts
@isl-lang/isl-cache:build: [34mCLI[39m Using tsconfig: tsconfig.json
@isl-lang/isl-cache:build: [34mCLI[39m tsup v8.5.1
@isl-lang/isl-cache:build: [34mCLI[39m Using tsup config: C:\Users\mevla\OneDrive\Desktop\projects\IntentOS\packages\isl-cache\tsup.config.ts
@isl-lang/isl-cache:build: [34mCLI[39m Target: es2022
@isl-lang/isl-cache:build: [34mCLI[39m Cleaning output folder
@isl-lang/isl-cache:build: [34mESM[39m Build start
@isl-lang/isl-cache:build: [32mESM[39m [1mdist\index.js     [22m[32m140.92 KB[39m
@isl-lang/isl-cache:build: [32mESM[39m [1mdist\index.js.map [22m[32m685.58 KB[39m
@isl-lang/isl-cache:build: [32mESM[39m ΓÜí∩╕Å Build success in 743ms
@isl-lang/isl-cache:build: [34mDTS[39m Build start
@isl-lang/isl-cache:build: [32mDTS[39m ΓÜí∩╕Å Build success in 8547ms
@isl-lang/isl-cache:build: [32mDTS[39m [1mdist\index.d.ts [22m[32m22.40 KB[39m
@isl-lang/isl-compiler:build: cache hit, replaying logs 827dbb8cbbf4101b
@isl-lang/isl-compiler:build: 
@isl-lang/isl-compiler:build: > @isl-lang/isl-compiler@0.1.1 build C:\Users\mevla\OneDrive\Desktop\projects\IntentOS\packages\isl-compiler
@isl-lang/isl-compiler:build: > tsup src/index.ts --format esm --clean && tsc -p tsconfig.build.json
@isl-lang/isl-compiler:build: 
@isl-lang/isl-compiler:build: [34mCLI[39m Building entry: src/index.ts
@isl-lang/isl-compiler:build: [34mCLI[39m Using tsconfig: tsconfig.json
@isl-lang/isl-compiler:build: [34mCLI[39m tsup v8.5.1
@isl-lang/isl-compiler:build: [34mCLI[39m Target: es2022
@isl-lang/isl-compiler:build: [34mCLI[39m Cleaning output folder
@isl-lang/isl-compiler:build: [34mESM[39m Build start
@isl-lang/isl-compiler:build: [32mESM[39m [1mdist\index.js [22m[32m34.76 KB[39m
@isl-lang/isl-compiler:build: [32mESM[39m ΓÜí∩╕Å Build success in 111ms
@isl-lang/verifier-runtime:build: cache hit, replaying logs cffcec49405283cf
@isl-lang/verifier-runtime:build: 
@isl-lang/verifier-runtime:build: > @isl-lang/verifier-runtime@1.0.0 build C:\Users\mevla\OneDrive\Desktop\projects\IntentOS\packages\verifier-runtime
@isl-lang/verifier-runtime:build: > tsc
@isl-lang/verifier-runtime:build: 
@isl-lang/frontend-generator:build: cache miss, executing ffa106d3ee9b0797
@isl-lang/codegen-tests:build: 
@isl-lang/codegen-tests:build: > @isl-lang/codegen-tests@0.1.1 build C:\Users\mevla\OneDrive\Desktop\projects\IntentOS\packages\codegen-tests
@isl-lang/codegen-tests:build: > tsup
@isl-lang/codegen-tests:build: 
playwright-showcase:build: [36mvite v5.4.21 [32mbuilding for production...[36m[39m
playwright-showcase:build: transforming...
@isl-lang/test-generator:build: 
@isl-lang/test-generator:build: > @isl-lang/test-generator@1.0.0 build C:\Users\mevla\OneDrive\Desktop\projects\IntentOS\packages\test-generator
@isl-lang/test-generator:build: > tsc
@isl-lang/test-generator:build: 
@isl-lang/dashboard-web:build: Failed to compile.
@isl-lang/dashboard-web:build: 
@isl-lang/dashboard-web:build: src\app\layout.tsx
@isl-lang/dashboard-web:build: An error occured in `next/font`.
@isl-lang/dashboard-web:build: 
@isl-lang/dashboard-web:build: Error: Your custom PostCSS configuration must export a `plugins` key.
@isl-lang/dashboard-web:build:     at getPostCssPlugins (C:\Users\mevla\OneDrive\Desktop\projects\IntentOS\node_modules\.pnpm\next@14.1.0_@babel+core@7.29.0_react-dom@18.3.1_react@18.3.1\node_modules\next\dist\build\webpack\config\blocks\css\plugins.js:106:15)
@isl-lang/dashboard-web:build:     at async C:\Users\mevla\OneDrive\Desktop\projects\IntentOS\node_modules\.pnpm\next@14.1.0_@babel+core@7.29.0_react-dom@18.3.1_react@18.3.1\node_modules\next\dist\build\webpack\config\blocks\css\index.js:124:36
@isl-lang/dashboard-web:build:     at async C:\Users\mevla\OneDrive\Desktop\projects\IntentOS\node_modules\.pnpm\next@14.1.0_@babel+core@7.29.0_react-dom@18.3.1_react@18.3.1\node_modules\next\dist\build\webpack\loaders\next-font-loader\index.js:86:33
@isl-lang/dashboard-web:build:     at async Span.traceAsyncFn (C:\Users\mevla\OneDrive\Desktop\projects\IntentOS\node_modules\.pnpm\next@14.1.0_@babel+core@7.29.0_react-dom@18.3.1_react@18.3.1\node_modules\next\dist\trace\trace.js:151:20)
@isl-lang/dashboard-web:build: 
@isl-lang/dashboard-web:build: 
@isl-lang/dashboard-web:build: > Build failed because of webpack errors
@isl-lang/dashboard-web:build: ΓÇëELIFECYCLEΓÇë Command failed with exit code 1.
@isl-lang/dashboard-web:build: ERROR: command finished with error: command (C:\Users\mevla\OneDrive\Desktop\projects\IntentOS\packages\dashboard-web) C:\Users\mevla\AppData\Local\pnpm\.tools\pnpm\8.15.0\bin\pnpm.CMD run build exited (1)
@isl-lang/isl-ship:build: cache miss, executing 72de1d5144918a44
@isl-lang/docs-advanced:build: cache miss, executing da58710092292768
@isl-lang/spec-inference:build: cache miss, executing ceb1815bf9fb22e1
@isl-lang/error-catalog:build: cache miss, executing 08a0de0c8061b2ff
@isl-lang/codegen-harness:build: cache miss, executing 9a09c69aee8d5766
@isl-lang/import-resolver:build: cache miss, executing 7499329f6d070578
@isl-lang/codegen-runtime:build: cache miss, executing 8de91ec783a63eff
@isl-lang/codegen-go:build: cache miss, executing f9ecf6e6999a6f4d
@isl-lang/expression-compiler:build: cache miss, executing 496f35a6a3c8543a
@isl-lang/stdlib-analytics:build: cache miss, executing 0bfceb4b4cefc89b
@isl-lang/stdlib-api:build: cache miss, executing 8ad575e8e6b3b08d
@isl-lang/isl-discovery:build: cache hit, replaying logs 6ec07c1d66e31ad7
@isl-lang/repl:build: cache hit, replaying logs 5d7a4b28b38adc87
@isl-lang/isl-discovery:build: 
@isl-lang/isl-discovery:build: > @isl-lang/isl-discovery@0.1.1 build C:\Users\mevla\OneDrive\Desktop\projects\IntentOS\packages\isl-discovery
@isl-lang/isl-discovery:build: > tsup && tsc -p tsconfig.build.json
@isl-lang/isl-discovery:build: 
@isl-lang/isl-discovery:build: [34mCLI[39m Building entry: src/index.ts
@isl-lang/isl-discovery:build: [34mCLI[39m Using tsconfig: tsconfig.json
@isl-lang/isl-discovery:build: [34mCLI[39m tsup v8.5.1
@isl-lang/isl-discovery:build: [34mCLI[39m Using tsup config: C:\Users\mevla\OneDrive\Desktop\projects\IntentOS\packages\isl-discovery\tsup.config.ts
@isl-lang/isl-discovery:build: [34mCLI[39m Target: es2022
@isl-lang/isl-discovery:build: [34mCLI[39m Cleaning output folder
@isl-lang/isl-discovery:build: [34mESM[39m Build start
@isl-lang/isl-discovery:build: [32mESM[39m [1mdist\index.js     [22m[32m19.99 KB[39m
@isl-lang/isl-discovery:build: [32mESM[39m [1mdist\index.js.map [22m[32m49.26 KB[39m
@isl-lang/repl:build: 
@isl-lang/repl:build: > @isl-lang/repl@0.1.1 build C:\Users\mevla\OneDrive\Desktop\projects\IntentOS\packages\repl
@isl-lang/repl:build: > tsup
@isl-lang/repl:build: 
@isl-lang/repl:build: [34mCLI[39m Building entry: src/index.ts
@isl-lang/repl:build: [34mCLI[39m Using tsconfig: tsconfig.json
@isl-lang/repl:build: [34mCLI[39m tsup v8.5.1
@isl-lang/repl:build: [34mCLI[39m Using tsup config: C:\Users\mevla\OneDrive\Desktop\projects\IntentOS\packages\repl\tsup.config.ts
@isl-lang/repl:build: [34mCLI[39m Building entry: src/cli.ts
@isl-lang/repl:build: [34mCLI[39m Using tsconfig: tsconfig.json
@isl-lang/repl:build: [34mCLI[39m tsup v8.5.1
@isl-lang/repl:build: [34mCLI[39m Using tsup config: C:\Users\mevla\OneDrive\Desktop\projects\IntentOS\packages\repl\tsup.config.ts
@isl-lang/repl:build: [34mCLI[39m Target: es2022
@isl-lang/repl:build: [34mCLI[39m Target: es2022
@isl-lang/repl:build: [34mESM[39m Build start
@isl-lang/repl:build: [34mCLI[39m Cleaning output folder
@isl-lang/repl:build: [34mESM[39m Build start
@isl-lang/repl:build: [34mCJS[39m Build start
@isl-lang/repl:build: [32mESM[39m [1mdist\cli.js     [22m[32m69.14 KB[39m
@isl-lang/repl:build: [32mESM[39m [1mdist\cli.js.map [22m[32m145.52 KB[39m
@isl-lang/repl:build: [32mESM[39m ΓÜí∩╕Å Build success in 204ms
@isl-lang/repl:build: [32mCJS[39m [1mdist\index.cjs     [22m[32m74.61 KB[39m
@isl-lang/repl:build: [32mCJS[39m [1mdist\index.cjs.map [22m[32m176.02 KB[39m
@isl-lang/repl:build: [32mCJS[39m ΓÜí∩╕Å Build success in 904ms
@isl-lang/repl:build: [32mESM[39m [1mdist\index.js     [22m[32m72.95 KB[39m
@isl-lang/repl:build: [32mESM[39m [1mdist\index.js.map [22m[32m175.95 KB[39m
@isl-lang/repl:build: [32mESM[39m ΓÜí∩╕Å Build success in 921ms
@isl-lang/repl:build: [34mDTS[39m Build start
@isl-lang/repl:build: [32mDTS[39m ΓÜí∩╕Å Build success in 4996ms
@isl-lang/repl:build: [32mDTS[39m [1mdist\index.d.ts  [22m[32m13.18 KB[39m
@isl-lang/repl:build: [32mDTS[39m [1mdist\index.d.cts [22m[32m13.18 KB[39m
@isl-lang/isl-discovery:build: [32mESM[39m ΓÜí∩╕Å Build success in 529ms
@isl-lang/stdlib-search:build: cache miss, executing c365606d623fff8e
@isl-lang/stdlib-observability:build: cache miss, executing 31fc063e98e97eab
@isl-lang/stdlib-queue:build: cache miss, executing 6a7dc11786c19ee6
@isl-lang/stdlib-realtime:build: cache miss, executing 91c540d3480709c3
@isl-lang/verifier:build: cache hit, replaying logs 957af33f97af67ad
@isl-lang/verifier:build: 
@isl-lang/verifier:build: > @isl-lang/verifier@0.1.1 build C:\Users\mevla\OneDrive\Desktop\projects\IntentOS\packages\verifier
@isl-lang/verifier:build: > tsc
@isl-lang/verifier:build: 
@isl-lang/stdlib-files:build: cache hit, replaying logs ef3ac0c0323fff40
@isl-lang/stdlib-files:build: 
@isl-lang/stdlib-files:build: > @isl-lang/stdlib-files@1.0.0 build C:\Users\mevla\OneDrive\Desktop\projects\IntentOS\packages\stdlib-files
@isl-lang/stdlib-files:build: > tsc
@isl-lang/stdlib-files:build: 
@isl-lang/stdlib-payments:build: cache miss, executing 67a32426a0ea761f
@isl-lang/typechecker:build: cache miss, executing 8de0dd5dfecd51e8
@isl-lang/core:build: cache miss, executing 7a29cd3dcd89acef
@isl-lang/evidence-html:build: cache miss, executing c2ea73b556722fef
@isl-lang/stdlib-workflow:build: cache hit, replaying logs 815cd27f6b944b11
@isl-lang/diff-viewer:build: cache miss, executing c48d63c188fee7a5
@isl-lang/stdlib-workflow:build: 
@isl-lang/stdlib-workflow:build: > @isl-lang/stdlib-workflow@0.1.0 build C:\Users\mevla\OneDrive\Desktop\projects\IntentOS\packages\stdlib-workflow
@isl-lang/stdlib-workflow:build: > tsc
@isl-lang/stdlib-workflow:build: 
@isl-lang/migrations:build: cache miss, executing 900dff51cdb22d94
@isl-lang/verifier-security:build: cache miss, executing 282870bd2c8880bc
@isl-lang/migration-tools:build: cache miss, executing 0237387820df2f14
@isl-lang/codegen-jvm:build: cache miss, executing ac2d38396799bbea
@isl-lang/isl-runtime:build: cache miss, executing 5f443b5ad1b7be34
@isl-lang/stdlib-events:build: cache hit, replaying logs 164a3801eec850a9
@isl-lang/stdlib-events:build: 
@isl-lang/stdlib-events:build: > @isl-lang/stdlib-events@0.1.0 build C:\Users\mevla\OneDrive\Desktop\projects\IntentOS\packages\stdlib-events
@isl-lang/stdlib-events:build: > tsc
@isl-lang/stdlib-events:build: 
@isl-lang/codegen-grpc:build: cache miss, executing 48a8b638c95efdf0
@isl-lang/isl-federation:build: cache miss, executing 2d13fc668a426371
@isl-lang/generator-sdk:build: cache miss, executing a35b46f078b25239
@isl-lang/codegen-wasm:build: cache miss, executing 830cdff85b2f7557
@isl-lang/health-check:build: cache miss, executing 168ac69621b3dc6e
@isl-lang/coverage:build: cache miss, executing cec7aa0219bda2ab
@isl-lang/stdlib-ai:build: cache hit, replaying logs 627b54af35b47c11
@isl-lang/stdlib-ai:build: 
@isl-lang/stdlib-ai:build: > @isl-lang/stdlib-ai@0.1.0 build C:\Users\mevla\OneDrive\Desktop\projects\IntentOS\packages\stdlib-ai
@isl-lang/stdlib-ai:build: > tsup
@isl-lang/stdlib-ai:build: 
@isl-lang/stdlib-ai:build: [34mCLI[39m Building entry: {"index":"implementations/typescript/index.ts","types":"implementations/typescript/types.ts","completion":"implementations/typescript/completion.ts","embeddings":"implementations/typescript/embeddings.ts","agents":"implementations/typescript/agents.ts","rag":"implementations/typescript/rag.ts","extraction":"implementations/typescript/extraction.ts","moderation":"implementations/typescript/moderation.ts"}
@isl-lang/stdlib-ai:build: [34mCLI[39m Using tsconfig: tsconfig.json
@isl-lang/stdlib-ai:build: [34mCLI[39m tsup v8.5.1
@isl-lang/stdlib-ai:build: [34mCLI[39m Using tsup config: C:\Users\mevla\OneDrive\Desktop\projects\IntentOS\packages\stdlib-ai\tsup.config.ts
@isl-lang/stdlib-ai:build: [34mCLI[39m Target: es2022
@isl-lang/stdlib-ai:build: [34mCLI[39m Cleaning output folder
@isl-lang/stdlib-ai:build: [34mESM[39m Build start
@isl-lang/stdlib-ai:build: [34mCJS[39m Build start
@isl-lang/stdlib-ai:build: [34mDTS[39m Build start
@isl-lang/stdlib-ai:build: Entry module "dist/completion.cjs" is using named and default exports together. Consumers of your bundle will have to use `chunk.default` to access the default export, which may not be what you want. Use `output.exports: "named"` to disable this warning.
@isl-lang/stdlib-ai:build: Entry module "dist/index.cjs" is using named and default exports together. Consumers of your bundle will have to use `chunk.default` to access the default export, which may not be what you want. Use `output.exports: "named"` to disable this warning.
@isl-lang/stdlib-ai:build: Entry module "dist/embeddings.cjs" is using named and default exports together. Consumers of your bundle will have to use `chunk.default` to access the default export, which may not be what you want. Use `output.exports: "named"` to disable this warning.
@isl-lang/stdlib-ai:build: Entry module "dist/agents.cjs" is using named and default exports together. Consumers of your bundle will have to use `chunk.default` to access the default export, which may not be what you want. Use `output.exports: "named"` to disable this warning.
@isl-lang/stdlib-ai:build: Entry module "dist/rag.cjs" is using named and default exports together. Consumers of your bundle will have to use `chunk.default` to access the default export, which may not be what you want. Use `output.exports: "named"` to disable this warning.
@isl-lang/stdlib-ai:build: Entry module "dist/moderation.cjs" is using named and default exports together. Consumers of your bundle will have to use `chunk.default` to access the default export, which may not be what you want. Use `output.exports: "named"` to disable this warning.
@isl-lang/stdlib-ai:build: Entry module "dist/extraction.cjs" is using named and default exports together. Consumers of your bundle will have to use `chunk.default` to access the default export, which may not be what you want. Use `output.exports: "named"` to disable this warning.
@isl-lang/stdlib-ai:build: [32mCJS[39m [1mdist\completion.cjs     [22m[32m5.18 KB[39m
@isl-lang/stdlib-ai:build: [32mCJS[39m [1mdist\embeddings.cjs     [22m[32m5.54 KB[39m
@isl-lang/stdlib-ai:build: [32mCJS[39m [1mdist\types.cjs          [22m[32m7.06 KB[39m
@isl-lang/stdlib-ai:build: [32mCJS[39m [1mdist\rag.cjs            [22m[32m9.16 KB[39m
@isl-lang/stdlib-ai:build: [32mCJS[39m [1mdist\index.cjs          [22m[32m48.17 KB[39m
@isl-lang/stdlib-ai:build: [32mCJS[39m [1mdist\agents.cjs         [22m[32m6.48 KB[39m
@isl-lang/stdlib-ai:build: [32mCJS[39m [1mdist\moderation.cjs     [22m[32m6.46 KB[39m
@isl-lang/stdlib-ai:build: [32mCJS[39m [1mdist\extraction.cjs     [22m[32m7.65 KB[39m
@isl-lang/stdlib-ai:build: [32mCJS[39m [1mdist\embeddings.cjs.map [22m[32m31.76 KB[39m
@isl-lang/stdlib-ai:build: [32mCJS[39m [1mdist\completion.cjs.map [22m[32m29.70 KB[39m
@isl-lang/stdlib-ai:build: [32mCJS[39m [1mdist\rag.cjs.map        [22m[32m40.85 KB[39m
@isl-lang/stdlib-ai:build: [32mCJS[39m [1mdist\index.cjs.map      [22m[32m130.06 KB[39m
@isl-lang/stdlib-ai:build: [32mCJS[39m [1mdist\moderation.cjs.map [22m[32m32.35 KB[39m
@isl-lang/stdlib-ai:build: [32mCJS[39m [1mdist\types.cjs.map      [22m[32m22.18 KB[39m
@isl-lang/stdlib-ai:build: [32mCJS[39m [1mdist\agents.cjs.map     [22m[32m33.20 KB[39m
@isl-lang/stdlib-ai:build: [32mCJS[39m [1mdist\extraction.cjs.map [22m[32m35.34 KB[39m
@isl-lang/stdlib-ai:build: [32mCJS[39m ΓÜí∩╕Å Build success in 3572ms
@isl-lang/stdlib-ai:build: [32mESM[39m [1mdist\agents.js         [22m[32m6.08 KB[39m
@isl-lang/stdlib-ai:build: [32mESM[39m [1mdist\types.js          [22m[32m6.62 KB[39m
@isl-lang/stdlib-ai:build: [32mESM[39m [1mdist\embeddings.js     [22m[32m5.21 KB[39m
@isl-lang/stdlib-ai:build: [32mESM[39m [1mdist\completion.js     [22m[32m4.84 KB[39m
@isl-lang/stdlib-ai:build: [32mESM[39m [1mdist\extraction.js     [22m[32m7.34 KB[39m
@isl-lang/stdlib-ai:build: [32mESM[39m [1mdist\rag.js            [22m[32m8.83 KB[39m
@isl-lang/stdlib-ai:build: [32mESM[39m [1mdist\moderation.js     [22m[32m6.18 KB[39m
@isl-lang/stdlib-ai:build: [32mESM[39m [1mdist\index.js          [22m[32m46.08 KB[39m
@isl-lang/stdlib-ai:build: [32mESM[39m [1mdist\agents.js.map     [22m[32m33.20 KB[39m
@isl-lang/stdlib-ai:build: [32mESM[39m [1mdist\extraction.js.map [22m[32m35.33 KB[39m
@isl-lang/stdlib-ai:build: [32mESM[39m [1mdist\embeddings.js.map [22m[32m31.76 KB[39m
@isl-lang/stdlib-ai:build: [32mESM[39m [1mdist\types.js.map      [22m[32m22.17 KB[39m
@isl-lang/stdlib-ai:build: [32mESM[39m [1mdist\completion.js.map [22m[32m29.70 KB[39m
@isl-lang/stdlib-ai:build: [32mESM[39m [1mdist\rag.js.map        [22m[32m40.84 KB[39m
@isl-lang/stdlib-ai:build: [32mESM[39m [1mdist\moderation.js.map [22m[32m32.35 KB[39m
@isl-lang/stdlib-ai:build: [32mESM[39m [1mdist\index.js.map      [22m[32m130.05 KB[39m
@isl-lang/stdlib-ai:build: [32mESM[39m ΓÜí∩╕Å Build success in 3589ms
@isl-lang/stdlib-ai:build: [32mDTS[39m ΓÜí∩╕Å Build success in 11741ms
@isl-lang/stdlib-ai:build: [32mDTS[39m [1mdist\index.d.ts       [22m[32m6.14 KB[39m
@isl-lang/stdlib-ai:build: [32mDTS[39m [1mdist\completion.d.ts  [22m[32m2.50 KB[39m
@isl-lang/stdlib-ai:build: [32mDTS[39m [1mdist\embeddings.d.ts  [22m[32m2.35 KB[39m
@isl-lang/stdlib-ai:build: [32mDTS[39m [1mdist\agents.d.ts      [22m[32m2.76 KB[39m
@isl-lang/stdlib-ai:build: [32mDTS[39m [1mdist\rag.d.ts         [22m[32m2.35 KB[39m
@isl-lang/stdlib-ai:build: [32mDTS[39m [1mdist\extraction.d.ts  [22m[32m2.63 KB[39m
@isl-lang/stdlib-ai:build: [32mDTS[39m [1mdist\moderation.d.ts  [22m[32m2.47 KB[39m
@isl-lang/stdlib-ai:build: [32mDTS[39m [1mdist\types.d.ts       [22m[32m13.62 KB[39m
@isl-lang/stdlib-ai:build: [32mDTS[39m [1mdist\index.d.cts      [22m[32m6.15 KB[39m
@isl-lang/stdlib-ai:build: [32mDTS[39m [1mdist\completion.d.cts [22m[32m2.50 KB[39m
@isl-lang/stdlib-ai:build: [32mDTS[39m [1mdist\embeddings.d.cts [22m[32m2.35 KB[39m
@isl-lang/stdlib-ai:build: [32mDTS[39m [1mdist\agents.d.cts     [22m[32m2.76 KB[39m
@isl-lang/stdlib-ai:build: [32mDTS[39m [1mdist\rag.d.cts        [22m[32m2.35 KB[39m
@isl-lang/stdlib-ai:build: [32mDTS[39m [1mdist\extraction.d.cts [22m[32m2.63 KB[39m
@isl-lang/stdlib-ai:build: [32mDTS[39m [1mdist\moderation.d.cts [22m[32m2.47 KB[39m
@isl-lang/stdlib-ai:build: [32mDTS[39m [1mdist\types.d.cts      [22m[32m13.62 KB[39m
@isl-lang/lsp:build: cache miss, executing eb708928e0fd01f5
@isl-lang/distributed:build: cache miss, executing aae4bcbb34a56d77
@isl-lang/semantic-analysis:build: cache miss, executing b47197a925450863
@isl-lang/spec-reviewer:build: cache miss, executing 3bcccc00fb677a1a
@isl-lang/stdlib-messaging:build: cache miss, executing 7b8b6ec764c4d22a
@isl-lang/mock-server:build: cache miss, executing 9eef045fceece9a1
@isl-lang/event-sourcing:build: cache miss, executing 388cd1835b0186d6
@isl-lang/db-generator:build: cache miss, executing 5ccddbb7c704bea9
@isl-lang/codegen-db:build: cache miss, executing 4c16a79e8c7389c0
@isl-lang/isl-ai:build: cache miss, executing 33a64d3ed4ab2a42
@isl-lang/codegen-edge:build: cache miss, executing 63022bf92843c27a
@isl-lang/codegen-property-tests:build: cache miss, executing cea38c36aec62b62
@isl-lang/inference:build: cache miss, executing d629c24c2d923785
@isl-lang/codegen-client:build: cache miss, executing 17cd0270ea0a96ef
@isl-lang/simulator:build: cache miss, executing eba28f86796a17df
@isl-lang/codegen-validators:build: cache miss, executing 25400510502ccf00
@isl-lang/state-machine:build: cache miss, executing 04e8bc1599d3cc1d
@isl-lang/language-server:build: cache miss, executing 2d7f2b22bdc8ae35
@isl-lang/isl-lsp:build: cache miss, executing dc0d901604eab09f
@isl-lang/ui-generator:build: cache miss, executing e9c3a69c83921a99
@isl-lang/streaming:build: cache miss, executing 8e3a5b206747a131
@isl-lang/codegen-migrations:build: cache miss, executing 1eda6f5e9de313c0
@isl-lang/effect-system:build: cache miss, executing c64a8829ca27470d
@isl-lang/runtime-universal:build: cache miss, executing 00ecaaecce84e88a
@isl-lang/multi-tenant:build: cache miss, executing 119448a42ac28d90
@isl-lang/runtime-sdk:build: cache miss, executing bd5358dad113ca70
@isl-lang/stdlib-cache:build: cache miss, executing 2107c5ab1677259e
@isl-lang/stdlib-email:build: cache miss, executing 2acb50642df9a200
@isl-lang/security-scanner:build: cache miss, executing ca1c5a41521cc74f
@isl-lang/contracts:build: cache miss, executing 8af6f7b953a7a29e
@isl-lang/stdlib-notifications:build: cache miss, executing ff63c94f4b774a59
@isl-lang/api-gateway:build: cache miss, executing e5107b9d734ecf5b
@isl-lang/versioner:build: cache miss, executing d4ba6f18ef838fc4
@isl-lang/intent-translator:build: cache miss, executing 5b213121e8a5afd8
@isl-lang/verifier-chaos:build: cache miss, executing 8770ac5bae6c67d2
@isl-lang/codegen-types:build: cache miss, executing 7907a1b3fbf0e9f0
@isl-lang/codegen-terraform:build: cache miss, executing 2168f85e86123241
@isl-lang/codegen-mocks:build: cache miss, executing 68e889acb73a9a33
@isl-lang/dependency-analyzer:build: cache miss, executing 64e53df5a4eddb9a
@isl-lang/mutation-testing:build: cache miss, executing 73f879cb9eec22de
@isl-lang/codegen-pipelines:build: cache miss, executing 0718c01837a177fa
@isl-lang/verifier-formal:build: cache miss, executing f69a1395a4b9d062
@isl-lang/ai-generator:build: cache miss, executing fd144959c06fe85d
@isl-lang/codegen-ui:build: cache miss, executing ee44c5c3e2cd3a51
@isl-lang/edge-runtime:build: cache miss, executing 64313c564de07230
@isl-lang/pbt:build: cache miss, executing 20248525836615a6
@isl-lang/isl-smt:build: cache hit, replaying logs 0b28acdd87e11864
@isl-lang/isl-smt:build: 
@isl-lang/isl-smt:build: > @isl-lang/isl-smt@0.1.1 build C:\Users\mevla\OneDrive\Desktop\projects\IntentOS\packages\isl-smt
@isl-lang/isl-smt:build: > tsup
@isl-lang/isl-smt:build: 
@isl-lang/isl-smt:build: [34mCLI[39m Building entry: src/index.ts
@isl-lang/isl-smt:build: [34mCLI[39m Using tsconfig: tsconfig.json
@isl-lang/isl-smt:build: [34mCLI[39m tsup v8.5.1
@isl-lang/isl-smt:build: [34mCLI[39m Using tsup config: C:\Users\mevla\OneDrive\Desktop\projects\IntentOS\packages\isl-smt\tsup.config.ts
@isl-lang/isl-smt:build: [34mCLI[39m Target: es2022
@isl-lang/isl-smt:build: [34mCLI[39m Cleaning output folder
@isl-lang/isl-smt:build: [34mESM[39m Build start
@isl-lang/isl-smt:build: [34mCJS[39m Build start
@isl-lang/isl-smt:build: [32mESM[39m [1mdist\cache-HM5HP6QJ.js      [22m[32m191.00 B[39m
@isl-lang/isl-smt:build: [32mESM[39m [1mdist\index.js               [22m[32m60.60 KB[39m
@isl-lang/isl-smt:build: [32mESM[39m [1mdist\chunk-XKUKNNJP.js      [22m[32m52.36 KB[39m
@isl-lang/isl-smt:build: [32mESM[39m [1mdist\chunk-LAE52ZU4.js      [22m[32m3.67 KB[39m
@isl-lang/isl-smt:build: [32mESM[39m [1mdist\solver-36OWC3IC.js     [22m[32m320.00 B[39m
@isl-lang/isl-smt:build: [32mESM[39m [1mdist\index.js.map           [22m[32m150.34 KB[39m
@isl-lang/isl-smt:build: [32mESM[39m [1mdist\cache-HM5HP6QJ.js.map  [22m[32m71.00 B[39m
@isl-lang/isl-smt:build: [32mESM[39m [1mdist\chunk-XKUKNNJP.js.map  [22m[32m120.30 KB[39m
@isl-lang/isl-smt:build: [32mESM[39m [1mdist\solver-36OWC3IC.js.map [22m[32m71.00 B[39m
@isl-lang/isl-smt:build: [32mESM[39m [1mdist\chunk-LAE52ZU4.js.map  [22m[32m8.73 KB[39m
@isl-lang/isl-smt:build: [32mESM[39m ΓÜí∩╕Å Build success in 131ms
@isl-lang/isl-smt:build: [32mCJS[39m [1mdist\index.cjs     [22m[32m127.47 KB[39m
@isl-lang/isl-smt:build: [32mCJS[39m [1mdist\index.cjs.map [22m[32m280.02 KB[39m
@isl-lang/isl-smt:build: [32mCJS[39m ΓÜí∩╕Å Build success in 180ms
@isl-lang/dashboard-web#build: command (C:\Users\mevla\OneDrive\Desktop\projects\IntentOS\packages\dashboard-web) C:\Users\mevla\AppData\Local\pnpm\.tools\pnpm\8.15.0\bin\pnpm.CMD run build exited (1)

 Tasks:    96 successful, 183 total
Cached:    93 cached, 183 total
  Time:    17.018s 
Failed:    @isl-lang/dashboard-web#build

 ERROR  run failed: command  exited (1)
ΓÇëELIFECYCLEΓÇë Command failed with exit code 1.
