packages/ai-copilot/src/providers/openai.ts(123,24): error TS2352: Conversion of type 'ChatCompletionResponse' to type 'AsyncIterable<{ choices?: { delta?: { content?: string | undefined; } | undefined; }[] | undefined; }>' may be a mistake because neither type sufficiently overlaps with the other. If this was intentional, convert the expression to 'unknown' first.
  Property '[Symbol.asyncIterator]' is missing in type 'ChatCompletionResponse' but required in type 'AsyncIterable<{ choices?: { delta?: { content?: string | undefined; } | undefined; }[] | undefined; }>'.
packages/ai-copilot/src/providers/openai.ts(125,23): error TS18048: 'chunk.choices' is possibly 'undefined'.
packages/ai-generator/src/models/openai.ts(163,24): error TS2352: Conversion of type 'ChatCompletionResponse' to type 'AsyncIterable<{ choices?: { delta?: { content?: string | undefined; } | undefined; finish_reason?: string | undefined; }[] | undefined; }>' may be a mistake because neither type sufficiently overlaps with the other. If this was intentional, convert the expression to 'unknown' first.
  Property '[Symbol.asyncIterator]' is missing in type 'ChatCompletionResponse' but required in type 'AsyncIterable<{ choices?: { delta?: { content?: string | undefined; } | undefined; finish_reason?: string | undefined; }[] | undefined; }>'.
packages/ai-generator/src/models/openai.ts(168,21): error TS18048: 'chunk.choices' is possibly 'undefined'.
packages/ai-generator/src/models/openai.ts(174,22): error TS18048: 'chunk.choices' is possibly 'undefined'.
packages/ai-generator/src/prompts/behavior.ts(10,3): error TS2305: Module '"@isl-lang/isl-core"' has no exported member 'EntityDeclaration'.
packages/ai-generator/src/prompts/behavior.ts(12,3): error TS2724: '"@isl-lang/isl-core"' has no exported member named 'TypeExpression'. Did you mean 'Expression'?
packages/ai-generator/src/prompts/behavior.ts(130,52): error TS2339: Property 'conditions' does not exist on type 'Expression[]'.
packages/ai-generator/src/prompts/behavior.ts(150,53): error TS2339: Property 'conditions' does not exist on type 'PostconditionBlock[]'.
packages/ai-generator/src/prompts/behavior.ts(158,46): error TS7006: Parameter 's' implicitly has an 'any' type.
packages/ai-generator/src/prompts/behavior.ts(177,35): error TS2339: Property 'expression' does not exist on type 'Expression'.
  Property 'expression' does not exist on type 'Identifier'.
packages/ai-generator/src/prompts/behavior.ts(222,43): error TS2339: Property 'requirements' does not exist on type 'TemporalSpec[]'.
packages/ai-generator/src/prompts/behavior.ts(222,60): error TS7006: Parameter 'req' implicitly has an 'any' type.
packages/ai-generator/src/prompts/behavior.ts(251,43): error TS2339: Property 'requirements' does not exist on type 'SecuritySpec[]'.
packages/ai-generator/src/prompts/behavior.ts(251,60): error TS7006: Parameter 'req' implicitly has an 'any' type.
packages/ai-generator/src/prompts/behavior.ts(347,47): error TS2339: Property 'conditions' does not exist on type 'Expression[]'.
packages/ai-generator/src/prompts/behavior.ts(358,48): error TS2339: Property 'conditions' does not exist on type 'PostconditionBlock[]'.
packages/ai-generator/src/prompts/behavior.ts(376,50): error TS2339: Property 'expression' does not exist on type 'Expression'.
  Property 'expression' does not exist on type 'Identifier'.
packages/ai-generator/src/prompts/behavior.ts(396,19): error TS2339: Property 'unit' does not exist on type 'NumberLiteral'.
packages/ai-generator/src/prompts/behavior.ts(396,47): error TS2339: Property 'unit' does not exist on type 'NumberLiteral'.
packages/ai-generator/src/prompts/behavior.ts(403,10): error TS2678: Type '"MemberExpression"' is not comparable to type '"MapExpr" | "Identifier" | "QualifiedName" | "Literal" | "StringLiteral" | "NumberLiteral" | "BooleanLiteral" | "NullLiteral" | "DurationLiteral" | "RegexLiteral" | "BinaryExpr" | ... 10 more ... | "ListExpr"'.
packages/ai-generator/src/prompts/behavior.ts(404,43): error TS2339: Property 'object' does not exist on type 'never'.
packages/ai-generator/src/prompts/behavior.ts(404,59): error TS2339: Property 'property' does not exist on type 'never'.
packages/ai-generator/src/prompts/behavior.ts(405,10): error TS2678: Type '"CallExpression"' is not comparable to type '"MapExpr" | "Identifier" | "QualifiedName" | "Literal" | "StringLiteral" | "NumberLiteral" | "BooleanLiteral" | "NullLiteral" | "DurationLiteral" | "RegexLiteral" | "BinaryExpr" | ... 10 more ... | "ListExpr"'.
packages/ai-generator/src/prompts/behavior.ts(406,25): error TS2339: Property 'arguments' does not exist on type 'never'.
packages/ai-generator/src/prompts/behavior.ts(407,43): error TS2339: Property 'callee' does not exist on type 'never'.
packages/ai-generator/src/prompts/behavior.ts(408,10): error TS2678: Type '"ComparisonExpression"' is not comparable to type '"MapExpr" | "Identifier" | "QualifiedName" | "Literal" | "StringLiteral" | "NumberLiteral" | "BooleanLiteral" | "NullLiteral" | "DurationLiteral" | "RegexLiteral" | "BinaryExpr" | ... 10 more ... | "ListExpr"'.
packages/ai-generator/src/prompts/behavior.ts(409,43): error TS2339: Property 'left' does not exist on type 'never'.
packages/ai-generator/src/prompts/behavior.ts(409,57): error TS2339: Property 'operator' does not exist on type 'never'.
packages/ai-generator/src/prompts/behavior.ts(409,95): error TS2339: Property 'right' does not exist on type 'never'.
packages/ai-generator/src/prompts/behavior.ts(410,10): error TS2678: Type '"LogicalExpression"' is not comparable to type '"MapExpr" | "Identifier" | "QualifiedName" | "Literal" | "StringLiteral" | "NumberLiteral" | "BooleanLiteral" | "NullLiteral" | "DurationLiteral" | "RegexLiteral" | "BinaryExpr" | ... 10 more ... | "ListExpr"'.
packages/ai-generator/src/prompts/behavior.ts(411,43): error TS2339: Property 'left' does not exist on type 'never'.
packages/ai-generator/src/prompts/behavior.ts(411,57): error TS2339: Property 'operator' does not exist on type 'never'.
packages/ai-generator/src/prompts/behavior.ts(411,95): error TS2339: Property 'right' does not exist on type 'never'.
packages/ai-generator/src/prompts/behavior.ts(412,10): error TS2678: Type '"BinaryExpression"' is not comparable to type '"MapExpr" | "Identifier" | "QualifiedName" | "Literal" | "StringLiteral" | "NumberLiteral" | "BooleanLiteral" | "NullLiteral" | "DurationLiteral" | "RegexLiteral" | "BinaryExpr" | ... 10 more ... | "ListExpr"'.
packages/ai-generator/src/prompts/behavior.ts(413,43): error TS2339: Property 'left' does not exist on type 'never'.
packages/ai-generator/src/prompts/behavior.ts(413,57): error TS2339: Property 'operator' does not exist on type 'never'.
packages/ai-generator/src/prompts/behavior.ts(413,95): error TS2339: Property 'right' does not exist on type 'never'.
packages/ai-generator/src/prompts/behavior.ts(414,10): error TS2678: Type '"UnaryExpression"' is not comparable to type '"MapExpr" | "Identifier" | "QualifiedName" | "Literal" | "StringLiteral" | "NumberLiteral" | "BooleanLiteral" | "NullLiteral" | "DurationLiteral" | "RegexLiteral" | "BinaryExpr" | ... 10 more ... | "ListExpr"'.
packages/ai-generator/src/prompts/behavior.ts(415,22): error TS2339: Property 'operator' does not exist on type 'never'.
packages/ai-generator/src/prompts/behavior.ts(415,60): error TS2339: Property 'operand' does not exist on type 'never'.
packages/ai-generator/src/prompts/behavior.ts(416,10): error TS2678: Type '"OldExpression"' is not comparable to type '"MapExpr" | "Identifier" | "QualifiedName" | "Literal" | "StringLiteral" | "NumberLiteral" | "BooleanLiteral" | "NullLiteral" | "DurationLiteral" | "RegexLiteral" | "BinaryExpr" | ... 10 more ... | "ListExpr"'.
packages/ai-generator/src/prompts/behavior.ts(417,47): error TS2339: Property 'expression' does not exist on type 'never'.
packages/ai-generator/src/prompts/behavior.ts(418,10): error TS2678: Type '"QuantifiedExpression"' is not comparable to type '"MapExpr" | "Identifier" | "QualifiedName" | "Literal" | "StringLiteral" | "NumberLiteral" | "BooleanLiteral" | "NullLiteral" | "DurationLiteral" | "RegexLiteral" | "BinaryExpr" | ... 10 more ... | "ListExpr"'.
packages/ai-generator/src/prompts/behavior.ts(419,22): error TS2339: Property 'quantifier' does not exist on type 'never'.
packages/ai-generator/src/prompts/behavior.ts(419,41): error TS2339: Property 'variable' does not exist on type 'never'.
packages/ai-generator/src/prompts/behavior.ts(419,87): error TS2339: Property 'collection' does not exist on type 'never'.
packages/ai-generator/src/prompts/behavior.ts(419,129): error TS2339: Property 'predicate' does not exist on type 'never'.
packages/ai-generator/src/prompts/behavior.ts(436,32): error TS7006: Parameter 'v' implicitly has an 'any' type.
packages/ai-generator/src/prompts/behavior.ts(440,38): error TS7006: Parameter 'f' implicitly has an 'any' type.
packages/ai-generator/src/prompts/behavior.ts(461,64): error TS2339: Property 'baseType' does not exist on type 'TypeDeclaration'.
packages/ai-generator/src/prompts/behavior.ts(466,32): error TS2339: Property 'enums' does not exist on type 'Domain'.
packages/ai-generator/src/prompts/behavior.ts(467,68): error TS7006: Parameter 'v' implicitly has an 'any' type.
packages/ai-generator/src/prompts/behavior.ts(469,14): error TS2339: Property 'enums' does not exist on type 'Domain'.
packages/ai-generator/tests/generator.test.ts(341,35): error TS2345: Argument of type '{ kind: "Identifier"; name: string; span: any; }' is not assignable to parameter of type 'Expression'.
  Property 'location' is missing in type '{ kind: "Identifier"; name: string; span: any; }' but required in type 'Identifier'.
packages/ai-generator/tests/generator.test.ts(346,35): error TS2345: Argument of type '{ kind: "StringLiteral"; value: string; span: any; }' is not assignable to parameter of type 'Expression'.
  Property 'location' is missing in type '{ kind: "StringLiteral"; value: string; span: any; }' but required in type 'StringLiteral'.
packages/ai-generator/tests/generator.test.ts(356,35): error TS2345: Argument of type '{ kind: "MemberExpression"; object: { kind: "Identifier"; name: string; span: any; }; property: { kind: "Identifier"; name: string; span: any; }; span: any; }' is not assignable to parameter of type 'Expression'.
  Property 'location' is missing in type '{ kind: "MemberExpression"; object: { kind: "Identifier"; name: string; span: any; }; property: { kind: "Identifier"; name: string; span: any; }; span: any; }' but required in type 'MemberExpr'.
packages/ai-generator/tests/generator.test.ts(367,35): error TS2345: Argument of type '{ kind: "ComparisonExpression"; operator: "=="; left: { kind: "Identifier"; name: string; span: any; }; right: { kind: "NumberLiteral"; value: number; span: any; }; span: any; }' is not assignable to parameter of type 'Expression'.
  Type '{ kind: "ComparisonExpression"; operator: "=="; left: { kind: "Identifier"; name: string; span: any; }; right: { kind: "NumberLiteral"; value: number; span: any; }; span: any; }' is not assignable to type 'Identifier | QualifiedName | Literal | StringLiteral | NumberLiteral | BooleanLiteral | ... 14 more ... | MapExpr'.
    Property 'location' is missing in type '{ kind: "ComparisonExpression"; operator: "=="; left: { kind: "Identifier"; name: string; span: any; }; right: { kind: "NumberLiteral"; value: number; span: any; }; span: any; }' but required in type 'BinaryExpr'.
packages/api-gateway/src/gateway.ts(7,10): error TS2305: Module '"@isl-lang/isl-core"' has no exported member 'parseISL'.
packages/api-gateway/src/validator.ts(74,45): error TS2339: Property 'baseType' does not exist on type 'TypeDeclaration'.
packages/api-gateway/src/validator.ts(75,27): error TS2339: Property 'constraints' does not exist on type 'TypeDeclaration'.
packages/api-gateway/src/validator.ts(79,35): error TS2339: Property 'enums' does not exist on type 'Domain'.
packages/api-gateway/src/validator.ts(84,42): error TS7006: Parameter 'v' implicitly has an 'any' type.
packages/api-gateway/src/validator.ts(140,32): error TS2339: Property 'conditions' does not exist on type 'Expression[]'.
packages/api-gateway/src/validator.ts(204,33): error TS2339: Property 'conditions' does not exist on type 'PostconditionBlock[]'.
packages/autofix/tests/shipgate-fixes.test.ts(10,30): error TS2307: Cannot find module '@isl-lang/isl-gate' or its corresponding type declarations.
packages/circuit-breaker/examples/resilience-integration.ts(15,8): error TS2307: Cannot find module '@isl-lang/health-check' or its corresponding type declarations.
packages/circuit-breaker/examples/resilience-integration.ts(17,40): error TS2307: Cannot find module '@isl-lang/health-check' or its corresponding type declarations.
packages/circuit-breaker/examples/resilience-integration.ts(32,7): error TS2783: 'name' is specified more than once, so this usage will be overwritten.
packages/circuit-breaker/examples/resilience-integration.ts(33,7): error TS2783: 'failureThreshold' is specified more than once, so this usage will be overwritten.
packages/circuit-breaker/examples/resilience-integration.ts(34,7): error TS2783: 'successThreshold' is specified more than once, so this usage will be overwritten.
packages/circuit-breaker/examples/resilience-integration.ts(35,7): error TS2783: 'timeout' is specified more than once, so this usage will be overwritten.
packages/circuit-breaker/examples/resilience-integration.ts(36,7): error TS2783: 'resetTimeout' is specified more than once, so this usage will be overwritten.
packages/circuit-breaker/examples/resilience-integration.ts(78,7): error TS2783: 'name' is specified more than once, so this usage will be overwritten.
packages/circuit-breaker/examples/resilience-integration.ts(79,7): error TS2783: 'failureThreshold' is specified more than once, so this usage will be overwritten.
packages/circuit-breaker/examples/resilience-integration.ts(80,7): error TS2783: 'successThreshold' is specified more than once, so this usage will be overwritten.
packages/circuit-breaker/examples/resilience-integration.ts(81,7): error TS2783: 'timeout' is specified more than once, so this usage will be overwritten.
packages/circuit-breaker/examples/resilience-integration.ts(82,7): error TS2783: 'resetTimeout' is specified more than once, so this usage will be overwritten.
packages/circuit-breaker/examples/resilience-integration.ts(110,7): error TS2783: 'name' is specified more than once, so this usage will be overwritten.
packages/circuit-breaker/examples/resilience-integration.ts(111,7): error TS2783: 'failureThreshold' is specified more than once, so this usage will be overwritten.
packages/circuit-breaker/examples/resilience-integration.ts(112,7): error TS2783: 'successThreshold' is specified more than once, so this usage will be overwritten.
packages/circuit-breaker/examples/resilience-integration.ts(113,7): error TS2783: 'timeout' is specified more than once, so this usage will be overwritten.
packages/circuit-breaker/examples/resilience-integration.ts(114,7): error TS2783: 'resetTimeout' is specified more than once, so this usage will be overwritten.
packages/circuit-breaker/examples/resilience-integration.ts(305,50): error TS2345: Argument of type '{}' is not assignable to parameter of type 'CircuitBreakerConfig'.
  Type '{}' is missing the following properties from type 'CircuitBreakerConfig': name, failureThreshold, successThreshold, timeout, resetTimeout
packages/circuit-breaker/examples/resilience-integration.ts(306,39): error TS2345: Argument of type '{}' is not assignable to parameter of type 'CircuitBreakerConfig'.
  Type '{}' is missing the following properties from type 'CircuitBreakerConfig': name, failureThreshold, successThreshold, timeout, resetTimeout
packages/circuit-breaker/examples/resilience-integration.ts(307,39): error TS2345: Argument of type '{}' is not assignable to parameter of type 'CircuitBreakerConfig'.
  Type '{}' is missing the following properties from type 'CircuitBreakerConfig': name, failureThreshold, successThreshold, timeout, resetTimeout
packages/cli/src/cli.ts(80,33): error TS2307: Cannot find module '@isl-lang/core' or its corresponding type declarations.
packages/cli/src/cli.ts(261,146): error TS2345: Argument of type '(genSpan: { setAttribute: (key: string, value: unknown) => void; setError: (message: string) => void; }) => Promise<never>' is not assignable to parameter of type '(span: TracedSpan) => Promise<never>'.
  Types of parameters 'genSpan' and 'span' are incompatible.
    Type 'TracedSpan' is not assignable to type '{ setAttribute: (key: string, value: unknown) => void; setError: (message: string) => void; }'.
      Types of property 'setAttribute' are incompatible.
        Type '(key: string, value: string | number | boolean) => void' is not assignable to type '(key: string, value: unknown) => void'.
          Types of parameters 'value' and 'value' are incompatible.
            Type 'unknown' is not assignable to type 'string | number | boolean'.
packages/cli/src/cli.ts(373,84): error TS2345: Argument of type '(cliSpan: { addEvent: (name: string, attrs: Record<string, unknown>) => void; setAttribute: (key: string, value: unknown) => void; setError: (message: string) => void; }) => Promise<...>' is not assignable to parameter of type '(span: TracedSpan) => Promise<void>'.
  Types of parameters 'cliSpan' and 'span' are incompatible.
    Type 'TracedSpan' is not assignable to type '{ addEvent: (name: string, attrs: Record<string, unknown>) => void; setAttribute: (key: string, value: unknown) => void; setError: (message: string) => void; }'.
      Types of property 'addEvent' are incompatible.
        Type '(name: string, attributes?: Record<string, string | number | boolean> | undefined) => void' is not assignable to type '(name: string, attrs: Record<string, unknown>) => void'.
          Types of parameters 'attributes' and 'attrs' are incompatible.
            Type 'Record<string, unknown>' is not assignable to type 'Record<string, string | number | boolean>'.
              'string' index signatures are incompatible.
                Type 'unknown' is not assignable to type 'string | number | boolean'.
packages/cli/src/cli.ts(576,68): error TS2307: Cannot find module '@isl-lang/core/reporting' or its corresponding type declarations.
packages/cli/src/cli.ts(1298,47): error TS18046: 'err' is of type 'unknown'.
packages/cli/src/cli.ts(1298,78): error TS18046: 'err' is of type 'unknown'.
packages/cli/src/cli.ts(1300,35): error TS18046: 'err' is of type 'unknown'.
packages/cli/src/cli.ts(1941,34): error TS2345: Argument of type '{ input: string; output: any; targetVersion: "0.1" | "0.2"; dryRun: any; verbose: any; }' is not assignable to parameter of type 'string'.
packages/cli/src/cli.ts(1981,45): error TS2307: Cannot find module '@isl-lang/autofix' or its corresponding type declarations.
packages/cli/src/commands/chaos.ts(30,8): error TS2307: Cannot find module '@isl-lang/verifier-chaos' or its corresponding type declarations.
packages/cli/src/commands/chaos.ts(164,32): error TS2307: Cannot find module '@isl-lang/verifier-chaos' or its corresponding type declarations.
packages/cli/src/commands/chaos.ts(566,24): error TS2307: Cannot find module '@isl-lang/verifier-chaos' or its corresponding type declarations.
packages/cli/src/commands/chaos.ts(900,13): error TS2352: Conversion of type 'Domain' to type 'DomainDeclaration' may be a mistake because neither type sufficiently overlaps with the other. If this was intentional, convert the expression to 'unknown' first.
  Types of property 'behaviors' are incompatible.
    Type 'Behavior[]' is not comparable to type 'BehaviorDeclaration[]'.
      Type 'Behavior' is not comparable to type 'BehaviorDeclaration'.
        Index signature for type 'string' is missing in type 'Behavior'.
packages/cli/src/commands/check.ts(577,6): error TS2345: Argument of type '(checkSpan: { setAttribute: (key: string, value: unknown) => void; setError: (message: string) => void; }) => Promise<{ success: boolean; files: FileCheckResult[]; totalErrors: number; totalWarnings: number; duration: number; }>' is not assignable to parameter of type '(span: TracedSpan) => Promise<{ success: boolean; files: FileCheckResult[]; totalErrors: number; totalWarnings: number; duration: number; }>'.
  Types of parameters 'checkSpan' and 'span' are incompatible.
    Type 'TracedSpan' is not assignable to type '{ setAttribute: (key: string, value: unknown) => void; setError: (message: string) => void; }'.
      Types of property 'setAttribute' are incompatible.
        Type '(key: string, value: string | number | boolean) => void' is not assignable to type '(key: string, value: unknown) => void'.
          Types of parameters 'value' and 'value' are incompatible.
            Type 'unknown' is not assignable to type 'string | number | boolean'.
packages/cli/src/commands/coverage.ts(5,10): error TS2305: Module '"@isl-lang/isl-coverage"' has no exported member 'analyzeCoverage'.
packages/cli/src/commands/coverage.ts(12,3): error TS2305: Module '"@isl-lang/isl-coverage"' has no exported member 'CoverageOptions'.
packages/cli/src/commands/coverage.ts(13,3): error TS2305: Module '"@isl-lang/isl-coverage"' has no exported member 'UnboundBehavior'.
packages/cli/src/commands/coverage.ts(14,3): error TS2305: Module '"@isl-lang/isl-coverage"' has no exported member 'UnknownConstraint'.
packages/cli/src/commands/coverage.ts(165,35): error TS18046: 'domain' is of type 'unknown'.
packages/cli/src/commands/coverage.ts(166,37): error TS18046: 'domain' is of type 'unknown'.
packages/cli/src/commands/coverage.ts(168,25): error TS18046: 'domain' is of type 'unknown'.
packages/cli/src/commands/coverage.ts(169,11): error TS18046: 'domain' is of type 'unknown'.
packages/cli/src/commands/coverage.ts(170,11): error TS18046: 'domain' is of type 'unknown'.
packages/cli/src/commands/coverage.ts(174,29): error TS18046: 'domain' is of type 'unknown'.
packages/cli/src/commands/coverage.ts(175,11): error TS18046: 'domain' is of type 'unknown'.
packages/cli/src/commands/coverage.ts(176,11): error TS18046: 'domain' is of type 'unknown'.
packages/cli/src/commands/coverage.ts(179,39): error TS18046: 'domain' is of type 'unknown'.
packages/cli/src/commands/coverage.ts(181,29): error TS18046: 'domain' is of type 'unknown'.
packages/cli/src/commands/coverage.ts(182,11): error TS18046: 'domain' is of type 'unknown'.
packages/cli/src/commands/coverage.ts(183,11): error TS18046: 'domain' is of type 'unknown'.
packages/cli/src/commands/coverage.ts(187,47): error TS18046: 'domain' is of type 'unknown'.
packages/cli/src/commands/coverage.ts(202,25): error TS18046: 'behavior' is of type 'unknown'.
packages/cli/src/commands/coverage.ts(202,55): error TS18046: 'behavior' is of type 'unknown'.
packages/cli/src/commands/coverage.ts(205,30): error TS18046: 'behavior' is of type 'unknown'.
packages/cli/src/commands/coverage.ts(205,47): error TS18046: 'behavior' is of type 'unknown'.
packages/cli/src/commands/coverage.ts(225,25): error TS18046: 'constraint' is of type 'unknown'.
packages/cli/src/commands/coverage.ts(225,64): error TS18046: 'constraint' is of type 'unknown'.
packages/cli/src/commands/coverage.ts(227,37): error TS18046: 'constraint' is of type 'unknown'.
packages/cli/src/commands/coverage.ts(229,30): error TS18046: 'constraint' is of type 'unknown'.
packages/cli/src/commands/coverage.ts(229,49): error TS18046: 'constraint' is of type 'unknown'.
packages/cli/src/commands/coverage.ts(231,11): error TS18046: 'constraint' is of type 'unknown'.
packages/cli/src/commands/coverage.ts(233,38): error TS18046: 'constraint' is of type 'unknown'.
packages/cli/src/commands/coverage.ts(237,29): error TS18046: 'constraint' is of type 'unknown'.
packages/cli/src/commands/coverage.ts(253,35): error TS18046: 'domain' is of type 'unknown'.
packages/cli/src/commands/coverage.ts(254,30): error TS18046: 'domain' is of type 'unknown'.
packages/cli/src/commands/demo.ts(430,49): error TS2345: Argument of type '{ success: boolean; trustScore: number; errors: string[]; }' is not assignable to parameter of type 'VerifyResult'.
  Type '{ success: boolean; trustScore: number; errors: string[]; }' is missing the following properties from type 'VerifyResult': specFile, implFile, duration
packages/cli/src/commands/diff-openapi.ts(13,67): error TS2307: Cannot find module '@isl-lang/codegen-openapi' or its corresponding type declarations.
packages/cli/src/commands/diff-openapi.ts(296,42): error TS7006: Parameter 'p' implicitly has an 'any' type.
packages/cli/src/commands/diff-openapi.ts(321,20): error TS2339: Property 'required' does not exist on type '{}'.
packages/cli/src/commands/diff-openapi.ts(330,28): error TS2339: Property 'required' does not exist on type '{}'.
packages/cli/src/commands/diff-openapi.ts(344,45): error TS7006: Parameter 'p' implicitly has an 'any' type.
packages/cli/src/commands/domain.ts(692,74): error TS2749: 'ExitCode' refers to a value, but is being used as a type here. Did you mean 'typeof ExitCode'?
packages/cli/src/commands/drift.ts(30,39): error TS2307: Cannot find module '@isl-lang/core' or its corresponding type declarations.
packages/cli/src/commands/drift.ts(36,46): error TS2307: Cannot find module '@isl-lang/core/audit-v2' or its corresponding type declarations.
packages/cli/src/commands/drift.ts(213,22): error TS2721: Cannot invoke an object which is possibly 'null'.
packages/cli/src/commands/drift.ts(213,22): error TS18047: 'detectRoutes' is possibly 'null'.
packages/cli/src/commands/drift.ts(413,22): error TS2339: Property 'type' does not exist on type 'TypeDefinition'.
  Property 'type' does not exist on type 'PrimitiveType'.
packages/cli/src/commands/drift.ts(415,58): error TS2339: Property 'type' does not exist on type 'OutputSpec'.
packages/cli/src/commands/drift.ts(416,24): error TS2339: Property 'errors' does not exist on type 'Behavior'.
packages/cli/src/commands/drift.ts(416,35): error TS7006: Parameter 'e' implicitly has an 'any' type.
packages/cli/src/commands/drift.ts(426,22): error TS2339: Property 'type' does not exist on type 'TypeDefinition'.
  Property 'type' does not exist on type 'PrimitiveType'.
packages/cli/src/commands/drift.ts(454,11): error TS7022: 'stat' implicitly has type 'any' because it does not have a type annotation and is referenced directly or indirectly in its own initializer.
packages/cli/src/commands/drift.ts(454,24): error TS2448: Block-scoped variable 'stat' used before its declaration.
packages/cli/src/commands/gate.ts(142,84): error TS2554: Expected 3-4 arguments, but got 5.
packages/cli/src/commands/gate.ts(311,37): error TS2345: Argument of type 'Domain | undefined' is not assignable to parameter of type 'Domain'.
  Type 'undefined' is not assignable to type 'Domain'.
packages/cli/src/commands/gate.ts(528,19): error TS2304: Cannot find name 'getCurrentTraceId'.
packages/cli/src/commands/gen-adapters.ts(7,84): error TS2307: Cannot find module '@isl-lang/codegen-python' or its corresponding type declarations.
packages/cli/src/commands/gen-adapters.ts(8,123): error TS2307: Cannot find module '@isl-lang/codegen-graphql' or its corresponding type declarations.
packages/cli/src/commands/gen-adapters.ts(18,24): error TS2339: Property 'name' does not exist on type 'QualifiedName'.
packages/cli/src/commands/gen.ts(135,34): error TS2551: Property 'inputs' does not exist on type 'Behavior'. Did you mean 'input'?
packages/cli/src/commands/gen.ts(135,46): error TS7006: Parameter 'i' implicitly has an 'any' type.
packages/cli/src/commands/gen.ts(140,29): error TS2345: Argument of type 'OutputSpec' is not assignable to parameter of type 'TypeDefinition | { name: string; } | null | undefined'.
  Type 'OutputSpec' is not assignable to type 'PrimitiveType | ConstrainedType | EnumType | StructType | UnionType | ListType | MapType | OptionalType | ReferenceType | { ...; }'.
    Property 'name' is missing in type 'OutputSpec' but required in type 'ReferenceType'.
packages/cli/src/commands/gen.ts(171,44): error TS2339: Property 'elementType' does not exist on type 'ListType'.
packages/cli/src/commands/gen.ts(173,51): error TS2339: Property 'keyType' does not exist on type 'MapType'.
packages/cli/src/commands/gen.ts(173,91): error TS2339: Property 'valueType' does not exist on type 'MapType'.
packages/cli/src/commands/gen.ts(177,18): error TS2339: Property 'types' does not exist on type 'UnionType'.
packages/cli/src/commands/gen.ts(177,28): error TS7006: Parameter 't' implicitly has an 'any' type.
packages/cli/src/commands/gen.ts(179,23): error TS2339: Property 'name' does not exist on type 'QualifiedName'.
packages/cli/src/commands/gen.ts(259,52): error TS2339: Property 'name' does not exist on type 'TypeDefinition'.
  Property 'name' does not exist on type 'ConstrainedType'.
packages/cli/src/commands/gen.ts(270,29): error TS2551: Property 'inputs' does not exist on type 'Behavior'. Did you mean 'input'?
packages/cli/src/commands/gen.ts(270,41): error TS7006: Parameter 'i' implicitly has an 'any' type.
packages/cli/src/commands/gen.ts(273,55): error TS2339: Property 'name' does not exist on type 'OutputSpec'.
packages/cli/src/commands/gen.ts(307,48): error TS2339: Property 'name' does not exist on type 'TypeDefinition'.
  Property 'name' does not exist on type 'ConstrainedType'.
packages/cli/src/commands/gen.ts(319,32): error TS2551: Property 'inputs' does not exist on type 'Behavior'. Did you mean 'input'?
packages/cli/src/commands/gen.ts(320,30): error TS2551: Property 'inputs' does not exist on type 'Behavior'. Did you mean 'input'?
packages/cli/src/commands/gen.ts(322,53): error TS2339: Property 'name' does not exist on type 'OutputSpec'.
packages/cli/src/commands/gen.ts(342,27): error TS2339: Property 'description' does not exist on type 'Domain'.
packages/cli/src/commands/gen.ts(359,68): error TS2339: Property 'name' does not exist on type 'TypeDefinition'.
  Property 'name' does not exist on type 'ConstrainedType'.
packages/cli/src/commands/gen.ts(382,31): error TS2551: Property 'inputs' does not exist on type 'Behavior'. Did you mean 'input'?
packages/cli/src/commands/gen.ts(386,32): error TS2551: Property 'inputs' does not exist on type 'Behavior'. Did you mean 'input'?
packages/cli/src/commands/gen.ts(387,62): error TS2551: Property 'inputs' does not exist on type 'Behavior'. Did you mean 'input'?
packages/cli/src/commands/gen.ts(397,75): error TS2339: Property 'name' does not exist on type 'OutputSpec'.
packages/cli/src/commands/gen.ts(570,48): error TS2307: Cannot find module '@isl-lang/codegen-python' or its corresponding type declarations.
packages/cli/src/commands/gen.ts(593,50): error TS2307: Cannot find module '@isl-lang/codegen-graphql' or its corresponding type declarations.
packages/cli/src/commands/gen.ts(613,82): error TS7006: Parameter 'sum' implicitly has an 'any' type.
packages/cli/src/commands/gen.ts(613,87): error TS7006: Parameter 'f' implicitly has an 'any' type.
packages/cli/src/commands/gen.ts(634,68): error TS2307: Cannot find module '@isl-lang/codegen-openapi' or its corresponding type declarations.
packages/cli/src/commands/gen.ts(668,59): error TS2304: Cannot find name 'outputPath'.
packages/cli/src/commands/generate.ts(91,34): error TS2551: Property 'inputs' does not exist on type 'Behavior'. Did you mean 'input'?
packages/cli/src/commands/generate.ts(91,46): error TS7006: Parameter 'i' implicitly has an 'any' type.
packages/cli/src/commands/generate.ts(96,29): error TS2345: Argument of type 'OutputSpec' is not assignable to parameter of type 'TypeDefinition | { name: string; } | null | undefined'.
  Type 'OutputSpec' is not assignable to type 'PrimitiveType | ConstrainedType | EnumType | StructType | UnionType | ListType | MapType | OptionalType | ReferenceType | { ...; }'.
    Property 'name' is missing in type 'OutputSpec' but required in type 'ReferenceType'.
packages/cli/src/commands/generate.ts(160,44): error TS2339: Property 'elementType' does not exist on type 'ListType'.
packages/cli/src/commands/generate.ts(162,51): error TS2339: Property 'keyType' does not exist on type 'MapType'.
packages/cli/src/commands/generate.ts(162,91): error TS2339: Property 'valueType' does not exist on type 'MapType'.
packages/cli/src/commands/generate.ts(166,18): error TS2339: Property 'types' does not exist on type 'UnionType'.
packages/cli/src/commands/generate.ts(166,28): error TS7006: Parameter 't' implicitly has an 'any' type.
packages/cli/src/commands/generate.ts(168,23): error TS2339: Property 'name' does not exist on type 'QualifiedName'.
packages/cli/src/commands/generate.ts(238,14): error TS2339: Property 'description' does not exist on type 'Domain'.
packages/cli/src/commands/generate.ts(239,23): error TS2339: Property 'description' does not exist on type 'Domain'.
packages/cli/src/commands/generate.ts(266,37): error TS2339: Property 'name' does not exist on type 'TypeDefinition'.
  Property 'name' does not exist on type 'ConstrainedType'.
packages/cli/src/commands/generate.ts(282,18): error TS2551: Property 'inputs' does not exist on type 'Behavior'. Did you mean 'input'?
packages/cli/src/commands/generate.ts(282,37): error TS2551: Property 'inputs' does not exist on type 'Behavior'. Did you mean 'input'?
packages/cli/src/commands/generate.ts(283,31): error TS2551: Property 'inputs' does not exist on type 'Behavior'. Did you mean 'input'?
packages/cli/src/commands/generate.ts(283,42): error TS7006: Parameter 'i' implicitly has an 'any' type.
packages/cli/src/commands/generate.ts(284,39): error TS2339: Property 'name' does not exist on type 'OutputSpec'.
packages/cli/src/commands/generate.ts(290,18): error TS2339: Property 'body' does not exist on type 'Behavior'.
packages/cli/src/commands/generate.ts(290,51): error TS2339: Property 'body' does not exist on type 'Behavior'.
packages/cli/src/commands/generate.ts(292,35): error TS2339: Property 'body' does not exist on type 'Behavior'.
packages/cli/src/commands/generate.ts(299,18): error TS2339: Property 'body' does not exist on type 'Behavior'.
packages/cli/src/commands/generate.ts(299,46): error TS2339: Property 'body' does not exist on type 'Behavior'.
packages/cli/src/commands/generate.ts(302,39): error TS2339: Property 'body' does not exist on type 'Behavior'.
packages/cli/src/commands/heal.ts(18,50): error TS7016: Could not find a declaration file for module '@isl-lang/pipeline'. 'C:/Users/mevla/OneDrive/Desktop/projects/IntentOS/packages/isl-pipeline/dist/index.js' implicitly has an 'any' type.
  Try `npm i --save-dev @types/isl-lang__pipeline` if it exists or add a new declaration (.d.ts) file containing `declare module '@isl-lang/pipeline';`
packages/cli/src/commands/heal.ts(154,7): error TS2322: Type 'string | null' is not assignable to type 'string | undefined'.
  Type 'null' is not assignable to type 'string | undefined'.
packages/cli/src/commands/heal.ts(188,13): error TS2339: Property 'ast' does not exist on type 'ParseResult'.
packages/cli/src/commands/heal.ts(265,63): error TS7006: Parameter 'iter' implicitly has an 'any' type.
packages/cli/src/commands/heal.ts(267,39): error TS7006: Parameter 'v' implicitly has an 'any' type.
packages/cli/src/commands/heal.ts(350,45): error TS2304: Cannot find name 'maxShow'.
packages/cli/src/commands/import-openapi.ts(13,85): error TS2307: Cannot find module '@isl-lang/codegen-openapi' or its corresponding type declarations.
packages/cli/src/commands/import-openapi.ts(172,25): error TS7006: Parameter 'c' implicitly has an 'any' type.
packages/cli/src/commands/import-openapi.ts(207,9): error TS18046: 'schema' is of type 'unknown'.
packages/cli/src/commands/import-openapi.ts(207,38): error TS18046: 'schema' is of type 'unknown'.
packages/cli/src/commands/import-openapi.ts(210,17): error TS18046: 'schema' is of type 'unknown'.
packages/cli/src/commands/import-openapi.ts(210,33): error TS7006: Parameter 'v' implicitly has an 'any' type.
packages/cli/src/commands/import-openapi.ts(212,16): error TS18046: 'schema' is of type 'unknown'.
packages/cli/src/commands/import-openapi.ts(212,44): error TS18046: 'schema' is of type 'unknown'.
packages/cli/src/commands/import-openapi.ts(214,21): error TS18046: 'schema' is of type 'unknown'.
packages/cli/src/commands/import-openapi.ts(214,50): error TS18046: 'schema' is of type 'unknown'.
packages/cli/src/commands/import-openapi.ts(316,47): error TS7006: Parameter 'v' implicitly has an 'any' type.
packages/cli/src/commands/import-openapi.ts(371,9): error TS18046: 'fieldSchema' is of type 'unknown'.
packages/cli/src/commands/import-openapi.ts(372,9): error TS18046: 'fieldSchema' is of type 'unknown'.
packages/cli/src/commands/import-openapi.ts(405,25): error TS18046: 'pathItem' is of type 'unknown'.
packages/cli/src/commands/import-openapi.ts(414,13): error TS18046: 'pathItem' is of type 'unknown'.
packages/cli/src/commands/import-openapi.ts(453,47): error TS18046: 'response' is of type 'unknown'.
packages/cli/src/commands/index.ts(57,111): error TS2300: Duplicate identifier 'PolicyCheckOptions'.
packages/cli/src/commands/index.ts(57,136): error TS2300: Duplicate identifier 'PolicyCheckResult'.
packages/cli/src/commands/index.ts(71,170): error TS2300: Duplicate identifier 'PolicyCheckOptions'.
packages/cli/src/commands/index.ts(71,195): error TS2300: Duplicate identifier 'PolicyCheckResult'.
packages/cli/src/commands/init.ts(599,51): error TS7016: Could not find a declaration file for module '@isl-lang/spec-assist'. 'C:/Users/mevla/OneDrive/Desktop/projects/IntentOS/packages/spec-assist/dist/index.js' implicitly has an 'any' type.
  Try `npm i --save-dev @types/isl-lang__spec-assist` if it exists or add a new declaration (.d.ts) file containing `declare module '@isl-lang/spec-assist';`
packages/cli/src/commands/init.ts(625,50): error TS7006: Parameter 'd' implicitly has an 'any' type.
packages/cli/src/commands/isl-generate.ts(380,34): error TS2307: Cannot find module '@isl-lang/inference' or its corresponding type declarations.
packages/cli/src/commands/isl-generate.ts(382,32): error TS2307: Cannot find module '@isl-lang/inference' or its corresponding type declarations.
packages/cli/src/commands/isl-generate.ts(462,13): error TS2571: Object is of type 'unknown'.
packages/cli/src/commands/isl-generate.ts(462,45): error TS18046: 'a' is of type 'unknown'.
packages/cli/src/commands/isl-generate.ts(462,49): error TS18046: 'b' is of type 'unknown'.
packages/cli/src/commands/lint.ts(185,45): error TS2304: Cannot find name 'BehaviorDeclaration'.
packages/cli/src/commands/lint.ts(282,39): error TS2339: Property 'names' does not exist on type 'Import'.
packages/cli/src/commands/lint.ts(335,47): error TS2339: Property 'span' does not exist on type 'PostconditionBlock[]'.
packages/cli/src/commands/lint.ts(336,49): error TS2339: Property 'span' does not exist on type 'PostconditionBlock[]'.
packages/cli/src/commands/lint.ts(391,39): error TS2339: Property 'names' does not exist on type 'Import'.
packages/cli/src/commands/lint.ts(763,10): error TS2393: Duplicate function implementation.
packages/cli/src/commands/lint.ts(832,10): error TS2393: Duplicate function implementation.
packages/cli/src/commands/lint.ts(945,9): error TS2322: Type '{ rule: string; severity: "error"; message: string; file: string; line: unknown; column: unknown; }[]' is not assignable to type 'LintIssue[]'.
  Type '{ rule: string; severity: "error"; message: string; file: string; line: unknown; column: unknown; }' is not assignable to type 'LintIssue'.
    Types of property 'line' are incompatible.
      Type 'unknown' is not assignable to type 'number | undefined'.
packages/cli/src/commands/migrate.ts(178,17): error TS2304: Cannot find name 'dryRun'.
packages/cli/src/commands/parse.ts(58,39): error TS2339: Property 'name' does not exist on type 'TypeDefinition'.
  Property 'name' does not exist on type 'ConstrainedType'.
packages/cli/src/commands/parse.ts(69,31): error TS2551: Property 'inputs' does not exist on type 'Behavior'. Did you mean 'input'?
packages/cli/src/commands/parse.ts(69,43): error TS7006: Parameter 'i' implicitly has an 'any' type.
packages/cli/src/commands/parse.ts(70,39): error TS2339: Property 'name' does not exist on type 'OutputSpec'.
packages/cli/src/commands/parse.ts(74,34): error TS2339: Property 'body' does not exist on type 'Behavior'.
packages/cli/src/commands/parse.ts(75,38): error TS2339: Property 'body' does not exist on type 'Behavior'.
packages/cli/src/commands/parse.ts(109,23): error TS2339: Property 'name' does not exist on type 'TypeDefinition'.
  Property 'name' does not exist on type 'ConstrainedType'.
packages/cli/src/commands/parse.ts(116,17): error TS2551: Property 'inputs' does not exist on type 'Behavior'. Did you mean 'input'?
packages/cli/src/commands/parse.ts(116,29): error TS7006: Parameter 'i' implicitly has an 'any' type.
packages/cli/src/commands/parse.ts(120,25): error TS2339: Property 'name' does not exist on type 'OutputSpec'.
packages/cli/src/commands/parse.ts(121,25): error TS2339: Property 'body' does not exist on type 'Behavior'.
packages/cli/src/commands/parse.ts(122,20): error TS2339: Property 'body' does not exist on type 'Behavior'.
packages/cli/src/commands/parse.ts(201,40): error TS18046: 'error.span' is of type 'unknown'.
packages/cli/src/commands/parse.ts(201,70): error TS2339: Property 'line' does not exist on type 'Diagnostic'.
packages/cli/src/commands/parse.ts(202,42): error TS18046: 'error.span' is of type 'unknown'.
packages/cli/src/commands/parse.ts(202,74): error TS2339: Property 'column' does not exist on type 'Diagnostic'.
packages/cli/src/commands/pbt.ts(132,52): error TS2503: Cannot find namespace 'pbt'.
packages/cli/src/commands/pbt.ts(133,62): error TS2503: Cannot find namespace 'pbt'.
packages/cli/src/commands/pbt.ts(385,13): error TS2352: Conversion of type 'Domain' to type 'DomainDeclaration' may be a mistake because neither type sufficiently overlaps with the other. If this was intentional, convert the expression to 'unknown' first.
  Types of property 'behaviors' are incompatible.
    Type 'Behavior[]' is not comparable to type 'BehaviorDeclaration[]'.
      Type 'Behavior' is not comparable to type 'BehaviorDeclaration'.
        Index signature for type 'string' is missing in type 'Behavior'.
packages/cli/src/commands/policy-bundle.ts(174,70): error TS2749: 'ExitCode' refers to a value, but is being used as a type here. Did you mean 'typeof ExitCode'?
packages/cli/src/commands/policy-bundle.ts(319,70): error TS2749: 'ExitCode' refers to a value, but is being used as a type here. Did you mean 'typeof ExitCode'?
packages/cli/src/commands/policy-check.ts(154,55): error TS2345: Argument of type 'undefined' is not assignable to parameter of type 'string'.
packages/cli/src/commands/policy-engine.ts(116,38): error TS2307: Cannot find module '@isl-lang/firewall' or its corresponding type declarations.
packages/cli/src/commands/policy-loader.ts(91,17): error TS2345: Argument of type '{ field: string; message: string; }' is not assignable to parameter of type 'PolicyValidationError'.
  Type '{ field: string; message: string; }' is missing the following properties from type 'PolicyValidationError': validationErrors, name
packages/cli/src/commands/policy-loader.ts(100,69): error TS2339: Property 'strict' does not exist on type '{}'.
packages/cli/src/commands/policy-loader.ts(101,73): error TS2339: Property 'standard' does not exist on type '{}'.
packages/cli/src/commands/policy-loader.ts(102,71): error TS2339: Property 'lenient' does not exist on type '{}'.
packages/cli/src/commands/policy-loader.ts(108,19): error TS2345: Argument of type '{ field: string; message: string; }' is not assignable to parameter of type 'PolicyValidationError'.
  Type '{ field: string; message: string; }' is missing the following properties from type 'PolicyValidationError': validationErrors, name
packages/cli/src/commands/policy-loader.ts(114,19): error TS2345: Argument of type '{ field: string; message: string; }' is not assignable to parameter of type 'PolicyValidationError'.
  Type '{ field: string; message: string; }' is missing the following properties from type 'PolicyValidationError': validationErrors, name
packages/cli/src/commands/policy-loader.ts(124,17): error TS2345: Argument of type '{ field: string; message: string; }' is not assignable to parameter of type 'PolicyValidationError'.
  Type '{ field: string; message: string; }' is missing the following properties from type 'PolicyValidationError': validationErrors, name
packages/cli/src/commands/policy-loader.ts(135,19): error TS2345: Argument of type '{ field: string; message: string; }' is not assignable to parameter of type 'PolicyValidationError'.
  Type '{ field: string; message: string; }' is missing the following properties from type 'PolicyValidationError': validationErrors, name
packages/cli/src/commands/policy-loader.ts(141,19): error TS2345: Argument of type '{ field: string; message: string; }' is not assignable to parameter of type 'PolicyValidationError'.
  Type '{ field: string; message: string; }' is missing the following properties from type 'PolicyValidationError': validationErrors, name
packages/cli/src/commands/policy-loader.ts(147,19): error TS2345: Argument of type '{ field: string; message: string; }' is not assignable to parameter of type 'PolicyValidationError'.
  Type '{ field: string; message: string; }' is missing the following properties from type 'PolicyValidationError': validationErrors, name
packages/cli/src/commands/policy-loader.ts(159,19): error TS2345: Argument of type '{ field: string; message: string; }' is not assignable to parameter of type 'PolicyValidationError'.
  Type '{ field: string; message: string; }' is missing the following properties from type 'PolicyValidationError': validationErrors, name
packages/cli/src/commands/policy-loader.ts(165,19): error TS2345: Argument of type '{ field: string; message: string; }' is not assignable to parameter of type 'PolicyValidationError'.
  Type '{ field: string; message: string; }' is missing the following properties from type 'PolicyValidationError': validationErrors, name
packages/cli/src/commands/policy-loader.ts(172,21): error TS2345: Argument of type '{ field: string; message: string; }' is not assignable to parameter of type 'PolicyValidationError'.
  Type '{ field: string; message: string; }' is missing the following properties from type 'PolicyValidationError': validationErrors, name
packages/cli/src/commands/policy-loader.ts(179,19): error TS2345: Argument of type '{ field: string; message: string; }' is not assignable to parameter of type 'PolicyValidationError'.
  Type '{ field: string; message: string; }' is missing the following properties from type 'PolicyValidationError': validationErrors, name
packages/cli/src/commands/policy-loader.ts(238,38): error TS7016: Could not find a declaration file for module 'minimatch'. 'C:/Users/mevla/OneDrive/Desktop/projects/IntentOS/node_modules/.pnpm/minimatch@3.1.2/node_modules/minimatch/minimatch.js' implicitly has an 'any' type.
  If the 'minimatch' package actually exposes this module, try adding a new declaration (.d.ts) file containing `declare module 'minimatch';`
packages/cli/src/commands/policy-team.ts(23,8): error TS2307: Cannot find module '@isl-lang/core' or its corresponding type declarations.
packages/cli/src/commands/policy-team.ts(28,8): error TS2307: Cannot find module '@isl-lang/core' or its corresponding type declarations.
packages/cli/src/commands/proof-badge.ts(307,5): error TS18046: 'attestation.predicate' is of type 'unknown'.
packages/cli/src/commands/proof-badge.ts(308,10): error TS18046: 'attestation.predicate' is of type 'unknown'.
packages/cli/src/commands/proof-badge.ts(315,5): error TS18046: 'attestation.predicate' is of type 'unknown'.
packages/cli/src/commands/proof-badge.ts(323,5): error TS18046: 'attestation.predicate' is of type 'unknown'.
packages/cli/src/commands/proof-badge.ts(370,10): error TS2393: Duplicate function implementation.
packages/cli/src/commands/proof-badge.ts(416,23): error TS2393: Duplicate function implementation.
packages/cli/src/commands/proof-badge.ts(422,39): error TS2345: Argument of type 'ProofBundleManifest' is not assignable to parameter of type 'string'.
packages/cli/src/commands/proof-badge.ts(425,39): error TS2345: Argument of type 'Promise<ProofCommentResult>' is not assignable to parameter of type 'string | ArrayBufferView<ArrayBufferLike> | Stream | Iterable<string | ArrayBufferView<ArrayBufferLike>> | AsyncIterable<...>'.
  Type 'Promise<ProofCommentResult>' is not assignable to type 'DataView<ArrayBufferLike> | Stream | Iterable<string | ArrayBufferView<ArrayBufferLike>> | AsyncIterable<...>'.
    Type 'Promise<ProofCommentResult>' is missing the following properties from type 'DataView<ArrayBufferLike>': buffer, byteLength, byteOffset, getFloat32, and 19 more.
packages/cli/src/commands/proof-badge.ts(428,9): error TS2322: Type 'Promise<ProofCommentResult>' is not assignable to type 'string'.
packages/cli/src/commands/proof-badge.ts(434,9): error TS2322: Type 'Promise<ProofCommentResult>' is not assignable to type 'string'.
packages/cli/src/commands/repl.ts(368,86): error TS2339: Property 'column' does not exist on type 'Diagnostic & Record<"line", unknown>'.
packages/cli/src/commands/repl.ts(614,7): error TS2322: Type '(domain: unknown) => TypeCheckResult' is not assignable to type '(domain: unknown) => { success: boolean; errors: unknown[]; warnings: unknown[]; }'.
  Type 'TypeCheckResult' is missing the following properties from type '{ success: boolean; errors: unknown[]; warnings: unknown[]; }': errors, warnings
packages/cli/src/commands/scan.ts(27,8): error TS2307: Cannot find module '@isl-lang/firewall' or its corresponding type declarations.
packages/cli/src/commands/scan.ts(121,34): error TS7006: Parameter 'r' implicitly has an 'any' type.
packages/cli/src/commands/scan.ts(151,40): error TS2307: Cannot find module '@isl-lang/firewall' or its corresponding type declarations.
packages/cli/src/commands/scan.ts(183,46): error TS2307: Cannot find module '@isl-lang/firewall' or its corresponding type declarations.
packages/cli/src/commands/shipgate-chaos.ts(27,8): error TS2307: Cannot find module '@isl-lang/verifier-chaos' or its corresponding type declarations.
packages/cli/src/commands/shipgate-chaos.ts(203,32): error TS2307: Cannot find module '@isl-lang/verifier-chaos' or its corresponding type declarations.
packages/cli/src/commands/shipgate-chaos.ts(701,13): error TS2352: Conversion of type 'Domain' to type 'DomainDeclaration' may be a mistake because neither type sufficiently overlaps with the other. If this was intentional, convert the expression to 'unknown' first.
  Types of property 'behaviors' are incompatible.
    Type 'Behavior[]' is not comparable to type 'BehaviorDeclaration[]'.
      Type 'Behavior' is not comparable to type 'BehaviorDeclaration'.
        Index signature for type 'string' is missing in type 'Behavior'.
packages/cli/src/commands/simulate.ts(93,46): error TS2307: Cannot find module '@isl-lang/interpreter' or its corresponding type declarations.
packages/cli/src/commands/simulate.ts(198,16): error TS2678: Type '"Float"' is not comparable to type '"String" | "UUID" | "Int" | "Boolean" | "Decimal" | "Timestamp" | "Duration"'.
packages/cli/src/commands/spec.ts(1350,33): error TS7016: Could not find a declaration file for module '@isl-lang/spec-assist'. 'C:/Users/mevla/OneDrive/Desktop/projects/IntentOS/packages/spec-assist/dist/index.js' implicitly has an 'any' type.
  Try `npm i --save-dev @types/isl-lang__spec-assist` if it exists or add a new declaration (.d.ts) file containing `declare module '@isl-lang/spec-assist';`
packages/cli/src/commands/spec.ts(1352,31): error TS7016: Could not find a declaration file for module '@isl-lang/spec-assist'. 'C:/Users/mevla/OneDrive/Desktop/projects/IntentOS/packages/spec-assist/dist/index.js' implicitly has an 'any' type.
  Try `npm i --save-dev @types/isl-lang__spec-assist` if it exists or add a new declaration (.d.ts) file containing `declare module '@isl-lang/spec-assist';`
packages/cli/src/commands/spec.ts(1413,55): error TS7006: Parameter 'd' implicitly has an 'any' type.
packages/cli/src/commands/trust-score-explain.ts(139,7): error TS2554: Expected 1 arguments, but got 2.
packages/cli/src/commands/trust-score-explain.ts(268,37): error TS2304: Cannot find name 'ClauseStatus'.
packages/cli/src/commands/verify-evolution.ts(15,51): error TS2307: Cannot find module '@isl-lang/api-versioning' or its corresponding type declarations.
packages/cli/src/commands/verify-evolution.ts(16,32): error TS2307: Cannot find module '@isl-lang/schema-evolution' or its corresponding type declarations.
packages/cli/src/commands/verify-evolution.ts(17,32): error TS2307: Cannot find module '@isl-lang/schema-evolution' or its corresponding type declarations.
packages/cli/src/commands/verify-evolution.ts(95,26): error TS2339: Property 'type' does not exist on type 'TypeDefinition'.
  Property 'type' does not exist on type 'PrimitiveType'.
packages/cli/src/commands/verify-evolution.ts(104,26): error TS2339: Property 'type' does not exist on type 'TypeDefinition'.
  Property 'type' does not exist on type 'PrimitiveType'.
packages/cli/src/commands/verify-evolution.ts(108,28): error TS2339: Property 'type' does not exist on type 'OutputSpec'.
packages/cli/src/commands/verify-evolution.ts(111,21): error TS2339: Property 'errors' does not exist on type 'Behavior'.
packages/cli/src/commands/verify-evolution.ts(111,32): error TS7006: Parameter 'e' implicitly has an 'any' type.
packages/cli/src/commands/verify-evolution.ts(127,26): error TS2339: Property 'type' does not exist on type 'TypeDefinition'.
  Property 'type' does not exist on type 'PrimitiveType'.
packages/cli/src/commands/verify-evolution.ts(136,26): error TS2339: Property 'type' does not exist on type 'TypeDefinition'.
  Property 'type' does not exist on type 'PrimitiveType'.
packages/cli/src/commands/verify-evolution.ts(140,28): error TS2339: Property 'type' does not exist on type 'OutputSpec'.
packages/cli/src/commands/verify-evolution.ts(143,21): error TS2339: Property 'errors' does not exist on type 'Behavior'.
packages/cli/src/commands/verify-evolution.ts(143,32): error TS7006: Parameter 'e' implicitly has an 'any' type.
packages/cli/src/commands/verify-evolution.ts(171,26): error TS2339: Property 'type' does not exist on type 'TypeDefinition'.
  Property 'type' does not exist on type 'PrimitiveType'.
packages/cli/src/commands/verify-evolution.ts(192,26): error TS2339: Property 'type' does not exist on type 'TypeDefinition'.
  Property 'type' does not exist on type 'PrimitiveType'.
packages/cli/src/commands/verify-evolution.ts(210,28): error TS7006: Parameter 'c' implicitly has an 'any' type.
packages/cli/src/commands/verify-evolution.ts(216,31): error TS7006: Parameter 'c' implicitly has an 'any' type.
packages/cli/src/commands/verify-evolution.ts(228,29): error TS7006: Parameter 'c' implicitly has an 'any' type.
packages/cli/src/commands/verify-explain.ts(11,25): error TS2459: Module '"@isl-lang/gate/verdict-scoring"' declares 'GateEvidence' locally, but it is not exported.
packages/cli/src/commands/verify.ts(693,52): error TS2503: Cannot find namespace 'pbt'.
packages/cli/src/commands/verify.ts(694,62): error TS2503: Cannot find namespace 'pbt'.
packages/cli/src/commands/verify.ts(854,24): error TS2307: Cannot find module '@isl-lang/trace-format' or its corresponding type declarations.
packages/cli/src/commands/verify.ts(947,44): error TS2339: Property 'requirements' does not exist on type 'TemporalSpec[]'.
packages/cli/src/commands/verify.ts(947,74): error TS2339: Property 'requirements' does not exist on type 'TemporalSpec[]'.
packages/cli/src/commands/verify.ts(951,39): error TS2339: Property 'requirements' does not exist on type 'TemporalSpec[]'.
packages/cli/src/commands/verify.ts(1162,64): error TS7016: Could not find a declaration file for module '@isl-lang/isl-smt'. 'C:/Users/mevla/OneDrive/Desktop/projects/IntentOS/packages/isl-smt/dist/index.js' implicitly has an 'any' type.
  Try `npm i --save-dev @types/isl-lang__isl-smt` if it exists or add a new declaration (.d.ts) file containing `declare module '@isl-lang/isl-smt';`
packages/cli/src/commands/verify.ts(1433,26): error TS2339: Property 'sandbox' does not exist on type 'VerifyOptions'.
packages/cli/src/commands/verify.ts(1434,33): error TS2339: Property 'sandboxTimeout' does not exist on type 'VerifyOptions'.
packages/cli/src/commands/verify.ts(1435,32): error TS2339: Property 'sandboxMemory' does not exist on type 'VerifyOptions'.
packages/cli/src/commands/verify.ts(1436,29): error TS2339: Property 'sandboxEnv' does not exist on type 'VerifyOptions'.
packages/cli/src/commands/verify.ts(1539,9): error TS2741: Property 'categories' is missing in type '{ overall: number; confidence: number; totalChecks: number; passedChecks: number; failedChecks: number; recommendation: string; }' but required in type 'EvidenceScore'.
packages/cli/src/commands/verify.ts(1829,42): error TS1308: 'await' expressions are only allowed within async functions and at the top levels of modules.
packages/cli/src/commands/verify.ts(1829,55): error TS2307: Cannot find module '@isl-lang/verify-pipeline' or its corresponding type declarations.
packages/cli/src/output.ts(9,29): error TS2305: Module '"@isl-lang/secrets-hygiene"' has no exported member 'maskString'.
packages/cli/tests/packs.test.ts(6,10): error TS2305: Module '"fs/promises"' has no exported member 'existsSync'.
packages/codegen-client/src/generator.ts(183,47): error TS2694: Namespace '"@isl-lang/isl-core"' has no exported member 'TypeDeclaration'.
packages/codegen-client/src/generator.ts(200,38): error TS7006: Parameter 'v' implicitly has an 'any' type.
packages/codegen-client/src/generator.ts(215,42): error TS2694: Namespace '"@isl-lang/isl-core"' has no exported member 'EntityDeclaration'.
packages/codegen-client/src/generator.ts(226,46): error TS2694: Namespace '"@isl-lang/isl-core"' has no exported member 'FieldDeclaration'.
packages/codegen-client/src/generator.ts(245,7): error TS2367: This comparison appears to be unintentional because the types '"PrimitiveType" | "ConstrainedType" | "EnumType" | "StructType" | "UnionType" | "ListType" | "MapType" | "OptionalType" | "ReferenceType"' and '"SimpleType"' have no overlap.
packages/codegen-client/src/generator.ts(252,13): error TS2367: This comparison appears to be unintentional because the types '"PrimitiveType" | "ConstrainedType" | "EnumType" | "StructType" | "UnionType" | "ListType" | "MapType" | "OptionalType" | "ReferenceType"' and '"ObjectType"' have no overlap.
packages/codegen-client/src/generator.ts(253,21): error TS2339: Property 'fields' does not exist on type 'never'.
packages/codegen-client/src/generator.ts(272,54): error TS2694: Namespace '"@isl-lang/isl-core"' has no exported member 'ErrorDeclaration'.
packages/codegen-client/src/generator.ts(348,7): error TS2367: This comparison appears to be unintentional because the types '"PrimitiveType" | "ConstrainedType" | "EnumType" | "StructType" | "UnionType" | "ListType" | "MapType" | "OptionalType" | "ReferenceType"' and '"SimpleType"' have no overlap.
packages/codegen-client/src/generator.ts(349,20): error TS2339: Property 'name' does not exist on type 'never'.
packages/codegen-client/src/generator.ts(358,36): error TS2724: '"@isl-lang/isl-core"' has no exported member named 'TypeExpression'. Did you mean 'Expression'?
packages/codegen-client/src/generator.ts(381,33): error TS7006: Parameter 'v' implicitly has an 'any' type.
packages/codegen-client/tests/generator.test.ts(10,23): error TS2694: Namespace '"@isl-lang/isl-core"' has no exported member 'Domain'.
packages/codegen-client/tests/generator.test.ts(309,23): error TS2694: Namespace '"@isl-lang/isl-core"' has no exported member 'Domain'.
packages/codegen-client/tests/generator.test.ts(353,23): error TS2694: Namespace '"@isl-lang/isl-core"' has no exported member 'Domain'.
packages/codegen-client/tests/generator.test.ts(388,23): error TS2694: Namespace '"@isl-lang/isl-core"' has no exported member 'Domain'.
packages/codegen-db/src/generator.ts(5,34): error TS2305: Module '"@isl-lang/isl-core"' has no exported member 'EntityDeclaration'.
packages/codegen-db/src/generator.ts(5,53): error TS2305: Module '"@isl-lang/isl-core"' has no exported member 'EnumDeclaration'.
packages/codegen-db/src/generator.ts(5,70): error TS2305: Module '"@isl-lang/isl-core"' has no exported member 'FieldDeclaration'.
packages/codegen-db/src/generator.ts(79,39): error TS2339: Property 'enums' does not exist on type 'Domain'.
packages/codegen-db/src/generator.ts(125,36): error TS7006: Parameter 'f' implicitly has an 'any' type.
packages/codegen-db/src/generator.ts(129,13): error TS7006: Parameter 'f' implicitly has an 'any' type.
packages/codegen-db/src/generator.ts(130,10): error TS7006: Parameter 'f' implicitly has an 'any' type.
packages/codegen-db/src/generator.ts(137,13): error TS7006: Parameter 'f' implicitly has an 'any' type.
packages/codegen-db/src/generator.ts(138,10): error TS7006: Parameter 'f' implicitly has an 'any' type.
packages/codegen-db/src/generator.ts(196,62): error TS2694: Namespace '"@isl-lang/isl-core"' has no exported member 'TypeExpression'.
packages/codegen-db/src/generator.ts(440,35): error TS7006: Parameter 'v' implicitly has an 'any' type.
packages/codegen-db/src/types.ts(7,3): error TS2724: '"@isl-lang/isl-core"' has no exported member named 'TypeExpression'. Did you mean 'Expression'?
packages/codegen-db/tests/generator.test.ts(14,3): error TS2322: Type '"DomainDeclaration"' is not assignable to type '"Domain"'.
packages/codegen-db/tests/generator.test.ts(16,51): error TS2353: Object literal may only specify known properties, and 'span' does not exist in type 'Identifier'.
packages/codegen-db/tests/generator.test.ts(20,7): error TS2322: Type '"EntityDeclaration"' is not assignable to type '"Entity"'.
packages/codegen-db/tests/generator.test.ts(22,49): error TS2353: Object literal may only specify known properties, and 'span' does not exist in type 'Identifier'.
packages/codegen-db/tests/generator.test.ts(25,11): error TS2322: Type '"FieldDeclaration"' is not assignable to type '"Field"'.
packages/codegen-db/tests/generator.test.ts(27,51): error TS2353: Object literal may only specify known properties, and 'span' does not exist in type 'Identifier'.
packages/codegen-db/tests/generator.test.ts(28,19): error TS2322: Type '"SimpleType"' is not assignable to type '"PrimitiveType" | "ConstrainedType" | "EnumType" | "StructType" | "UnionType" | "ListType" | "MapType" | "OptionalType" | "ReferenceType"'.
packages/codegen-db/tests/generator.test.ts(28,53): error TS2322: Type '"Identifier"' is not assignable to type '"QualifiedName"'.
packages/codegen-db/tests/generator.test.ts(31,88): error TS2353: Object literal may only specify known properties, and 'span' does not exist in type 'Identifier'.
packages/codegen-db/tests/generator.test.ts(32,85): error TS2353: Object literal may only specify known properties, and 'span' does not exist in type 'Identifier'.
packages/codegen-db/tests/generator.test.ts(37,11): error TS2322: Type '"FieldDeclaration"' is not assignable to type '"Field"'.
packages/codegen-db/tests/generator.test.ts(39,54): error TS2353: Object literal may only specify known properties, and 'span' does not exist in type 'Identifier'.
packages/codegen-db/tests/generator.test.ts(40,19): error TS2322: Type '"SimpleType"' is not assignable to type '"PrimitiveType" | "ConstrainedType" | "EnumType" | "StructType" | "UnionType" | "ListType" | "MapType" | "OptionalType" | "ReferenceType"'.
packages/codegen-db/tests/generator.test.ts(40,53): error TS2322: Type '"Identifier"' is not assignable to type '"QualifiedName"'.
packages/codegen-db/tests/generator.test.ts(43,85): error TS2353: Object literal may only specify known properties, and 'span' does not exist in type 'Identifier'.
packages/codegen-db/tests/generator.test.ts(44,86): error TS2353: Object literal may only specify known properties, and 'span' does not exist in type 'Identifier'.
packages/codegen-db/tests/generator.test.ts(49,11): error TS2322: Type '"FieldDeclaration"' is not assignable to type '"Field"'.
packages/codegen-db/tests/generator.test.ts(51,57): error TS2353: Object literal may only specify known properties, and 'span' does not exist in type 'Identifier'.
packages/codegen-db/tests/generator.test.ts(52,19): error TS2322: Type '"SimpleType"' is not assignable to type '"PrimitiveType" | "ConstrainedType" | "EnumType" | "StructType" | "UnionType" | "ListType" | "MapType" | "OptionalType" | "ReferenceType"'.
packages/codegen-db/tests/generator.test.ts(52,53): error TS2322: Type '"Identifier"' is not assignable to type '"QualifiedName"'.
packages/codegen-db/tests/generator.test.ts(71,11): error TS2322: Type '"FieldDeclaration"' is not assignable to type '"Field"'.
packages/codegen-db/tests/generator.test.ts(73,55): error TS2353: Object literal may only specify known properties, and 'span' does not exist in type 'Identifier'.
packages/codegen-db/tests/generator.test.ts(74,19): error TS2322: Type '"SimpleType"' is not assignable to type '"PrimitiveType" | "ConstrainedType" | "EnumType" | "StructType" | "UnionType" | "ListType" | "MapType" | "OptionalType" | "ReferenceType"'.
packages/codegen-db/tests/generator.test.ts(74,53): error TS2322: Type '"Identifier"' is not assignable to type '"QualifiedName"'.
packages/codegen-db/tests/generator.test.ts(80,11): error TS2322: Type '"FieldDeclaration"' is not assignable to type '"Field"'.
packages/codegen-db/tests/generator.test.ts(82,59): error TS2353: Object literal may only specify known properties, and 'span' does not exist in type 'Identifier'.
packages/codegen-db/tests/generator.test.ts(83,19): error TS2322: Type '"SimpleType"' is not assignable to type '"PrimitiveType" | "ConstrainedType" | "EnumType" | "StructType" | "UnionType" | "ListType" | "MapType" | "OptionalType" | "ReferenceType"'.
packages/codegen-db/tests/generator.test.ts(83,53): error TS2322: Type '"Identifier"' is not assignable to type '"QualifiedName"'.
packages/codegen-db/tests/generator.test.ts(86,88): error TS2353: Object literal may only specify known properties, and 'span' does not exist in type 'Identifier'.
packages/codegen-db/tests/generator.test.ts(91,11): error TS2322: Type '"FieldDeclaration"' is not assignable to type '"Field"'.
packages/codegen-db/tests/generator.test.ts(93,59): error TS2353: Object literal may only specify known properties, and 'span' does not exist in type 'Identifier'.
packages/codegen-db/tests/generator.test.ts(94,19): error TS2322: Type '"SimpleType"' is not assignable to type '"PrimitiveType" | "ConstrainedType" | "EnumType" | "StructType" | "UnionType" | "ListType" | "MapType" | "OptionalType" | "ReferenceType"'.
packages/codegen-db/tests/generator.test.ts(94,53): error TS2322: Type '"Identifier"' is not assignable to type '"QualifiedName"'.
packages/codegen-db/tests/generator.test.ts(378,17): error TS2322: Type '"FieldDeclaration"' is not assignable to type '"Field"'.
packages/codegen-db/tests/generator.test.ts(379,17): error TS2322: Type 'Field | { kind: "FieldDeclaration"; span: { start: { line: number; column: number; offset: number; }; end: { line: number; column: number; offset: number; }; }; name: { kind: "Identifier"; name: string; span: { ...; }; }; type: { ...; }; optional: true; annotations: never[]; constraints: never[]; }' is not assignable to type 'Field'.
  Object literal may only specify known properties, and 'span' does not exist in type 'Field'.
packages/codegen-db/tests/generator.test.ts(380,58): error TS2353: Object literal may only specify known properties, and 'span' does not exist in type 'Identifier'.
packages/codegen-db/tests/generator.test.ts(381,25): error TS2322: Type '"SimpleType"' is not assignable to type '"PrimitiveType" | "ConstrainedType" | "EnumType" | "StructType" | "UnionType" | "ListType" | "MapType" | "OptionalType" | "ReferenceType"'.
packages/codegen-db/tests/generator.test.ts(401,7): error TS2322: Type '"DomainDeclaration"' is not assignable to type '"Domain"'.
packages/codegen-db/tests/generator.test.ts(403,50): error TS2353: Object literal may only specify known properties, and 'span' does not exist in type 'Identifier'.
packages/codegen-db/tests/generator.test.ts(423,11): error TS2322: Type '"EntityDeclaration"' is not assignable to type '"Entity"'.
packages/codegen-db/tests/generator.test.ts(425,55): error TS2353: Object literal may only specify known properties, and 'span' does not exist in type 'Identifier'.
packages/codegen-db/tests/generator.test.ts(428,15): error TS2322: Type '"FieldDeclaration"' is not assignable to type '"Field"'.
packages/codegen-db/tests/generator.test.ts(430,55): error TS2353: Object literal may only specify known properties, and 'span' does not exist in type 'Identifier'.
packages/codegen-db/tests/generator.test.ts(431,23): error TS2322: Type '"SimpleType"' is not assignable to type '"PrimitiveType" | "ConstrainedType" | "EnumType" | "StructType" | "UnionType" | "ListType" | "MapType" | "OptionalType" | "ReferenceType"'.
packages/codegen-db/tests/generator.test.ts(431,57): error TS2322: Type '"Identifier"' is not assignable to type '"QualifiedName"'.
packages/codegen-edge/src/generator.ts(8,3): error TS2305: Module '"@isl-lang/isl-core"' has no exported member 'EntityDeclaration'.
packages/codegen-edge/src/generator.ts(9,3): error TS2724: '"@isl-lang/isl-core"' has no exported member named 'TypeExpression'. Did you mean 'Expression'?
packages/codegen-edge/src/generator.ts(10,3): error TS2305: Module '"@isl-lang/isl-core"' has no exported member 'DurationLiteral'.
packages/codegen-edge/src/generator.ts(115,53): error TS2339: Property 'requirements' does not exist on type 'TemporalSpec[]'.
packages/codegen-edge/src/generator.ts(632,32): error TS7006: Parameter 'v' implicitly has an 'any' type.
packages/codegen-edge/src/generator.ts(634,38): error TS7006: Parameter 'f' implicitly has an 'any' type.
packages/codegen-edge/src/targets/cloudflare.ts(8,3): error TS2724: '"@isl-lang/isl-core"' has no exported member named 'TypeExpression'. Did you mean 'Expression'?
packages/codegen-edge/src/targets/cloudflare.ts(195,49): error TS2339: Property 'conditions' does not exist on type 'Expression[]'.
packages/codegen-edge/src/targets/deno.ts(8,3): error TS2724: '"@isl-lang/isl-core"' has no exported member named 'TypeExpression'. Did you mean 'Expression'?
packages/codegen-edge/src/targets/netlify.ts(8,3): error TS2724: '"@isl-lang/isl-core"' has no exported member named 'TypeExpression'. Did you mean 'Expression'?
packages/codegen-edge/src/targets/vercel.ts(8,3): error TS2724: '"@isl-lang/isl-core"' has no exported member named 'TypeExpression'. Did you mean 'Expression'?
packages/codegen-edge/tests/generator.test.ts(161,29): error TS2345: Argument of type 'import("C:/Users/mevla/OneDrive/Desktop/projects/IntentOS/master_contracts/ast").Domain' is not assignable to parameter of type 'import("C:/Users/mevla/OneDrive/Desktop/projects/IntentOS/packages/parser/dist/index").Domain'.
  Property 'uses' is missing in type 'import("C:/Users/mevla/OneDrive/Desktop/projects/IntentOS/master_contracts/ast").Domain' but required in type 'import("C:/Users/mevla/OneDrive/Desktop/projects/IntentOS/packages/parser/dist/index").Domain'.
packages/codegen-edge/tests/generator.test.ts(170,29): error TS2345: Argument of type 'import("C:/Users/mevla/OneDrive/Desktop/projects/IntentOS/master_contracts/ast").Domain' is not assignable to parameter of type 'import("C:/Users/mevla/OneDrive/Desktop/projects/IntentOS/packages/parser/dist/index").Domain'.
  Property 'uses' is missing in type 'import("C:/Users/mevla/OneDrive/Desktop/projects/IntentOS/master_contracts/ast").Domain' but required in type 'import("C:/Users/mevla/OneDrive/Desktop/projects/IntentOS/packages/parser/dist/index").Domain'.
packages/codegen-edge/tests/generator.test.ts(179,29): error TS2345: Argument of type 'import("C:/Users/mevla/OneDrive/Desktop/projects/IntentOS/master_contracts/ast").Domain' is not assignable to parameter of type 'import("C:/Users/mevla/OneDrive/Desktop/projects/IntentOS/packages/parser/dist/index").Domain'.
  Property 'uses' is missing in type 'import("C:/Users/mevla/OneDrive/Desktop/projects/IntentOS/master_contracts/ast").Domain' but required in type 'import("C:/Users/mevla/OneDrive/Desktop/projects/IntentOS/packages/parser/dist/index").Domain'.
packages/codegen-edge/tests/generator.test.ts(188,29): error TS2345: Argument of type 'import("C:/Users/mevla/OneDrive/Desktop/projects/IntentOS/master_contracts/ast").Domain' is not assignable to parameter of type 'import("C:/Users/mevla/OneDrive/Desktop/projects/IntentOS/packages/parser/dist/index").Domain'.
  Property 'uses' is missing in type 'import("C:/Users/mevla/OneDrive/Desktop/projects/IntentOS/master_contracts/ast").Domain' but required in type 'import("C:/Users/mevla/OneDrive/Desktop/projects/IntentOS/packages/parser/dist/index").Domain'.
packages/codegen-edge/tests/generator.test.ts(197,29): error TS2345: Argument of type 'import("C:/Users/mevla/OneDrive/Desktop/projects/IntentOS/master_contracts/ast").Domain' is not assignable to parameter of type 'import("C:/Users/mevla/OneDrive/Desktop/projects/IntentOS/packages/parser/dist/index").Domain'.
  Property 'uses' is missing in type 'import("C:/Users/mevla/OneDrive/Desktop/projects/IntentOS/master_contracts/ast").Domain' but required in type 'import("C:/Users/mevla/OneDrive/Desktop/projects/IntentOS/packages/parser/dist/index").Domain'.
packages/codegen-edge/tests/generator.test.ts(205,29): error TS2345: Argument of type 'import("C:/Users/mevla/OneDrive/Desktop/projects/IntentOS/master_contracts/ast").Domain' is not assignable to parameter of type 'import("C:/Users/mevla/OneDrive/Desktop/projects/IntentOS/packages/parser/dist/index").Domain'.
  Property 'uses' is missing in type 'import("C:/Users/mevla/OneDrive/Desktop/projects/IntentOS/master_contracts/ast").Domain' but required in type 'import("C:/Users/mevla/OneDrive/Desktop/projects/IntentOS/packages/parser/dist/index").Domain'.
packages/codegen-edge/tests/generator.test.ts(216,29): error TS2345: Argument of type 'import("C:/Users/mevla/OneDrive/Desktop/projects/IntentOS/master_contracts/ast").Domain' is not assignable to parameter of type 'import("C:/Users/mevla/OneDrive/Desktop/projects/IntentOS/packages/parser/dist/index").Domain'.
  Property 'uses' is missing in type 'import("C:/Users/mevla/OneDrive/Desktop/projects/IntentOS/master_contracts/ast").Domain' but required in type 'import("C:/Users/mevla/OneDrive/Desktop/projects/IntentOS/packages/parser/dist/index").Domain'.
packages/codegen-edge/tests/generator.test.ts(233,37): error TS2345: Argument of type 'import("C:/Users/mevla/OneDrive/Desktop/projects/IntentOS/master_contracts/ast").Domain' is not assignable to parameter of type 'import("C:/Users/mevla/OneDrive/Desktop/projects/IntentOS/packages/parser/dist/index").Domain'.
  Property 'uses' is missing in type 'import("C:/Users/mevla/OneDrive/Desktop/projects/IntentOS/master_contracts/ast").Domain' but required in type 'import("C:/Users/mevla/OneDrive/Desktop/projects/IntentOS/packages/parser/dist/index").Domain'.
packages/codegen-edge/tests/generator.test.ts(243,37): error TS2345: Argument of type 'import("C:/Users/mevla/OneDrive/Desktop/projects/IntentOS/master_contracts/ast").Domain' is not assignable to parameter of type 'import("C:/Users/mevla/OneDrive/Desktop/projects/IntentOS/packages/parser/dist/index").Domain'.
  Property 'uses' is missing in type 'import("C:/Users/mevla/OneDrive/Desktop/projects/IntentOS/master_contracts/ast").Domain' but required in type 'import("C:/Users/mevla/OneDrive/Desktop/projects/IntentOS/packages/parser/dist/index").Domain'.
packages/codegen-edge/tests/generator.test.ts(251,37): error TS2345: Argument of type 'import("C:/Users/mevla/OneDrive/Desktop/projects/IntentOS/master_contracts/ast").Domain' is not assignable to parameter of type 'import("C:/Users/mevla/OneDrive/Desktop/projects/IntentOS/packages/parser/dist/index").Domain'.
  Property 'uses' is missing in type 'import("C:/Users/mevla/OneDrive/Desktop/projects/IntentOS/master_contracts/ast").Domain' but required in type 'import("C:/Users/mevla/OneDrive/Desktop/projects/IntentOS/packages/parser/dist/index").Domain'.
packages/codegen-edge/tests/generator.test.ts(264,31): error TS2345: Argument of type 'import("C:/Users/mevla/OneDrive/Desktop/projects/IntentOS/master_contracts/ast").Domain' is not assignable to parameter of type 'import("C:/Users/mevla/OneDrive/Desktop/projects/IntentOS/packages/parser/dist/index").Domain'.
  Property 'uses' is missing in type 'import("C:/Users/mevla/OneDrive/Desktop/projects/IntentOS/master_contracts/ast").Domain' but required in type 'import("C:/Users/mevla/OneDrive/Desktop/projects/IntentOS/packages/parser/dist/index").Domain'.
packages/codegen-edge/tests/generator.test.ts(277,31): error TS2345: Argument of type 'import("C:/Users/mevla/OneDrive/Desktop/projects/IntentOS/master_contracts/ast").Domain' is not assignable to parameter of type 'import("C:/Users/mevla/OneDrive/Desktop/projects/IntentOS/packages/parser/dist/index").Domain'.
  Property 'uses' is missing in type 'import("C:/Users/mevla/OneDrive/Desktop/projects/IntentOS/master_contracts/ast").Domain' but required in type 'import("C:/Users/mevla/OneDrive/Desktop/projects/IntentOS/packages/parser/dist/index").Domain'.
packages/codegen-edge/tests/generator.test.ts(286,31): error TS2345: Argument of type 'import("C:/Users/mevla/OneDrive/Desktop/projects/IntentOS/master_contracts/ast").Domain' is not assignable to parameter of type 'import("C:/Users/mevla/OneDrive/Desktop/projects/IntentOS/packages/parser/dist/index").Domain'.
  Property 'uses' is missing in type 'import("C:/Users/mevla/OneDrive/Desktop/projects/IntentOS/master_contracts/ast").Domain' but required in type 'import("C:/Users/mevla/OneDrive/Desktop/projects/IntentOS/packages/parser/dist/index").Domain'.
packages/codegen-edge/tests/generator.test.ts(300,33): error TS2345: Argument of type 'import("C:/Users/mevla/OneDrive/Desktop/projects/IntentOS/master_contracts/ast").Domain' is not assignable to parameter of type 'import("C:/Users/mevla/OneDrive/Desktop/projects/IntentOS/packages/parser/dist/index").Domain'.
  Property 'uses' is missing in type 'import("C:/Users/mevla/OneDrive/Desktop/projects/IntentOS/master_contracts/ast").Domain' but required in type 'import("C:/Users/mevla/OneDrive/Desktop/projects/IntentOS/packages/parser/dist/index").Domain'.
packages/codegen-edge/tests/generator.test.ts(308,33): error TS2345: Argument of type 'import("C:/Users/mevla/OneDrive/Desktop/projects/IntentOS/master_contracts/ast").Domain' is not assignable to parameter of type 'import("C:/Users/mevla/OneDrive/Desktop/projects/IntentOS/packages/parser/dist/index").Domain'.
  Property 'uses' is missing in type 'import("C:/Users/mevla/OneDrive/Desktop/projects/IntentOS/master_contracts/ast").Domain' but required in type 'import("C:/Users/mevla/OneDrive/Desktop/projects/IntentOS/packages/parser/dist/index").Domain'.
packages/codegen-edge/tests/generator.test.ts(316,33): error TS2345: Argument of type 'import("C:/Users/mevla/OneDrive/Desktop/projects/IntentOS/master_contracts/ast").Domain' is not assignable to parameter of type 'import("C:/Users/mevla/OneDrive/Desktop/projects/IntentOS/packages/parser/dist/index").Domain'.
  Property 'uses' is missing in type 'import("C:/Users/mevla/OneDrive/Desktop/projects/IntentOS/master_contracts/ast").Domain' but required in type 'import("C:/Users/mevla/OneDrive/Desktop/projects/IntentOS/packages/parser/dist/index").Domain'.
packages/codegen-edge/tests/generator.test.ts(330,34): error TS2345: Argument of type 'import("C:/Users/mevla/OneDrive/Desktop/projects/IntentOS/master_contracts/ast").Domain' is not assignable to parameter of type 'import("C:/Users/mevla/OneDrive/Desktop/projects/IntentOS/packages/parser/dist/index").Domain'.
  Property 'uses' is missing in type 'import("C:/Users/mevla/OneDrive/Desktop/projects/IntentOS/master_contracts/ast").Domain' but required in type 'import("C:/Users/mevla/OneDrive/Desktop/projects/IntentOS/packages/parser/dist/index").Domain'.
packages/codegen-edge/tests/generator.test.ts(339,34): error TS2345: Argument of type 'import("C:/Users/mevla/OneDrive/Desktop/projects/IntentOS/master_contracts/ast").Domain' is not assignable to parameter of type 'import("C:/Users/mevla/OneDrive/Desktop/projects/IntentOS/packages/parser/dist/index").Domain'.
  Property 'uses' is missing in type 'import("C:/Users/mevla/OneDrive/Desktop/projects/IntentOS/master_contracts/ast").Domain' but required in type 'import("C:/Users/mevla/OneDrive/Desktop/projects/IntentOS/packages/parser/dist/index").Domain'.
packages/codegen-edge/tests/generator.test.ts(348,34): error TS2345: Argument of type 'import("C:/Users/mevla/OneDrive/Desktop/projects/IntentOS/master_contracts/ast").Domain' is not assignable to parameter of type 'import("C:/Users/mevla/OneDrive/Desktop/projects/IntentOS/packages/parser/dist/index").Domain'.
  Property 'uses' is missing in type 'import("C:/Users/mevla/OneDrive/Desktop/projects/IntentOS/master_contracts/ast").Domain' but required in type 'import("C:/Users/mevla/OneDrive/Desktop/projects/IntentOS/packages/parser/dist/index").Domain'.
packages/codegen-edge/tests/generator.test.ts(363,29): error TS2345: Argument of type 'import("C:/Users/mevla/OneDrive/Desktop/projects/IntentOS/master_contracts/ast").Domain' is not assignable to parameter of type 'import("C:/Users/mevla/OneDrive/Desktop/projects/IntentOS/packages/parser/dist/index").Domain'.
  Property 'uses' is missing in type 'import("C:/Users/mevla/OneDrive/Desktop/projects/IntentOS/master_contracts/ast").Domain' but required in type 'import("C:/Users/mevla/OneDrive/Desktop/projects/IntentOS/packages/parser/dist/index").Domain'.
packages/codegen-edge/tests/generator.test.ts(372,29): error TS2345: Argument of type 'import("C:/Users/mevla/OneDrive/Desktop/projects/IntentOS/master_contracts/ast").Domain' is not assignable to parameter of type 'import("C:/Users/mevla/OneDrive/Desktop/projects/IntentOS/packages/parser/dist/index").Domain'.
  Property 'uses' is missing in type 'import("C:/Users/mevla/OneDrive/Desktop/projects/IntentOS/master_contracts/ast").Domain' but required in type 'import("C:/Users/mevla/OneDrive/Desktop/projects/IntentOS/packages/parser/dist/index").Domain'.
packages/codegen-grpc/samples/golden/typescript/auth_client.ts(7,62): error TS2307: Cannot find module './auth_grpc_pb' or its corresponding type declarations.
packages/codegen-grpc/samples/golden/typescript/auth_client.ts(8,21): error TS2307: Cannot find module './auth_pb' or its corresponding type declarations.
packages/codegen-grpc/samples/golden/typescript/auth_client.ts(12,17): error TS2503: Cannot find namespace 'grpc'.
packages/codegen-grpc/samples/golden/typescript/auth_client.ts(13,13): error TS2503: Cannot find namespace 'grpc'.
packages/codegen-grpc/samples/golden/typescript/auth_client.ts(17,19): error TS2503: Cannot find namespace 'grpc'.
packages/codegen-grpc/samples/golden/typescript/auth_client.ts(20,47): error TS18046: 'grpc' is of type 'unknown'.
packages/codegen-grpc/samples/golden/typescript/auth_client.ts(21,23): error TS18046: 'grpc' is of type 'unknown'.
packages/codegen-grpc/samples/golden/typescript/auth_client.ts(36,10): error TS7006: Parameter 'err' implicitly has an 'any' type.
packages/codegen-grpc/samples/golden/typescript/auth_client.ts(36,15): error TS7006: Parameter 'response' implicitly has an 'any' type.
packages/codegen-grpc/samples/golden/typescript/auth_client.ts(56,10): error TS7006: Parameter 'err' implicitly has an 'any' type.
packages/codegen-grpc/samples/golden/typescript/auth_client.ts(56,15): error TS7006: Parameter 'response' implicitly has an 'any' type.
packages/codegen-grpc/samples/golden/typescript/auth_client.ts(76,10): error TS7006: Parameter 'err' implicitly has an 'any' type.
packages/codegen-grpc/samples/golden/typescript/auth_client.ts(76,15): error TS7006: Parameter 'response' implicitly has an 'any' type.
packages/codegen-grpc/samples/golden/typescript/auth_client.ts(94,10): error TS7006: Parameter 'err' implicitly has an 'any' type.
packages/codegen-grpc/samples/golden/typescript/auth_client.ts(94,15): error TS7006: Parameter 'response' implicitly has an 'any' type.
packages/codegen-grpc/samples/golden/typescript/auth_client.ts(111,10): error TS7006: Parameter 'err' implicitly has an 'any' type.
packages/codegen-grpc/samples/golden/typescript/auth_client.ts(111,15): error TS7006: Parameter 'response' implicitly has an 'any' type.
packages/codegen-grpc/samples/golden/typescript/auth_client.ts(128,10): error TS7006: Parameter 'err' implicitly has an 'any' type.
packages/codegen-grpc/samples/golden/typescript/auth_client.ts(128,15): error TS7006: Parameter 'response' implicitly has an 'any' type.
packages/codegen-grpc/samples/golden/typescript/auth_client.ts(145,10): error TS7006: Parameter 'err' implicitly has an 'any' type.
packages/codegen-grpc/samples/golden/typescript/auth_client.ts(145,15): error TS7006: Parameter 'response' implicitly has an 'any' type.
packages/codegen-grpc/samples/golden/typescript/auth_client.ts(162,10): error TS7006: Parameter 'err' implicitly has an 'any' type.
packages/codegen-grpc/samples/golden/typescript/auth_client.ts(162,15): error TS7006: Parameter 'response' implicitly has an 'any' type.
packages/codegen-grpc/samples/golden/typescript/auth_client.ts(180,10): error TS7006: Parameter 'err' implicitly has an 'any' type.
packages/codegen-grpc/samples/golden/typescript/auth_client.ts(180,15): error TS7006: Parameter 'response' implicitly has an 'any' type.
packages/codegen-grpc/samples/golden/typescript/auth_client.ts(197,10): error TS7006: Parameter 'err' implicitly has an 'any' type.
packages/codegen-grpc/samples/golden/typescript/auth_client.ts(197,15): error TS7006: Parameter 'response' implicitly has an 'any' type.
packages/codegen-grpc/samples/golden/typescript/auth_client.ts(214,10): error TS7006: Parameter 'err' implicitly has an 'any' type.
packages/codegen-grpc/samples/golden/typescript/auth_client.ts(214,15): error TS7006: Parameter 'response' implicitly has an 'any' type.
packages/codegen-grpc/samples/golden/typescript/auth_client.ts(231,10): error TS7006: Parameter 'err' implicitly has an 'any' type.
packages/codegen-grpc/samples/golden/typescript/auth_client.ts(231,15): error TS7006: Parameter 'response' implicitly has an 'any' type.
packages/codegen-grpc/samples/golden/typescript/auth_client.ts(248,10): error TS7006: Parameter 'err' implicitly has an 'any' type.
packages/codegen-grpc/samples/golden/typescript/auth_client.ts(248,15): error TS7006: Parameter 'response' implicitly has an 'any' type.
packages/codegen-grpc/samples/golden/typescript/auth_server.ts(7,21): error TS2307: Cannot find module './auth_pb' or its corresponding type declarations.
packages/codegen-grpc/samples/golden/typescript/auth_server.ts(11,11): error TS2503: Cannot find namespace 'grpc'.
packages/codegen-grpc/samples/golden/typescript/auth_server.ts(12,15): error TS2503: Cannot find namespace 'grpc'.
packages/codegen-grpc/samples/golden/typescript/auth_server.ts(15,11): error TS2503: Cannot find namespace 'grpc'.
packages/codegen-grpc/samples/golden/typescript/auth_server.ts(16,15): error TS2503: Cannot find namespace 'grpc'.
packages/codegen-grpc/samples/golden/typescript/auth_server.ts(19,11): error TS2503: Cannot find namespace 'grpc'.
packages/codegen-grpc/samples/golden/typescript/auth_server.ts(20,15): error TS2503: Cannot find namespace 'grpc'.
packages/codegen-grpc/samples/golden/typescript/auth_server.ts(23,11): error TS2503: Cannot find namespace 'grpc'.
packages/codegen-grpc/samples/golden/typescript/auth_server.ts(24,15): error TS2503: Cannot find namespace 'grpc'.
packages/codegen-grpc/samples/golden/typescript/auth_server.ts(27,11): error TS2503: Cannot find namespace 'grpc'.
packages/codegen-grpc/samples/golden/typescript/auth_server.ts(28,15): error TS2503: Cannot find namespace 'grpc'.
packages/codegen-grpc/samples/golden/typescript/auth_server.ts(31,11): error TS2503: Cannot find namespace 'grpc'.
packages/codegen-grpc/samples/golden/typescript/auth_server.ts(32,15): error TS2503: Cannot find namespace 'grpc'.
packages/codegen-grpc/samples/golden/typescript/auth_server.ts(35,11): error TS2503: Cannot find namespace 'grpc'.
packages/codegen-grpc/samples/golden/typescript/auth_server.ts(36,15): error TS2503: Cannot find namespace 'grpc'.
packages/codegen-grpc/samples/golden/typescript/auth_server.ts(39,11): error TS2503: Cannot find namespace 'grpc'.
packages/codegen-grpc/samples/golden/typescript/auth_server.ts(40,15): error TS2503: Cannot find namespace 'grpc'.
packages/codegen-grpc/samples/golden/typescript/auth_server.ts(43,11): error TS2503: Cannot find namespace 'grpc'.
packages/codegen-grpc/samples/golden/typescript/auth_server.ts(44,15): error TS2503: Cannot find namespace 'grpc'.
packages/codegen-grpc/samples/golden/typescript/auth_server.ts(47,11): error TS2503: Cannot find namespace 'grpc'.
packages/codegen-grpc/samples/golden/typescript/auth_server.ts(48,15): error TS2503: Cannot find namespace 'grpc'.
packages/codegen-grpc/samples/golden/typescript/auth_server.ts(51,11): error TS2503: Cannot find namespace 'grpc'.
packages/codegen-grpc/samples/golden/typescript/auth_server.ts(52,15): error TS2503: Cannot find namespace 'grpc'.
packages/codegen-grpc/samples/golden/typescript/auth_server.ts(55,11): error TS2503: Cannot find namespace 'grpc'.
packages/codegen-grpc/samples/golden/typescript/auth_server.ts(56,15): error TS2503: Cannot find namespace 'grpc'.
packages/codegen-grpc/samples/golden/typescript/auth_server.ts(59,11): error TS2503: Cannot find namespace 'grpc'.
packages/codegen-grpc/samples/golden/typescript/auth_server.ts(60,15): error TS2503: Cannot find namespace 'grpc'.
packages/codegen-grpc/samples/golden/typescript/auth_server.ts(66,4): error TS2503: Cannot find namespace 'grpc'.
packages/codegen-grpc/samples/golden/typescript/auth_server.ts(67,22): error TS18046: 'grpc' is of type 'unknown'.
packages/codegen-grpc/samples/golden/typescript/auth_server.ts(69,28): error TS2503: Cannot find namespace 'grpc'.
packages/codegen-grpc/samples/golden/typescript/auth_server.ts(69,51): error TS2503: Cannot find namespace 'grpc'.
packages/codegen-grpc/samples/golden/typescript/auth_server.ts(99,58): error TS2503: Cannot find namespace 'grpc'.
packages/codegen-grpc/src/generator.ts(78,48): error TS2339: Property 'enums' does not exist on type 'Domain'.
packages/codegen-grpc/src/grpc/typescript.ts(375,34): error TS2345: Argument of type 'TypeDefinition' is not assignable to parameter of type '{ kind: string; name?: { name: string; } | undefined; elementType?: unknown; typeArguments?: { kind: string; name?: { name: string; } | undefined; }[] | undefined; }'.
  Type 'PrimitiveType' is not assignable to type '{ kind: string; name?: { name: string; } | undefined; elementType?: unknown; typeArguments?: { kind: string; name?: { name: string; } | undefined; }[] | undefined; }'.
    Types of property 'name' are incompatible.
      Type '"String" | "UUID" | "Int" | "Boolean" | "Decimal" | "Timestamp" | "Duration"' is not assignable to type '{ name: string; } | undefined'.
        Type 'string' is not assignable to type '{ name: string; }'.
packages/codegen-grpc/src/grpc/typescript.ts(393,36): error TS2345: Argument of type 'TypeDefinition' is not assignable to parameter of type '{ kind: string; name?: { name: string; } | undefined; elementType?: unknown; typeArguments?: { kind: string; name?: { name: string; } | undefined; }[] | undefined; }'.
  Type 'PrimitiveType' is not assignable to type '{ kind: string; name?: { name: string; } | undefined; elementType?: unknown; typeArguments?: { kind: string; name?: { name: string; } | undefined; }[] | undefined; }'.
    Types of property 'name' are incompatible.
      Type '"String" | "UUID" | "Int" | "Boolean" | "Decimal" | "Timestamp" | "Duration"' is not assignable to type '{ name: string; } | undefined'.
        Type 'string' is not assignable to type '{ name: string; }'.
packages/codegen-grpc/src/grpc/typescript.ts(404,60): error TS2345: Argument of type 'TypeDefinition' is not assignable to parameter of type '{ kind: string; name?: { name: string; } | undefined; elementType?: unknown; typeArguments?: { kind: string; name?: { name: string; } | undefined; }[] | undefined; }'.
  Type 'PrimitiveType' is not assignable to type '{ kind: string; name?: { name: string; } | undefined; elementType?: unknown; typeArguments?: { kind: string; name?: { name: string; } | undefined; }[] | undefined; }'.
    Types of property 'name' are incompatible.
      Type '"String" | "UUID" | "Int" | "Boolean" | "Decimal" | "Timestamp" | "Duration"' is not assignable to type '{ name: string; } | undefined'.
        Type 'string' is not assignable to type '{ name: string; }'.
packages/codegen-grpc/src/proto/options.ts(283,81): error TS2339: Property 'requirements' does not exist on type 'SecuritySpec[]'.
packages/codegen-grpc/src/proto/options.ts(284,67): error TS2339: Property 'requirements' does not exist on type 'SecuritySpec[]'.
packages/codegen-grpc/src/proto/services.ts(120,11): error TS2322: Type 'string | null' is not assignable to type 'string'.
  Type 'null' is not assignable to type 'string'.
packages/codegen-grpc/src/proto/types.ts(18,15): error TS2305: Module '"@isl-lang/isl-core"' has no exported member 'EnumDeclaration'.
packages/codegen-grpc/src/proto/types.ts(108,42): error TS7006: Parameter 'c' implicitly has an 'any' type.
packages/codegen-grpc/src/types.ts(10,3): error TS2305: Module '"@isl-lang/isl-core"' has no exported member 'EntityDeclaration'.
packages/codegen-grpc/src/types.ts(11,3): error TS2305: Module '"@isl-lang/isl-core"' has no exported member 'FieldDeclaration'.
packages/codegen-grpc/src/types.ts(12,3): error TS2305: Module '"@isl-lang/isl-core"' has no exported member 'TypeDeclaration'.
packages/codegen-grpc/src/types.ts(13,3): error TS2724: '"@isl-lang/isl-core"' has no exported member named 'TypeExpression'. Did you mean 'Expression'?
packages/codegen-grpc/src/types.ts(14,3): error TS2305: Module '"@isl-lang/isl-core"' has no exported member 'TypeConstraint'.
packages/codegen-grpc/src/types.ts(15,3): error TS2305: Module '"@isl-lang/isl-core"' has no exported member 'LifecycleBlock'.
packages/codegen-grpc/src/types.ts(16,3): error TS2305: Module '"@isl-lang/isl-core"' has no exported member 'LifecycleTransition'.
packages/codegen-grpc/src/types.ts(17,3): error TS2305: Module '"@isl-lang/isl-core"' has no exported member 'SecurityBlock'.
packages/codegen-grpc/src/types.ts(18,3): error TS2305: Module '"@isl-lang/isl-core"' has no exported member 'SecurityRequirement'.
packages/codegen-grpc/src/types.ts(19,3): error TS2305: Module '"@isl-lang/isl-core"' has no exported member 'ComplianceBlock'.
packages/codegen-grpc/src/types.ts(20,3): error TS2305: Module '"@isl-lang/isl-core"' has no exported member 'ComplianceRequirement'.
packages/codegen-grpc/src/types.ts(21,3): error TS2305: Module '"@isl-lang/isl-core"' has no exported member 'InputBlock'.
packages/codegen-grpc/src/types.ts(22,3): error TS2305: Module '"@isl-lang/isl-core"' has no exported member 'OutputBlock'.
packages/codegen-grpc/src/types.ts(23,3): error TS2305: Module '"@isl-lang/isl-core"' has no exported member 'ErrorDeclaration'.
packages/codegen-grpc/src/types.ts(24,3): error TS2305: Module '"@isl-lang/isl-core"' has no exported member 'NumberLiteral'.
packages/codegen-grpc/src/types.ts(25,3): error TS2305: Module '"@isl-lang/isl-core"' has no exported member 'StringLiteral'.
packages/codegen-grpc/src/types.ts(26,3): error TS2305: Module '"@isl-lang/isl-core"' has no exported member 'Identifier'.
packages/codegen-grpc/src/types.ts(27,3): error TS2305: Module '"@isl-lang/isl-core"' has no exported member 'UnionType'.
packages/codegen-grpc/src/types.ts(28,3): error TS2305: Module '"@isl-lang/isl-core"' has no exported member 'TypeVariant'.
packages/codegen-grpc/src/types.ts(215,38): error TS7006: Parameter 'v' implicitly has an 'any' type.
packages/codegen-grpc/src/types.ts(217,34): error TS7006: Parameter 'f' implicitly has an 'any' type.
packages/codegen-grpc/src/types.ts(228,34): error TS7006: Parameter 'f' implicitly has an 'any' type.
packages/codegen-grpc/src/types.ts(269,44): error TS7006: Parameter 'c' implicitly has an 'any' type.
packages/codegen-grpc/tests/generate-golden.test.ts(23,3): error TS2322: Type '"DomainDeclaration"' is not assignable to type '"Domain"'.
packages/codegen-grpc/tests/generate-golden.test.ts(24,3): error TS2741: Property 'location' is missing in type '{ kind: "Identifier"; name: string; span: { start: { line: number; column: number; offset: number; }; end: { line: number; column: number; offset: number; }; }; }' but required in type 'Identifier'.
packages/codegen-grpc/tests/generate-golden.test.ts(25,3): error TS2741: Property 'location' is missing in type '{ kind: "StringLiteral"; value: string; span: { start: { line: number; column: number; offset: number; }; end: { line: number; column: number; offset: number; }; }; }' but required in type 'StringLiteral'.
packages/codegen-grpc/tests/generate-golden.test.ts(31,7): error TS2741: Property 'location' is missing in type '{ kind: "Identifier"; name: string; span: { start: { line: number; column: number; offset: number; }; end: { line: number; column: number; offset: number; }; }; }' but required in type 'Identifier'.
packages/codegen-grpc/tests/generate-golden.test.ts(40,7): error TS2741: Property 'location' is missing in type '{ kind: "Identifier"; name: string; span: { start: { line: number; column: number; offset: number; }; end: { line: number; column: number; offset: number; }; }; }' but required in type 'Identifier'.
packages/codegen-grpc/tests/generate-golden.test.ts(64,7): error TS2322: Type '"EntityDeclaration"' is not assignable to type '"Entity"'.
packages/codegen-grpc/tests/generate-golden.test.ts(65,7): error TS2741: Property 'location' is missing in type '{ kind: "Identifier"; name: string; span: { start: { line: number; column: number; offset: number; }; end: { line: number; column: number; offset: number; }; }; }' but required in type 'Identifier'.
packages/codegen-grpc/tests/generate-golden.test.ts(67,11): error TS2322: Type '"FieldDeclaration"' is not assignable to type '"Field"'.
packages/codegen-grpc/tests/generate-golden.test.ts(67,37): error TS2741: Property 'location' is missing in type '{ kind: "Identifier"; name: string; span: { start: { line: number; column: number; offset: number; }; end: { line: number; column: number; offset: number; }; }; }' but required in type 'Identifier'.
packages/codegen-grpc/tests/generate-golden.test.ts(67,61): error TS2322: Type '"SimpleType"' is not assignable to type '"PrimitiveType" | "ConstrainedType" | "EnumType" | "StructType" | "UnionType" | "ListType" | "MapType" | "OptionalType" | "ReferenceType"'.
packages/codegen-grpc/tests/generate-golden.test.ts(67,81): error TS2739: Type '{ kind: "Identifier"; name: string; span: { start: { line: number; column: number; offset: number; }; end: { line: number; column: number; offset: number; }; }; }' is missing the following properties from type 'QualifiedName': parts, location
packages/codegen-grpc/tests/generate-golden.test.ts(67,163): error TS2741: Property 'location' is missing in type '{ kind: "Identifier"; name: string; span: { start: { line: number; column: number; offset: number; }; end: { line: number; column: number; offset: number; }; }; }' but required in type 'Identifier'.
packages/codegen-grpc/tests/generate-golden.test.ts(68,11): error TS2322: Type '"FieldDeclaration"' is not assignable to type '"Field"'.
packages/codegen-grpc/tests/generate-golden.test.ts(68,37): error TS2741: Property 'location' is missing in type '{ kind: "Identifier"; name: string; span: { start: { line: number; column: number; offset: number; }; end: { line: number; column: number; offset: number; }; }; }' but required in type 'Identifier'.
packages/codegen-grpc/tests/generate-golden.test.ts(68,64): error TS2322: Type '"SimpleType"' is not assignable to type '"PrimitiveType" | "ConstrainedType" | "EnumType" | "StructType" | "UnionType" | "ListType" | "MapType" | "OptionalType" | "ReferenceType"'.
packages/codegen-grpc/tests/generate-golden.test.ts(68,84): error TS2739: Type '{ kind: "Identifier"; name: string; span: { start: { line: number; column: number; offset: number; }; end: { line: number; column: number; offset: number; }; }; }' is missing the following properties from type 'QualifiedName': parts, location
packages/codegen-grpc/tests/generate-golden.test.ts(69,11): error TS2322: Type '"FieldDeclaration"' is not assignable to type '"Field"'.
packages/codegen-grpc/tests/generate-golden.test.ts(69,37): error TS2741: Property 'location' is missing in type '{ kind: "Identifier"; name: string; span: { start: { line: number; column: number; offset: number; }; end: { line: number; column: number; offset: number; }; }; }' but required in type 'Identifier'.
packages/codegen-grpc/tests/generate-golden.test.ts(69,72): error TS2322: Type '"SimpleType"' is not assignable to type '"PrimitiveType" | "ConstrainedType" | "EnumType" | "StructType" | "UnionType" | "ListType" | "MapType" | "OptionalType" | "ReferenceType"'.
packages/codegen-grpc/tests/generate-golden.test.ts(69,92): error TS2739: Type '{ kind: "Identifier"; name: string; span: { start: { line: number; column: number; offset: number; }; end: { line: number; column: number; offset: number; }; }; }' is missing the following properties from type 'QualifiedName': parts, location
packages/codegen-grpc/tests/generate-golden.test.ts(69,184): error TS2741: Property 'location' is missing in type '{ kind: "Identifier"; name: string; span: { start: { line: number; column: number; offset: number; }; end: { line: number; column: number; offset: number; }; }; }' but required in type 'Identifier'.
packages/codegen-grpc/tests/generate-golden.test.ts(70,11): error TS2322: Type '"FieldDeclaration"' is not assignable to type '"Field"'.
packages/codegen-grpc/tests/generate-golden.test.ts(70,37): error TS2741: Property 'location' is missing in type '{ kind: "Identifier"; name: string; span: { start: { line: number; column: number; offset: number; }; end: { line: number; column: number; offset: number; }; }; }' but required in type 'Identifier'.
packages/codegen-grpc/tests/generate-golden.test.ts(70,63): error TS2322: Type '"SimpleType"' is not assignable to type '"PrimitiveType" | "ConstrainedType" | "EnumType" | "StructType" | "UnionType" | "ListType" | "MapType" | "OptionalType" | "ReferenceType"'.
packages/codegen-grpc/tests/generate-golden.test.ts(70,83): error TS2739: Type '{ kind: "Identifier"; name: string; span: { start: { line: number; column: number; offset: number; }; end: { line: number; column: number; offset: number; }; }; }' is missing the following properties from type 'QualifiedName': parts, location
packages/codegen-grpc/tests/generate-golden.test.ts(71,11): error TS2322: Type '"FieldDeclaration"' is not assignable to type '"Field"'.
packages/codegen-grpc/tests/generate-golden.test.ts(71,37): error TS2741: Property 'location' is missing in type '{ kind: "Identifier"; name: string; span: { start: { line: number; column: number; offset: number; }; end: { line: number; column: number; offset: number; }; }; }' but required in type 'Identifier'.
packages/codegen-grpc/tests/generate-golden.test.ts(71,69): error TS2322: Type '"SimpleType"' is not assignable to type '"PrimitiveType" | "ConstrainedType" | "EnumType" | "StructType" | "UnionType" | "ListType" | "MapType" | "OptionalType" | "ReferenceType"'.
packages/codegen-grpc/tests/generate-golden.test.ts(71,89): error TS2739: Type '{ kind: "Identifier"; name: string; span: { start: { line: number; column: number; offset: number; }; end: { line: number; column: number; offset: number; }; }; }' is missing the following properties from type 'QualifiedName': parts, location
packages/codegen-grpc/tests/generate-golden.test.ts(71,176): error TS2741: Property 'location' is missing in type '{ kind: "Identifier"; name: string; span: { start: { line: number; column: number; offset: number; }; end: { line: number; column: number; offset: number; }; }; }' but required in type 'Identifier'.
packages/codegen-grpc/tests/generate-golden.test.ts(76,7): error TS2322: Type '"EntityDeclaration"' is not assignable to type '"Entity"'.
packages/codegen-grpc/tests/generate-golden.test.ts(77,7): error TS2741: Property 'location' is missing in type '{ kind: "Identifier"; name: string; span: { start: { line: number; column: number; offset: number; }; end: { line: number; column: number; offset: number; }; }; }' but required in type 'Identifier'.
packages/codegen-grpc/tests/generate-golden.test.ts(79,11): error TS2322: Type '"FieldDeclaration"' is not assignable to type '"Field"'.
packages/codegen-grpc/tests/generate-golden.test.ts(79,37): error TS2741: Property 'location' is missing in type '{ kind: "Identifier"; name: string; span: { start: { line: number; column: number; offset: number; }; end: { line: number; column: number; offset: number; }; }; }' but required in type 'Identifier'.
packages/codegen-grpc/tests/generate-golden.test.ts(79,61): error TS2322: Type '"SimpleType"' is not assignable to type '"PrimitiveType" | "ConstrainedType" | "EnumType" | "StructType" | "UnionType" | "ListType" | "MapType" | "OptionalType" | "ReferenceType"'.
packages/codegen-grpc/tests/generate-golden.test.ts(79,81): error TS2739: Type '{ kind: "Identifier"; name: string; span: { start: { line: number; column: number; offset: number; }; end: { line: number; column: number; offset: number; }; }; }' is missing the following properties from type 'QualifiedName': parts, location
packages/codegen-grpc/tests/generate-golden.test.ts(80,11): error TS2322: Type '"FieldDeclaration"' is not assignable to type '"Field"'.
packages/codegen-grpc/tests/generate-golden.test.ts(80,37): error TS2741: Property 'location' is missing in type '{ kind: "Identifier"; name: string; span: { start: { line: number; column: number; offset: number; }; end: { line: number; column: number; offset: number; }; }; }' but required in type 'Identifier'.
packages/codegen-grpc/tests/generate-golden.test.ts(80,66): error TS2322: Type '"SimpleType"' is not assignable to type '"PrimitiveType" | "ConstrainedType" | "EnumType" | "StructType" | "UnionType" | "ListType" | "MapType" | "OptionalType" | "ReferenceType"'.
packages/codegen-grpc/tests/generate-golden.test.ts(80,86): error TS2739: Type '{ kind: "Identifier"; name: string; span: { start: { line: number; column: number; offset: number; }; end: { line: number; column: number; offset: number; }; }; }' is missing the following properties from type 'QualifiedName': parts, location
packages/codegen-grpc/tests/generate-golden.test.ts(81,11): error TS2322: Type '"FieldDeclaration"' is not assignable to type '"Field"'.
packages/codegen-grpc/tests/generate-golden.test.ts(81,37): error TS2741: Property 'location' is missing in type '{ kind: "Identifier"; name: string; span: { start: { line: number; column: number; offset: number; }; end: { line: number; column: number; offset: number; }; }; }' but required in type 'Identifier'.
packages/codegen-grpc/tests/generate-golden.test.ts(81,64): error TS2322: Type '"SimpleType"' is not assignable to type '"PrimitiveType" | "ConstrainedType" | "EnumType" | "StructType" | "UnionType" | "ListType" | "MapType" | "OptionalType" | "ReferenceType"'.
packages/codegen-grpc/tests/generate-golden.test.ts(81,84): error TS2739: Type '{ kind: "Identifier"; name: string; span: { start: { line: number; column: number; offset: number; }; end: { line: number; column: number; offset: number; }; }; }' is missing the following properties from type 'QualifiedName': parts, location
packages/codegen-grpc/tests/generate-golden.test.ts(81,168): error TS2741: Property 'location' is missing in type '{ kind: "Identifier"; name: string; span: { start: { line: number; column: number; offset: number; }; end: { line: number; column: number; offset: number; }; }; }' but required in type 'Identifier'.
packages/codegen-grpc/tests/generate-golden.test.ts(82,11): error TS2322: Type '"FieldDeclaration"' is not assignable to type '"Field"'.
packages/codegen-grpc/tests/generate-golden.test.ts(82,37): error TS2741: Property 'location' is missing in type '{ kind: "Identifier"; name: string; span: { start: { line: number; column: number; offset: number; }; end: { line: number; column: number; offset: number; }; }; }' but required in type 'Identifier'.
packages/codegen-grpc/tests/generate-golden.test.ts(82,65): error TS2322: Type '"SimpleType"' is not assignable to type '"PrimitiveType" | "ConstrainedType" | "EnumType" | "StructType" | "UnionType" | "ListType" | "MapType" | "OptionalType" | "ReferenceType"'.
packages/codegen-grpc/tests/generate-golden.test.ts(82,85): error TS2739: Type '{ kind: "Identifier"; name: string; span: { start: { line: number; column: number; offset: number; }; end: { line: number; column: number; offset: number; }; }; }' is missing the following properties from type 'QualifiedName': parts, location
packages/codegen-grpc/tests/generate-golden.test.ts(83,11): error TS2322: Type '"FieldDeclaration"' is not assignable to type '"Field"'.
packages/codegen-grpc/tests/generate-golden.test.ts(83,37): error TS2741: Property 'location' is missing in type '{ kind: "Identifier"; name: string; span: { start: { line: number; column: number; offset: number; }; end: { line: number; column: number; offset: number; }; }; }' but required in type 'Identifier'.
packages/codegen-grpc/tests/generate-golden.test.ts(83,69): error TS2322: Type '"SimpleType"' is not assignable to type '"PrimitiveType" | "ConstrainedType" | "EnumType" | "StructType" | "UnionType" | "ListType" | "MapType" | "OptionalType" | "ReferenceType"'.
packages/codegen-grpc/tests/generate-golden.test.ts(83,89): error TS2739: Type '{ kind: "Identifier"; name: string; span: { start: { line: number; column: number; offset: number; }; end: { line: number; column: number; offset: number; }; }; }' is missing the following properties from type 'QualifiedName': parts, location
packages/codegen-grpc/tests/generate-golden.test.ts(90,7): error TS2322: Type '"BehaviorDeclaration"' is not assignable to type '"Behavior"'.
packages/codegen-grpc/tests/generate-golden.test.ts(91,7): error TS2741: Property 'location' is missing in type '{ kind: "Identifier"; name: string; span: { start: { line: number; column: number; offset: number; }; end: { line: number; column: number; offset: number; }; }; }' but required in type 'Identifier'.
packages/codegen-grpc/tests/generate-golden.test.ts(92,7): error TS2741: Property 'location' is missing in type '{ kind: "StringLiteral"; value: string; span: { start: { line: number; column: number; offset: number; }; end: { line: number; column: number; offset: number; }; }; }' but required in type 'StringLiteral'.
packages/codegen-grpc/tests/generate-golden.test.ts(94,9): error TS2322: Type '"InputBlock"' is not assignable to type '"InputSpec"'.
packages/codegen-grpc/tests/generate-golden.test.ts(96,13): error TS2322: Type '"FieldDeclaration"' is not assignable to type '"Field"'.
packages/codegen-grpc/tests/generate-golden.test.ts(96,39): error TS2741: Property 'location' is missing in type '{ kind: "Identifier"; name: string; span: { start: { line: number; column: number; offset: number; }; end: { line: number; column: number; offset: number; }; }; }' but required in type 'Identifier'.
packages/codegen-grpc/tests/generate-golden.test.ts(96,66): error TS2322: Type '"SimpleType"' is not assignable to type '"PrimitiveType" | "ConstrainedType" | "EnumType" | "StructType" | "UnionType" | "ListType" | "MapType" | "OptionalType" | "ReferenceType"'.
packages/codegen-grpc/tests/generate-golden.test.ts(96,86): error TS2739: Type '{ kind: "Identifier"; name: string; span: { start: { line: number; column: number; offset: number; }; end: { line: number; column: number; offset: number; }; }; }' is missing the following properties from type 'QualifiedName': parts, location
packages/codegen-grpc/tests/generate-golden.test.ts(97,13): error TS2322: Type '"FieldDeclaration"' is not assignable to type '"Field"'.
packages/codegen-grpc/tests/generate-golden.test.ts(97,39): error TS2741: Property 'location' is missing in type '{ kind: "Identifier"; name: string; span: { start: { line: number; column: number; offset: number; }; end: { line: number; column: number; offset: number; }; }; }' but required in type 'Identifier'.
packages/codegen-grpc/tests/generate-golden.test.ts(97,69): error TS2322: Type '"SimpleType"' is not assignable to type '"PrimitiveType" | "ConstrainedType" | "EnumType" | "StructType" | "UnionType" | "ListType" | "MapType" | "OptionalType" | "ReferenceType"'.
packages/codegen-grpc/tests/generate-golden.test.ts(97,89): error TS2739: Type '{ kind: "Identifier"; name: string; span: { start: { line: number; column: number; offset: number; }; end: { line: number; column: number; offset: number; }; }; }' is missing the following properties from type 'QualifiedName': parts, location
packages/codegen-grpc/tests/generate-golden.test.ts(97,173): error TS2741: Property 'location' is missing in type '{ kind: "Identifier"; name: string; span: { start: { line: number; column: number; offset: number; }; end: { line: number; column: number; offset: number; }; }; }' but required in type 'Identifier'.
packages/codegen-grpc/tests/generate-golden.test.ts(98,13): error TS2322: Type '"FieldDeclaration"' is not assignable to type '"Field"'.
packages/codegen-grpc/tests/generate-golden.test.ts(98,39): error TS2741: Property 'location' is missing in type '{ kind: "Identifier"; name: string; span: { start: { line: number; column: number; offset: number; }; end: { line: number; column: number; offset: number; }; }; }' but required in type 'Identifier'.
packages/codegen-grpc/tests/generate-golden.test.ts(98,65): error TS2322: Type '"SimpleType"' is not assignable to type '"PrimitiveType" | "ConstrainedType" | "EnumType" | "StructType" | "UnionType" | "ListType" | "MapType" | "OptionalType" | "ReferenceType"'.
packages/codegen-grpc/tests/generate-golden.test.ts(98,85): error TS2739: Type '{ kind: "Identifier"; name: string; span: { start: { line: number; column: number; offset: number; }; end: { line: number; column: number; offset: number; }; }; }' is missing the following properties from type 'QualifiedName': parts, location
packages/codegen-grpc/tests/generate-golden.test.ts(103,9): error TS2322: Type '"OutputBlock"' is not assignable to type '"OutputSpec"'.
packages/codegen-grpc/tests/generate-golden.test.ts(104,20): error TS2322: Type '"SimpleType"' is not assignable to type '"PrimitiveType" | "ConstrainedType" | "EnumType" | "StructType" | "UnionType" | "ListType" | "MapType" | "OptionalType" | "ReferenceType"'.
packages/codegen-grpc/tests/generate-golden.test.ts(104,40): error TS2739: Type '{ kind: "Identifier"; name: string; span: { start: { line: number; column: number; offset: number; }; end: { line: number; column: number; offset: number; }; }; }' is missing the following properties from type 'QualifiedName': parts, location
packages/codegen-grpc/tests/generate-golden.test.ts(106,13): error TS2322: Type '"ErrorDeclaration"' is not assignable to type '"ErrorSpec"'.
packages/codegen-grpc/tests/generate-golden.test.ts(106,39): error TS2741: Property 'location' is missing in type '{ kind: "Identifier"; name: string; span: { start: { line: number; column: number; offset: number; }; end: { line: number; column: number; offset: number; }; }; }' but required in type 'Identifier'.
packages/codegen-grpc/tests/generate-golden.test.ts(106,68): error TS2741: Property 'location' is missing in type '{ kind: "StringLiteral"; value: string; span: { start: { line: number; column: number; offset: number; }; end: { line: number; column: number; offset: number; }; }; }' but required in type 'StringLiteral'.
packages/codegen-grpc/tests/generate-golden.test.ts(107,13): error TS2322: Type '"ErrorDeclaration"' is not assignable to type '"ErrorSpec"'.
packages/codegen-grpc/tests/generate-golden.test.ts(107,39): error TS2741: Property 'location' is missing in type '{ kind: "Identifier"; name: string; span: { start: { line: number; column: number; offset: number; }; end: { line: number; column: number; offset: number; }; }; }' but required in type 'Identifier'.
packages/codegen-grpc/tests/generate-golden.test.ts(107,66): error TS2741: Property 'location' is missing in type '{ kind: "StringLiteral"; value: string; span: { start: { line: number; column: number; offset: number; }; end: { line: number; column: number; offset: number; }; }; }' but required in type 'StringLiteral'.
packages/codegen-grpc/tests/generate-golden.test.ts(108,13): error TS2322: Type '"ErrorDeclaration"' is not assignable to type '"ErrorSpec"'.
packages/codegen-grpc/tests/generate-golden.test.ts(108,39): error TS2741: Property 'location' is missing in type '{ kind: "Identifier"; name: string; span: { start: { line: number; column: number; offset: number; }; end: { line: number; column: number; offset: number; }; }; }' but required in type 'Identifier'.
packages/codegen-grpc/tests/generate-golden.test.ts(108,66): error TS2741: Property 'location' is missing in type '{ kind: "StringLiteral"; value: string; span: { start: { line: number; column: number; offset: number; }; end: { line: number; column: number; offset: number; }; }; }' but required in type 'StringLiteral'.
packages/codegen-grpc/tests/generate-golden.test.ts(115,7): error TS2322: Type '"BehaviorDeclaration"' is not assignable to type '"Behavior"'.
packages/codegen-grpc/tests/generate-golden.test.ts(116,7): error TS2741: Property 'location' is missing in type '{ kind: "Identifier"; name: string; span: { start: { line: number; column: number; offset: number; }; end: { line: number; column: number; offset: number; }; }; }' but required in type 'Identifier'.
packages/codegen-grpc/tests/generate-golden.test.ts(117,7): error TS2741: Property 'location' is missing in type '{ kind: "StringLiteral"; value: string; span: { start: { line: number; column: number; offset: number; }; end: { line: number; column: number; offset: number; }; }; }' but required in type 'StringLiteral'.
packages/codegen-grpc/tests/generate-golden.test.ts(119,9): error TS2322: Type '"InputBlock"' is not assignable to type '"InputSpec"'.
packages/codegen-grpc/tests/generate-golden.test.ts(121,13): error TS2322: Type '"FieldDeclaration"' is not assignable to type '"Field"'.
packages/codegen-grpc/tests/generate-golden.test.ts(121,39): error TS2741: Property 'location' is missing in type '{ kind: "Identifier"; name: string; span: { start: { line: number; column: number; offset: number; }; end: { line: number; column: number; offset: number; }; }; }' but required in type 'Identifier'.
packages/codegen-grpc/tests/generate-golden.test.ts(121,66): error TS2322: Type '"SimpleType"' is not assignable to type '"PrimitiveType" | "ConstrainedType" | "EnumType" | "StructType" | "UnionType" | "ListType" | "MapType" | "OptionalType" | "ReferenceType"'.
packages/codegen-grpc/tests/generate-golden.test.ts(121,86): error TS2739: Type '{ kind: "Identifier"; name: string; span: { start: { line: number; column: number; offset: number; }; end: { line: number; column: number; offset: number; }; }; }' is missing the following properties from type 'QualifiedName': parts, location
packages/codegen-grpc/tests/generate-golden.test.ts(122,13): error TS2322: Type '"FieldDeclaration"' is not assignable to type '"Field"'.
packages/codegen-grpc/tests/generate-golden.test.ts(122,39): error TS2741: Property 'location' is missing in type '{ kind: "Identifier"; name: string; span: { start: { line: number; column: number; offset: number; }; end: { line: number; column: number; offset: number; }; }; }' but required in type 'Identifier'.
packages/codegen-grpc/tests/generate-golden.test.ts(122,69): error TS2322: Type '"SimpleType"' is not assignable to type '"PrimitiveType" | "ConstrainedType" | "EnumType" | "StructType" | "UnionType" | "ListType" | "MapType" | "OptionalType" | "ReferenceType"'.
packages/codegen-grpc/tests/generate-golden.test.ts(122,89): error TS2739: Type '{ kind: "Identifier"; name: string; span: { start: { line: number; column: number; offset: number; }; end: { line: number; column: number; offset: number; }; }; }' is missing the following properties from type 'QualifiedName': parts, location
packages/codegen-grpc/tests/generate-golden.test.ts(122,173): error TS2741: Property 'location' is missing in type '{ kind: "Identifier"; name: string; span: { start: { line: number; column: number; offset: number; }; end: { line: number; column: number; offset: number; }; }; }' but required in type 'Identifier'.
packages/codegen-grpc/tests/generate-golden.test.ts(127,9): error TS2322: Type '"OutputBlock"' is not assignable to type '"OutputSpec"'.
packages/codegen-grpc/tests/generate-golden.test.ts(128,20): error TS2322: Type '"SimpleType"' is not assignable to type '"PrimitiveType" | "ConstrainedType" | "EnumType" | "StructType" | "UnionType" | "ListType" | "MapType" | "OptionalType" | "ReferenceType"'.
packages/codegen-grpc/tests/generate-golden.test.ts(128,40): error TS2739: Type '{ kind: "Identifier"; name: string; span: { start: { line: number; column: number; offset: number; }; end: { line: number; column: number; offset: number; }; }; }' is missing the following properties from type 'QualifiedName': parts, location
packages/codegen-grpc/tests/generate-golden.test.ts(130,13): error TS2322: Type '"ErrorDeclaration"' is not assignable to type '"ErrorSpec"'.
packages/codegen-grpc/tests/generate-golden.test.ts(130,39): error TS2741: Property 'location' is missing in type '{ kind: "Identifier"; name: string; span: { start: { line: number; column: number; offset: number; }; end: { line: number; column: number; offset: number; }; }; }' but required in type 'Identifier'.
packages/codegen-grpc/tests/generate-golden.test.ts(130,72): error TS2741: Property 'location' is missing in type '{ kind: "StringLiteral"; value: string; span: { start: { line: number; column: number; offset: number; }; end: { line: number; column: number; offset: number; }; }; }' but required in type 'StringLiteral'.
packages/codegen-grpc/tests/generate-golden.test.ts(131,13): error TS2322: Type '"ErrorDeclaration"' is not assignable to type '"ErrorSpec"'.
packages/codegen-grpc/tests/generate-golden.test.ts(131,39): error TS2741: Property 'location' is missing in type '{ kind: "Identifier"; name: string; span: { start: { line: number; column: number; offset: number; }; end: { line: number; column: number; offset: number; }; }; }' but required in type 'Identifier'.
packages/codegen-grpc/tests/generate-golden.test.ts(131,67): error TS2741: Property 'location' is missing in type '{ kind: "StringLiteral"; value: string; span: { start: { line: number; column: number; offset: number; }; end: { line: number; column: number; offset: number; }; }; }' but required in type 'StringLiteral'.
packages/codegen-grpc/tests/generate-golden.test.ts(138,7): error TS2322: Type '"BehaviorDeclaration"' is not assignable to type '"Behavior"'.
packages/codegen-grpc/tests/generate-golden.test.ts(139,7): error TS2741: Property 'location' is missing in type '{ kind: "Identifier"; name: string; span: { start: { line: number; column: number; offset: number; }; end: { line: number; column: number; offset: number; }; }; }' but required in type 'Identifier'.
packages/codegen-grpc/tests/generate-golden.test.ts(140,7): error TS2741: Property 'location' is missing in type '{ kind: "StringLiteral"; value: string; span: { start: { line: number; column: number; offset: number; }; end: { line: number; column: number; offset: number; }; }; }' but required in type 'StringLiteral'.
packages/codegen-grpc/tests/generate-golden.test.ts(142,9): error TS2322: Type '"InputBlock"' is not assignable to type '"InputSpec"'.
packages/codegen-grpc/tests/generate-golden.test.ts(144,13): error TS2322: Type '"FieldDeclaration"' is not assignable to type '"Field"'.
packages/codegen-grpc/tests/generate-golden.test.ts(144,39): error TS2741: Property 'location' is missing in type '{ kind: "Identifier"; name: string; span: { start: { line: number; column: number; offset: number; }; end: { line: number; column: number; offset: number; }; }; }' but required in type 'Identifier'.
packages/codegen-grpc/tests/generate-golden.test.ts(144,71): error TS2322: Type '"SimpleType"' is not assignable to type '"PrimitiveType" | "ConstrainedType" | "EnumType" | "StructType" | "UnionType" | "ListType" | "MapType" | "OptionalType" | "ReferenceType"'.
packages/codegen-grpc/tests/generate-golden.test.ts(144,91): error TS2739: Type '{ kind: "Identifier"; name: string; span: { start: { line: number; column: number; offset: number; }; end: { line: number; column: number; offset: number; }; }; }' is missing the following properties from type 'QualifiedName': parts, location
packages/codegen-grpc/tests/generate-golden.test.ts(149,9): error TS2322: Type '"OutputBlock"' is not assignable to type '"OutputSpec"'.
packages/codegen-grpc/tests/generate-golden.test.ts(150,20): error TS2322: Type '"SimpleType"' is not assignable to type '"PrimitiveType" | "ConstrainedType" | "EnumType" | "StructType" | "UnionType" | "ListType" | "MapType" | "OptionalType" | "ReferenceType"'.
packages/codegen-grpc/tests/generate-golden.test.ts(150,40): error TS2739: Type '{ kind: "Identifier"; name: string; span: { start: { line: number; column: number; offset: number; }; end: { line: number; column: number; offset: number; }; }; }' is missing the following properties from type 'QualifiedName': parts, location
packages/codegen-grpc/tests/generate-golden.test.ts(152,13): error TS2322: Type '"ErrorDeclaration"' is not assignable to type '"ErrorSpec"'.
packages/codegen-grpc/tests/generate-golden.test.ts(152,39): error TS2741: Property 'location' is missing in type '{ kind: "Identifier"; name: string; span: { start: { line: number; column: number; offset: number; }; end: { line: number; column: number; offset: number; }; }; }' but required in type 'Identifier'.
packages/codegen-grpc/tests/generate-golden.test.ts(152,70): error TS2741: Property 'location' is missing in type '{ kind: "StringLiteral"; value: string; span: { start: { line: number; column: number; offset: number; }; end: { line: number; column: number; offset: number; }; }; }' but required in type 'StringLiteral'.
packages/codegen-grpc/tests/generate-golden.test.ts(153,13): error TS2322: Type '"ErrorDeclaration"' is not assignable to type '"ErrorSpec"'.
packages/codegen-grpc/tests/generate-golden.test.ts(153,39): error TS2741: Property 'location' is missing in type '{ kind: "Identifier"; name: string; span: { start: { line: number; column: number; offset: number; }; end: { line: number; column: number; offset: number; }; }; }' but required in type 'Identifier'.
packages/codegen-grpc/tests/generate-golden.test.ts(153,68): error TS2741: Property 'location' is missing in type '{ kind: "StringLiteral"; value: string; span: { start: { line: number; column: number; offset: number; }; end: { line: number; column: number; offset: number; }; }; }' but required in type 'StringLiteral'.
packages/codegen-grpc/tests/generator.test.ts(24,3): error TS2305: Module '"@isl-lang/isl-core"' has no exported member 'EntityDeclaration'.
packages/codegen-grpc/tests/generator.test.ts(26,3): error TS2305: Module '"@isl-lang/isl-core"' has no exported member 'TypeDeclaration'.
packages/codegen-grpc/tests/generator.test.ts(27,3): error TS2305: Module '"@isl-lang/isl-core"' has no exported member 'EnumDeclaration'.
packages/codegen-grpc/tests/generator.test.ts(28,3): error TS2305: Module '"@isl-lang/isl-core"' has no exported member 'FieldDeclaration'.
packages/codegen-grpc/tests/generator.test.ts(29,3): error TS2305: Module '"@isl-lang/isl-core"' has no exported member 'ErrorDeclaration'.
packages/codegen-grpc/tests/generator.test.ts(41,3): error TS2322: Type '"DomainDeclaration"' is not assignable to type '"Domain"'.
packages/codegen-grpc/tests/generator.test.ts(42,3): error TS2741: Property 'location' is missing in type '{ kind: "Identifier"; name: string; span: { start: { line: number; column: number; offset: number; }; end: { line: number; column: number; offset: number; }; }; }' but required in type 'Identifier'.
packages/codegen-grpc/tests/generator.test.ts(43,3): error TS2741: Property 'location' is missing in type '{ kind: "StringLiteral"; value: string; span: { start: { line: number; column: number; offset: number; }; end: { line: number; column: number; offset: number; }; }; }' but required in type 'StringLiteral'.
packages/codegen-grpc/tests/generator.test.ts(49,7): error TS2741: Property 'location' is missing in type '{ kind: "Identifier"; name: string; span: { start: { line: number; column: number; offset: number; }; end: { line: number; column: number; offset: number; }; }; }' but required in type 'Identifier'.
packages/codegen-grpc/tests/generator.test.ts(76,7): error TS2322: Type '"EntityDeclaration"' is not assignable to type '"Entity"'.
packages/codegen-grpc/tests/generator.test.ts(77,7): error TS2741: Property 'location' is missing in type '{ kind: "Identifier"; name: string; span: { start: { line: number; column: number; offset: number; }; end: { line: number; column: number; offset: number; }; }; }' but required in type 'Identifier'.
packages/codegen-grpc/tests/generator.test.ts(80,11): error TS2322: Type '"FieldDeclaration"' is not assignable to type '"Field"'.
packages/codegen-grpc/tests/generator.test.ts(81,11): error TS2741: Property 'location' is missing in type '{ kind: "Identifier"; name: string; span: { start: { line: number; column: number; offset: number; }; end: { line: number; column: number; offset: number; }; }; }' but required in type 'Identifier'.
packages/codegen-grpc/tests/generator.test.ts(82,19): error TS2322: Type '"SimpleType"' is not assignable to type '"PrimitiveType" | "ConstrainedType" | "EnumType" | "StructType" | "UnionType" | "ListType" | "MapType" | "OptionalType" | "ReferenceType"'.
packages/codegen-grpc/tests/generator.test.ts(82,39): error TS2739: Type '{ kind: "Identifier"; name: string; span: { start: { line: number; column: number; offset: number; }; end: { line: number; column: number; offset: number; }; }; }' is missing the following properties from type 'QualifiedName': parts, location
packages/codegen-grpc/tests/generator.test.ts(85,35): error TS2741: Property 'location' is missing in type '{ kind: "Identifier"; name: string; span: { start: { line: number; column: number; offset: number; }; end: { line: number; column: number; offset: number; }; }; }' but required in type 'Identifier'.
packages/codegen-grpc/tests/generator.test.ts(86,35): error TS2741: Property 'location' is missing in type '{ kind: "Identifier"; name: string; span: { start: { line: number; column: number; offset: number; }; end: { line: number; column: number; offset: number; }; }; }' but required in type 'Identifier'.
packages/codegen-grpc/tests/generator.test.ts(92,11): error TS2322: Type '"FieldDeclaration"' is not assignable to type '"Field"'.
packages/codegen-grpc/tests/generator.test.ts(93,11): error TS2741: Property 'location' is missing in type '{ kind: "Identifier"; name: string; span: { start: { line: number; column: number; offset: number; }; end: { line: number; column: number; offset: number; }; }; }' but required in type 'Identifier'.
packages/codegen-grpc/tests/generator.test.ts(94,19): error TS2322: Type '"SimpleType"' is not assignable to type '"PrimitiveType" | "ConstrainedType" | "EnumType" | "StructType" | "UnionType" | "ListType" | "MapType" | "OptionalType" | "ReferenceType"'.
packages/codegen-grpc/tests/generator.test.ts(94,39): error TS2739: Type '{ kind: "Identifier"; name: string; span: { start: { line: number; column: number; offset: number; }; end: { line: number; column: number; offset: number; }; }; }' is missing the following properties from type 'QualifiedName': parts, location
packages/codegen-grpc/tests/generator.test.ts(101,11): error TS2322: Type '"FieldDeclaration"' is not assignable to type '"Field"'.
packages/codegen-grpc/tests/generator.test.ts(102,11): error TS2741: Property 'location' is missing in type '{ kind: "Identifier"; name: string; span: { start: { line: number; column: number; offset: number; }; end: { line: number; column: number; offset: number; }; }; }' but required in type 'Identifier'.
packages/codegen-grpc/tests/generator.test.ts(103,19): error TS2322: Type '"SimpleType"' is not assignable to type '"PrimitiveType" | "ConstrainedType" | "EnumType" | "StructType" | "UnionType" | "ListType" | "MapType" | "OptionalType" | "ReferenceType"'.
packages/codegen-grpc/tests/generator.test.ts(103,39): error TS2739: Type '{ kind: "Identifier"; name: string; span: { start: { line: number; column: number; offset: number; }; end: { line: number; column: number; offset: number; }; }; }' is missing the following properties from type 'QualifiedName': parts, location
packages/codegen-grpc/tests/generator.test.ts(110,11): error TS2322: Type '"FieldDeclaration"' is not assignable to type '"Field"'.
packages/codegen-grpc/tests/generator.test.ts(111,11): error TS2741: Property 'location' is missing in type '{ kind: "Identifier"; name: string; span: { start: { line: number; column: number; offset: number; }; end: { line: number; column: number; offset: number; }; }; }' but required in type 'Identifier'.
packages/codegen-grpc/tests/generator.test.ts(112,19): error TS2322: Type '"SimpleType"' is not assignable to type '"PrimitiveType" | "ConstrainedType" | "EnumType" | "StructType" | "UnionType" | "ListType" | "MapType" | "OptionalType" | "ReferenceType"'.
packages/codegen-grpc/tests/generator.test.ts(112,39): error TS2739: Type '{ kind: "Identifier"; name: string; span: { start: { line: number; column: number; offset: number; }; end: { line: number; column: number; offset: number; }; }; }' is missing the following properties from type 'QualifiedName': parts, location
packages/codegen-grpc/tests/generator.test.ts(115,35): error TS2741: Property 'location' is missing in type '{ kind: "Identifier"; name: string; span: { start: { line: number; column: number; offset: number; }; end: { line: number; column: number; offset: number; }; }; }' but required in type 'Identifier'.
packages/codegen-grpc/tests/generator.test.ts(126,7): error TS2322: Type '"BehaviorDeclaration"' is not assignable to type '"Behavior"'.
packages/codegen-grpc/tests/generator.test.ts(127,7): error TS2741: Property 'location' is missing in type '{ kind: "Identifier"; name: string; span: { start: { line: number; column: number; offset: number; }; end: { line: number; column: number; offset: number; }; }; }' but required in type 'Identifier'.
packages/codegen-grpc/tests/generator.test.ts(128,7): error TS2741: Property 'location' is missing in type '{ kind: "StringLiteral"; value: string; span: { start: { line: number; column: number; offset: number; }; end: { line: number; column: number; offset: number; }; }; }' but required in type 'StringLiteral'.
packages/codegen-grpc/tests/generator.test.ts(130,9): error TS2322: Type '"InputBlock"' is not assignable to type '"InputSpec"'.
packages/codegen-grpc/tests/generator.test.ts(133,13): error TS2322: Type '"FieldDeclaration"' is not assignable to type '"Field"'.
packages/codegen-grpc/tests/generator.test.ts(134,13): error TS2741: Property 'location' is missing in type '{ kind: "Identifier"; name: string; span: { start: { line: number; column: number; offset: number; }; end: { line: number; column: number; offset: number; }; }; }' but required in type 'Identifier'.
packages/codegen-grpc/tests/generator.test.ts(135,21): error TS2322: Type '"SimpleType"' is not assignable to type '"PrimitiveType" | "ConstrainedType" | "EnumType" | "StructType" | "UnionType" | "ListType" | "MapType" | "OptionalType" | "ReferenceType"'.
packages/codegen-grpc/tests/generator.test.ts(135,41): error TS2739: Type '{ kind: "Identifier"; name: string; span: { start: { line: number; column: number; offset: number; }; end: { line: number; column: number; offset: number; }; }; }' is missing the following properties from type 'QualifiedName': parts, location
packages/codegen-grpc/tests/generator.test.ts(142,13): error TS2322: Type '"FieldDeclaration"' is not assignable to type '"Field"'.
packages/codegen-grpc/tests/generator.test.ts(143,13): error TS2741: Property 'location' is missing in type '{ kind: "Identifier"; name: string; span: { start: { line: number; column: number; offset: number; }; end: { line: number; column: number; offset: number; }; }; }' but required in type 'Identifier'.
packages/codegen-grpc/tests/generator.test.ts(144,21): error TS2322: Type '"SimpleType"' is not assignable to type '"PrimitiveType" | "ConstrainedType" | "EnumType" | "StructType" | "UnionType" | "ListType" | "MapType" | "OptionalType" | "ReferenceType"'.
packages/codegen-grpc/tests/generator.test.ts(144,41): error TS2739: Type '{ kind: "Identifier"; name: string; span: { start: { line: number; column: number; offset: number; }; end: { line: number; column: number; offset: number; }; }; }' is missing the following properties from type 'QualifiedName': parts, location
packages/codegen-grpc/tests/generator.test.ts(154,9): error TS2322: Type '"OutputBlock"' is not assignable to type '"OutputSpec"'.
packages/codegen-grpc/tests/generator.test.ts(155,20): error TS2322: Type '"SimpleType"' is not assignable to type '"PrimitiveType" | "ConstrainedType" | "EnumType" | "StructType" | "UnionType" | "ListType" | "MapType" | "OptionalType" | "ReferenceType"'.
packages/codegen-grpc/tests/generator.test.ts(155,40): error TS2739: Type '{ kind: "Identifier"; name: string; span: { start: { line: number; column: number; offset: number; }; end: { line: number; column: number; offset: number; }; }; }' is missing the following properties from type 'QualifiedName': parts, location
packages/codegen-grpc/tests/generator.test.ts(158,13): error TS2322: Type '"ErrorDeclaration"' is not assignable to type '"ErrorSpec"'.
packages/codegen-grpc/tests/generator.test.ts(159,13): error TS2741: Property 'location' is missing in type '{ kind: "Identifier"; name: string; span: { start: { line: number; column: number; offset: number; }; end: { line: number; column: number; offset: number; }; }; }' but required in type 'Identifier'.
packages/codegen-grpc/tests/generator.test.ts(160,13): error TS2741: Property 'location' is missing in type '{ kind: "StringLiteral"; value: string; span: { start: { line: number; column: number; offset: number; }; end: { line: number; column: number; offset: number; }; }; }' but required in type 'StringLiteral'.
packages/codegen-grpc/tests/generator.test.ts(165,13): error TS2322: Type '"ErrorDeclaration"' is not assignable to type '"ErrorSpec"'.
packages/codegen-grpc/tests/generator.test.ts(166,13): error TS2741: Property 'location' is missing in type '{ kind: "Identifier"; name: string; span: { start: { line: number; column: number; offset: number; }; end: { line: number; column: number; offset: number; }; }; }' but required in type 'Identifier'.
packages/codegen-grpc/tests/generator.test.ts(167,13): error TS2741: Property 'location' is missing in type '{ kind: "StringLiteral"; value: string; span: { start: { line: number; column: number; offset: number; }; end: { line: number; column: number; offset: number; }; }; }' but required in type 'StringLiteral'.
packages/codegen-grpc/tests/generator.test.ts(223,49): error TS2339: Property 'enums' does not exist on type 'Domain'.
packages/codegen-grpc/tests/proto-validate.test.ts(21,3): error TS2322: Type '"DomainDeclaration"' is not assignable to type '"Domain"'.
packages/codegen-grpc/tests/proto-validate.test.ts(22,3): error TS2741: Property 'location' is missing in type '{ kind: "Identifier"; name: string; span: { start: { line: number; column: number; offset: number; }; end: { line: number; column: number; offset: number; }; }; }' but required in type 'Identifier'.
packages/codegen-grpc/tests/proto-validate.test.ts(23,3): error TS2741: Property 'location' is missing in type '{ kind: "StringLiteral"; value: string; span: { start: { line: number; column: number; offset: number; }; end: { line: number; column: number; offset: number; }; }; }' but required in type 'StringLiteral'.
packages/codegen-grpc/tests/proto-validate.test.ts(29,7): error TS2741: Property 'location' is missing in type '{ kind: "Identifier"; name: string; span: { start: { line: number; column: number; offset: number; }; end: { line: number; column: number; offset: number; }; }; }' but required in type 'Identifier'.
packages/codegen-grpc/tests/proto-validate.test.ts(45,7): error TS2322: Type '"EntityDeclaration"' is not assignable to type '"Entity"'.
packages/codegen-grpc/tests/proto-validate.test.ts(46,7): error TS2741: Property 'location' is missing in type '{ kind: "Identifier"; name: string; span: { start: { line: number; column: number; offset: number; }; end: { line: number; column: number; offset: number; }; }; }' but required in type 'Identifier'.
packages/codegen-grpc/tests/proto-validate.test.ts(48,11): error TS2322: Type '"FieldDeclaration"' is not assignable to type '"Field"'.
packages/codegen-grpc/tests/proto-validate.test.ts(48,37): error TS2741: Property 'location' is missing in type '{ kind: "Identifier"; name: string; span: { start: { line: number; column: number; offset: number; }; end: { line: number; column: number; offset: number; }; }; }' but required in type 'Identifier'.
packages/codegen-grpc/tests/proto-validate.test.ts(48,61): error TS2322: Type '"SimpleType"' is not assignable to type '"PrimitiveType" | "ConstrainedType" | "EnumType" | "StructType" | "UnionType" | "ListType" | "MapType" | "OptionalType" | "ReferenceType"'.
packages/codegen-grpc/tests/proto-validate.test.ts(48,81): error TS2739: Type '{ kind: "Identifier"; name: string; span: { start: { line: number; column: number; offset: number; }; end: { line: number; column: number; offset: number; }; }; }' is missing the following properties from type 'QualifiedName': parts, location
packages/codegen-grpc/tests/proto-validate.test.ts(49,11): error TS2322: Type '"FieldDeclaration"' is not assignable to type '"Field"'.
packages/codegen-grpc/tests/proto-validate.test.ts(49,37): error TS2741: Property 'location' is missing in type '{ kind: "Identifier"; name: string; span: { start: { line: number; column: number; offset: number; }; end: { line: number; column: number; offset: number; }; }; }' but required in type 'Identifier'.
packages/codegen-grpc/tests/proto-validate.test.ts(49,65): error TS2322: Type '"SimpleType"' is not assignable to type '"PrimitiveType" | "ConstrainedType" | "EnumType" | "StructType" | "UnionType" | "ListType" | "MapType" | "OptionalType" | "ReferenceType"'.
packages/codegen-grpc/tests/proto-validate.test.ts(49,85): error TS2739: Type '{ kind: "Identifier"; name: string; span: { start: { line: number; column: number; offset: number; }; end: { line: number; column: number; offset: number; }; }; }' is missing the following properties from type 'QualifiedName': parts, location
packages/codegen-grpc/tests/proto-validate.test.ts(50,11): error TS2322: Type '"FieldDeclaration"' is not assignable to type '"Field"'.
packages/codegen-grpc/tests/proto-validate.test.ts(50,37): error TS2741: Property 'location' is missing in type '{ kind: "Identifier"; name: string; span: { start: { line: number; column: number; offset: number; }; end: { line: number; column: number; offset: number; }; }; }' but required in type 'Identifier'.
packages/codegen-grpc/tests/proto-validate.test.ts(50,67): error TS2322: Type '"SimpleType"' is not assignable to type '"PrimitiveType" | "ConstrainedType" | "EnumType" | "StructType" | "UnionType" | "ListType" | "MapType" | "OptionalType" | "ReferenceType"'.
packages/codegen-grpc/tests/proto-validate.test.ts(50,87): error TS2739: Type '{ kind: "Identifier"; name: string; span: { start: { line: number; column: number; offset: number; }; end: { line: number; column: number; offset: number; }; }; }' is missing the following properties from type 'QualifiedName': parts, location
packages/codegen-grpc/tests/proto-validate.test.ts(51,11): error TS2322: Type '"FieldDeclaration"' is not assignable to type '"Field"'.
packages/codegen-grpc/tests/proto-validate.test.ts(51,37): error TS2741: Property 'location' is missing in type '{ kind: "Identifier"; name: string; span: { start: { line: number; column: number; offset: number; }; end: { line: number; column: number; offset: number; }; }; }' but required in type 'Identifier'.
packages/codegen-grpc/tests/proto-validate.test.ts(51,65): error TS2322: Type '"SimpleType"' is not assignable to type '"PrimitiveType" | "ConstrainedType" | "EnumType" | "StructType" | "UnionType" | "ListType" | "MapType" | "OptionalType" | "ReferenceType"'.
packages/codegen-grpc/tests/proto-validate.test.ts(51,85): error TS2739: Type '{ kind: "Identifier"; name: string; span: { start: { line: number; column: number; offset: number; }; end: { line: number; column: number; offset: number; }; }; }' is missing the following properties from type 'QualifiedName': parts, location
packages/codegen-grpc/tests/proto-validate.test.ts(52,11): error TS2322: Type '"FieldDeclaration"' is not assignable to type '"Field"'.
packages/codegen-grpc/tests/proto-validate.test.ts(52,37): error TS2741: Property 'location' is missing in type '{ kind: "Identifier"; name: string; span: { start: { line: number; column: number; offset: number; }; end: { line: number; column: number; offset: number; }; }; }' but required in type 'Identifier'.
packages/codegen-grpc/tests/proto-validate.test.ts(52,69): error TS2322: Type '"SimpleType"' is not assignable to type '"PrimitiveType" | "ConstrainedType" | "EnumType" | "StructType" | "UnionType" | "ListType" | "MapType" | "OptionalType" | "ReferenceType"'.
packages/codegen-grpc/tests/proto-validate.test.ts(52,89): error TS2739: Type '{ kind: "Identifier"; name: string; span: { start: { line: number; column: number; offset: number; }; end: { line: number; column: number; offset: number; }; }; }' is missing the following properties from type 'QualifiedName': parts, location
packages/codegen-grpc/tests/proto-validate.test.ts(59,7): error TS2322: Type '"BehaviorDeclaration"' is not assignable to type '"Behavior"'.
packages/codegen-grpc/tests/proto-validate.test.ts(60,7): error TS2741: Property 'location' is missing in type '{ kind: "Identifier"; name: string; span: { start: { line: number; column: number; offset: number; }; end: { line: number; column: number; offset: number; }; }; }' but required in type 'Identifier'.
packages/codegen-grpc/tests/proto-validate.test.ts(61,7): error TS2741: Property 'location' is missing in type '{ kind: "StringLiteral"; value: string; span: { start: { line: number; column: number; offset: number; }; end: { line: number; column: number; offset: number; }; }; }' but required in type 'StringLiteral'.
packages/codegen-grpc/tests/proto-validate.test.ts(63,9): error TS2322: Type '"InputBlock"' is not assignable to type '"InputSpec"'.
packages/codegen-grpc/tests/proto-validate.test.ts(65,13): error TS2322: Type '"FieldDeclaration"' is not assignable to type '"Field"'.
packages/codegen-grpc/tests/proto-validate.test.ts(65,39): error TS2741: Property 'location' is missing in type '{ kind: "Identifier"; name: string; span: { start: { line: number; column: number; offset: number; }; end: { line: number; column: number; offset: number; }; }; }' but required in type 'Identifier'.
packages/codegen-grpc/tests/proto-validate.test.ts(65,67): error TS2322: Type '"SimpleType"' is not assignable to type '"PrimitiveType" | "ConstrainedType" | "EnumType" | "StructType" | "UnionType" | "ListType" | "MapType" | "OptionalType" | "ReferenceType"'.
packages/codegen-grpc/tests/proto-validate.test.ts(65,87): error TS2739: Type '{ kind: "Identifier"; name: string; span: { start: { line: number; column: number; offset: number; }; end: { line: number; column: number; offset: number; }; }; }' is missing the following properties from type 'QualifiedName': parts, location
packages/codegen-grpc/tests/proto-validate.test.ts(66,13): error TS2322: Type '"FieldDeclaration"' is not assignable to type '"Field"'.
packages/codegen-grpc/tests/proto-validate.test.ts(66,39): error TS2741: Property 'location' is missing in type '{ kind: "Identifier"; name: string; span: { start: { line: number; column: number; offset: number; }; end: { line: number; column: number; offset: number; }; }; }' but required in type 'Identifier'.
packages/codegen-grpc/tests/proto-validate.test.ts(66,69): error TS2322: Type '"SimpleType"' is not assignable to type '"PrimitiveType" | "ConstrainedType" | "EnumType" | "StructType" | "UnionType" | "ListType" | "MapType" | "OptionalType" | "ReferenceType"'.
packages/codegen-grpc/tests/proto-validate.test.ts(66,89): error TS2739: Type '{ kind: "Identifier"; name: string; span: { start: { line: number; column: number; offset: number; }; end: { line: number; column: number; offset: number; }; }; }' is missing the following properties from type 'QualifiedName': parts, location
packages/codegen-grpc/tests/proto-validate.test.ts(67,13): error TS2322: Type '"FieldDeclaration"' is not assignable to type '"Field"'.
packages/codegen-grpc/tests/proto-validate.test.ts(67,39): error TS2741: Property 'location' is missing in type '{ kind: "Identifier"; name: string; span: { start: { line: number; column: number; offset: number; }; end: { line: number; column: number; offset: number; }; }; }' but required in type 'Identifier'.
packages/codegen-grpc/tests/proto-validate.test.ts(67,76): error TS2322: Type '"SimpleType"' is not assignable to type '"PrimitiveType" | "ConstrainedType" | "EnumType" | "StructType" | "UnionType" | "ListType" | "MapType" | "OptionalType" | "ReferenceType"'.
packages/codegen-grpc/tests/proto-validate.test.ts(67,96): error TS2739: Type '{ kind: "Identifier"; name: string; span: { start: { line: number; column: number; offset: number; }; end: { line: number; column: number; offset: number; }; }; }' is missing the following properties from type 'QualifiedName': parts, location
packages/codegen-grpc/tests/proto-validate.test.ts(72,9): error TS2322: Type '"OutputBlock"' is not assignable to type '"OutputSpec"'.
packages/codegen-grpc/tests/proto-validate.test.ts(73,20): error TS2322: Type '"SimpleType"' is not assignable to type '"PrimitiveType" | "ConstrainedType" | "EnumType" | "StructType" | "UnionType" | "ListType" | "MapType" | "OptionalType" | "ReferenceType"'.
packages/codegen-grpc/tests/proto-validate.test.ts(73,40): error TS2739: Type '{ kind: "Identifier"; name: string; span: { start: { line: number; column: number; offset: number; }; end: { line: number; column: number; offset: number; }; }; }' is missing the following properties from type 'QualifiedName': parts, location
packages/codegen-grpc/tests/proto-validate.test.ts(75,13): error TS2322: Type '"ErrorDeclaration"' is not assignable to type '"ErrorSpec"'.
packages/codegen-grpc/tests/proto-validate.test.ts(75,39): error TS2741: Property 'location' is missing in type '{ kind: "Identifier"; name: string; span: { start: { line: number; column: number; offset: number; }; end: { line: number; column: number; offset: number; }; }; }' but required in type 'Identifier'.
packages/codegen-grpc/tests/proto-validate.test.ts(75,71): error TS2741: Property 'location' is missing in type '{ kind: "StringLiteral"; value: string; span: { start: { line: number; column: number; offset: number; }; end: { line: number; column: number; offset: number; }; }; }' but required in type 'StringLiteral'.
packages/codegen-grpc/tests/proto-validate.test.ts(76,13): error TS2322: Type '"ErrorDeclaration"' is not assignable to type '"ErrorSpec"'.
packages/codegen-grpc/tests/proto-validate.test.ts(76,39): error TS2741: Property 'location' is missing in type '{ kind: "Identifier"; name: string; span: { start: { line: number; column: number; offset: number; }; end: { line: number; column: number; offset: number; }; }; }' but required in type 'Identifier'.
packages/codegen-grpc/tests/proto-validate.test.ts(76,65): error TS2741: Property 'location' is missing in type '{ kind: "StringLiteral"; value: string; span: { start: { line: number; column: number; offset: number; }; end: { line: number; column: number; offset: number; }; }; }' but required in type 'StringLiteral'.
packages/codegen-jvm/tests/generator.test.ts(7,64): error TS2307: Cannot find module '../../master_contracts/ast' or its corresponding type declarations.
packages/codegen-k8s/tests/generator.test.ts(148,21): error TS2352: Conversion of type 'K8sManifest' to type '{ data: Record<string, string>; }' may be a mistake because neither type sufficiently overlaps with the other. If this was intentional, convert the expression to 'unknown' first.
  Property 'data' is missing in type 'K8sManifest' but required in type '{ data: Record<string, string>; }'.
packages/codegen-k8s/tests/generator.test.ts(155,27): error TS2352: Conversion of type 'K8sManifest' to type '{ stringData: Record<string, string>; }' may be a mistake because neither type sufficiently overlaps with the other. If this was intentional, convert the expression to 'unknown' first.
  Property 'stringData' is missing in type 'K8sManifest' but required in type '{ stringData: Record<string, string>; }'.
packages/codegen-k8s/tests/generator.test.ts(201,21): error TS2352: Conversion of type 'K8sManifest' to type '{ data: Record<string, string>; }' may be a mistake because neither type sufficiently overlaps with the other. If this was intentional, convert the expression to 'unknown' first.
  Property 'data' is missing in type 'K8sManifest' but required in type '{ data: Record<string, string>; }'.
packages/codegen-k8s/tests/generator.test.ts(209,27): error TS2352: Conversion of type 'K8sManifest' to type '{ stringData: Record<string, string>; }' may be a mistake because neither type sufficiently overlaps with the other. If this was intentional, convert the expression to 'unknown' first.
  Property 'stringData' is missing in type 'K8sManifest' but required in type '{ stringData: Record<string, string>; }'.
packages/codegen-loadtest/tests/generator.test.ts(152,44): error TS2353: Object literal may only specify known properties, and 'name' does not exist in type 'TypeDefinition'.
packages/codegen-loadtest/tests/generator.test.ts(160,44): error TS2353: Object literal may only specify known properties, and 'name' does not exist in type 'TypeDefinition'.
packages/codegen-loadtest/tests/generator.test.ts(170,43): error TS2353: Object literal may only specify known properties, and 'name' does not exist in type 'TypeDefinition'.
packages/codegen-loadtest/tests/generator.test.ts(333,48): error TS2353: Object literal may only specify known properties, and 'name' does not exist in type 'TypeDefinition'.
packages/codegen-loadtest/tests/generator.test.ts(343,47): error TS2353: Object literal may only specify known properties, and 'name' does not exist in type 'TypeDefinition'.
packages/codegen-loadtest/tests/generator.test.ts(410,47): error TS2353: Object literal may only specify known properties, and 'name' does not exist in type 'TypeDefinition'.
packages/codegen-loadtest/tests/generator.test.ts(453,48): error TS2353: Object literal may only specify known properties, and 'name' does not exist in type 'TypeDefinition'.
packages/codegen-loadtest/tests/generator.test.ts(463,47): error TS2353: Object literal may only specify known properties, and 'name' does not exist in type 'TypeDefinition'.
packages/codegen-migrations/src/generator.ts(8,3): error TS2305: Module '"@isl-lang/isl-core"' has no exported member 'EntityDeclaration'.
packages/codegen-migrations/src/generator.ts(9,3): error TS2305: Module '"@isl-lang/isl-core"' has no exported member 'FieldDeclaration'.
packages/codegen-migrations/src/generator.ts(10,3): error TS2305: Module '"@isl-lang/isl-core"' has no exported member 'TypeDeclaration'.
packages/codegen-migrations/src/generator.ts(11,3): error TS2724: '"@isl-lang/isl-core"' has no exported member named 'TypeExpression'. Did you mean 'Expression'?
packages/codegen-migrations/src/generator.ts(12,3): error TS2305: Module '"@isl-lang/isl-core"' has no exported member 'Annotation'.
packages/codegen-migrations/src/generator.ts(83,33): error TS2339: Property 'enums' does not exist on type 'Domain'.
packages/codegen-migrations/src/generator.ts(86,38): error TS7006: Parameter 'v' implicitly has an 'any' type.
packages/codegen-migrations/src/generator.ts(249,31): error TS2339: Property 'enums' does not exist on type 'Domain'.
packages/codegen-migrations/src/generator.ts(249,44): error TS7006: Parameter 'e' implicitly has an 'any' type.
packages/codegen-migrations/tests/generator.test.ts(9,23): error TS2694: Namespace '"@isl-lang/isl-core"' has no exported member 'Domain'.
packages/codegen-mocks/src/generator.ts(8,3): error TS2305: Module '"@isl-lang/isl-core"' has no exported member 'FieldDeclaration'.
packages/codegen-mocks/src/generator.ts(10,3): error TS2305: Module '"@isl-lang/isl-core"' has no exported member 'ErrorDeclaration'.
packages/codegen-mocks/src/generator.ts(11,3): error TS2305: Module '"@isl-lang/isl-core"' has no exported member 'TypeDeclaration'.
packages/codegen-mocks/src/generator.ts(12,3): error TS2724: '"@isl-lang/isl-core"' has no exported member named 'TypeExpression'. Did you mean 'Expression'?
packages/codegen-mocks/src/generator.ts(181,29): error TS2339: Property 'enums' does not exist on type 'Domain'.
packages/codegen-mocks/src/generator.ts(181,42): error TS7006: Parameter 'e' implicitly has an 'any' type.
packages/codegen-mocks/src/generator.ts(183,45): error TS7006: Parameter 'v' implicitly has an 'any' type.
packages/codegen-mocks/src/generator.ts(422,7): error TS2367: This comparison appears to be unintentional because the types '"PrimitiveType" | "ConstrainedType" | "EnumType" | "StructType" | "UnionType" | "ListType" | "MapType" | "OptionalType" | "ReferenceType"' and '"SimpleType"' have no overlap.
packages/codegen-mocks/src/generator.ts(423,20): error TS2339: Property 'name' does not exist on type 'never'.
packages/codegen-mocks/src/generator.ts(426,7): error TS2367: This comparison appears to be unintentional because the types '"PrimitiveType" | "ConstrainedType" | "EnumType" | "StructType" | "UnionType" | "ListType" | "MapType" | "OptionalType" | "ReferenceType"' and '"GenericType"' have no overlap.
packages/codegen-mocks/src/generator.ts(426,49): error TS2339: Property 'name' does not exist on type 'never'.
packages/codegen-mocks/src/generator.ts(427,33): error TS2339: Property 'typeArguments' does not exist on type 'never'.
packages/codegen-mocks/src/generator.ts(433,7): error TS2367: This comparison appears to be unintentional because the types '"PrimitiveType" | "ConstrainedType" | "EnumType" | "StructType" | "UnionType" | "ListType" | "MapType" | "OptionalType" | "ReferenceType"' and '"ArrayType"' have no overlap.
packages/codegen-mocks/src/generator.ts(433,47): error TS2339: Property 'elementType' does not exist on type 'never'.
packages/codegen-mocks/src/generator.ts(434,20): error TS2339: Property 'elementType' does not exist on type 'never'.
packages/codegen-mocks/tests/generator.test.ts(9,23): error TS2694: Namespace '"@isl-lang/isl-core"' has no exported member 'Domain'.
packages/codegen-openapi/tests/generator.test.ts(1100,34): error TS2345: Argument of type 'object' is not assignable to parameter of type 'string | Document<{}>'.
packages/codegen-openapi/tests/generator.test.ts(1114,28): error TS2345: Argument of type '{ name: string; version: string; entities: { name: string; fields: { name: string; type: { kind: string; name: string; }; optional: boolean; annotations: { name: string; }[]; }[]; invariants: never[]; annotations: never[]; }[]; ... 4 more ...; annotations: never[]; }' is not assignable to parameter of type 'Domain'.
  Types of property 'entities' are incompatible.
    Type '{ name: string; fields: { name: string; type: { kind: string; name: string; }; optional: boolean; annotations: { name: string; }[]; }[]; invariants: never[]; annotations: never[]; }[]' is not assignable to type 'Entity[]'.
      Type '{ name: string; fields: { name: string; type: { kind: string; name: string; }; optional: boolean; annotations: { name: string; }[]; }[]; invariants: never[]; annotations: never[]; }' is not assignable to type 'Entity'.
        Types of property 'fields' are incompatible.
          Type '{ name: string; type: { kind: string; name: string; }; optional: boolean; annotations: { name: string; }[]; }[]' is not assignable to type 'Field[]'.
            Type '{ name: string; type: { kind: string; name: string; }; optional: boolean; annotations: { name: string; }[]; }' is not assignable to type 'Field'.
              Types of property 'type' are incompatible.
                Type '{ kind: string; name: string; }' is not assignable to type 'TypeExpression'.
                  Property 'typeArguments' is missing in type '{ kind: string; name: string; }' but required in type '{ kind: "GenericType"; name: string | { name: string; }; typeArguments: TypeExpression[]; }'.
packages/codegen-openapi/tests/generator.test.ts(1126,28): error TS2345: Argument of type '{ name: string; version: string; entities: { name: string; fields: { name: string; type: { kind: string; name: string; }; optional: boolean; annotations: { name: string; }[]; }[]; invariants: never[]; annotations: never[]; }[]; ... 4 more ...; annotations: never[]; }' is not assignable to parameter of type 'Domain'.
  Types of property 'entities' are incompatible.
    Type '{ name: string; fields: { name: string; type: { kind: string; name: string; }; optional: boolean; annotations: { name: string; }[]; }[]; invariants: never[]; annotations: never[]; }[]' is not assignable to type 'Entity[]'.
      Type '{ name: string; fields: { name: string; type: { kind: string; name: string; }; optional: boolean; annotations: { name: string; }[]; }[]; invariants: never[]; annotations: never[]; }' is not assignable to type 'Entity'.
        Types of property 'fields' are incompatible.
          Type '{ name: string; type: { kind: string; name: string; }; optional: boolean; annotations: { name: string; }[]; }[]' is not assignable to type 'Field[]'.
            Type '{ name: string; type: { kind: string; name: string; }; optional: boolean; annotations: { name: string; }[]; }' is not assignable to type 'Field'.
              Types of property 'type' are incompatible.
                Type '{ kind: string; name: string; }' is not assignable to type 'TypeExpression'.
                  Property 'typeArguments' is missing in type '{ kind: string; name: string; }' but required in type '{ kind: "GenericType"; name: string | { name: string; }; typeArguments: TypeExpression[]; }'.
packages/codegen-openapi/tests/generator.test.ts(1137,28): error TS2345: Argument of type '{ name: string; version: string; entities: { name: string; fields: { name: string; type: { kind: string; name: string; }; optional: boolean; annotations: { name: string; }[]; }[]; invariants: never[]; annotations: never[]; }[]; ... 4 more ...; annotations: never[]; }' is not assignable to parameter of type 'Domain'.
  Types of property 'entities' are incompatible.
    Type '{ name: string; fields: { name: string; type: { kind: string; name: string; }; optional: boolean; annotations: { name: string; }[]; }[]; invariants: never[]; annotations: never[]; }[]' is not assignable to type 'Entity[]'.
      Type '{ name: string; fields: { name: string; type: { kind: string; name: string; }; optional: boolean; annotations: { name: string; }[]; }[]; invariants: never[]; annotations: never[]; }' is not assignable to type 'Entity'.
        Types of property 'fields' are incompatible.
          Type '{ name: string; type: { kind: string; name: string; }; optional: boolean; annotations: { name: string; }[]; }[]' is not assignable to type 'Field[]'.
            Type '{ name: string; type: { kind: string; name: string; }; optional: boolean; annotations: { name: string; }[]; }' is not assignable to type 'Field'.
              Types of property 'type' are incompatible.
                Type '{ kind: string; name: string; }' is not assignable to type 'TypeExpression'.
                  Property 'typeArguments' is missing in type '{ kind: string; name: string; }' but required in type '{ kind: "GenericType"; name: string | { name: string; }; typeArguments: TypeExpression[]; }'.
packages/codegen-openapi/tests/generator.test.ts(1144,28): error TS2345: Argument of type '{ name: string; version: string; entities: { name: string; fields: { name: string; type: { kind: string; name: string; }; optional: boolean; annotations: { name: string; }[]; }[]; invariants: never[]; annotations: never[]; }[]; ... 4 more ...; annotations: never[]; }' is not assignable to parameter of type 'Domain'.
  Types of property 'entities' are incompatible.
    Type '{ name: string; fields: { name: string; type: { kind: string; name: string; }; optional: boolean; annotations: { name: string; }[]; }[]; invariants: never[]; annotations: never[]; }[]' is not assignable to type 'Entity[]'.
      Type '{ name: string; fields: { name: string; type: { kind: string; name: string; }; optional: boolean; annotations: { name: string; }[]; }[]; invariants: never[]; annotations: never[]; }' is not assignable to type 'Entity'.
        Types of property 'fields' are incompatible.
          Type '{ name: string; type: { kind: string; name: string; }; optional: boolean; annotations: { name: string; }[]; }[]' is not assignable to type 'Field[]'.
            Type '{ name: string; type: { kind: string; name: string; }; optional: boolean; annotations: { name: string; }[]; }' is not assignable to type 'Field'.
              Types of property 'type' are incompatible.
                Type '{ kind: string; name: string; }' is not assignable to type 'TypeExpression'.
                  Property 'typeArguments' is missing in type '{ kind: string; name: string; }' but required in type '{ kind: "GenericType"; name: string | { name: string; }; typeArguments: TypeExpression[]; }'.
packages/codegen-openapi/tests/generator.test.ts(1151,28): error TS2345: Argument of type '{ name: string; version: string; entities: { name: string; fields: { name: string; type: { kind: string; name: string; }; optional: boolean; annotations: { name: string; }[]; }[]; invariants: never[]; annotations: never[]; }[]; ... 4 more ...; annotations: never[]; }' is not assignable to parameter of type 'Domain'.
  Types of property 'entities' are incompatible.
    Type '{ name: string; fields: { name: string; type: { kind: string; name: string; }; optional: boolean; annotations: { name: string; }[]; }[]; invariants: never[]; annotations: never[]; }[]' is not assignable to type 'Entity[]'.
      Type '{ name: string; fields: { name: string; type: { kind: string; name: string; }; optional: boolean; annotations: { name: string; }[]; }[]; invariants: never[]; annotations: never[]; }' is not assignable to type 'Entity'.
        Types of property 'fields' are incompatible.
          Type '{ name: string; type: { kind: string; name: string; }; optional: boolean; annotations: { name: string; }[]; }[]' is not assignable to type 'Field[]'.
            Type '{ name: string; type: { kind: string; name: string; }; optional: boolean; annotations: { name: string; }[]; }' is not assignable to type 'Field'.
              Types of property 'type' are incompatible.
                Type '{ kind: string; name: string; }' is not assignable to type 'TypeExpression'.
                  Property 'typeArguments' is missing in type '{ kind: string; name: string; }' but required in type '{ kind: "GenericType"; name: string | { name: string; }; typeArguments: TypeExpression[]; }'.
packages/codegen-openapi/tests/generator.test.ts(1159,28): error TS2345: Argument of type '{ name: string; version: string; entities: { name: string; fields: { name: string; type: { kind: string; name: string; }; optional: boolean; annotations: { name: string; }[]; }[]; invariants: never[]; annotations: never[]; }[]; ... 4 more ...; annotations: never[]; }' is not assignable to parameter of type 'Domain'.
  Types of property 'entities' are incompatible.
    Type '{ name: string; fields: { name: string; type: { kind: string; name: string; }; optional: boolean; annotations: { name: string; }[]; }[]; invariants: never[]; annotations: never[]; }[]' is not assignable to type 'Entity[]'.
      Type '{ name: string; fields: { name: string; type: { kind: string; name: string; }; optional: boolean; annotations: { name: string; }[]; }[]; invariants: never[]; annotations: never[]; }' is not assignable to type 'Entity'.
        Types of property 'fields' are incompatible.
          Type '{ name: string; type: { kind: string; name: string; }; optional: boolean; annotations: { name: string; }[]; }[]' is not assignable to type 'Field[]'.
            Type '{ name: string; type: { kind: string; name: string; }; optional: boolean; annotations: { name: string; }[]; }' is not assignable to type 'Field'.
              Types of property 'type' are incompatible.
                Type '{ kind: string; name: string; }' is not assignable to type 'TypeExpression'.
                  Property 'typeArguments' is missing in type '{ kind: string; name: string; }' but required in type '{ kind: "GenericType"; name: string | { name: string; }; typeArguments: TypeExpression[]; }'.
packages/codegen-openapi/tests/generator.test.ts(1178,28): error TS2345: Argument of type '{ name: string; version: string; entities: { name: string; fields: { name: string; type: { kind: string; name: string; }; optional: boolean; annotations: { name: string; }[]; }[]; invariants: never[]; annotations: never[]; }[]; ... 4 more ...; annotations: never[]; }' is not assignable to parameter of type 'Domain'.
  Types of property 'entities' are incompatible.
    Type '{ name: string; fields: { name: string; type: { kind: string; name: string; }; optional: boolean; annotations: { name: string; }[]; }[]; invariants: never[]; annotations: never[]; }[]' is not assignable to type 'Entity[]'.
      Type '{ name: string; fields: { name: string; type: { kind: string; name: string; }; optional: boolean; annotations: { name: string; }[]; }[]; invariants: never[]; annotations: never[]; }' is not assignable to type 'Entity'.
        Types of property 'fields' are incompatible.
          Type '{ name: string; type: { kind: string; name: string; }; optional: boolean; annotations: { name: string; }[]; }[]' is not assignable to type 'Field[]'.
            Type '{ name: string; type: { kind: string; name: string; }; optional: boolean; annotations: { name: string; }[]; }' is not assignable to type 'Field'.
              Types of property 'type' are incompatible.
                Type '{ kind: string; name: string; }' is not assignable to type 'TypeExpression'.
                  Property 'typeArguments' is missing in type '{ kind: string; name: string; }' but required in type '{ kind: "GenericType"; name: string | { name: string; }; typeArguments: TypeExpression[]; }'.
packages/codegen-openapi/tests/generator.test.ts(1188,28): error TS2345: Argument of type '{ name: string; version: string; entities: { name: string; fields: { name: string; type: { kind: string; name: string; }; optional: boolean; annotations: { name: string; }[]; }[]; invariants: never[]; annotations: never[]; }[]; ... 4 more ...; annotations: never[]; }' is not assignable to parameter of type 'Domain'.
  Types of property 'entities' are incompatible.
    Type '{ name: string; fields: { name: string; type: { kind: string; name: string; }; optional: boolean; annotations: { name: string; }[]; }[]; invariants: never[]; annotations: never[]; }[]' is not assignable to type 'Entity[]'.
      Type '{ name: string; fields: { name: string; type: { kind: string; name: string; }; optional: boolean; annotations: { name: string; }[]; }[]; invariants: never[]; annotations: never[]; }' is not assignable to type 'Entity'.
        Types of property 'fields' are incompatible.
          Type '{ name: string; type: { kind: string; name: string; }; optional: boolean; annotations: { name: string; }[]; }[]' is not assignable to type 'Field[]'.
            Type '{ name: string; type: { kind: string; name: string; }; optional: boolean; annotations: { name: string; }[]; }' is not assignable to type 'Field'.
              Types of property 'type' are incompatible.
                Type '{ kind: string; name: string; }' is not assignable to type 'TypeExpression'.
                  Property 'typeArguments' is missing in type '{ kind: string; name: string; }' but required in type '{ kind: "GenericType"; name: string | { name: string; }; typeArguments: TypeExpression[]; }'.
packages/codegen-openapi/tests/generator.test.ts(1199,28): error TS2345: Argument of type '{ name: string; version: string; entities: { name: string; fields: { name: string; type: { kind: string; name: string; }; optional: boolean; annotations: { name: string; }[]; }[]; invariants: never[]; annotations: never[]; }[]; ... 4 more ...; annotations: never[]; }' is not assignable to parameter of type 'Domain'.
  Types of property 'entities' are incompatible.
    Type '{ name: string; fields: { name: string; type: { kind: string; name: string; }; optional: boolean; annotations: { name: string; }[]; }[]; invariants: never[]; annotations: never[]; }[]' is not assignable to type 'Entity[]'.
      Type '{ name: string; fields: { name: string; type: { kind: string; name: string; }; optional: boolean; annotations: { name: string; }[]; }[]; invariants: never[]; annotations: never[]; }' is not assignable to type 'Entity'.
        Types of property 'fields' are incompatible.
          Type '{ name: string; type: { kind: string; name: string; }; optional: boolean; annotations: { name: string; }[]; }[]' is not assignable to type 'Field[]'.
            Type '{ name: string; type: { kind: string; name: string; }; optional: boolean; annotations: { name: string; }[]; }' is not assignable to type 'Field'.
              Types of property 'type' are incompatible.
                Type '{ kind: string; name: string; }' is not assignable to type 'TypeExpression'.
                  Property 'typeArguments' is missing in type '{ kind: string; name: string; }' but required in type '{ kind: "GenericType"; name: string | { name: string; }; typeArguments: TypeExpression[]; }'.
packages/codegen-openapi/tests/generator.test.ts(1208,28): error TS2345: Argument of type '{ name: string; version: string; entities: { name: string; fields: { name: string; type: { kind: string; name: string; }; optional: boolean; annotations: { name: string; }[]; }[]; invariants: never[]; annotations: never[]; }[]; ... 4 more ...; annotations: never[]; }' is not assignable to parameter of type 'Domain'.
  Types of property 'entities' are incompatible.
    Type '{ name: string; fields: { name: string; type: { kind: string; name: string; }; optional: boolean; annotations: { name: string; }[]; }[]; invariants: never[]; annotations: never[]; }[]' is not assignable to type 'Entity[]'.
      Type '{ name: string; fields: { name: string; type: { kind: string; name: string; }; optional: boolean; annotations: { name: string; }[]; }[]; invariants: never[]; annotations: never[]; }' is not assignable to type 'Entity'.
        Types of property 'fields' are incompatible.
          Type '{ name: string; type: { kind: string; name: string; }; optional: boolean; annotations: { name: string; }[]; }[]' is not assignable to type 'Field[]'.
            Type '{ name: string; type: { kind: string; name: string; }; optional: boolean; annotations: { name: string; }[]; }' is not assignable to type 'Field'.
              Types of property 'type' are incompatible.
                Type '{ kind: string; name: string; }' is not assignable to type 'TypeExpression'.
                  Property 'typeArguments' is missing in type '{ kind: string; name: string; }' but required in type '{ kind: "GenericType"; name: string | { name: string; }; typeArguments: TypeExpression[]; }'.
packages/codegen-openapi/tests/generator.test.ts(1216,28): error TS2345: Argument of type '{ name: string; version: string; entities: { name: string; fields: ({ name: string; type: { kind: string; name: string; elementType?: undefined; }; optional: boolean; annotations: { name: string; }[]; } | { name: string; type: { ...; }; optional: boolean; annotations: never[]; })[]; invariants: never[]; annotations:...' is not assignable to parameter of type 'Domain'.
  Types of property 'entities' are incompatible.
    Type '{ name: string; fields: ({ name: string; type: { kind: string; name: string; elementType?: undefined; }; optional: boolean; annotations: { name: string; }[]; } | { name: string; type: { kind: string; elementType: { ...; }; name?: undefined; }; optional: boolean; annotations: never[]; })[]; invariants: never[]; annot...' is not assignable to type 'Entity[]'.
      Type '{ name: string; fields: ({ name: string; type: { kind: string; name: string; elementType?: undefined; }; optional: boolean; annotations: { name: string; }[]; } | { name: string; type: { kind: string; elementType: { ...; }; name?: undefined; }; optional: boolean; annotations: never[]; })[]; invariants: never[]; annot...' is not assignable to type 'Entity'.
        Types of property 'fields' are incompatible.
          Type '({ name: string; type: { kind: string; name: string; elementType?: undefined; }; optional: boolean; annotations: { name: string; }[]; } | { name: string; type: { kind: string; elementType: { kind: string; name: string; }; name?: undefined; }; optional: boolean; annotations: never[]; })[]' is not assignable to type 'Field[]'.
            Type '{ name: string; type: { kind: string; name: string; elementType?: undefined; }; optional: boolean; annotations: { name: string; }[]; } | { name: string; type: { kind: string; elementType: { kind: string; name: string; }; name?: undefined; }; optional: boolean; annotations: never[]; }' is not assignable to type 'Field'.
              Type '{ name: string; type: { kind: string; name: string; elementType?: undefined; }; optional: boolean; annotations: { name: string; }[]; }' is not assignable to type 'Field'.
                Types of property 'type' are incompatible.
                  Type '{ kind: string; name: string; elementType?: undefined; }' is not assignable to type 'TypeExpression'.
                    Property 'typeArguments' is missing in type '{ kind: string; name: string; elementType?: undefined; }' but required in type '{ kind: "GenericType"; name: string | { name: string; }; typeArguments: TypeExpression[]; }'.
packages/codegen-openapi/tests/generator.test.ts(1224,28): error TS2345: Argument of type '{ name: string; version: string; entities: { name: string; fields: { name: string; type: { kind: string; name: string; }; optional: boolean; annotations: { name: string; }[]; }[]; invariants: never[]; annotations: never[]; }[]; ... 4 more ...; annotations: never[]; }' is not assignable to parameter of type 'Domain'.
  Types of property 'entities' are incompatible.
    Type '{ name: string; fields: { name: string; type: { kind: string; name: string; }; optional: boolean; annotations: { name: string; }[]; }[]; invariants: never[]; annotations: never[]; }[]' is not assignable to type 'Entity[]'.
      Type '{ name: string; fields: { name: string; type: { kind: string; name: string; }; optional: boolean; annotations: { name: string; }[]; }[]; invariants: never[]; annotations: never[]; }' is not assignable to type 'Entity'.
        Types of property 'fields' are incompatible.
          Type '{ name: string; type: { kind: string; name: string; }; optional: boolean; annotations: { name: string; }[]; }[]' is not assignable to type 'Field[]'.
            Type '{ name: string; type: { kind: string; name: string; }; optional: boolean; annotations: { name: string; }[]; }' is not assignable to type 'Field'.
              Types of property 'type' are incompatible.
                Type '{ kind: string; name: string; }' is not assignable to type 'TypeExpression'.
                  Property 'typeArguments' is missing in type '{ kind: string; name: string; }' but required in type '{ kind: "GenericType"; name: string | { name: string; }; typeArguments: TypeExpression[]; }'.
packages/codegen-openapi/tests/generator.test.ts(1245,28): error TS2345: Argument of type '{ name: string; version: string; entities: { name: string; fields: { name: string; type: { kind: string; name: string; }; optional: boolean; annotations: { name: string; }[]; }[]; invariants: never[]; annotations: never[]; }[]; ... 4 more ...; annotations: never[]; }' is not assignable to parameter of type 'Domain'.
  Types of property 'entities' are incompatible.
    Type '{ name: string; fields: { name: string; type: { kind: string; name: string; }; optional: boolean; annotations: { name: string; }[]; }[]; invariants: never[]; annotations: never[]; }[]' is not assignable to type 'Entity[]'.
      Type '{ name: string; fields: { name: string; type: { kind: string; name: string; }; optional: boolean; annotations: { name: string; }[]; }[]; invariants: never[]; annotations: never[]; }' is not assignable to type 'Entity'.
        Types of property 'fields' are incompatible.
          Type '{ name: string; type: { kind: string; name: string; }; optional: boolean; annotations: { name: string; }[]; }[]' is not assignable to type 'Field[]'.
            Type '{ name: string; type: { kind: string; name: string; }; optional: boolean; annotations: { name: string; }[]; }' is not assignable to type 'Field'.
              Types of property 'type' are incompatible.
                Type '{ kind: string; name: string; }' is not assignable to type 'TypeExpression'.
                  Property 'typeArguments' is missing in type '{ kind: string; name: string; }' but required in type '{ kind: "GenericType"; name: string | { name: string; }; typeArguments: TypeExpression[]; }'.
packages/codegen-openapi/tests/generator.test.ts(1254,28): error TS2345: Argument of type '{ name: string; version: string; entities: { name: string; fields: { name: string; type: { kind: string; name: string; }; optional: boolean; annotations: { name: string; }[]; }[]; invariants: never[]; annotations: never[]; }[]; ... 4 more ...; annotations: never[]; }' is not assignable to parameter of type 'Domain'.
  Types of property 'entities' are incompatible.
    Type '{ name: string; fields: { name: string; type: { kind: string; name: string; }; optional: boolean; annotations: { name: string; }[]; }[]; invariants: never[]; annotations: never[]; }[]' is not assignable to type 'Entity[]'.
      Type '{ name: string; fields: { name: string; type: { kind: string; name: string; }; optional: boolean; annotations: { name: string; }[]; }[]; invariants: never[]; annotations: never[]; }' is not assignable to type 'Entity'.
        Types of property 'fields' are incompatible.
          Type '{ name: string; type: { kind: string; name: string; }; optional: boolean; annotations: { name: string; }[]; }[]' is not assignable to type 'Field[]'.
            Type '{ name: string; type: { kind: string; name: string; }; optional: boolean; annotations: { name: string; }[]; }' is not assignable to type 'Field'.
              Types of property 'type' are incompatible.
                Type '{ kind: string; name: string; }' is not assignable to type 'TypeExpression'.
                  Property 'typeArguments' is missing in type '{ kind: string; name: string; }' but required in type '{ kind: "GenericType"; name: string | { name: string; }; typeArguments: TypeExpression[]; }'.
packages/codegen-openapi/tests/generator.test.ts(1263,28): error TS2345: Argument of type '{ name: string; version: string; entities: { name: string; fields: { name: string; type: { kind: string; name: string; }; optional: boolean; annotations: { name: string; }[]; }[]; invariants: never[]; annotations: never[]; }[]; ... 4 more ...; annotations: never[]; }' is not assignable to parameter of type 'Domain'.
  Types of property 'entities' are incompatible.
    Type '{ name: string; fields: { name: string; type: { kind: string; name: string; }; optional: boolean; annotations: { name: string; }[]; }[]; invariants: never[]; annotations: never[]; }[]' is not assignable to type 'Entity[]'.
      Type '{ name: string; fields: { name: string; type: { kind: string; name: string; }; optional: boolean; annotations: { name: string; }[]; }[]; invariants: never[]; annotations: never[]; }' is not assignable to type 'Entity'.
        Types of property 'fields' are incompatible.
          Type '{ name: string; type: { kind: string; name: string; }; optional: boolean; annotations: { name: string; }[]; }[]' is not assignable to type 'Field[]'.
            Type '{ name: string; type: { kind: string; name: string; }; optional: boolean; annotations: { name: string; }[]; }' is not assignable to type 'Field'.
              Types of property 'type' are incompatible.
                Type '{ kind: string; name: string; }' is not assignable to type 'TypeExpression'.
                  Property 'typeArguments' is missing in type '{ kind: string; name: string; }' but required in type '{ kind: "GenericType"; name: string | { name: string; }; typeArguments: TypeExpression[]; }'.
packages/codegen-openapi/tests/generator.test.ts(1270,28): error TS2345: Argument of type '{ name: string; version: string; entities: { name: string; fields: ({ name: string; type: { kind: string; name: string; elementType?: undefined; }; optional: boolean; annotations: { name: string; }[]; } | { name: string; type: { ...; }; optional: boolean; annotations: never[]; })[]; invariants: never[]; annotations:...' is not assignable to parameter of type 'Domain'.
  Types of property 'entities' are incompatible.
    Type '{ name: string; fields: ({ name: string; type: { kind: string; name: string; elementType?: undefined; }; optional: boolean; annotations: { name: string; }[]; } | { name: string; type: { kind: string; elementType: { ...; }; name?: undefined; }; optional: boolean; annotations: never[]; })[]; invariants: never[]; annot...' is not assignable to type 'Entity[]'.
      Type '{ name: string; fields: ({ name: string; type: { kind: string; name: string; elementType?: undefined; }; optional: boolean; annotations: { name: string; }[]; } | { name: string; type: { kind: string; elementType: { ...; }; name?: undefined; }; optional: boolean; annotations: never[]; })[]; invariants: never[]; annot...' is not assignable to type 'Entity'.
        Types of property 'fields' are incompatible.
          Type '({ name: string; type: { kind: string; name: string; elementType?: undefined; }; optional: boolean; annotations: { name: string; }[]; } | { name: string; type: { kind: string; elementType: { kind: string; name: string; }; name?: undefined; }; optional: boolean; annotations: never[]; })[]' is not assignable to type 'Field[]'.
            Type '{ name: string; type: { kind: string; name: string; elementType?: undefined; }; optional: boolean; annotations: { name: string; }[]; } | { name: string; type: { kind: string; elementType: { kind: string; name: string; }; name?: undefined; }; optional: boolean; annotations: never[]; }' is not assignable to type 'Field'.
              Type '{ name: string; type: { kind: string; name: string; elementType?: undefined; }; optional: boolean; annotations: { name: string; }[]; }' is not assignable to type 'Field'.
                Types of property 'type' are incompatible.
                  Type '{ kind: string; name: string; elementType?: undefined; }' is not assignable to type 'TypeExpression'.
                    Property 'typeArguments' is missing in type '{ kind: string; name: string; elementType?: undefined; }' but required in type '{ kind: "GenericType"; name: string | { name: string; }; typeArguments: TypeExpression[]; }'.
packages/codegen-openapi/tests/generator.test.ts(1286,28): error TS2345: Argument of type '{ name: string; version: string; entities: { name: string; fields: { name: string; type: { kind: string; name: string; }; optional: boolean; annotations: { name: string; }[]; }[]; invariants: never[]; annotations: never[]; }[]; ... 4 more ...; annotations: never[]; }' is not assignable to parameter of type 'Domain'.
  Types of property 'entities' are incompatible.
    Type '{ name: string; fields: { name: string; type: { kind: string; name: string; }; optional: boolean; annotations: { name: string; }[]; }[]; invariants: never[]; annotations: never[]; }[]' is not assignable to type 'Entity[]'.
      Type '{ name: string; fields: { name: string; type: { kind: string; name: string; }; optional: boolean; annotations: { name: string; }[]; }[]; invariants: never[]; annotations: never[]; }' is not assignable to type 'Entity'.
        Types of property 'fields' are incompatible.
          Type '{ name: string; type: { kind: string; name: string; }; optional: boolean; annotations: { name: string; }[]; }[]' is not assignable to type 'Field[]'.
            Type '{ name: string; type: { kind: string; name: string; }; optional: boolean; annotations: { name: string; }[]; }' is not assignable to type 'Field'.
              Types of property 'type' are incompatible.
                Type '{ kind: string; name: string; }' is not assignable to type 'TypeExpression'.
                  Property 'typeArguments' is missing in type '{ kind: string; name: string; }' but required in type '{ kind: "GenericType"; name: string | { name: string; }; typeArguments: TypeExpression[]; }'.
packages/codegen-openapi/tests/generator.test.ts(1294,28): error TS2345: Argument of type '{ name: string; version: string; entities: { name: string; fields: { name: string; type: { kind: string; name: string; }; optional: boolean; annotations: { name: string; }[]; }[]; invariants: never[]; annotations: never[]; }[]; ... 4 more ...; annotations: never[]; }' is not assignable to parameter of type 'Domain'.
  Types of property 'entities' are incompatible.
    Type '{ name: string; fields: { name: string; type: { kind: string; name: string; }; optional: boolean; annotations: { name: string; }[]; }[]; invariants: never[]; annotations: never[]; }[]' is not assignable to type 'Entity[]'.
      Type '{ name: string; fields: { name: string; type: { kind: string; name: string; }; optional: boolean; annotations: { name: string; }[]; }[]; invariants: never[]; annotations: never[]; }' is not assignable to type 'Entity'.
        Types of property 'fields' are incompatible.
          Type '{ name: string; type: { kind: string; name: string; }; optional: boolean; annotations: { name: string; }[]; }[]' is not assignable to type 'Field[]'.
            Type '{ name: string; type: { kind: string; name: string; }; optional: boolean; annotations: { name: string; }[]; }' is not assignable to type 'Field'.
              Types of property 'type' are incompatible.
                Type '{ kind: string; name: string; }' is not assignable to type 'TypeExpression'.
                  Property 'typeArguments' is missing in type '{ kind: string; name: string; }' but required in type '{ kind: "GenericType"; name: string | { name: string; }; typeArguments: TypeExpression[]; }'.
packages/codegen-openapi/tests/generator.test.ts(1299,23): error TS2538: Type 'undefined' cannot be used as an index type.
packages/codegen-openapi/tests/generator.test.ts(1300,23): error TS2538: Type 'undefined' cannot be used as an index type.
packages/codegen-openapi/tests/generator.test.ts(1304,28): error TS2345: Argument of type '{ name: string; version: string; entities: { name: string; fields: { name: string; type: { kind: string; name: string; }; optional: boolean; annotations: { name: string; }[]; }[]; invariants: never[]; annotations: never[]; }[]; ... 4 more ...; annotations: never[]; }' is not assignable to parameter of type 'Domain'.
  Types of property 'entities' are incompatible.
    Type '{ name: string; fields: { name: string; type: { kind: string; name: string; }; optional: boolean; annotations: { name: string; }[]; }[]; invariants: never[]; annotations: never[]; }[]' is not assignable to type 'Entity[]'.
      Type '{ name: string; fields: { name: string; type: { kind: string; name: string; }; optional: boolean; annotations: { name: string; }[]; }[]; invariants: never[]; annotations: never[]; }' is not assignable to type 'Entity'.
        Types of property 'fields' are incompatible.
          Type '{ name: string; type: { kind: string; name: string; }; optional: boolean; annotations: { name: string; }[]; }[]' is not assignable to type 'Field[]'.
            Type '{ name: string; type: { kind: string; name: string; }; optional: boolean; annotations: { name: string; }[]; }' is not assignable to type 'Field'.
              Types of property 'type' are incompatible.
                Type '{ kind: string; name: string; }' is not assignable to type 'TypeExpression'.
                  Property 'typeArguments' is missing in type '{ kind: string; name: string; }' but required in type '{ kind: "GenericType"; name: string | { name: string; }; typeArguments: TypeExpression[]; }'.
packages/codegen-openapi/tests/generator.test.ts(1309,23): error TS2538: Type 'undefined' cannot be used as an index type.
packages/codegen-openapi/tests/generator.test.ts(1310,23): error TS2538: Type 'undefined' cannot be used as an index type.
packages/codegen-openapi/tests/generator.test.ts(1314,28): error TS2345: Argument of type '{ name: string; version: string; entities: { name: string; fields: { name: string; type: { kind: string; name: string; }; optional: boolean; annotations: { name: string; }[]; }[]; invariants: never[]; annotations: never[]; }[]; ... 4 more ...; annotations: never[]; }' is not assignable to parameter of type 'Domain'.
  Types of property 'entities' are incompatible.
    Type '{ name: string; fields: { name: string; type: { kind: string; name: string; }; optional: boolean; annotations: { name: string; }[]; }[]; invariants: never[]; annotations: never[]; }[]' is not assignable to type 'Entity[]'.
      Type '{ name: string; fields: { name: string; type: { kind: string; name: string; }; optional: boolean; annotations: { name: string; }[]; }[]; invariants: never[]; annotations: never[]; }' is not assignable to type 'Entity'.
        Types of property 'fields' are incompatible.
          Type '{ name: string; type: { kind: string; name: string; }; optional: boolean; annotations: { name: string; }[]; }[]' is not assignable to type 'Field[]'.
            Type '{ name: string; type: { kind: string; name: string; }; optional: boolean; annotations: { name: string; }[]; }' is not assignable to type 'Field'.
              Types of property 'type' are incompatible.
                Type '{ kind: string; name: string; }' is not assignable to type 'TypeExpression'.
                  Property 'typeArguments' is missing in type '{ kind: string; name: string; }' but required in type '{ kind: "GenericType"; name: string | { name: string; }; typeArguments: TypeExpression[]; }'.
packages/codegen-openapi/tests/generator.test.ts(1318,23): error TS2538: Type 'undefined' cannot be used as an index type.
packages/codegen-openapi/tests/generator.test.ts(1319,23): error TS2538: Type 'undefined' cannot be used as an index type.
packages/codegen-openapi/tests/generator.test.ts(1323,28): error TS2345: Argument of type '{ name: string; version: string; entities: { name: string; fields: { name: string; type: { kind: string; name: string; }; optional: boolean; annotations: { name: string; }[]; }[]; invariants: never[]; annotations: never[]; }[]; ... 4 more ...; annotations: never[]; }' is not assignable to parameter of type 'Domain'.
  Types of property 'entities' are incompatible.
    Type '{ name: string; fields: { name: string; type: { kind: string; name: string; }; optional: boolean; annotations: { name: string; }[]; }[]; invariants: never[]; annotations: never[]; }[]' is not assignable to type 'Entity[]'.
      Type '{ name: string; fields: { name: string; type: { kind: string; name: string; }; optional: boolean; annotations: { name: string; }[]; }[]; invariants: never[]; annotations: never[]; }' is not assignable to type 'Entity'.
        Types of property 'fields' are incompatible.
          Type '{ name: string; type: { kind: string; name: string; }; optional: boolean; annotations: { name: string; }[]; }[]' is not assignable to type 'Field[]'.
            Type '{ name: string; type: { kind: string; name: string; }; optional: boolean; annotations: { name: string; }[]; }' is not assignable to type 'Field'.
              Types of property 'type' are incompatible.
                Type '{ kind: string; name: string; }' is not assignable to type 'TypeExpression'.
                  Property 'typeArguments' is missing in type '{ kind: string; name: string; }' but required in type '{ kind: "GenericType"; name: string | { name: string; }; typeArguments: TypeExpression[]; }'.
packages/codegen-openapi/tests/generator.test.ts(1327,23): error TS2538: Type 'undefined' cannot be used as an index type.
packages/codegen-openapi/tests/generator.test.ts(1328,23): error TS2538: Type 'undefined' cannot be used as an index type.
packages/codegen-openapi/tests/generator.test.ts(1332,28): error TS2345: Argument of type '{ name: string; version: string; entities: { name: string; fields: { name: string; type: { kind: string; name: string; }; optional: boolean; annotations: { name: string; }[]; }[]; invariants: never[]; annotations: never[]; }[]; ... 4 more ...; annotations: never[]; }' is not assignable to parameter of type 'Domain'.
  Types of property 'entities' are incompatible.
    Type '{ name: string; fields: { name: string; type: { kind: string; name: string; }; optional: boolean; annotations: { name: string; }[]; }[]; invariants: never[]; annotations: never[]; }[]' is not assignable to type 'Entity[]'.
      Type '{ name: string; fields: { name: string; type: { kind: string; name: string; }; optional: boolean; annotations: { name: string; }[]; }[]; invariants: never[]; annotations: never[]; }' is not assignable to type 'Entity'.
        Types of property 'fields' are incompatible.
          Type '{ name: string; type: { kind: string; name: string; }; optional: boolean; annotations: { name: string; }[]; }[]' is not assignable to type 'Field[]'.
            Type '{ name: string; type: { kind: string; name: string; }; optional: boolean; annotations: { name: string; }[]; }' is not assignable to type 'Field'.
              Types of property 'type' are incompatible.
                Type '{ kind: string; name: string; }' is not assignable to type 'TypeExpression'.
                  Property 'typeArguments' is missing in type '{ kind: string; name: string; }' but required in type '{ kind: "GenericType"; name: string | { name: string; }; typeArguments: TypeExpression[]; }'.
packages/codegen-openapi/tests/generator.test.ts(1336,34): error TS2538: Type 'undefined' cannot be used as an index type.
packages/codegen-openapi/tests/generator.test.ts(1343,28): error TS2345: Argument of type '{ name: string; version: string; entities: { name: string; fields: { name: string; type: { kind: string; name: string; }; optional: boolean; annotations: { name: string; }[]; }[]; invariants: never[]; annotations: never[]; }[]; ... 4 more ...; annotations: never[]; }' is not assignable to parameter of type 'Domain'.
  Types of property 'entities' are incompatible.
    Type '{ name: string; fields: { name: string; type: { kind: string; name: string; }; optional: boolean; annotations: { name: string; }[]; }[]; invariants: never[]; annotations: never[]; }[]' is not assignable to type 'Entity[]'.
      Type '{ name: string; fields: { name: string; type: { kind: string; name: string; }; optional: boolean; annotations: { name: string; }[]; }[]; invariants: never[]; annotations: never[]; }' is not assignable to type 'Entity'.
        Types of property 'fields' are incompatible.
          Type '{ name: string; type: { kind: string; name: string; }; optional: boolean; annotations: { name: string; }[]; }[]' is not assignable to type 'Field[]'.
            Type '{ name: string; type: { kind: string; name: string; }; optional: boolean; annotations: { name: string; }[]; }' is not assignable to type 'Field'.
              Types of property 'type' are incompatible.
                Type '{ kind: string; name: string; }' is not assignable to type 'TypeExpression'.
                  Property 'typeArguments' is missing in type '{ kind: string; name: string; }' but required in type '{ kind: "GenericType"; name: string | { name: string; }; typeArguments: TypeExpression[]; }'.
packages/codegen-openapi/tests/generator.test.ts(1347,34): error TS2538: Type 'undefined' cannot be used as an index type.
packages/codegen-openapi/tests/generator.test.ts(1360,28): error TS2345: Argument of type '{ name: string; version: string; entities: { name: string; fields: { name: string; type: { kind: string; name: string; }; optional: boolean; annotations: { name: string; }[]; }[]; invariants: never[]; annotations: never[]; }[]; ... 4 more ...; annotations: never[]; }' is not assignable to parameter of type 'Domain'.
  Types of property 'entities' are incompatible.
    Type '{ name: string; fields: { name: string; type: { kind: string; name: string; }; optional: boolean; annotations: { name: string; }[]; }[]; invariants: never[]; annotations: never[]; }[]' is not assignable to type 'Entity[]'.
      Type '{ name: string; fields: { name: string; type: { kind: string; name: string; }; optional: boolean; annotations: { name: string; }[]; }[]; invariants: never[]; annotations: never[]; }' is not assignable to type 'Entity'.
        Types of property 'fields' are incompatible.
          Type '{ name: string; type: { kind: string; name: string; }; optional: boolean; annotations: { name: string; }[]; }[]' is not assignable to type 'Field[]'.
            Type '{ name: string; type: { kind: string; name: string; }; optional: boolean; annotations: { name: string; }[]; }' is not assignable to type 'Field'.
              Types of property 'type' are incompatible.
                Type '{ kind: string; name: string; }' is not assignable to type 'TypeExpression'.
                  Property 'typeArguments' is missing in type '{ kind: string; name: string; }' but required in type '{ kind: "GenericType"; name: string | { name: string; }; typeArguments: TypeExpression[]; }'.
packages/codegen-openapi/tests/generator.test.ts(1364,34): error TS2538: Type 'undefined' cannot be used as an index type.
packages/codegen-openapi/tests/generator.test.ts(1371,28): error TS2345: Argument of type '{ name: string; version: string; entities: { name: string; fields: { name: string; type: { kind: string; name: string; }; optional: boolean; annotations: { name: string; }[]; }[]; invariants: never[]; annotations: never[]; }[]; ... 4 more ...; annotations: never[]; }' is not assignable to parameter of type 'Domain'.
  Types of property 'entities' are incompatible.
    Type '{ name: string; fields: { name: string; type: { kind: string; name: string; }; optional: boolean; annotations: { name: string; }[]; }[]; invariants: never[]; annotations: never[]; }[]' is not assignable to type 'Entity[]'.
      Type '{ name: string; fields: { name: string; type: { kind: string; name: string; }; optional: boolean; annotations: { name: string; }[]; }[]; invariants: never[]; annotations: never[]; }' is not assignable to type 'Entity'.
        Types of property 'fields' are incompatible.
          Type '{ name: string; type: { kind: string; name: string; }; optional: boolean; annotations: { name: string; }[]; }[]' is not assignable to type 'Field[]'.
            Type '{ name: string; type: { kind: string; name: string; }; optional: boolean; annotations: { name: string; }[]; }' is not assignable to type 'Field'.
              Types of property 'type' are incompatible.
                Type '{ kind: string; name: string; }' is not assignable to type 'TypeExpression'.
                  Property 'typeArguments' is missing in type '{ kind: string; name: string; }' but required in type '{ kind: "GenericType"; name: string | { name: string; }; typeArguments: TypeExpression[]; }'.
packages/codegen-openapi/tests/generator.test.ts(1376,34): error TS2538: Type 'undefined' cannot be used as an index type.
packages/codegen-openapi/tests/generator.test.ts(1382,28): error TS2345: Argument of type '{ name: string; version: string; entities: { name: string; fields: { name: string; type: { kind: string; name: string; }; optional: boolean; annotations: { name: string; }[]; }[]; invariants: never[]; annotations: never[]; }[]; ... 4 more ...; annotations: never[]; }' is not assignable to parameter of type 'Domain'.
  Types of property 'entities' are incompatible.
    Type '{ name: string; fields: { name: string; type: { kind: string; name: string; }; optional: boolean; annotations: { name: string; }[]; }[]; invariants: never[]; annotations: never[]; }[]' is not assignable to type 'Entity[]'.
      Type '{ name: string; fields: { name: string; type: { kind: string; name: string; }; optional: boolean; annotations: { name: string; }[]; }[]; invariants: never[]; annotations: never[]; }' is not assignable to type 'Entity'.
        Types of property 'fields' are incompatible.
          Type '{ name: string; type: { kind: string; name: string; }; optional: boolean; annotations: { name: string; }[]; }[]' is not assignable to type 'Field[]'.
            Type '{ name: string; type: { kind: string; name: string; }; optional: boolean; annotations: { name: string; }[]; }' is not assignable to type 'Field'.
              Types of property 'type' are incompatible.
                Type '{ kind: string; name: string; }' is not assignable to type 'TypeExpression'.
                  Property 'typeArguments' is missing in type '{ kind: string; name: string; }' but required in type '{ kind: "GenericType"; name: string | { name: string; }; typeArguments: TypeExpression[]; }'.
packages/codegen-openapi/tests/generator.test.ts(1386,34): error TS2538: Type 'undefined' cannot be used as an index type.
packages/codegen-openapi/tests/generator.test.ts(1394,28): error TS2345: Argument of type '{ name: string; version: string; entities: { name: string; fields: { name: string; type: { kind: string; name: string; }; optional: boolean; annotations: { name: string; }[]; }[]; invariants: never[]; annotations: never[]; }[]; ... 4 more ...; annotations: never[]; }' is not assignable to parameter of type 'Domain'.
  Types of property 'entities' are incompatible.
    Type '{ name: string; fields: { name: string; type: { kind: string; name: string; }; optional: boolean; annotations: { name: string; }[]; }[]; invariants: never[]; annotations: never[]; }[]' is not assignable to type 'Entity[]'.
      Type '{ name: string; fields: { name: string; type: { kind: string; name: string; }; optional: boolean; annotations: { name: string; }[]; }[]; invariants: never[]; annotations: never[]; }' is not assignable to type 'Entity'.
        Types of property 'fields' are incompatible.
          Type '{ name: string; type: { kind: string; name: string; }; optional: boolean; annotations: { name: string; }[]; }[]' is not assignable to type 'Field[]'.
            Type '{ name: string; type: { kind: string; name: string; }; optional: boolean; annotations: { name: string; }[]; }' is not assignable to type 'Field'.
              Types of property 'type' are incompatible.
                Type '{ kind: string; name: string; }' is not assignable to type 'TypeExpression'.
                  Property 'typeArguments' is missing in type '{ kind: string; name: string; }' but required in type '{ kind: "GenericType"; name: string | { name: string; }; typeArguments: TypeExpression[]; }'.
packages/codegen-openapi/tests/generator.test.ts(1403,28): error TS2345: Argument of type '{ name: string; version: string; entities: { name: string; fields: { name: string; type: { kind: string; name: string; }; optional: boolean; annotations: { name: string; }[]; }[]; invariants: never[]; annotations: never[]; }[]; ... 4 more ...; annotations: never[]; }' is not assignable to parameter of type 'Domain'.
  Types of property 'entities' are incompatible.
    Type '{ name: string; fields: { name: string; type: { kind: string; name: string; }; optional: boolean; annotations: { name: string; }[]; }[]; invariants: never[]; annotations: never[]; }[]' is not assignable to type 'Entity[]'.
      Type '{ name: string; fields: { name: string; type: { kind: string; name: string; }; optional: boolean; annotations: { name: string; }[]; }[]; invariants: never[]; annotations: never[]; }' is not assignable to type 'Entity'.
        Types of property 'fields' are incompatible.
          Type '{ name: string; type: { kind: string; name: string; }; optional: boolean; annotations: { name: string; }[]; }[]' is not assignable to type 'Field[]'.
            Type '{ name: string; type: { kind: string; name: string; }; optional: boolean; annotations: { name: string; }[]; }' is not assignable to type 'Field'.
              Types of property 'type' are incompatible.
                Type '{ kind: string; name: string; }' is not assignable to type 'TypeExpression'.
                  Property 'typeArguments' is missing in type '{ kind: string; name: string; }' but required in type '{ kind: "GenericType"; name: string | { name: string; }; typeArguments: TypeExpression[]; }'.
packages/codegen-openapi/tests/generator.test.ts(1426,28): error TS2345: Argument of type '{ name: string; version: string; entities: { name: string; fields: ({ name: string; type: { kind: string; name: string; elementType?: undefined; }; optional: boolean; annotations: { name: string; }[]; } | { name: string; type: { ...; }; optional: boolean; annotations: never[]; })[]; invariants: never[]; annotations:...' is not assignable to parameter of type 'Domain'.
  Types of property 'entities' are incompatible.
    Type '{ name: string; fields: ({ name: string; type: { kind: string; name: string; elementType?: undefined; }; optional: boolean; annotations: { name: string; }[]; } | { name: string; type: { kind: string; elementType: { ...; }; name?: undefined; }; optional: boolean; annotations: never[]; })[]; invariants: never[]; annot...' is not assignable to type 'Entity[]'.
      Type '{ name: string; fields: ({ name: string; type: { kind: string; name: string; elementType?: undefined; }; optional: boolean; annotations: { name: string; }[]; } | { name: string; type: { kind: string; elementType: { ...; }; name?: undefined; }; optional: boolean; annotations: never[]; })[]; invariants: never[]; annot...' is not assignable to type 'Entity'.
        Types of property 'fields' are incompatible.
          Type '({ name: string; type: { kind: string; name: string; elementType?: undefined; }; optional: boolean; annotations: { name: string; }[]; } | { name: string; type: { kind: string; elementType: { kind: string; name: string; }; name?: undefined; }; optional: boolean; annotations: never[]; })[]' is not assignable to type 'Field[]'.
            Type '{ name: string; type: { kind: string; name: string; elementType?: undefined; }; optional: boolean; annotations: { name: string; }[]; } | { name: string; type: { kind: string; elementType: { kind: string; name: string; }; name?: undefined; }; optional: boolean; annotations: never[]; }' is not assignable to type 'Field'.
              Type '{ name: string; type: { kind: string; name: string; elementType?: undefined; }; optional: boolean; annotations: { name: string; }[]; }' is not assignable to type 'Field'.
                Types of property 'type' are incompatible.
                  Type '{ kind: string; name: string; elementType?: undefined; }' is not assignable to type 'TypeExpression'.
                    Property 'typeArguments' is missing in type '{ kind: string; name: string; elementType?: undefined; }' but required in type '{ kind: "GenericType"; name: string | { name: string; }; typeArguments: TypeExpression[]; }'.
packages/codegen-openapi/tests/generator.test.ts(1439,28): error TS2345: Argument of type '{ name: string; version: string; entities: { name: string; fields: ({ name: string; type: { kind: string; name: string; elementType?: undefined; }; optional: boolean; annotations: { name: string; }[]; } | { name: string; type: { ...; }; optional: boolean; annotations: never[]; })[]; invariants: never[]; annotations:...' is not assignable to parameter of type 'Domain'.
  Types of property 'entities' are incompatible.
    Type '{ name: string; fields: ({ name: string; type: { kind: string; name: string; elementType?: undefined; }; optional: boolean; annotations: { name: string; }[]; } | { name: string; type: { kind: string; elementType: { ...; }; name?: undefined; }; optional: boolean; annotations: never[]; })[]; invariants: never[]; annot...' is not assignable to type 'Entity[]'.
      Type '{ name: string; fields: ({ name: string; type: { kind: string; name: string; elementType?: undefined; }; optional: boolean; annotations: { name: string; }[]; } | { name: string; type: { kind: string; elementType: { ...; }; name?: undefined; }; optional: boolean; annotations: never[]; })[]; invariants: never[]; annot...' is not assignable to type 'Entity'.
        Types of property 'fields' are incompatible.
          Type '({ name: string; type: { kind: string; name: string; elementType?: undefined; }; optional: boolean; annotations: { name: string; }[]; } | { name: string; type: { kind: string; elementType: { kind: string; name: string; }; name?: undefined; }; optional: boolean; annotations: never[]; })[]' is not assignable to type 'Field[]'.
            Type '{ name: string; type: { kind: string; name: string; elementType?: undefined; }; optional: boolean; annotations: { name: string; }[]; } | { name: string; type: { kind: string; elementType: { kind: string; name: string; }; name?: undefined; }; optional: boolean; annotations: never[]; }' is not assignable to type 'Field'.
              Type '{ name: string; type: { kind: string; name: string; elementType?: undefined; }; optional: boolean; annotations: { name: string; }[]; }' is not assignable to type 'Field'.
                Types of property 'type' are incompatible.
                  Type '{ kind: string; name: string; elementType?: undefined; }' is not assignable to type 'TypeExpression'.
                    Property 'typeArguments' is missing in type '{ kind: string; name: string; elementType?: undefined; }' but required in type '{ kind: "GenericType"; name: string | { name: string; }; typeArguments: TypeExpression[]; }'.
packages/codegen-openapi/tests/generator.test.ts(1451,28): error TS2345: Argument of type '{ name: string; version: string; entities: { name: string; fields: ({ name: string; type: { kind: string; name: string; elementType?: undefined; }; optional: boolean; annotations: { name: string; }[]; } | { name: string; type: { ...; }; optional: boolean; annotations: never[]; })[]; invariants: never[]; annotations:...' is not assignable to parameter of type 'Domain'.
  Types of property 'entities' are incompatible.
    Type '{ name: string; fields: ({ name: string; type: { kind: string; name: string; elementType?: undefined; }; optional: boolean; annotations: { name: string; }[]; } | { name: string; type: { kind: string; elementType: { ...; }; name?: undefined; }; optional: boolean; annotations: never[]; })[]; invariants: never[]; annot...' is not assignable to type 'Entity[]'.
      Type '{ name: string; fields: ({ name: string; type: { kind: string; name: string; elementType?: undefined; }; optional: boolean; annotations: { name: string; }[]; } | { name: string; type: { kind: string; elementType: { ...; }; name?: undefined; }; optional: boolean; annotations: never[]; })[]; invariants: never[]; annot...' is not assignable to type 'Entity'.
        Types of property 'fields' are incompatible.
          Type '({ name: string; type: { kind: string; name: string; elementType?: undefined; }; optional: boolean; annotations: { name: string; }[]; } | { name: string; type: { kind: string; elementType: { kind: string; name: string; }; name?: undefined; }; optional: boolean; annotations: never[]; })[]' is not assignable to type 'Field[]'.
            Type '{ name: string; type: { kind: string; name: string; elementType?: undefined; }; optional: boolean; annotations: { name: string; }[]; } | { name: string; type: { kind: string; elementType: { kind: string; name: string; }; name?: undefined; }; optional: boolean; annotations: never[]; }' is not assignable to type 'Field'.
              Type '{ name: string; type: { kind: string; name: string; elementType?: undefined; }; optional: boolean; annotations: { name: string; }[]; }' is not assignable to type 'Field'.
                Types of property 'type' are incompatible.
                  Type '{ kind: string; name: string; elementType?: undefined; }' is not assignable to type 'TypeExpression'.
                    Property 'typeArguments' is missing in type '{ kind: string; name: string; elementType?: undefined; }' but required in type '{ kind: "GenericType"; name: string | { name: string; }; typeArguments: TypeExpression[]; }'.
packages/codegen-openapi/tests/generator.test.ts(1480,28): error TS2345: Argument of type '{ name: string; version: string; entities: { name: string; fields: { name: string; type: { kind: string; name: string; }; optional: boolean; annotations: { name: string; }[]; }[]; invariants: never[]; annotations: never[]; }[]; ... 4 more ...; annotations: never[]; }' is not assignable to parameter of type 'Domain'.
  Types of property 'entities' are incompatible.
    Type '{ name: string; fields: { name: string; type: { kind: string; name: string; }; optional: boolean; annotations: { name: string; }[]; }[]; invariants: never[]; annotations: never[]; }[]' is not assignable to type 'Entity[]'.
      Type '{ name: string; fields: { name: string; type: { kind: string; name: string; }; optional: boolean; annotations: { name: string; }[]; }[]; invariants: never[]; annotations: never[]; }' is not assignable to type 'Entity'.
        Types of property 'fields' are incompatible.
          Type '{ name: string; type: { kind: string; name: string; }; optional: boolean; annotations: { name: string; }[]; }[]' is not assignable to type 'Field[]'.
            Type '{ name: string; type: { kind: string; name: string; }; optional: boolean; annotations: { name: string; }[]; }' is not assignable to type 'Field'.
              Types of property 'type' are incompatible.
                Type '{ kind: string; name: string; }' is not assignable to type 'TypeExpression'.
                  Property 'typeArguments' is missing in type '{ kind: string; name: string; }' but required in type '{ kind: "GenericType"; name: string | { name: string; }; typeArguments: TypeExpression[]; }'.
packages/codegen-openapi/tests/generator.test.ts(1488,28): error TS2345: Argument of type '{ name: string; version: string; entities: { name: string; fields: { name: string; type: { kind: string; name: string; }; optional: boolean; annotations: { name: string; }[]; }[]; invariants: never[]; annotations: never[]; }[]; ... 4 more ...; annotations: never[]; }' is not assignable to parameter of type 'Domain'.
  Types of property 'entities' are incompatible.
    Type '{ name: string; fields: { name: string; type: { kind: string; name: string; }; optional: boolean; annotations: { name: string; }[]; }[]; invariants: never[]; annotations: never[]; }[]' is not assignable to type 'Entity[]'.
      Type '{ name: string; fields: { name: string; type: { kind: string; name: string; }; optional: boolean; annotations: { name: string; }[]; }[]; invariants: never[]; annotations: never[]; }' is not assignable to type 'Entity'.
        Types of property 'fields' are incompatible.
          Type '{ name: string; type: { kind: string; name: string; }; optional: boolean; annotations: { name: string; }[]; }[]' is not assignable to type 'Field[]'.
            Type '{ name: string; type: { kind: string; name: string; }; optional: boolean; annotations: { name: string; }[]; }' is not assignable to type 'Field'.
              Types of property 'type' are incompatible.
                Type '{ kind: string; name: string; }' is not assignable to type 'TypeExpression'.
                  Property 'typeArguments' is missing in type '{ kind: string; name: string; }' but required in type '{ kind: "GenericType"; name: string | { name: string; }; typeArguments: TypeExpression[]; }'.
packages/codegen-openapi/tests/generator.test.ts(1492,34): error TS2538: Type 'undefined' cannot be used as an index type.
packages/codegen-openapi/tests/generator.test.ts(1505,28): error TS2345: Argument of type '{ name: string; version: string; entities: { name: string; fields: { name: string; type: { kind: string; name: string; }; optional: boolean; annotations: { name: string; }[]; }[]; invariants: never[]; annotations: never[]; }[]; ... 4 more ...; annotations: never[]; }' is not assignable to parameter of type 'Domain'.
  Types of property 'entities' are incompatible.
    Type '{ name: string; fields: { name: string; type: { kind: string; name: string; }; optional: boolean; annotations: { name: string; }[]; }[]; invariants: never[]; annotations: never[]; }[]' is not assignable to type 'Entity[]'.
      Type '{ name: string; fields: { name: string; type: { kind: string; name: string; }; optional: boolean; annotations: { name: string; }[]; }[]; invariants: never[]; annotations: never[]; }' is not assignable to type 'Entity'.
        Types of property 'fields' are incompatible.
          Type '{ name: string; type: { kind: string; name: string; }; optional: boolean; annotations: { name: string; }[]; }[]' is not assignable to type 'Field[]'.
            Type '{ name: string; type: { kind: string; name: string; }; optional: boolean; annotations: { name: string; }[]; }' is not assignable to type 'Field'.
              Types of property 'type' are incompatible.
                Type '{ kind: string; name: string; }' is not assignable to type 'TypeExpression'.
                  Property 'typeArguments' is missing in type '{ kind: string; name: string; }' but required in type '{ kind: "GenericType"; name: string | { name: string; }; typeArguments: TypeExpression[]; }'.
packages/codegen-openapi/tests/generator.test.ts(1515,28): error TS2345: Argument of type '{ name: string; version: string; entities: { name: string; fields: { name: string; type: { kind: string; name: string; }; optional: boolean; annotations: { name: string; }[]; }[]; invariants: never[]; annotations: never[]; }[]; ... 4 more ...; annotations: never[]; }' is not assignable to parameter of type 'Domain'.
  Types of property 'entities' are incompatible.
    Type '{ name: string; fields: { name: string; type: { kind: string; name: string; }; optional: boolean; annotations: { name: string; }[]; }[]; invariants: never[]; annotations: never[]; }[]' is not assignable to type 'Entity[]'.
      Type '{ name: string; fields: { name: string; type: { kind: string; name: string; }; optional: boolean; annotations: { name: string; }[]; }[]; invariants: never[]; annotations: never[]; }' is not assignable to type 'Entity'.
        Types of property 'fields' are incompatible.
          Type '{ name: string; type: { kind: string; name: string; }; optional: boolean; annotations: { name: string; }[]; }[]' is not assignable to type 'Field[]'.
            Type '{ name: string; type: { kind: string; name: string; }; optional: boolean; annotations: { name: string; }[]; }' is not assignable to type 'Field'.
              Types of property 'type' are incompatible.
                Type '{ kind: string; name: string; }' is not assignable to type 'TypeExpression'.
                  Property 'typeArguments' is missing in type '{ kind: string; name: string; }' but required in type '{ kind: "GenericType"; name: string | { name: string; }; typeArguments: TypeExpression[]; }'.
packages/codegen-openapi/tests/generator.test.ts(1522,28): error TS2345: Argument of type '{ name: string; version: string; entities: { name: string; fields: { name: string; type: { kind: string; name: string; }; optional: boolean; annotations: { name: string; }[]; }[]; invariants: never[]; annotations: never[]; }[]; ... 4 more ...; annotations: never[]; }' is not assignable to parameter of type 'Domain'.
  Types of property 'entities' are incompatible.
    Type '{ name: string; fields: { name: string; type: { kind: string; name: string; }; optional: boolean; annotations: { name: string; }[]; }[]; invariants: never[]; annotations: never[]; }[]' is not assignable to type 'Entity[]'.
      Type '{ name: string; fields: { name: string; type: { kind: string; name: string; }; optional: boolean; annotations: { name: string; }[]; }[]; invariants: never[]; annotations: never[]; }' is not assignable to type 'Entity'.
        Types of property 'fields' are incompatible.
          Type '{ name: string; type: { kind: string; name: string; }; optional: boolean; annotations: { name: string; }[]; }[]' is not assignable to type 'Field[]'.
            Type '{ name: string; type: { kind: string; name: string; }; optional: boolean; annotations: { name: string; }[]; }' is not assignable to type 'Field'.
              Types of property 'type' are incompatible.
                Type '{ kind: string; name: string; }' is not assignable to type 'TypeExpression'.
                  Property 'typeArguments' is missing in type '{ kind: string; name: string; }' but required in type '{ kind: "GenericType"; name: string | { name: string; }; typeArguments: TypeExpression[]; }'.
packages/codegen-openapi/tests/generator.test.ts(1530,28): error TS2345: Argument of type '{ name: string; version: string; entities: { name: string; fields: { name: string; type: { kind: string; name: string; }; optional: boolean; annotations: { name: string; }[]; }[]; invariants: never[]; annotations: never[]; }[]; ... 4 more ...; annotations: never[]; }' is not assignable to parameter of type 'Domain'.
  Types of property 'entities' are incompatible.
    Type '{ name: string; fields: { name: string; type: { kind: string; name: string; }; optional: boolean; annotations: { name: string; }[]; }[]; invariants: never[]; annotations: never[]; }[]' is not assignable to type 'Entity[]'.
      Type '{ name: string; fields: { name: string; type: { kind: string; name: string; }; optional: boolean; annotations: { name: string; }[]; }[]; invariants: never[]; annotations: never[]; }' is not assignable to type 'Entity'.
        Types of property 'fields' are incompatible.
          Type '{ name: string; type: { kind: string; name: string; }; optional: boolean; annotations: { name: string; }[]; }[]' is not assignable to type 'Field[]'.
            Type '{ name: string; type: { kind: string; name: string; }; optional: boolean; annotations: { name: string; }[]; }' is not assignable to type 'Field'.
              Types of property 'type' are incompatible.
                Type '{ kind: string; name: string; }' is not assignable to type 'TypeExpression'.
                  Property 'typeArguments' is missing in type '{ kind: string; name: string; }' but required in type '{ kind: "GenericType"; name: string | { name: string; }; typeArguments: TypeExpression[]; }'.
packages/codegen-openapi/tests/generator.test.ts(1555,28): error TS2345: Argument of type '{ name: string; version: string; entities: { name: string; fields: { name: string; type: { kind: string; name: string; }; optional: boolean; annotations: { name: string; }[]; }[]; invariants: never[]; annotations: never[]; }[]; ... 4 more ...; annotations: never[]; }' is not assignable to parameter of type 'Domain'.
  Types of property 'entities' are incompatible.
    Type '{ name: string; fields: { name: string; type: { kind: string; name: string; }; optional: boolean; annotations: { name: string; }[]; }[]; invariants: never[]; annotations: never[]; }[]' is not assignable to type 'Entity[]'.
      Type '{ name: string; fields: { name: string; type: { kind: string; name: string; }; optional: boolean; annotations: { name: string; }[]; }[]; invariants: never[]; annotations: never[]; }' is not assignable to type 'Entity'.
        Types of property 'fields' are incompatible.
          Type '{ name: string; type: { kind: string; name: string; }; optional: boolean; annotations: { name: string; }[]; }[]' is not assignable to type 'Field[]'.
            Type '{ name: string; type: { kind: string; name: string; }; optional: boolean; annotations: { name: string; }[]; }' is not assignable to type 'Field'.
              Types of property 'type' are incompatible.
                Type '{ kind: string; name: string; }' is not assignable to type 'TypeExpression'.
                  Property 'typeArguments' is missing in type '{ kind: string; name: string; }' but required in type '{ kind: "GenericType"; name: string | { name: string; }; typeArguments: TypeExpression[]; }'.
packages/codegen-openapi/tests/generator.test.ts(1567,28): error TS2345: Argument of type '{ name: string; version: string; entities: { name: string; fields: ({ name: string; type: { kind: string; name: string; elementType?: undefined; }; optional: boolean; annotations: { name: string; }[]; } | { name: string; type: { ...; }; optional: boolean; annotations: never[]; })[]; invariants: never[]; annotations:...' is not assignable to parameter of type 'Domain'.
  Types of property 'entities' are incompatible.
    Type '{ name: string; fields: ({ name: string; type: { kind: string; name: string; elementType?: undefined; }; optional: boolean; annotations: { name: string; }[]; } | { name: string; type: { kind: string; elementType: { ...; }; name?: undefined; }; optional: boolean; annotations: never[]; })[]; invariants: never[]; annot...' is not assignable to type 'Entity[]'.
      Type '{ name: string; fields: ({ name: string; type: { kind: string; name: string; elementType?: undefined; }; optional: boolean; annotations: { name: string; }[]; } | { name: string; type: { kind: string; elementType: { ...; }; name?: undefined; }; optional: boolean; annotations: never[]; })[]; invariants: never[]; annot...' is not assignable to type 'Entity'.
        Types of property 'fields' are incompatible.
          Type '({ name: string; type: { kind: string; name: string; elementType?: undefined; }; optional: boolean; annotations: { name: string; }[]; } | { name: string; type: { kind: string; elementType: { kind: string; name: string; }; name?: undefined; }; optional: boolean; annotations: never[]; })[]' is not assignable to type 'Field[]'.
            Type '{ name: string; type: { kind: string; name: string; elementType?: undefined; }; optional: boolean; annotations: { name: string; }[]; } | { name: string; type: { kind: string; elementType: { kind: string; name: string; }; name?: undefined; }; optional: boolean; annotations: never[]; }' is not assignable to type 'Field'.
              Type '{ name: string; type: { kind: string; name: string; elementType?: undefined; }; optional: boolean; annotations: { name: string; }[]; }' is not assignable to type 'Field'.
                Types of property 'type' are incompatible.
                  Type '{ kind: string; name: string; elementType?: undefined; }' is not assignable to type 'TypeExpression'.
                    Property 'typeArguments' is missing in type '{ kind: string; name: string; elementType?: undefined; }' but required in type '{ kind: "GenericType"; name: string | { name: string; }; typeArguments: TypeExpression[]; }'.
packages/codegen-openapi/tests/generator.test.ts(1684,28): error TS2345: Argument of type '{ name: string; version: string; entities: { name: string; fields: ({ name: string; type: { kind: string; name: string; elementType?: undefined; }; optional: boolean; annotations: { name: string; }[]; } | { name: string; type: { ...; }; optional: boolean; annotations: never[]; })[]; invariants: never[]; annotations:...' is not assignable to parameter of type 'Domain'.
  Types of property 'entities' are incompatible.
    Type '{ name: string; fields: ({ name: string; type: { kind: string; name: string; elementType?: undefined; }; optional: boolean; annotations: { name: string; }[]; } | { name: string; type: { kind: string; elementType: { ...; }; name?: undefined; }; optional: boolean; annotations: never[]; })[]; invariants: never[]; annot...' is not assignable to type 'Entity[]'.
      Type '{ name: string; fields: ({ name: string; type: { kind: string; name: string; elementType?: undefined; }; optional: boolean; annotations: { name: string; }[]; } | { name: string; type: { kind: string; elementType: { ...; }; name?: undefined; }; optional: boolean; annotations: never[]; })[]; invariants: never[]; annot...' is not assignable to type 'Entity'.
        Types of property 'fields' are incompatible.
          Type '({ name: string; type: { kind: string; name: string; elementType?: undefined; }; optional: boolean; annotations: { name: string; }[]; } | { name: string; type: { kind: string; elementType: { kind: string; name: string; }; name?: undefined; }; optional: boolean; annotations: never[]; })[]' is not assignable to type 'Field[]'.
            Type '{ name: string; type: { kind: string; name: string; elementType?: undefined; }; optional: boolean; annotations: { name: string; }[]; } | { name: string; type: { kind: string; elementType: { kind: string; name: string; }; name?: undefined; }; optional: boolean; annotations: never[]; }' is not assignable to type 'Field'.
              Type '{ name: string; type: { kind: string; name: string; elementType?: undefined; }; optional: boolean; annotations: { name: string; }[]; }' is not assignable to type 'Field'.
                Types of property 'type' are incompatible.
                  Type '{ kind: string; name: string; elementType?: undefined; }' is not assignable to type 'TypeExpression'.
                    Property 'typeArguments' is missing in type '{ kind: string; name: string; elementType?: undefined; }' but required in type '{ kind: "GenericType"; name: string | { name: string; }; typeArguments: TypeExpression[]; }'.
packages/codegen-openapi/tests/generator.test.ts(1707,28): error TS2345: Argument of type '{ name: string; version: string; entities: { name: string; fields: ({ name: string; type: { kind: string; name: string; elementType?: undefined; }; optional: boolean; annotations: { name: string; }[]; } | { name: string; type: { ...; }; optional: boolean; annotations: never[]; })[]; invariants: never[]; annotations:...' is not assignable to parameter of type 'Domain'.
  Types of property 'entities' are incompatible.
    Type '{ name: string; fields: ({ name: string; type: { kind: string; name: string; elementType?: undefined; }; optional: boolean; annotations: { name: string; }[]; } | { name: string; type: { kind: string; elementType: { ...; }; name?: undefined; }; optional: boolean; annotations: never[]; })[]; invariants: never[]; annot...' is not assignable to type 'Entity[]'.
      Type '{ name: string; fields: ({ name: string; type: { kind: string; name: string; elementType?: undefined; }; optional: boolean; annotations: { name: string; }[]; } | { name: string; type: { kind: string; elementType: { ...; }; name?: undefined; }; optional: boolean; annotations: never[]; })[]; invariants: never[]; annot...' is not assignable to type 'Entity'.
        Types of property 'fields' are incompatible.
          Type '({ name: string; type: { kind: string; name: string; elementType?: undefined; }; optional: boolean; annotations: { name: string; }[]; } | { name: string; type: { kind: string; elementType: { kind: string; name: string; }; name?: undefined; }; optional: boolean; annotations: never[]; })[]' is not assignable to type 'Field[]'.
            Type '{ name: string; type: { kind: string; name: string; elementType?: undefined; }; optional: boolean; annotations: { name: string; }[]; } | { name: string; type: { kind: string; elementType: { kind: string; name: string; }; name?: undefined; }; optional: boolean; annotations: never[]; }' is not assignable to type 'Field'.
              Type '{ name: string; type: { kind: string; name: string; elementType?: undefined; }; optional: boolean; annotations: { name: string; }[]; }' is not assignable to type 'Field'.
                Types of property 'type' are incompatible.
                  Type '{ kind: string; name: string; elementType?: undefined; }' is not assignable to type 'TypeExpression'.
                    Property 'typeArguments' is missing in type '{ kind: string; name: string; elementType?: undefined; }' but required in type '{ kind: "GenericType"; name: string | { name: string; }; typeArguments: TypeExpression[]; }'.
packages/codegen-pipelines/src/generator.ts(77,50): error TS2339: Property 'standards' does not exist on type 'ComplianceSpec[]'.
packages/codegen-pipelines/src/generator.ts(83,48): error TS2339: Property 'requirements' does not exist on type 'TemporalSpec[]'.
packages/codegen-pipelines/src/generator.ts(88,48): error TS2339: Property 'requirements' does not exist on type 'SecuritySpec[]'.
packages/codegen-pipelines/tests/generator.test.ts(12,55): error TS2305: Module '"@isl-lang/isl-core"' has no exported member 'Identifier'.
packages/codegen-pipelines/tests/generator.test.ts(25,5): error TS2322: Type '"DomainDeclaration"' is not assignable to type '"Domain"'.
packages/codegen-pipelines/tests/generator.test.ts(49,5): error TS2322: Type '"BehaviorDeclaration"' is not assignable to type '"Behavior"'.
packages/codegen-pipelines/tests/generator.test.ts(56,7): error TS2353: Object literal may only specify known properties, and 'kind' does not exist in type 'ComplianceSpec[]'.
packages/codegen-pipelines/tests/generator.test.ts(71,7): error TS2353: Object literal may only specify known properties, and 'kind' does not exist in type 'TemporalSpec[]'.
packages/codegen-pipelines/tests/generator.test.ts(87,7): error TS2353: Object literal may only specify known properties, and 'kind' does not exist in type 'SecuritySpec[]'.
packages/codegen-rust/tests/generator.test.ts(238,45): error TS2353: Object literal may only specify known properties, and 'value' does not exist in type 'ASTNode'.
packages/codegen-rust/tests/generator.test.ts(339,85): error TS2353: Object literal may only specify known properties, and 'value' does not exist in type 'ASTNode'.
packages/codegen-rust/tests/golden.test.ts(49,47): error TS2353: Object literal may only specify known properties, and 'value' does not exist in type 'ASTNode'.
packages/codegen-terraform/tests/generator.test.ts(127,30): error TS2345: Argument of type 'import("C:/Users/mevla/OneDrive/Desktop/projects/IntentOS/master_contracts/ast").Domain' is not assignable to parameter of type 'import("C:/Users/mevla/OneDrive/Desktop/projects/IntentOS/packages/parser/dist/index").Domain'.
  Property 'uses' is missing in type 'import("C:/Users/mevla/OneDrive/Desktop/projects/IntentOS/master_contracts/ast").Domain' but required in type 'import("C:/Users/mevla/OneDrive/Desktop/projects/IntentOS/packages/parser/dist/index").Domain'.
packages/codegen-terraform/tests/generator.test.ts(137,30): error TS2345: Argument of type 'import("C:/Users/mevla/OneDrive/Desktop/projects/IntentOS/master_contracts/ast").Domain' is not assignable to parameter of type 'import("C:/Users/mevla/OneDrive/Desktop/projects/IntentOS/packages/parser/dist/index").Domain'.
  Property 'uses' is missing in type 'import("C:/Users/mevla/OneDrive/Desktop/projects/IntentOS/master_contracts/ast").Domain' but required in type 'import("C:/Users/mevla/OneDrive/Desktop/projects/IntentOS/packages/parser/dist/index").Domain'.
packages/codegen-terraform/tests/generator.test.ts(145,30): error TS2345: Argument of type 'import("C:/Users/mevla/OneDrive/Desktop/projects/IntentOS/master_contracts/ast").Domain' is not assignable to parameter of type 'import("C:/Users/mevla/OneDrive/Desktop/projects/IntentOS/packages/parser/dist/index").Domain'.
  Property 'uses' is missing in type 'import("C:/Users/mevla/OneDrive/Desktop/projects/IntentOS/master_contracts/ast").Domain' but required in type 'import("C:/Users/mevla/OneDrive/Desktop/projects/IntentOS/packages/parser/dist/index").Domain'.
packages/codegen-terraform/tests/generator.test.ts(153,30): error TS2345: Argument of type 'import("C:/Users/mevla/OneDrive/Desktop/projects/IntentOS/master_contracts/ast").Domain' is not assignable to parameter of type 'import("C:/Users/mevla/OneDrive/Desktop/projects/IntentOS/packages/parser/dist/index").Domain'.
  Property 'uses' is missing in type 'import("C:/Users/mevla/OneDrive/Desktop/projects/IntentOS/master_contracts/ast").Domain' but required in type 'import("C:/Users/mevla/OneDrive/Desktop/projects/IntentOS/packages/parser/dist/index").Domain'.
packages/codegen-terraform/tests/generator.test.ts(160,30): error TS2345: Argument of type 'import("C:/Users/mevla/OneDrive/Desktop/projects/IntentOS/master_contracts/ast").Domain' is not assignable to parameter of type 'import("C:/Users/mevla/OneDrive/Desktop/projects/IntentOS/packages/parser/dist/index").Domain'.
  Property 'uses' is missing in type 'import("C:/Users/mevla/OneDrive/Desktop/projects/IntentOS/master_contracts/ast").Domain' but required in type 'import("C:/Users/mevla/OneDrive/Desktop/projects/IntentOS/packages/parser/dist/index").Domain'.
packages/codegen-terraform/tests/generator.test.ts(321,28): error TS2345: Argument of type 'import("C:/Users/mevla/OneDrive/Desktop/projects/IntentOS/master_contracts/ast").Domain' is not assignable to parameter of type 'import("C:/Users/mevla/OneDrive/Desktop/projects/IntentOS/packages/parser/dist/index").Domain'.
  Property 'uses' is missing in type 'import("C:/Users/mevla/OneDrive/Desktop/projects/IntentOS/master_contracts/ast").Domain' but required in type 'import("C:/Users/mevla/OneDrive/Desktop/projects/IntentOS/packages/parser/dist/index").Domain'.
packages/codegen-terraform/tests/generator.test.ts(334,28): error TS2345: Argument of type 'import("C:/Users/mevla/OneDrive/Desktop/projects/IntentOS/master_contracts/ast").Domain' is not assignable to parameter of type 'import("C:/Users/mevla/OneDrive/Desktop/projects/IntentOS/packages/parser/dist/index").Domain'.
  Property 'uses' is missing in type 'import("C:/Users/mevla/OneDrive/Desktop/projects/IntentOS/master_contracts/ast").Domain' but required in type 'import("C:/Users/mevla/OneDrive/Desktop/projects/IntentOS/packages/parser/dist/index").Domain'.
packages/codegen-terraform/tests/terraform-validate.test.ts(55,52): error TS2345: Argument of type 'import("C:/Users/mevla/OneDrive/Desktop/projects/IntentOS/master_contracts/ast").Domain' is not assignable to parameter of type 'import("C:/Users/mevla/OneDrive/Desktop/projects/IntentOS/packages/parser/dist/index").Domain'.
  Property 'uses' is missing in type 'import("C:/Users/mevla/OneDrive/Desktop/projects/IntentOS/master_contracts/ast").Domain' but required in type 'import("C:/Users/mevla/OneDrive/Desktop/projects/IntentOS/packages/parser/dist/index").Domain'.
packages/codegen-terraform/tests/terraform-validate.test.ts(61,52): error TS2345: Argument of type 'import("C:/Users/mevla/OneDrive/Desktop/projects/IntentOS/master_contracts/ast").Domain' is not assignable to parameter of type 'import("C:/Users/mevla/OneDrive/Desktop/projects/IntentOS/packages/parser/dist/index").Domain'.
  Property 'uses' is missing in type 'import("C:/Users/mevla/OneDrive/Desktop/projects/IntentOS/master_contracts/ast").Domain' but required in type 'import("C:/Users/mevla/OneDrive/Desktop/projects/IntentOS/packages/parser/dist/index").Domain'.
packages/codegen-terraform/tests/terraform-validate.test.ts(66,52): error TS2345: Argument of type 'import("C:/Users/mevla/OneDrive/Desktop/projects/IntentOS/master_contracts/ast").Domain' is not assignable to parameter of type 'import("C:/Users/mevla/OneDrive/Desktop/projects/IntentOS/packages/parser/dist/index").Domain'.
  Property 'uses' is missing in type 'import("C:/Users/mevla/OneDrive/Desktop/projects/IntentOS/master_contracts/ast").Domain' but required in type 'import("C:/Users/mevla/OneDrive/Desktop/projects/IntentOS/packages/parser/dist/index").Domain'.
packages/codegen-terraform/tests/terraform-validate.test.ts(72,52): error TS2345: Argument of type 'import("C:/Users/mevla/OneDrive/Desktop/projects/IntentOS/master_contracts/ast").Domain' is not assignable to parameter of type 'import("C:/Users/mevla/OneDrive/Desktop/projects/IntentOS/packages/parser/dist/index").Domain'.
  Property 'uses' is missing in type 'import("C:/Users/mevla/OneDrive/Desktop/projects/IntentOS/master_contracts/ast").Domain' but required in type 'import("C:/Users/mevla/OneDrive/Desktop/projects/IntentOS/packages/parser/dist/index").Domain'.
packages/codegen-terraform/tests/terraform-validate.test.ts(78,52): error TS2345: Argument of type 'import("C:/Users/mevla/OneDrive/Desktop/projects/IntentOS/master_contracts/ast").Domain' is not assignable to parameter of type 'import("C:/Users/mevla/OneDrive/Desktop/projects/IntentOS/packages/parser/dist/index").Domain'.
  Property 'uses' is missing in type 'import("C:/Users/mevla/OneDrive/Desktop/projects/IntentOS/master_contracts/ast").Domain' but required in type 'import("C:/Users/mevla/OneDrive/Desktop/projects/IntentOS/packages/parser/dist/index").Domain'.
packages/codegen-terraform/tests/terraform-validate.test.ts(84,52): error TS2345: Argument of type 'import("C:/Users/mevla/OneDrive/Desktop/projects/IntentOS/master_contracts/ast").Domain' is not assignable to parameter of type 'import("C:/Users/mevla/OneDrive/Desktop/projects/IntentOS/packages/parser/dist/index").Domain'.
  Property 'uses' is missing in type 'import("C:/Users/mevla/OneDrive/Desktop/projects/IntentOS/master_contracts/ast").Domain' but required in type 'import("C:/Users/mevla/OneDrive/Desktop/projects/IntentOS/packages/parser/dist/index").Domain'.
packages/codegen-terraform/tests/terraform-validate.test.ts(91,52): error TS2345: Argument of type 'import("C:/Users/mevla/OneDrive/Desktop/projects/IntentOS/master_contracts/ast").Domain' is not assignable to parameter of type 'import("C:/Users/mevla/OneDrive/Desktop/projects/IntentOS/packages/parser/dist/index").Domain'.
  Property 'uses' is missing in type 'import("C:/Users/mevla/OneDrive/Desktop/projects/IntentOS/master_contracts/ast").Domain' but required in type 'import("C:/Users/mevla/OneDrive/Desktop/projects/IntentOS/packages/parser/dist/index").Domain'.
packages/codegen-terraform/tests/terraform-validate.test.ts(112,32): error TS2345: Argument of type 'import("C:/Users/mevla/OneDrive/Desktop/projects/IntentOS/master_contracts/ast").Domain' is not assignable to parameter of type 'import("C:/Users/mevla/OneDrive/Desktop/projects/IntentOS/packages/parser/dist/index").Domain'.
  Property 'uses' is missing in type 'import("C:/Users/mevla/OneDrive/Desktop/projects/IntentOS/master_contracts/ast").Domain' but required in type 'import("C:/Users/mevla/OneDrive/Desktop/projects/IntentOS/packages/parser/dist/index").Domain'.
packages/codegen-terraform/tests/terraform-validate.test.ts(158,27): error TS2345: Argument of type 'import("C:/Users/mevla/OneDrive/Desktop/projects/IntentOS/master_contracts/ast").Domain' is not assignable to parameter of type 'import("C:/Users/mevla/OneDrive/Desktop/projects/IntentOS/packages/parser/dist/index").Domain'.
  Property 'uses' is missing in type 'import("C:/Users/mevla/OneDrive/Desktop/projects/IntentOS/master_contracts/ast").Domain' but required in type 'import("C:/Users/mevla/OneDrive/Desktop/projects/IntentOS/packages/parser/dist/index").Domain'.
packages/codegen-terraform/tests/terraform-validate.test.ts(167,27): error TS2345: Argument of type 'import("C:/Users/mevla/OneDrive/Desktop/projects/IntentOS/master_contracts/ast").Domain' is not assignable to parameter of type 'import("C:/Users/mevla/OneDrive/Desktop/projects/IntentOS/packages/parser/dist/index").Domain'.
  Property 'uses' is missing in type 'import("C:/Users/mevla/OneDrive/Desktop/projects/IntentOS/master_contracts/ast").Domain' but required in type 'import("C:/Users/mevla/OneDrive/Desktop/projects/IntentOS/packages/parser/dist/index").Domain'.
packages/codegen-terraform/tests/terraform-validate.test.ts(175,27): error TS2345: Argument of type 'import("C:/Users/mevla/OneDrive/Desktop/projects/IntentOS/master_contracts/ast").Domain' is not assignable to parameter of type 'import("C:/Users/mevla/OneDrive/Desktop/projects/IntentOS/packages/parser/dist/index").Domain'.
  Property 'uses' is missing in type 'import("C:/Users/mevla/OneDrive/Desktop/projects/IntentOS/master_contracts/ast").Domain' but required in type 'import("C:/Users/mevla/OneDrive/Desktop/projects/IntentOS/packages/parser/dist/index").Domain'.
packages/codegen-terraform/tests/terraform-validate.test.ts(184,27): error TS2345: Argument of type 'import("C:/Users/mevla/OneDrive/Desktop/projects/IntentOS/master_contracts/ast").Domain' is not assignable to parameter of type 'import("C:/Users/mevla/OneDrive/Desktop/projects/IntentOS/packages/parser/dist/index").Domain'.
  Property 'uses' is missing in type 'import("C:/Users/mevla/OneDrive/Desktop/projects/IntentOS/master_contracts/ast").Domain' but required in type 'import("C:/Users/mevla/OneDrive/Desktop/projects/IntentOS/packages/parser/dist/index").Domain'.
packages/codegen-terraform/tests/terraform-validate.test.ts(207,29): error TS2345: Argument of type 'import("C:/Users/mevla/OneDrive/Desktop/projects/IntentOS/master_contracts/ast").Domain' is not assignable to parameter of type 'import("C:/Users/mevla/OneDrive/Desktop/projects/IntentOS/packages/parser/dist/index").Domain'.
  Property 'uses' is missing in type 'import("C:/Users/mevla/OneDrive/Desktop/projects/IntentOS/master_contracts/ast").Domain' but required in type 'import("C:/Users/mevla/OneDrive/Desktop/projects/IntentOS/packages/parser/dist/index").Domain'.
packages/codegen-terraform/tests/terraform-validate.test.ts(208,29): error TS2345: Argument of type 'import("C:/Users/mevla/OneDrive/Desktop/projects/IntentOS/master_contracts/ast").Domain' is not assignable to parameter of type 'import("C:/Users/mevla/OneDrive/Desktop/projects/IntentOS/packages/parser/dist/index").Domain'.
  Property 'uses' is missing in type 'import("C:/Users/mevla/OneDrive/Desktop/projects/IntentOS/master_contracts/ast").Domain' but required in type 'import("C:/Users/mevla/OneDrive/Desktop/projects/IntentOS/packages/parser/dist/index").Domain'.
packages/codegen-terraform/tests/terraform-validate.test.ts(223,26): error TS2345: Argument of type 'import("C:/Users/mevla/OneDrive/Desktop/projects/IntentOS/master_contracts/ast").Domain' is not assignable to parameter of type 'import("C:/Users/mevla/OneDrive/Desktop/projects/IntentOS/packages/parser/dist/index").Domain'.
  Property 'uses' is missing in type 'import("C:/Users/mevla/OneDrive/Desktop/projects/IntentOS/master_contracts/ast").Domain' but required in type 'import("C:/Users/mevla/OneDrive/Desktop/projects/IntentOS/packages/parser/dist/index").Domain'.
packages/codegen-terraform/tests/terraform-validate.test.ts(270,26): error TS2345: Argument of type 'import("C:/Users/mevla/OneDrive/Desktop/projects/IntentOS/master_contracts/ast").Domain' is not assignable to parameter of type 'import("C:/Users/mevla/OneDrive/Desktop/projects/IntentOS/packages/parser/dist/index").Domain'.
  Property 'uses' is missing in type 'import("C:/Users/mevla/OneDrive/Desktop/projects/IntentOS/master_contracts/ast").Domain' but required in type 'import("C:/Users/mevla/OneDrive/Desktop/projects/IntentOS/packages/parser/dist/index").Domain'.
packages/codegen-terraform/tests/terraform-validate.test.ts(305,27): error TS2345: Argument of type 'import("C:/Users/mevla/OneDrive/Desktop/projects/IntentOS/master_contracts/ast").Domain' is not assignable to parameter of type 'import("C:/Users/mevla/OneDrive/Desktop/projects/IntentOS/packages/parser/dist/index").Domain'.
  Property 'uses' is missing in type 'import("C:/Users/mevla/OneDrive/Desktop/projects/IntentOS/master_contracts/ast").Domain' but required in type 'import("C:/Users/mevla/OneDrive/Desktop/projects/IntentOS/packages/parser/dist/index").Domain'.
packages/codegen-terraform/tests/terraform-validate.test.ts(315,27): error TS2345: Argument of type 'import("C:/Users/mevla/OneDrive/Desktop/projects/IntentOS/master_contracts/ast").Domain' is not assignable to parameter of type 'import("C:/Users/mevla/OneDrive/Desktop/projects/IntentOS/packages/parser/dist/index").Domain'.
  Property 'uses' is missing in type 'import("C:/Users/mevla/OneDrive/Desktop/projects/IntentOS/master_contracts/ast").Domain' but required in type 'import("C:/Users/mevla/OneDrive/Desktop/projects/IntentOS/packages/parser/dist/index").Domain'.
packages/codegen-terraform/tests/terraform-validate.test.ts(323,27): error TS2345: Argument of type 'import("C:/Users/mevla/OneDrive/Desktop/projects/IntentOS/master_contracts/ast").Domain' is not assignable to parameter of type 'import("C:/Users/mevla/OneDrive/Desktop/projects/IntentOS/packages/parser/dist/index").Domain'.
  Property 'uses' is missing in type 'import("C:/Users/mevla/OneDrive/Desktop/projects/IntentOS/master_contracts/ast").Domain' but required in type 'import("C:/Users/mevla/OneDrive/Desktop/projects/IntentOS/packages/parser/dist/index").Domain'.
packages/codegen-tests/tests/executable.test.ts(26,3): error TS2741: Property 'uses' is missing in type '{ kind: "Domain"; name: { kind: "Identifier"; name: string; location: AST.SourceLocation; }; version: { kind: "StringLiteral"; value: string; location: AST.SourceLocation; }; imports: never[]; ... 8 more ...; location: AST.SourceLocation; }' but required in type 'Domain'.
packages/codegen-tests/tests/expression-compiler.test.ts(65,42): error TS2345: Argument of type '{ kind: "CallExpr"; callee: any; arguments: any[]; location: { file: string; start: { line: number; column: number; }; end: { line: number; column: number; }; }; }' is not assignable to parameter of type 'Expression'.
  Type '{ kind: "CallExpr"; callee: any; arguments: any[]; location: { file: string; start: { line: number; column: number; }; end: { line: number; column: number; }; }; }' is not assignable to type 'CallExpr'.
    Types of property 'location' are incompatible.
      Type '{ file: string; start: { line: number; column: number; }; end: { line: number; column: number; }; }' is missing the following properties from type 'SourceLocation': line, column, endLine, endColumn
packages/codegen-tests/tests/expression-compiler.test.ts(71,42): error TS2345: Argument of type '{ kind: "CallExpr"; callee: any; arguments: any[]; location: { file: string; start: { line: number; column: number; }; end: { line: number; column: number; }; }; }' is not assignable to parameter of type 'Expression'.
  Type '{ kind: "CallExpr"; callee: any; arguments: any[]; location: { file: string; start: { line: number; column: number; }; end: { line: number; column: number; }; }; }' is not assignable to type 'CallExpr'.
    Types of property 'location' are incompatible.
      Type '{ file: string; start: { line: number; column: number; }; end: { line: number; column: number; }; }' is missing the following properties from type 'SourceLocation': line, column, endLine, endColumn
packages/codegen-tests/tests/expression-compiler.test.ts(81,42): error TS2345: Argument of type '{ kind: "CallExpr"; callee: any; arguments: any[]; location: { file: string; start: { line: number; column: number; }; end: { line: number; column: number; }; }; }' is not assignable to parameter of type 'Expression'.
  Type '{ kind: "CallExpr"; callee: any; arguments: any[]; location: { file: string; start: { line: number; column: number; }; end: { line: number; column: number; }; }; }' is not assignable to type 'CallExpr'.
    Types of property 'location' are incompatible.
      Type '{ file: string; start: { line: number; column: number; }; end: { line: number; column: number; }; }' is missing the following properties from type 'SourceLocation': line, column, endLine, endColumn
packages/codegen-tests/tests/expression-compiler.test.ts(87,42): error TS2345: Argument of type '{ kind: "CallExpr"; callee: any; arguments: any[]; location: { file: string; start: { line: number; column: number; }; end: { line: number; column: number; }; }; }' is not assignable to parameter of type 'Expression'.
  Type '{ kind: "CallExpr"; callee: any; arguments: any[]; location: { file: string; start: { line: number; column: number; }; end: { line: number; column: number; }; }; }' is not assignable to type 'CallExpr'.
    Types of property 'location' are incompatible.
      Type '{ file: string; start: { line: number; column: number; }; end: { line: number; column: number; }; }' is missing the following properties from type 'SourceLocation': line, column, endLine, endColumn
packages/codegen-tests/tests/expression-compiler.test.ts(97,42): error TS2345: Argument of type '{ kind: "CallExpr"; callee: any; arguments: any[]; location: { file: string; start: { line: number; column: number; }; end: { line: number; column: number; }; }; }' is not assignable to parameter of type 'Expression'.
  Type '{ kind: "CallExpr"; callee: any; arguments: any[]; location: { file: string; start: { line: number; column: number; }; end: { line: number; column: number; }; }; }' is not assignable to type 'CallExpr'.
    Types of property 'location' are incompatible.
      Type '{ file: string; start: { line: number; column: number; }; end: { line: number; column: number; }; }' is missing the following properties from type 'SourceLocation': line, column, endLine, endColumn
packages/codegen-tests/tests/expression-compiler.test.ts(106,42): error TS2345: Argument of type '{ kind: "CallExpr"; callee: any; arguments: any[]; location: { file: string; start: { line: number; column: number; }; end: { line: number; column: number; }; }; }' is not assignable to parameter of type 'Expression'.
  Type '{ kind: "CallExpr"; callee: any; arguments: any[]; location: { file: string; start: { line: number; column: number; }; end: { line: number; column: number; }; }; }' is not assignable to type 'CallExpr'.
    Types of property 'location' are incompatible.
      Type '{ file: string; start: { line: number; column: number; }; end: { line: number; column: number; }; }' is missing the following properties from type 'SourceLocation': line, column, endLine, endColumn
packages/codegen-tests/tests/expression-compiler.test.ts(117,42): error TS2345: Argument of type '{ kind: "CallExpr"; callee: any; arguments: any[]; location: { file: string; start: { line: number; column: number; }; end: { line: number; column: number; }; }; }' is not assignable to parameter of type 'Expression'.
  Type '{ kind: "CallExpr"; callee: any; arguments: any[]; location: { file: string; start: { line: number; column: number; }; end: { line: number; column: number; }; }; }' is not assignable to type 'CallExpr'.
    Types of property 'location' are incompatible.
      Type '{ file: string; start: { line: number; column: number; }; end: { line: number; column: number; }; }' is missing the following properties from type 'SourceLocation': line, column, endLine, endColumn
packages/codegen-tests/tests/expression-compiler.test.ts(125,42): error TS2345: Argument of type '{ kind: "BinaryExpr"; operator: any; left: any; right: any; location: { file: string; start: { line: number; column: number; }; end: { line: number; column: number; }; }; }' is not assignable to parameter of type 'Expression'.
  Type '{ kind: "BinaryExpr"; operator: any; left: any; right: any; location: { file: string; start: { line: number; column: number; }; end: { line: number; column: number; }; }; }' is not assignable to type 'BinaryExpr'.
    Types of property 'location' are incompatible.
      Type '{ file: string; start: { line: number; column: number; }; end: { line: number; column: number; }; }' is missing the following properties from type 'SourceLocation': line, column, endLine, endColumn
packages/codegen-tests/tests/expression-compiler.test.ts(137,42): error TS2345: Argument of type '{ kind: "BinaryExpr"; operator: any; left: any; right: any; location: { file: string; start: { line: number; column: number; }; end: { line: number; column: number; }; }; }' is not assignable to parameter of type 'Expression'.
  Type '{ kind: "BinaryExpr"; operator: any; left: any; right: any; location: { file: string; start: { line: number; column: number; }; end: { line: number; column: number; }; }; }' is not assignable to type 'BinaryExpr'.
    Types of property 'location' are incompatible.
      Type '{ file: string; start: { line: number; column: number; }; end: { line: number; column: number; }; }' is missing the following properties from type 'SourceLocation': line, column, endLine, endColumn
packages/codegen-tests/tests/expression-compiler.test.ts(143,32): error TS2345: Argument of type '{ kind: "BinaryExpr"; operator: any; left: any; right: any; location: { file: string; start: { line: number; column: number; }; end: { line: number; column: number; }; }; }' is not assignable to parameter of type 'Expression'.
  Type '{ kind: "BinaryExpr"; operator: any; left: any; right: any; location: { file: string; start: { line: number; column: number; }; end: { line: number; column: number; }; }; }' is not assignable to type 'BinaryExpr'.
    Types of property 'location' are incompatible.
      Type '{ file: string; start: { line: number; column: number; }; end: { line: number; column: number; }; }' is missing the following properties from type 'SourceLocation': line, column, endLine, endColumn
packages/codegen-tests/tests/expression-compiler.test.ts(146,32): error TS2345: Argument of type '{ kind: "BinaryExpr"; operator: any; left: any; right: any; location: { file: string; start: { line: number; column: number; }; end: { line: number; column: number; }; }; }' is not assignable to parameter of type 'Expression'.
  Type '{ kind: "BinaryExpr"; operator: any; left: any; right: any; location: { file: string; start: { line: number; column: number; }; end: { line: number; column: number; }; }; }' is not assignable to type 'BinaryExpr'.
    Types of property 'location' are incompatible.
      Type '{ file: string; start: { line: number; column: number; }; end: { line: number; column: number; }; }' is missing the following properties from type 'SourceLocation': line, column, endLine, endColumn
packages/codegen-tests/tests/expression-compiler.test.ts(157,42): error TS2345: Argument of type '{ kind: "CallExpr"; callee: any; arguments: any[]; location: { file: string; start: { line: number; column: number; }; end: { line: number; column: number; }; }; }' is not assignable to parameter of type 'Expression'.
  Type '{ kind: "CallExpr"; callee: any; arguments: any[]; location: { file: string; start: { line: number; column: number; }; end: { line: number; column: number; }; }; }' is not assignable to type 'CallExpr'.
    Types of property 'location' are incompatible.
      Type '{ file: string; start: { line: number; column: number; }; end: { line: number; column: number; }; }' is missing the following properties from type 'SourceLocation': line, column, endLine, endColumn
packages/codegen-tests/tests/expression-compiler.test.ts(163,42): error TS2345: Argument of type '{ kind: "BinaryExpr"; operator: any; left: any; right: any; location: { file: string; start: { line: number; column: number; }; end: { line: number; column: number; }; }; }' is not assignable to parameter of type 'Expression'.
  Type '{ kind: "BinaryExpr"; operator: any; left: any; right: any; location: { file: string; start: { line: number; column: number; }; end: { line: number; column: number; }; }; }' is not assignable to type 'BinaryExpr'.
    Types of property 'location' are incompatible.
      Type '{ file: string; start: { line: number; column: number; }; end: { line: number; column: number; }; }' is missing the following properties from type 'SourceLocation': line, column, endLine, endColumn
packages/codegen-tests/tests/expression-compiler.test.ts(180,40): error TS2345: Argument of type '{ kind: "CallExpr"; callee: any; arguments: any[]; location: { file: string; start: { line: number; column: number; }; end: { line: number; column: number; }; }; }' is not assignable to parameter of type 'Expression'.
  Type '{ kind: "CallExpr"; callee: any; arguments: any[]; location: { file: string; start: { line: number; column: number; }; end: { line: number; column: number; }; }; }' is not assignable to type 'CallExpr'.
    Types of property 'location' are incompatible.
      Type '{ file: string; start: { line: number; column: number; }; end: { line: number; column: number; }; }' is missing the following properties from type 'SourceLocation': line, column, endLine, endColumn
packages/codegen-tests/tests/generator.test.ts(222,30): error TS2345: Argument of type 'import("C:/Users/mevla/OneDrive/Desktop/projects/IntentOS/master_contracts/ast").Domain' is not assignable to parameter of type 'import("C:/Users/mevla/OneDrive/Desktop/projects/IntentOS/packages/parser/dist/index").Domain'.
  Property 'uses' is missing in type 'import("C:/Users/mevla/OneDrive/Desktop/projects/IntentOS/master_contracts/ast").Domain' but required in type 'import("C:/Users/mevla/OneDrive/Desktop/projects/IntentOS/packages/parser/dist/index").Domain'.
packages/codegen-tests/tests/generator.test.ts(233,30): error TS2345: Argument of type 'import("C:/Users/mevla/OneDrive/Desktop/projects/IntentOS/master_contracts/ast").Domain' is not assignable to parameter of type 'import("C:/Users/mevla/OneDrive/Desktop/projects/IntentOS/packages/parser/dist/index").Domain'.
  Property 'uses' is missing in type 'import("C:/Users/mevla/OneDrive/Desktop/projects/IntentOS/master_contracts/ast").Domain' but required in type 'import("C:/Users/mevla/OneDrive/Desktop/projects/IntentOS/packages/parser/dist/index").Domain'.
packages/codegen-tests/tests/generator.test.ts(243,30): error TS2345: Argument of type 'import("C:/Users/mevla/OneDrive/Desktop/projects/IntentOS/master_contracts/ast").Domain' is not assignable to parameter of type 'import("C:/Users/mevla/OneDrive/Desktop/projects/IntentOS/packages/parser/dist/index").Domain'.
  Property 'uses' is missing in type 'import("C:/Users/mevla/OneDrive/Desktop/projects/IntentOS/master_contracts/ast").Domain' but required in type 'import("C:/Users/mevla/OneDrive/Desktop/projects/IntentOS/packages/parser/dist/index").Domain'.
packages/codegen-tests/tests/generator.test.ts(253,30): error TS2345: Argument of type 'import("C:/Users/mevla/OneDrive/Desktop/projects/IntentOS/master_contracts/ast").Domain' is not assignable to parameter of type 'import("C:/Users/mevla/OneDrive/Desktop/projects/IntentOS/packages/parser/dist/index").Domain'.
  Property 'uses' is missing in type 'import("C:/Users/mevla/OneDrive/Desktop/projects/IntentOS/master_contracts/ast").Domain' but required in type 'import("C:/Users/mevla/OneDrive/Desktop/projects/IntentOS/packages/parser/dist/index").Domain'.
packages/codegen-tests/tests/generator.test.ts(262,30): error TS2345: Argument of type 'import("C:/Users/mevla/OneDrive/Desktop/projects/IntentOS/master_contracts/ast").Domain' is not assignable to parameter of type 'import("C:/Users/mevla/OneDrive/Desktop/projects/IntentOS/packages/parser/dist/index").Domain'.
  Property 'uses' is missing in type 'import("C:/Users/mevla/OneDrive/Desktop/projects/IntentOS/master_contracts/ast").Domain' but required in type 'import("C:/Users/mevla/OneDrive/Desktop/projects/IntentOS/packages/parser/dist/index").Domain'.
packages/codegen-tests/tests/generator.test.ts(272,30): error TS2345: Argument of type 'import("C:/Users/mevla/OneDrive/Desktop/projects/IntentOS/master_contracts/ast").Domain' is not assignable to parameter of type 'import("C:/Users/mevla/OneDrive/Desktop/projects/IntentOS/packages/parser/dist/index").Domain'.
  Property 'uses' is missing in type 'import("C:/Users/mevla/OneDrive/Desktop/projects/IntentOS/master_contracts/ast").Domain' but required in type 'import("C:/Users/mevla/OneDrive/Desktop/projects/IntentOS/packages/parser/dist/index").Domain'.
packages/codegen-tests/tests/generator.test.ts(281,30): error TS2345: Argument of type 'import("C:/Users/mevla/OneDrive/Desktop/projects/IntentOS/master_contracts/ast").Domain' is not assignable to parameter of type 'import("C:/Users/mevla/OneDrive/Desktop/projects/IntentOS/packages/parser/dist/index").Domain'.
  Property 'uses' is missing in type 'import("C:/Users/mevla/OneDrive/Desktop/projects/IntentOS/master_contracts/ast").Domain' but required in type 'import("C:/Users/mevla/OneDrive/Desktop/projects/IntentOS/packages/parser/dist/index").Domain'.
packages/codegen-tests/tests/generator.test.ts(452,41): error TS2345: Argument of type 'import("C:/Users/mevla/OneDrive/Desktop/projects/IntentOS/master_contracts/ast").ChaosBlock' is not assignable to parameter of type 'import("C:/Users/mevla/OneDrive/Desktop/projects/IntentOS/packages/parser/dist/index").ChaosBlock'.
  Types of property 'scenarios' are incompatible.
    Type 'import("C:/Users/mevla/OneDrive/Desktop/projects/IntentOS/master_contracts/ast").ChaosScenario[]' is not assignable to type 'import("C:/Users/mevla/OneDrive/Desktop/projects/IntentOS/packages/parser/dist/index").ChaosScenario[]'.
      Property 'expectations' is missing in type 'import("C:/Users/mevla/OneDrive/Desktop/projects/IntentOS/master_contracts/ast").ChaosScenario' but required in type 'import("C:/Users/mevla/OneDrive/Desktop/projects/IntentOS/packages/parser/dist/index").ChaosScenario'.
packages/codegen-types/src/deterministic-generator.ts(11,3): error TS2305: Module '"@isl-lang/isl-core"' has no exported member 'EntityDeclaration'.
packages/codegen-types/src/deterministic-generator.ts(12,3): error TS2305: Module '"@isl-lang/isl-core"' has no exported member 'TypeDeclaration'.
packages/codegen-types/src/deterministic-generator.ts(13,3): error TS2305: Module '"@isl-lang/isl-core"' has no exported member 'EnumDeclaration'.
packages/codegen-types/src/deterministic-generator.ts(15,3): error TS2305: Module '"@isl-lang/isl-core"' has no exported member 'FieldDeclaration'.
packages/codegen-types/src/deterministic-generator.ts(16,3): error TS2724: '"@isl-lang/isl-core"' has no exported member named 'TypeExpression'. Did you mean 'Expression'?
packages/codegen-types/src/deterministic-generator.ts(17,3): error TS2305: Module '"@isl-lang/isl-core"' has no exported member 'TypeConstraint'.
packages/codegen-types/src/deterministic-generator.ts(148,43): error TS2339: Property 'enums' does not exist on type 'Domain'.
packages/codegen-types/src/deterministic-generator.ts(281,41): error TS7006: Parameter 'v' implicitly has an 'any' type.
packages/codegen-types/src/deterministic-generator.ts(296,17): error TS7006: Parameter 'c' implicitly has an 'any' type.
packages/codegen-types/src/deterministic-generator.ts(339,10): error TS7006: Parameter 'f' implicitly has an 'any' type.
packages/codegen-types/src/deterministic-generator.ts(353,8): error TS7006: Parameter 'f' implicitly has an 'any' type.
packages/codegen-types/src/deterministic-generator.ts(357,15): error TS7006: Parameter 'f' implicitly has an 'any' type.
packages/codegen-types/src/deterministic-generator.ts(359,15): error TS7006: Parameter 'n' implicitly has an 'any' type.
packages/codegen-types/src/deterministic-generator.ts(511,46): error TS7006: Parameter 't' implicitly has an 'any' type.
packages/codegen-types/src/deterministic-generator.ts(523,17): error TS7006: Parameter 'v' implicitly has an 'any' type.
packages/codegen-types/src/deterministic-generator.ts(525,17): error TS7006: Parameter 'name' implicitly has an 'any' type.
packages/codegen-types/src/deterministic-generator.ts(533,14): error TS7006: Parameter 'f' implicitly has an 'any' type.
packages/codegen-types/src/deterministic-generator.ts(592,35): error TS7006: Parameter 'a' implicitly has an 'any' type.
packages/codegen-types/src/deterministic-generator.ts(597,8): error TS7006: Parameter 'a' implicitly has an 'any' type.
packages/codegen-types/src/python-contracts.ts(12,3): error TS2305: Module '"@isl-lang/isl-core"' has no exported member 'EntityDeclaration'.
packages/codegen-types/src/python-contracts.ts(13,3): error TS2305: Module '"@isl-lang/isl-core"' has no exported member 'ConditionBlock'.
packages/codegen-types/src/python-contracts.ts(14,3): error TS2305: Module '"@isl-lang/isl-core"' has no exported member 'ConditionStatement'.
packages/codegen-types/src/python-contracts.ts(15,3): error TS2305: Module '"@isl-lang/isl-core"' has no exported member 'InvariantStatement'.
packages/codegen-types/src/python-expression-compiler.ts(10,3): error TS2305: Module '"@isl-lang/isl-core"' has no exported member 'BinaryExpression'.
packages/codegen-types/src/python-expression-compiler.ts(11,3): error TS2724: '"@isl-lang/isl-core"' has no exported member named 'UnaryExpression'. Did you mean 'Expression'?
packages/codegen-types/src/python-expression-compiler.ts(12,3): error TS2305: Module '"@isl-lang/isl-core"' has no exported member 'MemberExpression'.
packages/codegen-types/src/python-expression-compiler.ts(13,3): error TS2724: '"@isl-lang/isl-core"' has no exported member named 'CallExpression'. Did you mean 'Expression'?
packages/codegen-types/src/python-expression-compiler.ts(14,3): error TS2305: Module '"@isl-lang/isl-core"' has no exported member 'QuantifiedExpression'.
packages/codegen-types/src/python-expression-compiler.ts(15,3): error TS2724: '"@isl-lang/isl-core"' has no exported member named 'OldExpression'. Did you mean 'Expression'?
packages/codegen-types/src/python-expression-compiler.ts(16,3): error TS2305: Module '"@isl-lang/isl-core"' has no exported member 'Identifier'.
packages/codegen-types/src/python-expression-compiler.ts(17,3): error TS2305: Module '"@isl-lang/isl-core"' has no exported member 'StringLiteral'.
packages/codegen-types/src/python-expression-compiler.ts(18,3): error TS2305: Module '"@isl-lang/isl-core"' has no exported member 'NumberLiteral'.
packages/codegen-types/src/python-expression-compiler.ts(19,3): error TS2305: Module '"@isl-lang/isl-core"' has no exported member 'BooleanLiteral'.
packages/codegen-types/src/python-expression-compiler.ts(20,3): error TS2305: Module '"@isl-lang/isl-core"' has no exported member 'DurationLiteral'.
packages/codegen-types/src/python-expression-compiler.ts(89,10): error TS2678: Type '"BinaryExpression"' is not comparable to type '"MapExpr" | "Identifier" | "QualifiedName" | "Literal" | "StringLiteral" | "NumberLiteral" | "BooleanLiteral" | "NullLiteral" | "DurationLiteral" | "RegexLiteral" | "BinaryExpr" | ... 10 more ... | "ListExpr"'.
packages/codegen-types/src/python-expression-compiler.ts(92,10): error TS2678: Type '"UnaryExpression"' is not comparable to type '"MapExpr" | "Identifier" | "QualifiedName" | "Literal" | "StringLiteral" | "NumberLiteral" | "BooleanLiteral" | "NullLiteral" | "DurationLiteral" | "RegexLiteral" | "BinaryExpr" | ... 10 more ... | "ListExpr"'.
packages/codegen-types/src/python-expression-compiler.ts(95,10): error TS2678: Type '"CallExpression"' is not comparable to type '"MapExpr" | "Identifier" | "QualifiedName" | "Literal" | "StringLiteral" | "NumberLiteral" | "BooleanLiteral" | "NullLiteral" | "DurationLiteral" | "RegexLiteral" | "BinaryExpr" | ... 10 more ... | "ListExpr"'.
packages/codegen-types/src/python-expression-compiler.ts(98,10): error TS2678: Type '"MemberExpression"' is not comparable to type '"MapExpr" | "Identifier" | "QualifiedName" | "Literal" | "StringLiteral" | "NumberLiteral" | "BooleanLiteral" | "NullLiteral" | "DurationLiteral" | "RegexLiteral" | "BinaryExpr" | ... 10 more ... | "ListExpr"'.
packages/codegen-types/src/python-expression-compiler.ts(101,10): error TS2678: Type '"ComparisonExpression"' is not comparable to type '"MapExpr" | "Identifier" | "QualifiedName" | "Literal" | "StringLiteral" | "NumberLiteral" | "BooleanLiteral" | "NullLiteral" | "DurationLiteral" | "RegexLiteral" | "BinaryExpr" | ... 10 more ... | "ListExpr"'.
packages/codegen-types/src/python-expression-compiler.ts(104,10): error TS2678: Type '"LogicalExpression"' is not comparable to type '"MapExpr" | "Identifier" | "QualifiedName" | "Literal" | "StringLiteral" | "NumberLiteral" | "BooleanLiteral" | "NullLiteral" | "DurationLiteral" | "RegexLiteral" | "BinaryExpr" | ... 10 more ... | "ListExpr"'.
packages/codegen-types/src/python-expression-compiler.ts(107,10): error TS2678: Type '"QuantifiedExpression"' is not comparable to type '"MapExpr" | "Identifier" | "QualifiedName" | "Literal" | "StringLiteral" | "NumberLiteral" | "BooleanLiteral" | "NullLiteral" | "DurationLiteral" | "RegexLiteral" | "BinaryExpr" | ... 10 more ... | "ListExpr"'.
packages/codegen-types/src/python-expression-compiler.ts(110,10): error TS2678: Type '"OldExpression"' is not comparable to type '"MapExpr" | "Identifier" | "QualifiedName" | "Literal" | "StringLiteral" | "NumberLiteral" | "BooleanLiteral" | "NullLiteral" | "DurationLiteral" | "RegexLiteral" | "BinaryExpr" | ... 10 more ... | "ListExpr"'.
packages/codegen-types/src/python-expression-compiler.ts(229,36): error TS7006: Parameter 'a' implicitly has an 'any' type.
packages/codegen-types/src/python-expression-compiler.ts(422,7): error TS2367: This comparison appears to be unintentional because the types '"MapExpr" | "Identifier" | "QualifiedName" | "Literal" | "StringLiteral" | "NumberLiteral" | "BooleanLiteral" | "NullLiteral" | "DurationLiteral" | "RegexLiteral" | "BinaryExpr" | ... 10 more ... | "ListExpr"' and '"MemberExpression"' have no overlap.
packages/codegen-types/src/python-expression-compiler.ts(423,17): error TS2339: Property 'property' does not exist on type 'never'.
packages/codegen-types/src/python.ts(9,3): error TS2305: Module '"@isl-lang/isl-core"' has no exported member 'EntityDeclaration'.
packages/codegen-types/src/python.ts(10,3): error TS2305: Module '"@isl-lang/isl-core"' has no exported member 'TypeDeclaration'.
packages/codegen-types/src/python.ts(11,3): error TS2305: Module '"@isl-lang/isl-core"' has no exported member 'EnumDeclaration'.
packages/codegen-types/src/python.ts(13,3): error TS2305: Module '"@isl-lang/isl-core"' has no exported member 'FieldDeclaration'.
packages/codegen-types/src/python.ts(14,3): error TS2724: '"@isl-lang/isl-core"' has no exported member named 'TypeExpression'. Did you mean 'Expression'?
packages/codegen-types/src/python.ts(15,3): error TS2305: Module '"@isl-lang/isl-core"' has no exported member 'TypeConstraint'.
packages/codegen-types/src/python.ts(16,3): error TS2305: Module '"@isl-lang/isl-core"' has no exported member 'OutputBlock'.
packages/codegen-types/src/python.ts(46,35): error TS2339: Property 'enums' does not exist on type 'Domain'.
packages/codegen-types/src/python.ts(84,35): error TS2339: Property 'enums' does not exist on type 'Domain'.
packages/codegen-types/src/python.ts(242,14): error TS7006: Parameter 'c' implicitly has an 'any' type.
packages/codegen-types/src/python.ts(373,45): error TS7006: Parameter 'f' implicitly has an 'any' type.
packages/codegen-types/src/python.ts(392,7): error TS7006: Parameter 'f' implicitly has an 'any' type.
packages/codegen-types/src/python.ts(413,7): error TS7006: Parameter 'f' implicitly has an 'any' type.
packages/codegen-types/src/python.ts(688,45): error TS7006: Parameter 't' implicitly has an 'any' type.
packages/codegen-types/src/python.ts(699,44): error TS7006: Parameter 'v' implicitly has an 'any' type.
packages/codegen-types/src/python.ts(774,34): error TS7006: Parameter 'a' implicitly has an 'any' type.
packages/codegen-types/src/python.ts(779,7): error TS7006: Parameter 'a' implicitly has an 'any' type.
packages/codegen-types/src/serdes.ts(9,3): error TS2305: Module '"@isl-lang/isl-core"' has no exported member 'EntityDeclaration'.
packages/codegen-types/src/serdes.ts(11,3): error TS2724: '"@isl-lang/isl-core"' has no exported member named 'TypeExpression'. Did you mean 'Expression'?
packages/codegen-types/src/typescript.ts(9,3): error TS2305: Module '"@isl-lang/isl-core"' has no exported member 'EntityDeclaration'.
packages/codegen-types/src/typescript.ts(10,3): error TS2305: Module '"@isl-lang/isl-core"' has no exported member 'TypeDeclaration'.
packages/codegen-types/src/typescript.ts(11,3): error TS2305: Module '"@isl-lang/isl-core"' has no exported member 'EnumDeclaration'.
packages/codegen-types/src/typescript.ts(13,3): error TS2305: Module '"@isl-lang/isl-core"' has no exported member 'FieldDeclaration'.
packages/codegen-types/src/typescript.ts(14,3): error TS2724: '"@isl-lang/isl-core"' has no exported member named 'TypeExpression'. Did you mean 'Expression'?
packages/codegen-types/src/typescript.ts(15,3): error TS2305: Module '"@isl-lang/isl-core"' has no exported member 'TypeConstraint'.
packages/codegen-types/src/typescript.ts(16,3): error TS2305: Module '"@isl-lang/isl-core"' has no exported member 'InputBlock'.
packages/codegen-types/src/typescript.ts(17,3): error TS2305: Module '"@isl-lang/isl-core"' has no exported member 'OutputBlock'.
packages/codegen-types/src/typescript.ts(46,35): error TS2339: Property 'enums' does not exist on type 'Domain'.
packages/codegen-types/src/typescript.ts(136,40): error TS7006: Parameter 'v' implicitly has an 'any' type.
packages/codegen-types/src/typescript.ts(149,16): error TS7006: Parameter 'c' implicitly has an 'any' type.
packages/codegen-types/src/typescript.ts(205,7): error TS7006: Parameter 'f' implicitly has an 'any' type.
packages/codegen-types/src/typescript.ts(208,44): error TS7006: Parameter 'f' implicitly has an 'any' type.
packages/codegen-types/src/typescript.ts(279,44): error TS7006: Parameter 'e' implicitly has an 'any' type.
packages/codegen-types/src/typescript.ts(358,45): error TS7006: Parameter 't' implicitly has an 'any' type.
packages/codegen-types/src/typescript.ts(370,44): error TS7006: Parameter 'v' implicitly has an 'any' type.
packages/codegen-types/src/typescript.ts(373,20): error TS7006: Parameter 'f' implicitly has an 'any' type.
packages/codegen-types/src/typescript.ts(384,16): error TS7006: Parameter 'f' implicitly has an 'any' type.
packages/codegen-types/src/typescript.ts(440,34): error TS7006: Parameter 'a' implicitly has an 'any' type.
packages/codegen-types/src/typescript.ts(445,7): error TS7006: Parameter 'a' implicitly has an 'any' type.
packages/codegen-types/src/validation.ts(9,3): error TS2305: Module '"@isl-lang/isl-core"' has no exported member 'EntityDeclaration'.
packages/codegen-types/src/validation.ts(10,3): error TS2305: Module '"@isl-lang/isl-core"' has no exported member 'TypeDeclaration'.
packages/codegen-types/src/validation.ts(11,3): error TS2305: Module '"@isl-lang/isl-core"' has no exported member 'EnumDeclaration'.
packages/codegen-types/src/validation.ts(13,3): error TS2305: Module '"@isl-lang/isl-core"' has no exported member 'FieldDeclaration'.
packages/codegen-types/src/validation.ts(14,3): error TS2724: '"@isl-lang/isl-core"' has no exported member named 'TypeExpression'. Did you mean 'Expression'?
packages/codegen-types/src/validation.ts(15,3): error TS2305: Module '"@isl-lang/isl-core"' has no exported member 'TypeConstraint'.
packages/codegen-types/src/validation.ts(16,3): error TS2305: Module '"@isl-lang/isl-core"' has no exported member 'InputBlock'.
packages/codegen-types/src/validation.ts(17,3): error TS2305: Module '"@isl-lang/isl-core"' has no exported member 'OutputBlock'.
packages/codegen-types/src/validation.ts(47,35): error TS2339: Property 'enums' does not exist on type 'Domain'.
packages/codegen-types/src/validation.ts(130,38): error TS7006: Parameter 'v' implicitly has an 'any' type.
packages/codegen-types/src/validation.ts(245,7): error TS7006: Parameter 'f' implicitly has an 'any' type.
packages/codegen-types/src/validation.ts(336,39): error TS7006: Parameter 'e' implicitly has an 'any' type.
packages/codegen-types/src/validation.ts(416,35): error TS2339: Property 'enums' does not exist on type 'Domain'.
packages/codegen-types/src/validation.ts(489,45): error TS7006: Parameter 't' implicitly has an 'any' type.
packages/codegen-types/src/validation.ts(500,44): error TS7006: Parameter 'v' implicitly has an 'any' type.
packages/codegen-types/src/validation.ts(502,41): error TS7006: Parameter 'f' implicitly has an 'any' type.
packages/codegen-types/src/validation.ts(514,40): error TS7006: Parameter 'f' implicitly has an 'any' type.
packages/codegen-types/src/validation.ts(573,7): error TS7006: Parameter 'a' implicitly has an 'any' type.
packages/codegen-types/tests/determinism.test.ts(16,3): error TS2305: Module '"@isl-lang/isl-core"' has no exported member 'EntityDeclaration'.
packages/codegen-types/tests/determinism.test.ts(17,3): error TS2305: Module '"@isl-lang/isl-core"' has no exported member 'EnumDeclaration'.
packages/codegen-types/tests/determinism.test.ts(19,3): error TS2724: '"@isl-lang/isl-core"' has no exported member named 'TypeExpression'. Did you mean 'Expression'?
packages/codegen-types/tests/determinism.test.ts(20,3): error TS2305: Module '"@isl-lang/isl-core"' has no exported member 'FieldDeclaration'.
packages/codegen-types/tests/determinism.test.ts(96,5): error TS2322: Type '"BehaviorDeclaration"' is not assignable to type '"Behavior"'.
packages/codegen-types/tests/determinism.test.ts(97,5): error TS2741: Property 'location' is missing in type '{ kind: "Identifier"; name: string; span: { start: { line: number; column: number; offset: number; }; end: { line: number; column: number; offset: number; }; }; }' but required in type 'Identifier'.
packages/codegen-types/tests/determinism.test.ts(98,5): error TS2741: Property 'location' is missing in type '{ kind: "StringLiteral"; value: string; span: { start: { line: number; column: number; offset: number; }; end: { line: number; column: number; offset: number; }; }; }' but required in type 'StringLiteral'.
packages/codegen-types/tests/determinism.test.ts(100,7): error TS2322: Type '"InputBlock"' is not assignable to type '"InputSpec"'.
packages/codegen-types/tests/determinism.test.ts(108,7): error TS2322: Type '"OutputBlock"' is not assignable to type '"OutputSpec"'.
packages/codegen-types/tests/determinism.test.ts(112,11): error TS2322: Type '"ErrorDeclaration"' is not assignable to type '"ErrorSpec"'.
packages/codegen-types/tests/determinism.test.ts(113,11): error TS2741: Property 'location' is missing in type '{ kind: "Identifier"; name: string; span: { start: { line: number; column: number; offset: number; }; end: { line: number; column: number; offset: number; }; }; }' but required in type 'Identifier'.
packages/codegen-types/tests/determinism.test.ts(114,11): error TS2741: Property 'location' is missing in type '{ kind: "StringLiteral"; value: string; span: { start: { line: number; column: number; offset: number; }; end: { line: number; column: number; offset: number; }; }; }' but required in type 'StringLiteral'.
packages/codegen-types/tests/determinism.test.ts(119,11): error TS2322: Type '"ErrorDeclaration"' is not assignable to type '"ErrorSpec"'.
packages/codegen-types/tests/determinism.test.ts(120,11): error TS2741: Property 'location' is missing in type '{ kind: "Identifier"; name: string; span: { start: { line: number; column: number; offset: number; }; end: { line: number; column: number; offset: number; }; }; }' but required in type 'Identifier'.
packages/codegen-types/tests/determinism.test.ts(121,11): error TS2741: Property 'location' is missing in type '{ kind: "StringLiteral"; value: string; span: { start: { line: number; column: number; offset: number; }; end: { line: number; column: number; offset: number; }; }; }' but required in type 'StringLiteral'.
packages/codegen-types/tests/determinism.test.ts(134,5): error TS2322: Type '"DomainDeclaration"' is not assignable to type '"Domain"'.
packages/codegen-types/tests/determinism.test.ts(135,5): error TS2741: Property 'location' is missing in type '{ kind: "Identifier"; name: string; span: { start: { line: number; column: number; offset: number; }; end: { line: number; column: number; offset: number; }; }; }' but required in type 'Identifier'.
packages/codegen-types/tests/determinism.test.ts(136,5): error TS2741: Property 'location' is missing in type '{ kind: "StringLiteral"; value: string; span: { start: { line: number; column: number; offset: number; }; end: { line: number; column: number; offset: number; }; }; }' but required in type 'StringLiteral'.
packages/codegen-types/tests/determinism.test.ts(225,15): error TS2339: Property 'enums' does not exist on type 'Domain'.
packages/codegen-types/tests/determinism.test.ts(230,15): error TS2339: Property 'enums' does not exist on type 'Domain'.
packages/codegen-types/tests/determinism.test.ts(241,15): error TS2339: Property 'enums' does not exist on type 'Domain'.
packages/codegen-types/tests/determinism.test.ts(248,15): error TS2339: Property 'enums' does not exist on type 'Domain'.
packages/codegen-types/tests/determinism.test.ts(327,18): error TS2339: Property 'enums' does not exist on type 'Domain'.
packages/codegen-types/tests/generator.test.ts(17,3): error TS2305: Module '"@isl-lang/isl-core"' has no exported member 'EntityDeclaration'.
packages/codegen-types/tests/generator.test.ts(18,3): error TS2305: Module '"@isl-lang/isl-core"' has no exported member 'EnumDeclaration'.
packages/codegen-types/tests/generator.test.ts(19,3): error TS2305: Module '"@isl-lang/isl-core"' has no exported member 'TypeDeclaration'.
packages/codegen-types/tests/generator.test.ts(21,3): error TS2305: Module '"@isl-lang/isl-core"' has no exported member 'FieldDeclaration'.
packages/codegen-types/tests/generator.test.ts(22,3): error TS2724: '"@isl-lang/isl-core"' has no exported member named 'TypeExpression'. Did you mean 'Expression'?
packages/codegen-types/tests/generator.test.ts(70,5): error TS2322: Type '"DomainDeclaration"' is not assignable to type '"Domain"'.
packages/codegen-types/tests/generator.test.ts(71,5): error TS2741: Property 'location' is missing in type '{ kind: "Identifier"; name: string; span: { start: { line: number; column: number; offset: number; }; end: { line: number; column: number; offset: number; }; }; }' but required in type 'Identifier'.
packages/codegen-types/tests/generator.test.ts(72,5): error TS2741: Property 'location' is missing in type '{ kind: "StringLiteral"; value: string; span: { start: { line: number; column: number; offset: number; }; end: { line: number; column: number; offset: number; }; }; }' but required in type 'StringLiteral'.
packages/codegen-types/tests/generator.test.ts(130,5): error TS2322: Type '"BehaviorDeclaration"' is not assignable to type '"Behavior"'.
packages/codegen-types/tests/generator.test.ts(131,5): error TS2741: Property 'location' is missing in type '{ kind: "Identifier"; name: string; span: { start: { line: number; column: number; offset: number; }; end: { line: number; column: number; offset: number; }; }; }' but required in type 'Identifier'.
packages/codegen-types/tests/generator.test.ts(132,5): error TS2741: Property 'location' is missing in type '{ kind: "StringLiteral"; value: string; span: { start: { line: number; column: number; offset: number; }; end: { line: number; column: number; offset: number; }; }; }' but required in type 'StringLiteral'.
packages/codegen-types/tests/generator.test.ts(134,7): error TS2322: Type '"InputBlock"' is not assignable to type '"InputSpec"'.
packages/codegen-types/tests/generator.test.ts(142,7): error TS2322: Type '"OutputBlock"' is not assignable to type '"OutputSpec"'.
packages/codegen-types/tests/generator.test.ts(146,11): error TS2322: Type '"ErrorDeclaration"' is not assignable to type '"ErrorSpec"'.
packages/codegen-types/tests/generator.test.ts(147,11): error TS2741: Property 'location' is missing in type '{ kind: "Identifier"; name: string; span: { start: { line: number; column: number; offset: number; }; end: { line: number; column: number; offset: number; }; }; }' but required in type 'Identifier'.
packages/codegen-types/tests/generator.test.ts(148,11): error TS2741: Property 'location' is missing in type '{ kind: "StringLiteral"; value: string; span: { start: { line: number; column: number; offset: number; }; end: { line: number; column: number; offset: number; }; }; }' but required in type 'StringLiteral'.
packages/codegen-types/tests/generator.test.ts(153,11): error TS2322: Type '"ErrorDeclaration"' is not assignable to type '"ErrorSpec"'.
packages/codegen-types/tests/generator.test.ts(154,11): error TS2741: Property 'location' is missing in type '{ kind: "Identifier"; name: string; span: { start: { line: number; column: number; offset: number; }; end: { line: number; column: number; offset: number; }; }; }' but required in type 'Identifier'.
packages/codegen-types/tests/generator.test.ts(155,11): error TS2741: Property 'location' is missing in type '{ kind: "StringLiteral"; value: string; span: { start: { line: number; column: number; offset: number; }; end: { line: number; column: number; offset: number; }; }; }' but required in type 'StringLiteral'.
packages/codegen-types/tests/generator.test.ts(176,12): error TS2339: Property 'enums' does not exist on type 'Domain'.
packages/codegen-types/tests/generator.test.ts(256,14): error TS2339: Property 'enums' does not exist on type 'Domain'.
packages/codegen-types/tests/generator.test.ts(326,14): error TS2339: Property 'enums' does not exist on type 'Domain'.
packages/codegen-types/tests/generator.test.ts(408,14): error TS2339: Property 'enums' does not exist on type 'Domain'.
packages/codegen-types/tests/generator.test.ts(447,14): error TS2339: Property 'enums' does not exist on type 'Domain'.
packages/codegen-types/tests/generator.test.ts(545,12): error TS2339: Property 'enums' does not exist on type 'Domain'.
packages/codegen-ui/src/generator.ts(7,27): error TS2307: Cannot find module '@isl-lang/isl-core/ast/types' or its corresponding type declarations.
packages/codegen-ui/src/generator.ts(30,3): error TS2741: Property 'outputDir' is missing in type '{}' but required in type 'UIGeneratorOptions'.
packages/codegen-ui/src/generator.ts(115,10): error TS7006: Parameter 's' implicitly has an 'any' type.
packages/codegen-ui/src/generator.ts(121,10): error TS7006: Parameter 's' implicitly has an 'any' type.
packages/codegen-ui/src/generator.ts(156,43): error TS7006: Parameter 'b' implicitly has an 'any' type.
packages/codegen-ui/src/generator.ts(240,15): error TS7006: Parameter 'c' implicitly has an 'any' type.
packages/codegen-ui/src/generator.ts(267,14): error TS7006: Parameter 'c' implicitly has an 'any' type.
packages/codegen-ui/src/generator.ts(268,10): error TS7006: Parameter 'c' implicitly has an 'any' type.
packages/codegen-ui/src/safety-checker.ts(12,27): error TS2307: Cannot find module '@isl-lang/isl-core/ast/types' or its corresponding type declarations.
packages/codegen-ui/src/safety-checker.ts(110,39): error TS7006: Parameter 'p' implicitly has an 'any' type.
packages/codegen-ui/src/safety-checker.ts(151,45): error TS7006: Parameter 'c' implicitly has an 'any' type.
packages/codegen-ui/src/safety-checker.ts(152,43): error TS7006: Parameter 'p' implicitly has an 'any' type.
packages/codegen-ui/src/safety-checker.ts(156,43): error TS7006: Parameter 'p' implicitly has an 'any' type.
packages/codegen-ui/src/safety-checker.ts(162,44): error TS7006: Parameter 'p' implicitly has an 'any' type.
packages/codegen-ui/src/safety-checker.ts(199,40): error TS7006: Parameter 'p' implicitly has an 'any' type.
packages/codegen-ui/src/safety-checker.ts(239,42): error TS7006: Parameter 'p' implicitly has an 'any' type.
packages/codegen-ui/src/safety-checker.ts(374,41): error TS7006: Parameter 'p' implicitly has an 'any' type.
packages/codegen-ui/src/safety-checker.ts(382,40): error TS7006: Parameter 'p' implicitly has an 'any' type.
packages/codegen-ui/src/safety-checker.ts(390,43): error TS7006: Parameter 'p' implicitly has an 'any' type.
packages/codegen-ui/src/safety-checker.ts(434,42): error TS7006: Parameter 'p' implicitly has an 'any' type.
packages/codegen-ui/src/types.ts(7,27): error TS2307: Cannot find module '@isl-lang/isl-core/ast/types' or its corresponding type declarations.
packages/codegen-ui/tests/safety-checker.test.ts(7,27): error TS2307: Cannot find module '@isl-lang/isl-core/ast/types' or its corresponding type declarations.
packages/codegen-validators/src/generator.ts(43,33): error TS2339: Property 'enums' does not exist on type 'Domain'.
packages/codegen-validators/src/generator.ts(134,33): error TS2339: Property 'enums' does not exist on type 'Domain'.
packages/codegen-validators/src/libraries/yup.ts(13,13): error TS2724: '"@isl-lang/isl-core"' has no exported member named 'TypeExpression'. Did you mean 'Expression'?
packages/codegen-validators/src/libraries/yup.ts(22,43): error TS2724: '"@isl-lang/isl-core"' has no exported member named 'TypeExpression'. Did you mean 'Expression'?
packages/codegen-validators/src/libraries/yup.ts(48,43): error TS7006: Parameter 'v' implicitly has an 'any' type.
packages/codegen-validators/src/libraries/yup.ts(53,39): error TS7006: Parameter 'f' implicitly has an 'any' type.
packages/codegen-validators/src/libraries/yup.ts(95,15): error TS2694: Namespace '"@isl-lang/isl-core"' has no exported member 'EntityDeclaration'.
packages/codegen-validators/src/libraries/yup.ts(132,47): error TS2694: Namespace '"@isl-lang/isl-core"' has no exported member 'EnumDeclaration'.
packages/codegen-validators/src/libraries/yup.ts(134,41): error TS7006: Parameter 'v' implicitly has an 'any' type.
packages/codegen-validators/src/libraries/yup.ts(189,14): error TS2694: Namespace '"@isl-lang/isl-core"' has no exported member 'FieldDeclaration'.
packages/codegen-validators/src/libraries/zod.ts(13,13): error TS2724: '"@isl-lang/isl-core"' has no exported member named 'TypeExpression'. Did you mean 'Expression'?
packages/codegen-validators/src/libraries/zod.ts(22,43): error TS2724: '"@isl-lang/isl-core"' has no exported member named 'TypeExpression'. Did you mean 'Expression'?
packages/codegen-validators/src/libraries/zod.ts(49,43): error TS7006: Parameter 'v' implicitly has an 'any' type.
packages/codegen-validators/src/libraries/zod.ts(54,39): error TS7006: Parameter 'f' implicitly has an 'any' type.
packages/codegen-validators/src/libraries/zod.ts(94,15): error TS2694: Namespace '"@isl-lang/isl-core"' has no exported member 'EntityDeclaration'.
packages/codegen-validators/src/libraries/zod.ts(134,47): error TS2694: Namespace '"@isl-lang/isl-core"' has no exported member 'EnumDeclaration'.
packages/codegen-validators/src/libraries/zod.ts(136,41): error TS7006: Parameter 'v' implicitly has an 'any' type.
packages/codegen-validators/src/libraries/zod.ts(191,14): error TS2694: Namespace '"@isl-lang/isl-core"' has no exported member 'FieldDeclaration'.
packages/codegen-validators/src/libraries/zod.ts(268,18): error TS2694: Namespace '"@isl-lang/isl-core"' has no exported member 'InvariantStatement'.
packages/codegen-validators/src/libraries/zod.ts(286,10): error TS2678: Type '"BinaryExpression"' is not comparable to type '"MapExpr" | "Identifier" | "QualifiedName" | "Literal" | "StringLiteral" | "NumberLiteral" | "BooleanLiteral" | "NullLiteral" | "DurationLiteral" | "RegexLiteral" | "BinaryExpr" | ... 10 more ... | "ListExpr"'.
packages/codegen-validators/src/libraries/zod.ts(287,53): error TS2339: Property 'left' does not exist on type 'never'.
packages/codegen-validators/src/libraries/zod.ts(288,54): error TS2339: Property 'right' does not exist on type 'never'.
packages/codegen-validators/src/libraries/zod.ts(289,35): error TS2339: Property 'operator' does not exist on type 'never'.
packages/codegen-validators/src/libraries/zod.ts(293,10): error TS2678: Type '"ComparisonExpression"' is not comparable to type '"MapExpr" | "Identifier" | "QualifiedName" | "Literal" | "StringLiteral" | "NumberLiteral" | "BooleanLiteral" | "NullLiteral" | "DurationLiteral" | "RegexLiteral" | "BinaryExpr" | ... 10 more ... | "ListExpr"'.
packages/codegen-validators/src/libraries/zod.ts(294,53): error TS2339: Property 'left' does not exist on type 'never'.
packages/codegen-validators/src/libraries/zod.ts(295,54): error TS2339: Property 'right' does not exist on type 'never'.
packages/codegen-validators/src/libraries/zod.ts(296,35): error TS2339: Property 'operator' does not exist on type 'never'.
packages/codegen-validators/src/libraries/zod.ts(300,10): error TS2678: Type '"LogicalExpression"' is not comparable to type '"MapExpr" | "Identifier" | "QualifiedName" | "Literal" | "StringLiteral" | "NumberLiteral" | "BooleanLiteral" | "NullLiteral" | "DurationLiteral" | "RegexLiteral" | "BinaryExpr" | ... 10 more ... | "ListExpr"'.
packages/codegen-validators/src/libraries/zod.ts(301,53): error TS2339: Property 'left' does not exist on type 'never'.
packages/codegen-validators/src/libraries/zod.ts(302,54): error TS2339: Property 'right' does not exist on type 'never'.
packages/codegen-validators/src/libraries/zod.ts(303,35): error TS2339: Property 'operator' does not exist on type 'never'.
packages/codegen-validators/src/libraries/zod.ts(307,10): error TS2678: Type '"UnaryExpression"' is not comparable to type '"MapExpr" | "Identifier" | "QualifiedName" | "Literal" | "StringLiteral" | "NumberLiteral" | "BooleanLiteral" | "NullLiteral" | "DurationLiteral" | "RegexLiteral" | "BinaryExpr" | ... 10 more ... | "ListExpr"'.
packages/codegen-validators/src/libraries/zod.ts(308,56): error TS2339: Property 'operand' does not exist on type 'never'.
packages/codegen-validators/src/libraries/zod.ts(309,16): error TS2339: Property 'operator' does not exist on type 'never'.
packages/codegen-validators/src/libraries/zod.ts(315,10): error TS2678: Type '"MemberExpression"' is not comparable to type '"MapExpr" | "Identifier" | "QualifiedName" | "Literal" | "StringLiteral" | "NumberLiteral" | "BooleanLiteral" | "NullLiteral" | "DurationLiteral" | "RegexLiteral" | "BinaryExpr" | ... 10 more ... | "ListExpr"'.
packages/codegen-validators/src/libraries/zod.ts(316,52): error TS2339: Property 'object' does not exist on type 'never'.
packages/codegen-validators/src/libraries/zod.ts(317,29): error TS2339: Property 'property' does not exist on type 'never'.
packages/codegen-validators/src/libraries/zod.ts(320,10): error TS2678: Type '"CallExpression"' is not comparable to type '"MapExpr" | "Identifier" | "QualifiedName" | "Literal" | "StringLiteral" | "NumberLiteral" | "BooleanLiteral" | "NullLiteral" | "DurationLiteral" | "RegexLiteral" | "BinaryExpr" | ... 10 more ... | "ListExpr"'.
packages/codegen-validators/src/libraries/zod.ts(321,55): error TS2339: Property 'callee' does not exist on type 'never'.
packages/codegen-validators/src/libraries/zod.ts(322,25): error TS2339: Property 'arguments' does not exist on type 'never'.
packages/codegen-validators/tests/generator.test.ts(9,23): error TS2694: Namespace '"@isl-lang/isl-core"' has no exported member 'Domain'.
packages/codegen-wasm/tests/generator.test.ts(6,10): error TS2305: Module '"../src/generator"' has no exported member 'generate'.
packages/codegen-wasm/tests/generator.test.ts(11,15): error TS2724: '"../src/types"' has no exported member named 'WasmModule'. Did you mean 'WASMModule'?
packages/codegen-wasm/tests/generator.test.ts(11,27): error TS2724: '"../src/types"' has no exported member named 'WasmFunction'. Did you mean 'WASMFunction'?
packages/codegen-wasm/tests/generator.test.ts(317,39): error TS2345: Argument of type 'import("C:/Users/mevla/OneDrive/Desktop/projects/IntentOS/master_contracts/ast").Domain' is not assignable to parameter of type 'Domain'.
  Types of property 'entities' are incompatible.
    Type 'import("C:/Users/mevla/OneDrive/Desktop/projects/IntentOS/master_contracts/ast").Entity[]' is not assignable to type 'Entity[]'.
      Type 'import("C:/Users/mevla/OneDrive/Desktop/projects/IntentOS/master_contracts/ast").Entity' is not assignable to type 'Entity'.
        Types of property 'fields' are incompatible.
          Type 'Field[]' is not assignable to type 'FieldDefinition[]'.
            Type 'Field' is not assignable to type 'FieldDefinition'.
              Types of property 'type' are incompatible.
                Type 'import("C:/Users/mevla/OneDrive/Desktop/projects/IntentOS/master_contracts/ast").TypeDefinition' is not assignable to type 'TypeDefinition'.
                  Type 'ConstrainedType' is not assignable to type 'TypeDefinition'.
                    Property 'variants' is missing in type 'ConstrainedType' but required in type '{ kind: "EnumType"; variants: Identifier[]; }'.
packages/codegen-wasm/tests/generator.test.ts(326,39): error TS2345: Argument of type 'import("C:/Users/mevla/OneDrive/Desktop/projects/IntentOS/master_contracts/ast").Domain' is not assignable to parameter of type 'Domain'.
  Types of property 'entities' are incompatible.
    Type 'import("C:/Users/mevla/OneDrive/Desktop/projects/IntentOS/master_contracts/ast").Entity[]' is not assignable to type 'Entity[]'.
      Type 'import("C:/Users/mevla/OneDrive/Desktop/projects/IntentOS/master_contracts/ast").Entity' is not assignable to type 'Entity'.
        Types of property 'fields' are incompatible.
          Type 'Field[]' is not assignable to type 'FieldDefinition[]'.
            Type 'Field' is not assignable to type 'FieldDefinition'.
              Types of property 'type' are incompatible.
                Type 'import("C:/Users/mevla/OneDrive/Desktop/projects/IntentOS/master_contracts/ast").TypeDefinition' is not assignable to type 'TypeDefinition'.
                  Type 'ConstrainedType' is not assignable to type 'TypeDefinition'.
                    Property 'variants' is missing in type 'ConstrainedType' but required in type '{ kind: "EnumType"; variants: Identifier[]; }'.
packages/codegen-wasm/tests/generator.test.ts(335,39): error TS2345: Argument of type 'import("C:/Users/mevla/OneDrive/Desktop/projects/IntentOS/master_contracts/ast").Domain' is not assignable to parameter of type 'Domain'.
  Types of property 'entities' are incompatible.
    Type 'import("C:/Users/mevla/OneDrive/Desktop/projects/IntentOS/master_contracts/ast").Entity[]' is not assignable to type 'Entity[]'.
      Type 'import("C:/Users/mevla/OneDrive/Desktop/projects/IntentOS/master_contracts/ast").Entity' is not assignable to type 'Entity'.
        Types of property 'fields' are incompatible.
          Type 'Field[]' is not assignable to type 'FieldDefinition[]'.
            Type 'Field' is not assignable to type 'FieldDefinition'.
              Types of property 'type' are incompatible.
                Type 'import("C:/Users/mevla/OneDrive/Desktop/projects/IntentOS/master_contracts/ast").TypeDefinition' is not assignable to type 'TypeDefinition'.
                  Type 'ConstrainedType' is not assignable to type 'TypeDefinition'.
                    Property 'variants' is missing in type 'ConstrainedType' but required in type '{ kind: "EnumType"; variants: Identifier[]; }'.
packages/codegen-wasm/tests/generator.test.ts(343,39): error TS2345: Argument of type 'import("C:/Users/mevla/OneDrive/Desktop/projects/IntentOS/master_contracts/ast").Domain' is not assignable to parameter of type 'Domain'.
  Types of property 'entities' are incompatible.
    Type 'import("C:/Users/mevla/OneDrive/Desktop/projects/IntentOS/master_contracts/ast").Entity[]' is not assignable to type 'Entity[]'.
      Type 'import("C:/Users/mevla/OneDrive/Desktop/projects/IntentOS/master_contracts/ast").Entity' is not assignable to type 'Entity'.
        Types of property 'fields' are incompatible.
          Type 'Field[]' is not assignable to type 'FieldDefinition[]'.
            Type 'Field' is not assignable to type 'FieldDefinition'.
              Types of property 'type' are incompatible.
                Type 'import("C:/Users/mevla/OneDrive/Desktop/projects/IntentOS/master_contracts/ast").TypeDefinition' is not assignable to type 'TypeDefinition'.
                  Type 'ConstrainedType' is not assignable to type 'TypeDefinition'.
                    Property 'variants' is missing in type 'ConstrainedType' but required in type '{ kind: "EnumType"; variants: Identifier[]; }'.
packages/codegen-wasm/tests/generator.test.ts(351,39): error TS2345: Argument of type 'import("C:/Users/mevla/OneDrive/Desktop/projects/IntentOS/master_contracts/ast").Domain' is not assignable to parameter of type 'Domain'.
  Types of property 'entities' are incompatible.
    Type 'import("C:/Users/mevla/OneDrive/Desktop/projects/IntentOS/master_contracts/ast").Entity[]' is not assignable to type 'Entity[]'.
      Type 'import("C:/Users/mevla/OneDrive/Desktop/projects/IntentOS/master_contracts/ast").Entity' is not assignable to type 'Entity'.
        Types of property 'fields' are incompatible.
          Type 'Field[]' is not assignable to type 'FieldDefinition[]'.
            Type 'Field' is not assignable to type 'FieldDefinition'.
              Types of property 'type' are incompatible.
                Type 'import("C:/Users/mevla/OneDrive/Desktop/projects/IntentOS/master_contracts/ast").TypeDefinition' is not assignable to type 'TypeDefinition'.
                  Type 'ConstrainedType' is not assignable to type 'TypeDefinition'.
                    Property 'variants' is missing in type 'ConstrainedType' but required in type '{ kind: "EnumType"; variants: Identifier[]; }'.
packages/comparator/tests/comparator.test.ts(227,25): error TS2322: Type '(x: number) => number' is not assignable to type 'ImplementationFunction'.
  Types of parameters 'x' and 'input' are incompatible.
    Type 'unknown' is not assignable to type 'number'.
packages/comparator/tests/comparator.test.ts(228,25): error TS2322: Type '(x: number) => number' is not assignable to type 'ImplementationFunction'.
  Types of parameters 'x' and 'input' are incompatible.
    Type 'unknown' is not assignable to type 'number'.
packages/comparator/tests/comparator.test.ts(244,25): error TS2322: Type '(x: number) => number' is not assignable to type 'ImplementationFunction'.
  Types of parameters 'x' and 'input' are incompatible.
    Type 'unknown' is not assignable to type 'number'.
packages/comparator/tests/comparator.test.ts(245,25): error TS2322: Type '(x: number) => number' is not assignable to type 'ImplementationFunction'.
  Types of parameters 'x' and 'input' are incompatible.
    Type 'unknown' is not assignable to type 'number'.
packages/comparator/tests/comparator.test.ts(260,23): error TS2322: Type '(x: number) => number' is not assignable to type 'ImplementationFunction'.
  Types of parameters 'x' and 'input' are incompatible.
    Type 'unknown' is not assignable to type 'number'.
packages/comparator/tests/comparator.test.ts(277,7): error TS2345: Argument of type '(x: number) => number' is not assignable to parameter of type 'ImplementationFunction'.
  Types of parameters 'x' and 'input' are incompatible.
    Type 'unknown' is not assignable to type 'number'.
packages/contract-testing/src/broker.ts(11,20): error TS1205: Re-exporting a type when 'isolatedModules' is enabled requires using 'export type'.
packages/contract-testing/src/scenario-parser.ts(7,10): error TS2305: Module '"@isl-lang/isl-core"' has no exported member 'parseISL'.
packages/contract-testing/src/schema.ts(12,24): error TS2339: Property 'default' does not exist on type 'typeof Ajv'.
packages/contract-testing/src/verifier.ts(7,10): error TS2305: Module '"@isl-lang/isl-core"' has no exported member 'parseISL'.
packages/contract-testing/src/verifier.ts(241,41): error TS2339: Property 'conditions' does not exist on type 'Expression[]'.
packages/contract-testing/src/verifier.ts(249,42): error TS2339: Property 'conditions' does not exist on type 'PostconditionBlock[]'.
packages/core/src/audit-v2/fixtures/workspace1/app/api/users/route.ts(8,24): error TS2307: Cannot find module '@/lib/prisma' or its corresponding type declarations.
packages/core/src/audit-v2/fixtures/workspace1/app/api/users/route.ts(36,25): error TS2304: Cannot find name 'getSession'.
packages/core/src/audit-v2/fixtures/workspace1/app/api/webhooks/stripe/route.ts(11,3): error TS2322: Type '"2023-10-16"' is not assignable to type '"2025-02-24.acacia"'.
packages/core/src/audit-v2/fixtures/workspace1/lib/db.ts(7,30): error TS2307: Cannot find module '@prisma/client' or its corresponding type declarations.
packages/core/src/audit-v2/fixtures/workspace1/services/userService.ts(8,30): error TS2307: Cannot find module '../lib/crypto' or its corresponding type declarations.
packages/core/src/fs-guard/__tests__/writeGuard.test.ts(334,63): error TS2345: Argument of type 'readonly ["src/", "app/", "packages/", "lib/", "components/", "generated/", ".shipgate/"]' is not assignable to parameter of type 'unknown[]'.
  The type 'readonly ["src/", "app/", "packages/", "lib/", "components/", "generated/", ".shipgate/"]' is 'readonly' and cannot be assigned to the mutable type 'unknown[]'.
packages/core/src/isl-agent/proofgen/__tests__/testGenerator.test.ts(136,3): error TS2741: Property 'uses' is missing in type '{ kind: "Domain"; name: { kind: "Identifier"; name: string; location: { file: string; line: number; column: number; endLine: number; endColumn: number; }; }; version: { kind: "StringLiteral"; value: string; location: { file: string; line: number; column: number; endLine: number; endColumn: number; }; }; ... 9 more ....' but required in type 'Domain'.
packages/core/src/isl-diff/__tests__/diff.test.ts(88,3): error TS2741: Property 'uses' is missing in type '{ kind: "Domain"; name: Identifier; version: StringLiteral; imports: never[]; types: never[]; entities: Entity[]; behaviors: Behavior[]; invariants: never[]; ... 4 more ...; location: SourceLocation; }' but required in type 'Domain'.
packages/core/src/isl-lint-v2/__tests__/lint-v2.test.ts(450,37): error TS2353: Object literal may only specify known properties, and 'condition' does not exist in type 'ASTNode'.
packages/core/src/isl-lint-v2/__tests__/lint-v2.test.ts(463,29): error TS2353: Object literal may only specify known properties, and 'name' does not exist in type 'ASTNode'.
packages/core/src/isl-lint-v2/__tests__/lint-v2.test.ts(508,25): error TS2345: Argument of type '{ kind: "Domain"; name: { kind: "Identifier"; name: string; location: { file: string; line: number; column: number; endLine: number; endColumn: number; }; }; version: { kind: "StringLiteral"; value: string; location: { ...; }; }; ... 9 more ...; location: { ...; }; }' is not assignable to parameter of type 'Domain'.
  Property 'uses' is missing in type '{ kind: "Domain"; name: { kind: "Identifier"; name: string; location: { file: string; line: number; column: number; endLine: number; endColumn: number; }; }; version: { kind: "StringLiteral"; value: string; location: { ...; }; }; ... 9 more ...; location: { ...; }; }' but required in type 'Domain'.
packages/core/src/isl-lint-v2/fixtures/test-fixtures.ts(143,3): error TS2741: Property 'uses' is missing in type '{ kind: "Domain"; name: Identifier; version: { kind: "StringLiteral"; value: string; location: SourceLocation; }; imports: never[]; types: never[]; entities: Entity[]; ... 6 more ...; location: SourceLocation; }' but required in type 'Domain'.
packages/core/src/isl-lint/__tests__/lint.test.ts(49,3): error TS2322: Type '{ kind: "Domain"; name: Identifier; version: StringLiteral; owner?: StringLiteral | undefined; uses?: UseStatement[] | undefined; ... 9 more ...; location: SourceLocation; }' is not assignable to type 'Domain'.
  Types of property 'uses' are incompatible.
    Type 'UseStatement[] | undefined' is not assignable to type 'UseStatement[]'.
      Type 'undefined' is not assignable to type 'UseStatement[]'.
packages/core/src/isl-repair/__tests__/repair.test.ts(44,3): error TS2741: Property 'uses' is missing in type '{ kind: "Domain"; location: SourceLocation; name: { kind: "Identifier"; name: string; location: SourceLocation; }; version: { kind: "StringLiteral"; value: string; location: SourceLocation; }; ... 8 more ...; chaos: never[]; }' but required in type 'Domain'.
packages/core/src/isl-translator/corpus-tests/corpus.test.ts(859,9): error TS2322: Type 'NumberLiteral' is not assignable to type 'never'.
packages/core/src/pipeline/__tests__/pipeline.test.ts(333,9): error TS2739: Type '{ workspacePath: string; outDir: string; contextOptions: {}; skipContext: true; writeReport: false; specName: string; specPath: string; mode: "full"; agentVersion: string; notes: string; verbose: false; dryRun: true; }' is missing the following properties from type 'Required<PipelineOptions>': enforceAssumptions, strictSteps
packages/core/src/pipeline/__tests__/pipeline.test.ts(366,9): error TS2739: Type '{ workspacePath: string; outDir: string; contextOptions: {}; skipContext: true; writeReport: false; specName: string; specPath: string; mode: "full"; agentVersion: string; notes: string; verbose: false; dryRun: true; }' is missing the following properties from type 'Required<PipelineOptions>': enforceAssumptions, strictSteps
packages/core/src/pipeline/__tests__/pipeline.test.ts(396,9): error TS2739: Type '{ workspacePath: string; outDir: string; contextOptions: {}; skipContext: true; writeReport: false; specName: string; specPath: string; mode: "full"; agentVersion: string; notes: string; verbose: false; dryRun: true; }' is missing the following properties from type 'Required<PipelineOptions>': enforceAssumptions, strictSteps
packages/core/src/pipeline/__tests__/pipeline.test.ts(429,9): error TS2739: Type '{ workspacePath: string; outDir: string; contextOptions: {}; skipContext: true; writeReport: false; specName: string; specPath: string; mode: "full"; agentVersion: string; notes: string; verbose: false; dryRun: true; }' is missing the following properties from type 'Required<PipelineOptions>': enforceAssumptions, strictSteps
packages/core/src/pipeline/__tests__/pipeline.test.ts(460,9): error TS2739: Type '{ workspacePath: string; outDir: string; contextOptions: {}; skipContext: true; writeReport: false; specName: string; specPath: string; mode: "full"; agentVersion: string; notes: string; verbose: false; dryRun: true; }' is missing the following properties from type 'Required<PipelineOptions>': enforceAssumptions, strictSteps
packages/core/src/pipeline/__tests__/pipeline.test.ts(492,9): error TS2739: Type '{ workspacePath: string; outDir: string; contextOptions: {}; skipContext: true; writeReport: false; specName: string; specPath: string; mode: "full"; agentVersion: string; notes: string; verbose: false; dryRun: true; }' is missing the following properties from type 'Required<PipelineOptions>': enforceAssumptions, strictSteps
packages/core/src/pipeline/__tests__/pipeline.test.ts(529,9): error TS2739: Type '{ workspacePath: string; outDir: string; contextOptions: {}; skipContext: true; writeReport: false; specName: string; specPath: string; mode: "full"; agentVersion: string; notes: string; verbose: false; dryRun: true; }' is missing the following properties from type 'Required<PipelineOptions>': enforceAssumptions, strictSteps
packages/core/src/pipeline/__tests__/pipeline.test.ts(569,9): error TS2739: Type '{ workspacePath: string; outDir: string; contextOptions: {}; skipContext: true; writeReport: false; specName: string; specPath: string; mode: "full"; agentVersion: string; notes: string; verbose: false; dryRun: true; }' is missing the following properties from type 'Required<PipelineOptions>': enforceAssumptions, strictSteps
packages/core/src/pipeline/__tests__/pipeline.test.ts(607,9): error TS2739: Type '{ workspacePath: string; outDir: string; contextOptions: {}; skipContext: true; writeReport: false; specName: string; specPath: string; mode: "full"; agentVersion: string; notes: string; verbose: false; dryRun: true; }' is missing the following properties from type 'Required<PipelineOptions>': enforceAssumptions, strictSteps
packages/core/src/pipeline/fixtures/minimal-ast.ts(28,5): error TS2353: Object literal may only specify known properties, and 'value' does not exist in type 'Identifier'.
packages/core/src/pipeline/fixtures/minimal-ast.ts(66,11): error TS2561: Object literal may only specify known properties, but 'isOptional' does not exist in type 'Field'. Did you mean to write 'optional'?
packages/core/src/pipeline/fixtures/minimal-ast.ts(78,11): error TS2561: Object literal may only specify known properties, but 'isOptional' does not exist in type 'Field'. Did you mean to write 'optional'?
packages/core/src/pipeline/fixtures/minimal-ast.ts(107,11): error TS2322: Type '"BinaryExpression"' is not assignable to type '"MapExpr" | "Identifier" | "QualifiedName" | "Literal" | "StringLiteral" | "NumberLiteral" | "BooleanLiteral" | "NullLiteral" | "DurationLiteral" | "RegexLiteral" | "BinaryExpr" | ... 10 more ... | "ListExpr"'.
packages/core/src/pipeline/fixtures/minimal-ast.ts(116,11): error TS2322: Type '"BinaryExpression"' is not assignable to type '"PostconditionBlock"'.
packages/core/src/pipeline/fixtures/minimal-ast.ts(136,7): error TS2353: Object literal may only specify known properties, and 'on' does not exist in type 'InvariantBlock'.
packages/core/src/pipeline/fixtures/minimal-ast.ts(169,14): error TS2741: Property 'uses' is missing in type '{ kind: "Domain"; name: Identifier; version: StringLiteral; imports: never[]; types: never[]; entities: never[]; behaviors: never[]; invariants: never[]; policies: never[]; views: never[]; scenarios: never[]; chaos: never[]; location: SourceLocation; }' but required in type 'Domain'.
packages/core/src/pipeline/fixtures/minimal-ast.ts(203,11): error TS2561: Object literal may only specify known properties, but 'isOptional' does not exist in type 'Field'. Did you mean to write 'optional'?
packages/core/src/pipeline/fixtures/minimal-ast.ts(211,11): error TS2561: Object literal may only specify known properties, but 'isOptional' does not exist in type 'Field'. Did you mean to write 'optional'?
packages/core/src/pipeline/fixtures/minimal-ast.ts(219,11): error TS2561: Object literal may only specify known properties, but 'isOptional' does not exist in type 'Field'. Did you mean to write 'optional'?
packages/core/src/pipeline/fixtures/minimal-ast.ts(235,11): error TS2561: Object literal may only specify known properties, but 'isOptional' does not exist in type 'Field'. Did you mean to write 'optional'?
packages/core/src/pipeline/fixtures/minimal-ast.ts(243,11): error TS2561: Object literal may only specify known properties, but 'isOptional' does not exist in type 'Field'. Did you mean to write 'optional'?
packages/core/src/pipeline/fixtures/minimal-ast.ts(251,11): error TS2561: Object literal may only specify known properties, but 'isOptional' does not exist in type 'Field'. Did you mean to write 'optional'?
packages/core/src/pipeline/fixtures/minimal-ast.ts(276,11): error TS2322: Type '"BinaryExpression"' is not assignable to type '"MapExpr" | "Identifier" | "QualifiedName" | "Literal" | "StringLiteral" | "NumberLiteral" | "BooleanLiteral" | "NullLiteral" | "DurationLiteral" | "RegexLiteral" | "BinaryExpr" | ... 10 more ... | "ListExpr"'.
packages/core/src/pipeline/fixtures/minimal-ast.ts(285,11): error TS2322: Type '"BinaryExpression"' is not assignable to type '"PostconditionBlock"'.
packages/core/src/pipeline/fixtures/minimal-ast.ts(334,11): error TS2322: Type '"BinaryExpression"' is not assignable to type '"MapExpr" | "Identifier" | "QualifiedName" | "Literal" | "StringLiteral" | "NumberLiteral" | "BooleanLiteral" | "NullLiteral" | "DurationLiteral" | "RegexLiteral" | "BinaryExpr" | ... 10 more ... | "ListExpr"'.
packages/core/src/pipeline/fixtures/minimal-ast.ts(341,11): error TS2322: Type '"BinaryExpression"' is not assignable to type '"MapExpr" | "Identifier" | "QualifiedName" | "Literal" | "StringLiteral" | "NumberLiteral" | "BooleanLiteral" | "NullLiteral" | "DurationLiteral" | "RegexLiteral" | "BinaryExpr" | ... 10 more ... | "ListExpr"'.
packages/core/src/pipeline/fixtures/minimal-ast.ts(355,11): error TS2322: Type '"BinaryExpression"' is not assignable to type '"PostconditionBlock"'.
packages/core/src/pipeline/fixtures/minimal-ast.ts(393,7): error TS2353: Object literal may only specify known properties, and 'on' does not exist in type 'InvariantBlock'.
packages/core/src/team-config/__tests__/teamConfig.test.ts(387,9): error TS2739: Type '{ requireErrorConsistency: true; }' is missing the following properties from type 'SecurityPolicy': requireRateLimiting, requirePasswordHashing
packages/core/src/team-config/__tests__/teamConfig.test.ts(518,11): error TS2739: Type '{ requireErrorConsistency: true; }' is missing the following properties from type 'SecurityPolicy': requireRateLimiting, requirePasswordHashing
packages/dashboard-api/tests/setup.ts(2,13): error TS2540: Cannot assign to 'NODE_ENV' because it is a read-only property.
packages/dashboard-web/src/__tests__/a11y/layout.a11y.test.tsx(2,41): error TS7016: Could not find a declaration file for module 'jest-axe'. 'C:/Users/mevla/OneDrive/Desktop/projects/IntentOS/node_modules/.pnpm/jest-axe@8.0.0/node_modules/jest-axe/index.js' implicitly has an 'any' type.
  Try `npm i --save-dev @types/jest-axe` if it exists or add a new declaration (.d.ts) file containing `declare module 'jest-axe';`
packages/dashboard-web/src/__tests__/a11y/layout.a11y.test.tsx(3,24): error TS2307: Cannot find module '@/app/layout' or its corresponding type declarations.
packages/dashboard-web/src/__tests__/a11y/layout.a11y.test.tsx(15,21): error TS2339: Property 'toHaveNoViolations' does not exist on type 'JestMatchers<any>'.
packages/dashboard-web/src/__tests__/a11y/layout.a11y.test.tsx(25,22): error TS2339: Property 'toBeInTheDocument' does not exist on type 'JestMatchers<HTMLElement>'.
packages/dashboard-web/src/__tests__/a11y/layout.a11y.test.tsx(26,22): error TS2339: Property 'toHaveAttribute' does not exist on type 'JestMatchers<HTMLElement>'.
packages/dashboard-web/src/__tests__/a11y/layout.a11y.test.tsx(36,25): error TS2339: Property 'toBeInTheDocument' does not exist on type 'JestMatchers<Element | null>'.
packages/dashboard-web/src/app/domains/[id]/page.tsx(5,75): error TS2307: Cannot find module '@/components/ui/card' or its corresponding type declarations.
packages/dashboard-web/src/app/domains/[id]/page.tsx(6,24): error TS2307: Cannot find module '@/components/ui/button' or its corresponding type declarations.
packages/dashboard-web/src/app/domains/[id]/page.tsx(7,58): error TS2307: Cannot find module '@/components/ui/tabs' or its corresponding type declarations.
packages/dashboard-web/src/app/domains/[id]/page.tsx(8,26): error TS2307: Cannot find module '@/components/ui/progress' or its corresponding type declarations.
packages/dashboard-web/src/app/domains/[id]/page.tsx(9,30): error TS2307: Cannot find module '@/components/VerdictBadge' or its corresponding type declarations.
packages/dashboard-web/src/app/domains/[id]/page.tsx(10,60): error TS2307: Cannot find module '@/components/VerificationCard' or its corresponding type declarations.
packages/dashboard-web/src/app/domains/[id]/page.tsx(11,38): error TS2307: Cannot find module '@/components/Timeline' or its corresponding type declarations.
packages/dashboard-web/src/app/domains/[id]/page.tsx(12,95): error TS2307: Cannot find module '@/hooks/useApi' or its corresponding type declarations.
packages/dashboard-web/src/app/domains/[id]/page.tsx(13,46): error TS2307: Cannot find module '@/lib/utils' or its corresponding type declarations.
packages/dashboard-web/src/app/domains/[id]/page.tsx(70,36): error TS7053: Element implicitly has an 'any' type because expression of type 'any' can't be used to index type '{ readonly verified: "pass"; readonly failing: "fail"; readonly pending: "pending"; readonly unknown: "unknown"; }'.
packages/dashboard-web/src/app/domains/[id]/page.tsx(152,31): error TS7006: Parameter 'behavior' implicitly has an 'any' type.
packages/dashboard-web/src/app/domains/[id]/page.tsx(163,56): error TS7006: Parameter 'pre' implicitly has an 'any' type.
packages/dashboard-web/src/app/domains/[id]/page.tsx(163,61): error TS7006: Parameter 'idx' implicitly has an 'any' type.
packages/dashboard-web/src/app/domains/[id]/page.tsx(174,57): error TS7006: Parameter 'post' implicitly has an 'any' type.
packages/dashboard-web/src/app/domains/[id]/page.tsx(174,63): error TS7006: Parameter 'idx' implicitly has an 'any' type.
packages/dashboard-web/src/app/domains/[id]/page.tsx(197,36): error TS7006: Parameter 'verification' implicitly has an 'any' type.
packages/dashboard-web/src/app/layout.tsx(4,20): error TS2307: Cannot find module '@/lib/utils' or its corresponding type declarations.
packages/dashboard-web/src/app/layout.tsx(5,31): error TS2307: Cannot find module '@/components/CookieConsent' or its corresponding type declarations.
packages/dashboard-web/src/app/page.tsx(3,58): error TS2307: Cannot find module '@/components/ui/card' or its corresponding type declarations.
packages/dashboard-web/src/app/page.tsx(4,48): error TS2307: Cannot find module '@/components/DomainCard' or its corresponding type declarations.
packages/dashboard-web/src/app/page.tsx(5,60): error TS2307: Cannot find module '@/components/VerificationCard' or its corresponding type declarations.
packages/dashboard-web/src/app/page.tsx(6,52): error TS2307: Cannot find module '@/components/CoverageChart' or its corresponding type declarations.
packages/dashboard-web/src/app/page.tsx(7,47): error TS2307: Cannot find module '@/hooks/useApi' or its corresponding type declarations.
packages/dashboard-web/src/app/page.tsx(98,28): error TS7006: Parameter 'domain' implicitly has an 'any' type.
packages/dashboard-web/src/app/page.tsx(111,58): error TS7006: Parameter 'verification' implicitly has an 'any' type.
packages/dashboard-web/src/app/verifications/[id]/page.tsx(5,75): error TS2307: Cannot find module '@/components/ui/card' or its corresponding type declarations.
packages/dashboard-web/src/app/verifications/[id]/page.tsx(6,26): error TS2307: Cannot find module '@/components/ui/progress' or its corresponding type declarations.
packages/dashboard-web/src/app/verifications/[id]/page.tsx(7,58): error TS2307: Cannot find module '@/components/ui/tabs' or its corresponding type declarations.
packages/dashboard-web/src/app/verifications/[id]/page.tsx(8,30): error TS2307: Cannot find module '@/components/VerdictBadge' or its corresponding type declarations.
packages/dashboard-web/src/app/verifications/[id]/page.tsx(9,35): error TS2307: Cannot find module '@/components/CoverageChart' or its corresponding type declarations.
packages/dashboard-web/src/app/verifications/[id]/page.tsx(10,26): error TS2307: Cannot find module '@/components/Timeline' or its corresponding type declarations.
packages/dashboard-web/src/app/verifications/[id]/page.tsx(11,33): error TS2307: Cannot find module '@/hooks/useApi' or its corresponding type declarations.
packages/dashboard-web/src/app/verifications/[id]/page.tsx(12,62): error TS2307: Cannot find module '@/lib/utils' or its corresponding type declarations.
packages/dashboard-web/src/app/verifications/[id]/page.tsx(35,51): error TS7006: Parameter 'r' implicitly has an 'any' type.
packages/dashboard-web/src/app/verifications/[id]/page.tsx(36,51): error TS7006: Parameter 'r' implicitly has an 'any' type.
packages/dashboard-web/src/app/verifications/[id]/page.tsx(37,52): error TS7006: Parameter 'r' implicitly has an 'any' type.
packages/dashboard-web/src/components/CoverageChart.tsx(18,58): error TS2307: Cannot find module '@/components/ui/card' or its corresponding type declarations.
packages/dashboard-web/src/components/DomainCard.tsx(4,75): error TS2307: Cannot find module '@/components/ui/card' or its corresponding type declarations.
packages/dashboard-web/src/components/DomainCard.tsx(5,26): error TS2307: Cannot find module '@/components/ui/progress' or its corresponding type declarations.
packages/dashboard-web/src/components/DomainCard.tsx(6,42): error TS2307: Cannot find module '@/components/VerdictBadge' or its corresponding type declarations.
packages/dashboard-web/src/components/DomainCard.tsx(7,46): error TS2307: Cannot find module '@/lib/utils' or its corresponding type declarations.
packages/dashboard-web/src/components/DomainCard.tsx(8,29): error TS2307: Cannot find module '@/lib/api' or its corresponding type declarations.
packages/dashboard-web/src/components/DomainCard.tsx(29,38): error TS7053: Element implicitly has an 'any' type because expression of type 'any' can't be used to index type '{ readonly verified: "pass"; readonly failing: "fail"; readonly pending: "pending"; readonly unknown: "unknown"; }'.
packages/dashboard-web/src/components/DomainCard.tsx(36,36): error TS7053: Element implicitly has an 'any' type because expression of type 'any' can't be used to index type '{ readonly verified: "pass"; readonly failing: "fail"; readonly pending: "pending"; readonly unknown: "unknown"; }'.
packages/dashboard-web/src/components/Timeline.tsx(3,20): error TS2307: Cannot find module '@/lib/utils' or its corresponding type declarations.
packages/dashboard-web/src/components/Timeline.tsx(4,44): error TS2307: Cannot find module '@/lib/utils' or its corresponding type declarations.
packages/dashboard-web/src/components/Timeline.tsx(5,42): error TS2307: Cannot find module '@/components/VerdictBadge' or its corresponding type declarations.
packages/dashboard-web/src/components/Timeline.tsx(6,66): error TS2307: Cannot find module '@/lib/api' or its corresponding type declarations.
packages/dashboard-web/src/components/Timeline.tsx(52,34): error TS7006: Parameter 'test' implicitly has an 'any' type.
packages/dashboard-web/src/components/Timeline.tsx(52,40): error TS7006: Parameter 'idx' implicitly has an 'any' type.
packages/dashboard-web/src/components/Timeline.tsx(68,35): error TS7006: Parameter 'c' implicitly has an 'any' type.
packages/dashboard-web/src/components/Timeline.tsx(69,36): error TS7006: Parameter 'c' implicitly has an 'any' type.
packages/dashboard-web/src/components/Timeline.tsx(99,48): error TS7006: Parameter 'condition' implicitly has an 'any' type.
packages/dashboard-web/src/components/Timeline.tsx(99,59): error TS7006: Parameter 'idx' implicitly has an 'any' type.
packages/dashboard-web/src/components/Timeline.tsx(110,49): error TS7006: Parameter 'condition' implicitly has an 'any' type.
packages/dashboard-web/src/components/Timeline.tsx(110,60): error TS7006: Parameter 'idx' implicitly has an 'any' type.
packages/dashboard-web/src/components/ui/button.tsx(4,20): error TS2307: Cannot find module '@/lib/utils' or its corresponding type declarations.
packages/dashboard-web/src/components/ui/card.tsx(2,20): error TS2307: Cannot find module '@/lib/utils' or its corresponding type declarations.
packages/dashboard-web/src/components/ui/progress.tsx(5,20): error TS2307: Cannot find module '@/lib/utils' or its corresponding type declarations.
packages/dashboard-web/src/components/ui/tabs.tsx(5,20): error TS2307: Cannot find module '@/lib/utils' or its corresponding type declarations.
packages/dashboard-web/src/components/ui/tooltip.tsx(5,20): error TS2307: Cannot find module '@/lib/utils' or its corresponding type declarations.
packages/dashboard-web/src/components/VerdictBadge.tsx(1,20): error TS2307: Cannot find module '@/lib/utils' or its corresponding type declarations.
packages/dashboard-web/src/components/VerificationCard.tsx(4,58): error TS2307: Cannot find module '@/components/ui/card' or its corresponding type declarations.
packages/dashboard-web/src/components/VerificationCard.tsx(5,26): error TS2307: Cannot find module '@/components/ui/progress' or its corresponding type declarations.
packages/dashboard-web/src/components/VerificationCard.tsx(6,30): error TS2307: Cannot find module '@/components/VerdictBadge' or its corresponding type declarations.
packages/dashboard-web/src/components/VerificationCard.tsx(7,44): error TS2307: Cannot find module '@/lib/utils' or its corresponding type declarations.
packages/dashboard-web/src/components/VerificationCard.tsx(8,41): error TS2307: Cannot find module '@/lib/api' or its corresponding type declarations.
packages/dashboard-web/src/hooks/useApi.ts(11,8): error TS2307: Cannot find module '@/lib/api' or its corresponding type declarations.
packages/dashboard-web/src/hooks/useApi.ts(77,35): error TS7006: Parameter 'd' implicitly has an 'any' type.
packages/dashboard-web/src/hooks/useApi.ts(93,43): error TS7006: Parameter 'v' implicitly has an 'any' type.
packages/db-reality-verifier/tests/fixtures/drizzle-schema.ts(1,67): error TS2307: Cannot find module 'drizzle-orm/pg-core' or its corresponding type declarations.
packages/db-reality-verifier/tests/fixtures/drizzle-schema.ts(2,27): error TS2307: Cannot find module 'drizzle-orm' or its corresponding type declarations.
packages/db-reality-verifier/tests/fixtures/drizzle-schema.ts(10,5): error TS7006: Parameter 'table' implicitly has an 'any' type.
packages/db-reality-verifier/tests/fixtures/drizzle-schema.ts(21,5): error TS7006: Parameter 'table' implicitly has an 'any' type.
packages/db-reality-verifier/tests/fixtures/drizzle-schema.ts(32,5): error TS7006: Parameter 'table' implicitly has an 'any' type.
packages/db-reality-verifier/tests/fixtures/drizzle-schema.ts(36,51): error TS7031: Binding element 'many' implicitly has an 'any' type.
packages/db-reality-verifier/tests/fixtures/drizzle-schema.ts(40,51): error TS7031: Binding element 'one' implicitly has an 'any' type.
packages/db-reality-verifier/tests/fixtures/drizzle-schema.ts(40,56): error TS7031: Binding element 'many' implicitly has an 'any' type.
packages/db-reality-verifier/tests/fixtures/drizzle-schema.ts(45,57): error TS7031: Binding element 'one' implicitly has an 'any' type.
packages/db-reality-verifier/tests/fixtures/hallucinated-queries.ts(23,31): error TS2554: Expected 0 arguments, but got 1.
packages/db-reality-verifier/tests/fixtures/hallucinated-queries.ts(31,27): error TS2554: Expected 0 arguments, but got 1.
packages/db-reality-verifier/tests/fixtures/hallucinated-queries.ts(46,31): error TS2554: Expected 0 arguments, but got 1.
packages/db-reality-verifier/tests/fixtures/valid-queries.ts(19,33): error TS2554: Expected 0 arguments, but got 1.
packages/db-reality-verifier/tests/fixtures/valid-queries.ts(26,29): error TS2554: Expected 0 arguments, but got 1.
packages/db-reality-verifier/tests/fixtures/valid-queries.ts(32,31): error TS2554: Expected 0 arguments, but got 1.
packages/db-reality-verifier/tests/fixtures/valid-queries.ts(46,27): error TS2554: Expected 0 arguments, but got 1.
packages/db-reality-verifier/tests/fixtures/valid-queries.ts(50,20): error TS2554: Expected 0 arguments, but got 1.
packages/db-reality-verifier/tests/fixtures/valid-queries.ts(51,15): error TS2339: Property 'id' does not exist on type '"posts"'.
packages/db-reality-verifier/tests/fixtures/valid-queries.ts(52,18): error TS2339: Property 'title' does not exist on type '"posts"'.
packages/db-reality-verifier/tests/fixtures/valid-queries.ts(53,21): error TS2339: Property 'authorId' does not exist on type '"posts"'.
packages/db-reality-verifier/tests/fixtures/valid-queries.ts(54,11): error TS2554: Expected 0 arguments, but got 1.
packages/db-reality-verifier/tests/fixtures/valid-queries.ts(58,21): error TS2307: Cannot find module 'drizzle-orm' or its corresponding type declarations.
packages/dependency-analyzer/src/analyzer.ts(7,23): error TS2307: Cannot find module '@isl-lang/parser' or its corresponding type declarations.
packages/dependency-analyzer/src/analyzer.ts(10,15): error TS2305: Module '"@isl-lang/isl-core"' has no exported member 'ParseError'.
packages/dependency-analyzer/src/analyzer.ts(22,34): error TS7006: Parameter 'd' implicitly has an 'any' type.
packages/dependency-analyzer/src/analyzer.ts(33,5): error TS2739: Type 'DomainDeclaration' is missing the following properties from type 'Domain': policies, views, scenarios, chaos, location
packages/distributed-tracing/tests/correlation.test.ts(49,30): error TS2339: Property 'traceId' does not exist on type 'never'.
packages/distributed-tracing/tests/correlation.test.ts(50,30): error TS2339: Property 'spanId' does not exist on type 'never'.
packages/distributed-tracing/tests/correlation.test.ts(51,30): error TS2339: Property 'correlationId' does not exist on type 'never'.
packages/distributed-tracing/tests/correlation.test.ts(51,66): error TS2339: Property 'traceId' does not exist on type 'never'.
packages/distributed-tracing/tests/correlation.test.ts(181,24): error TS2339: Property 'traceId' does not exist on type 'never'.
packages/distributed-tracing/tests/correlation.test.ts(182,24): error TS2339: Property 'spanId' does not exist on type 'never'.
packages/distributed-tracing/tests/correlation.test.ts(183,24): error TS2339: Property 'correlationId' does not exist on type 'never'.
packages/docs-advanced/tests/generator.test.ts(25,5): error TS2741: Property 'location' is missing in type '{ kind: "Identifier"; name: string; }' but required in type 'Identifier'.
packages/docs-advanced/tests/generator.test.ts(26,5): error TS2741: Property 'location' is missing in type '{ kind: "StringLiteral"; value: string; }' but required in type 'StringLiteral'.
packages/docs-advanced/tests/generator.test.ts(27,5): error TS2741: Property 'location' is missing in type '{ kind: "StringLiteral"; value: string; }' but required in type 'StringLiteral'.
packages/docs-advanced/tests/generator.test.ts(32,9): error TS2741: Property 'location' is missing in type '{ kind: "Identifier"; name: string; }' but required in type 'Identifier'.
packages/docs-advanced/tests/generator.test.ts(35,11): error TS2322: Type '{ kind: "PrimitiveType"; name: "String"; }' is not assignable to type 'TypeDefinition'.
  Property 'location' is missing in type '{ kind: "PrimitiveType"; name: "String"; }' but required in type 'PrimitiveType'.
packages/docs-advanced/tests/generator.test.ts(39,15): error TS2322: Type '{ kind: "StringLiteral"; value: string; }' is not assignable to type 'Expression'.
  Property 'location' is missing in type '{ kind: "StringLiteral"; value: string; }' but required in type 'StringLiteral'.
packages/docs-advanced/tests/generator.test.ts(49,9): error TS2741: Property 'location' is missing in type '{ kind: "Identifier"; name: string; }' but required in type 'Identifier'.
packages/docs-advanced/tests/generator.test.ts(53,13): error TS2741: Property 'location' is missing in type '{ kind: "Identifier"; name: string; }' but required in type 'Identifier'.
packages/docs-advanced/tests/generator.test.ts(54,13): error TS2322: Type '{ kind: "PrimitiveType"; name: "UUID"; }' is not assignable to type 'TypeDefinition'.
  Property 'location' is missing in type '{ kind: "PrimitiveType"; name: "UUID"; }' but required in type 'PrimitiveType'.
packages/docs-advanced/tests/generator.test.ts(57,37): error TS2741: Property 'location' is missing in type '{ kind: "Identifier"; name: string; }' but required in type 'Identifier'.
packages/docs-advanced/tests/generator.test.ts(62,13): error TS2741: Property 'location' is missing in type '{ kind: "Identifier"; name: string; }' but required in type 'Identifier'.
packages/docs-advanced/tests/generator.test.ts(65,54): error TS2741: Property 'location' is missing in type '{ kind: "Identifier"; name: string; }' but required in type 'Identifier'.
packages/docs-advanced/tests/generator.test.ts(72,13): error TS2741: Property 'location' is missing in type '{ kind: "Identifier"; name: string; }' but required in type 'Identifier'.
packages/docs-advanced/tests/generator.test.ts(73,13): error TS2322: Type '{ kind: "PrimitiveType"; name: "String"; }' is not assignable to type 'TypeDefinition'.
  Property 'location' is missing in type '{ kind: "PrimitiveType"; name: "String"; }' but required in type 'PrimitiveType'.
packages/docs-advanced/tests/generator.test.ts(84,15): error TS2322: Type '{ kind: "Identifier"; name: string; }' is not assignable to type 'Expression'.
  Property 'location' is missing in type '{ kind: "Identifier"; name: string; }' but required in type 'Identifier'.
packages/docs-advanced/tests/generator.test.ts(85,15): error TS2741: Property 'location' is missing in type '{ kind: "Identifier"; name: string; }' but required in type 'Identifier'.
packages/docs-advanced/tests/generator.test.ts(87,13): error TS2322: Type '{ kind: "StringLiteral"; value: string; }' is not assignable to type 'Expression'.
  Property 'location' is missing in type '{ kind: "StringLiteral"; value: string; }' but required in type 'StringLiteral'.
packages/docs-advanced/tests/generator.test.ts(96,9): error TS2741: Property 'location' is missing in type '{ kind: "Identifier"; name: string; }' but required in type 'Identifier'.
packages/docs-advanced/tests/generator.test.ts(97,9): error TS2741: Property 'location' is missing in type '{ kind: "StringLiteral"; value: string; }' but required in type 'StringLiteral'.
packages/docs-advanced/tests/generator.test.ts(101,13): error TS2741: Property 'location' is missing in type '{ kind: "Identifier"; name: string; }' but required in type 'Identifier'.
packages/docs-advanced/tests/generator.test.ts(110,15): error TS2741: Property 'location' is missing in type '{ kind: "Identifier"; name: string; }' but required in type 'Identifier'.
packages/docs-advanced/tests/generator.test.ts(113,56): error TS2741: Property 'location' is missing in type '{ kind: "Identifier"; name: string; }' but required in type 'Identifier'.
packages/docs-advanced/tests/generator.test.ts(120,15): error TS2741: Property 'location' is missing in type '{ kind: "Identifier"; name: string; }' but required in type 'Identifier'.
packages/docs-advanced/tests/generator.test.ts(121,15): error TS2322: Type '{ kind: "PrimitiveType"; name: "String"; }' is not assignable to type 'TypeDefinition'.
  Property 'location' is missing in type '{ kind: "PrimitiveType"; name: "String"; }' but required in type 'PrimitiveType'.
packages/docs-advanced/tests/generator.test.ts(131,52): error TS2741: Property 'location' is missing in type '{ kind: "Identifier"; name: string; }' but required in type 'Identifier'.
packages/docs-advanced/tests/generator.test.ts(136,15): error TS2741: Property 'location' is missing in type '{ kind: "Identifier"; name: string; }' but required in type 'Identifier'.
packages/docs-advanced/tests/generator.test.ts(137,15): error TS2741: Property 'location' is missing in type '{ kind: "StringLiteral"; value: string; }' but required in type 'StringLiteral'.
packages/docs-advanced/tests/generator.test.ts(142,15): error TS2741: Property 'location' is missing in type '{ kind: "Identifier"; name: string; }' but required in type 'Identifier'.
packages/docs-advanced/tests/generator.test.ts(155,17): error TS2322: Type '{ kind: "Identifier"; name: string; }' is not assignable to type 'Expression'.
  Property 'location' is missing in type '{ kind: "Identifier"; name: string; }' but required in type 'Identifier'.
packages/docs-advanced/tests/generator.test.ts(156,17): error TS2741: Property 'location' is missing in type '{ kind: "Identifier"; name: string; }' but required in type 'Identifier'.
packages/docs-advanced/tests/generator.test.ts(161,19): error TS2741: Property 'location' is missing in type '{ kind: "Identifier"; name: string; }' but required in type 'Identifier'.
packages/docs-advanced/tests/generator.test.ts(176,19): error TS2322: Type '{ kind: "Identifier"; name: string; }' is not assignable to type 'Expression'.
  Property 'location' is missing in type '{ kind: "Identifier"; name: string; }' but required in type 'Identifier'.
packages/docs-advanced/tests/generator.test.ts(177,19): error TS2741: Property 'location' is missing in type '{ kind: "Identifier"; name: string; }' but required in type 'Identifier'.
packages/docs-advanced/tests/generator.test.ts(182,21): error TS2322: Type '{ kind: "ResultExpr"; }' is not assignable to type 'Expression'.
  Property 'location' is missing in type '{ kind: "ResultExpr"; }' but required in type 'ResultExpr'.
packages/docs-advanced/tests/generator.test.ts(183,21): error TS2741: Property 'location' is missing in type '{ kind: "Identifier"; name: string; }' but required in type 'Identifier'.
packages/docs-advanced/tests/generator.test.ts(194,13): error TS2322: Type '"completes_within"' is not assignable to type '"always" | "never" | "within" | "eventually"'.
packages/docs-advanced/tests/generator.test.ts(195,13): error TS2322: Type '{ kind: "BooleanLiteral"; value: true; }' is not assignable to type 'Expression'.
  Property 'location' is missing in type '{ kind: "BooleanLiteral"; value: true; }' but required in type 'BooleanLiteral'.
packages/docs-advanced/tests/generator.test.ts(196,60): error TS2322: Type '"s"' is not assignable to type '"ms" | "days" | "hours" | "minutes" | "seconds"'.
packages/docs-advanced/tests/generator.test.ts(208,9): error TS2741: Property 'location' is missing in type '{ kind: "Identifier"; name: string; }' but required in type 'Identifier'.
packages/docs-advanced/tests/generator.test.ts(212,13): error TS2741: Property 'location' is missing in type '{ kind: "StringLiteral"; value: string; }' but required in type 'StringLiteral'.
packages/docs-advanced/tests/generator.test.ts(217,17): error TS2741: Property 'location' is missing in type '{ kind: "Identifier"; name: string; }' but required in type 'Identifier'.
packages/docs-advanced/tests/generator.test.ts(220,19): error TS2322: Type '{ kind: "Identifier"; name: string; }' is not assignable to type 'Expression'.
  Property 'location' is missing in type '{ kind: "Identifier"; name: string; }' but required in type 'Identifier'.
packages/docs-advanced/tests/generator.test.ts(226,27): error TS2322: Type '{ kind: "StringLiteral"; value: string; }' is not assignable to type 'Expression'.
  Property 'location' is missing in type '{ kind: "StringLiteral"; value: string; }' but required in type 'StringLiteral'.
packages/docs-advanced/tests/generator.test.ts(227,27): error TS2322: Type '{ kind: "StringLiteral"; value: string; }' is not assignable to type 'Expression'.
  Property 'location' is missing in type '{ kind: "StringLiteral"; value: string; }' but required in type 'StringLiteral'.
packages/docs-advanced/tests/generator.test.ts(230,27): error TS2322: Type '{ kind: "StringLiteral"; value: string; }' is not assignable to type 'Expression'.
  Property 'location' is missing in type '{ kind: "StringLiteral"; value: string; }' but required in type 'StringLiteral'.
packages/docs-advanced/tests/generator.test.ts(231,27): error TS2322: Type '{ kind: "StringLiteral"; value: string; }' is not assignable to type 'Expression'.
  Property 'location' is missing in type '{ kind: "StringLiteral"; value: string; }' but required in type 'StringLiteral'.
packages/docs-advanced/tests/generator.test.ts(245,19): error TS2322: Type '{ kind: "Identifier"; name: string; }' is not assignable to type 'Expression'.
  Property 'location' is missing in type '{ kind: "Identifier"; name: string; }' but required in type 'Identifier'.
packages/docs-advanced/tests/generator.test.ts(246,19): error TS2741: Property 'location' is missing in type '{ kind: "Identifier"; name: string; }' but required in type 'Identifier'.
packages/docs-advanced/tests/generator.test.ts(248,17): error TS2322: Type '{ kind: "NullLiteral"; }' is not assignable to type 'Expression'.
  Property 'location' is missing in type '{ kind: "NullLiteral"; }' but required in type 'NullLiteral'.
packages/docs-advanced/tests/generator.test.ts(272,39): error TS2345: Argument of type 'import("C:/Users/mevla/OneDrive/Desktop/projects/IntentOS/master_contracts/ast").Domain' is not assignable to parameter of type 'import("C:/Users/mevla/OneDrive/Desktop/projects/IntentOS/packages/parser/dist/index").Domain'.
  Property 'uses' is missing in type 'import("C:/Users/mevla/OneDrive/Desktop/projects/IntentOS/master_contracts/ast").Domain' but required in type 'import("C:/Users/mevla/OneDrive/Desktop/projects/IntentOS/packages/parser/dist/index").Domain'.
packages/docs-advanced/tests/generator.test.ts(287,39): error TS2345: Argument of type 'import("C:/Users/mevla/OneDrive/Desktop/projects/IntentOS/master_contracts/ast").Domain' is not assignable to parameter of type 'import("C:/Users/mevla/OneDrive/Desktop/projects/IntentOS/packages/parser/dist/index").Domain'.
  Property 'uses' is missing in type 'import("C:/Users/mevla/OneDrive/Desktop/projects/IntentOS/master_contracts/ast").Domain' but required in type 'import("C:/Users/mevla/OneDrive/Desktop/projects/IntentOS/packages/parser/dist/index").Domain'.
packages/docs-advanced/tests/generator.test.ts(301,39): error TS2345: Argument of type 'import("C:/Users/mevla/OneDrive/Desktop/projects/IntentOS/master_contracts/ast").Domain' is not assignable to parameter of type 'import("C:/Users/mevla/OneDrive/Desktop/projects/IntentOS/packages/parser/dist/index").Domain'.
  Property 'uses' is missing in type 'import("C:/Users/mevla/OneDrive/Desktop/projects/IntentOS/master_contracts/ast").Domain' but required in type 'import("C:/Users/mevla/OneDrive/Desktop/projects/IntentOS/packages/parser/dist/index").Domain'.
packages/docs-advanced/tests/generator.test.ts(317,40): error TS2345: Argument of type 'import("C:/Users/mevla/OneDrive/Desktop/projects/IntentOS/master_contracts/ast").Domain' is not assignable to parameter of type 'import("C:/Users/mevla/OneDrive/Desktop/projects/IntentOS/packages/parser/dist/index").Domain'.
  Property 'uses' is missing in type 'import("C:/Users/mevla/OneDrive/Desktop/projects/IntentOS/master_contracts/ast").Domain' but required in type 'import("C:/Users/mevla/OneDrive/Desktop/projects/IntentOS/packages/parser/dist/index").Domain'.
packages/docs-advanced/tests/generator.test.ts(325,40): error TS2345: Argument of type 'import("C:/Users/mevla/OneDrive/Desktop/projects/IntentOS/master_contracts/ast").Domain' is not assignable to parameter of type 'import("C:/Users/mevla/OneDrive/Desktop/projects/IntentOS/packages/parser/dist/index").Domain'.
  Property 'uses' is missing in type 'import("C:/Users/mevla/OneDrive/Desktop/projects/IntentOS/master_contracts/ast").Domain' but required in type 'import("C:/Users/mevla/OneDrive/Desktop/projects/IntentOS/packages/parser/dist/index").Domain'.
packages/docs-advanced/tests/generator.test.ts(333,40): error TS2345: Argument of type 'import("C:/Users/mevla/OneDrive/Desktop/projects/IntentOS/master_contracts/ast").Domain' is not assignable to parameter of type 'import("C:/Users/mevla/OneDrive/Desktop/projects/IntentOS/packages/parser/dist/index").Domain'.
  Property 'uses' is missing in type 'import("C:/Users/mevla/OneDrive/Desktop/projects/IntentOS/master_contracts/ast").Domain' but required in type 'import("C:/Users/mevla/OneDrive/Desktop/projects/IntentOS/packages/parser/dist/index").Domain'.
packages/docs-advanced/tests/generator.test.ts(342,40): error TS2345: Argument of type 'import("C:/Users/mevla/OneDrive/Desktop/projects/IntentOS/master_contracts/ast").Domain' is not assignable to parameter of type 'import("C:/Users/mevla/OneDrive/Desktop/projects/IntentOS/packages/parser/dist/index").Domain'.
  Property 'uses' is missing in type 'import("C:/Users/mevla/OneDrive/Desktop/projects/IntentOS/master_contracts/ast").Domain' but required in type 'import("C:/Users/mevla/OneDrive/Desktop/projects/IntentOS/packages/parser/dist/index").Domain'.
packages/docs-advanced/tests/generator.test.ts(358,43): error TS2345: Argument of type 'import("C:/Users/mevla/OneDrive/Desktop/projects/IntentOS/master_contracts/ast").Domain' is not assignable to parameter of type 'import("C:/Users/mevla/OneDrive/Desktop/projects/IntentOS/packages/parser/dist/index").Domain'.
  Property 'uses' is missing in type 'import("C:/Users/mevla/OneDrive/Desktop/projects/IntentOS/master_contracts/ast").Domain' but required in type 'import("C:/Users/mevla/OneDrive/Desktop/projects/IntentOS/packages/parser/dist/index").Domain'.
packages/docs-advanced/tests/generator.test.ts(370,43): error TS2345: Argument of type 'import("C:/Users/mevla/OneDrive/Desktop/projects/IntentOS/master_contracts/ast").Domain' is not assignable to parameter of type 'import("C:/Users/mevla/OneDrive/Desktop/projects/IntentOS/packages/parser/dist/index").Domain'.
  Property 'uses' is missing in type 'import("C:/Users/mevla/OneDrive/Desktop/projects/IntentOS/master_contracts/ast").Domain' but required in type 'import("C:/Users/mevla/OneDrive/Desktop/projects/IntentOS/packages/parser/dist/index").Domain'.
packages/docs-advanced/tests/generator.test.ts(381,43): error TS2345: Argument of type 'import("C:/Users/mevla/OneDrive/Desktop/projects/IntentOS/master_contracts/ast").Domain' is not assignable to parameter of type 'import("C:/Users/mevla/OneDrive/Desktop/projects/IntentOS/packages/parser/dist/index").Domain'.
  Property 'uses' is missing in type 'import("C:/Users/mevla/OneDrive/Desktop/projects/IntentOS/master_contracts/ast").Domain' but required in type 'import("C:/Users/mevla/OneDrive/Desktop/projects/IntentOS/packages/parser/dist/index").Domain'.
packages/docs-advanced/tests/generator.test.ts(394,40): error TS2345: Argument of type 'import("C:/Users/mevla/OneDrive/Desktop/projects/IntentOS/master_contracts/ast").Domain' is not assignable to parameter of type 'import("C:/Users/mevla/OneDrive/Desktop/projects/IntentOS/packages/parser/dist/index").Domain'.
  Property 'uses' is missing in type 'import("C:/Users/mevla/OneDrive/Desktop/projects/IntentOS/master_contracts/ast").Domain' but required in type 'import("C:/Users/mevla/OneDrive/Desktop/projects/IntentOS/packages/parser/dist/index").Domain'.
packages/docs-advanced/tests/generator.test.ts(450,9): error TS2740: Type '{ primary: string; }' is missing the following properties from type 'ThemeColors': secondary, accent, background, foreground, and 5 more.
packages/docs-advanced/tests/generator.test.ts(460,39): error TS2345: Argument of type 'import("C:/Users/mevla/OneDrive/Desktop/projects/IntentOS/master_contracts/ast").Domain' is not assignable to parameter of type 'import("C:/Users/mevla/OneDrive/Desktop/projects/IntentOS/packages/parser/dist/index").Domain'.
  Property 'uses' is missing in type 'import("C:/Users/mevla/OneDrive/Desktop/projects/IntentOS/master_contracts/ast").Domain' but required in type 'import("C:/Users/mevla/OneDrive/Desktop/projects/IntentOS/packages/parser/dist/index").Domain'.
packages/docs-advanced/tests/generator.test.ts(471,39): error TS2345: Argument of type 'import("C:/Users/mevla/OneDrive/Desktop/projects/IntentOS/master_contracts/ast").Domain' is not assignable to parameter of type 'import("C:/Users/mevla/OneDrive/Desktop/projects/IntentOS/packages/parser/dist/index").Domain'.
  Property 'uses' is missing in type 'import("C:/Users/mevla/OneDrive/Desktop/projects/IntentOS/master_contracts/ast").Domain' but required in type 'import("C:/Users/mevla/OneDrive/Desktop/projects/IntentOS/packages/parser/dist/index").Domain'.
packages/docs-advanced/tests/generator.test.ts(484,39): error TS2345: Argument of type 'import("C:/Users/mevla/OneDrive/Desktop/projects/IntentOS/master_contracts/ast").Domain' is not assignable to parameter of type 'import("C:/Users/mevla/OneDrive/Desktop/projects/IntentOS/packages/parser/dist/index").Domain'.
  Property 'uses' is missing in type 'import("C:/Users/mevla/OneDrive/Desktop/projects/IntentOS/master_contracts/ast").Domain' but required in type 'import("C:/Users/mevla/OneDrive/Desktop/projects/IntentOS/packages/parser/dist/index").Domain'.
packages/docs-advanced/tests/generator.test.ts(495,39): error TS2345: Argument of type 'import("C:/Users/mevla/OneDrive/Desktop/projects/IntentOS/master_contracts/ast").Domain' is not assignable to parameter of type 'import("C:/Users/mevla/OneDrive/Desktop/projects/IntentOS/packages/parser/dist/index").Domain'.
  Property 'uses' is missing in type 'import("C:/Users/mevla/OneDrive/Desktop/projects/IntentOS/master_contracts/ast").Domain' but required in type 'import("C:/Users/mevla/OneDrive/Desktop/projects/IntentOS/packages/parser/dist/index").Domain'.
packages/edge-runtime/src/runtime.ts(328,30): error TS7006: Parameter 'value' implicitly has an 'any' type.
packages/edge-runtime/src/runtime.ts(328,37): error TS7006: Parameter 'key' implicitly has an 'any' type.
packages/effect-handlers/src/builtins.ts(31,69): error TS2345: Argument of type '[string]' is not assignable to parameter of type 'never'.
packages/effect-handlers/src/builtins.ts(32,31): error TS2345: Argument of type '[]' is not assignable to parameter of type 'never'.
packages/effect-handlers/src/builtins.ts(33,76): error TS2345: Argument of type '[string]' is not assignable to parameter of type 'never'.
packages/effect-handlers/src/builtins.ts(72,41): error TS2352: Conversion of type 'undefined' to type '(s: S) => S' may be a mistake because neither type sufficiently overlaps with the other. If this was intentional, convert the expression to 'unknown' first.
packages/effect-handlers/src/builtins.ts(78,10): error TS2345: Argument of type '[]' is not assignable to parameter of type 'never'.
packages/effect-handlers/src/builtins.ts(82,33): error TS2345: Argument of type '[S]' is not assignable to parameter of type 'never'.
packages/effect-handlers/src/builtins.ts(86,36): error TS2345: Argument of type '[(s: S) => S]' is not assignable to parameter of type 'never'.
packages/effect-handlers/src/builtins.ts(131,10): error TS2345: Argument of type '[]' is not assignable to parameter of type 'never'.
packages/effect-handlers/src/builtins.ts(170,35): error TS2345: Argument of type '[E]' is not assignable to parameter of type 'never'.
packages/effect-handlers/src/builtins.ts(213,36): error TS2345: Argument of type '[A[]]' is not assignable to parameter of type 'never'.
packages/effect-handlers/src/builtins.ts(216,27): error TS2345: Argument of type '[]' is not assignable to parameter of type 'never'.
packages/effect-handlers/src/builtins.ts(256,35): error TS2352: Conversion of type 'undefined' to type '() => unknown' may be a mistake because neither type sufficiently overlaps with the other. If this was intentional, convert the expression to 'unknown' first.
packages/effect-handlers/src/builtins.ts(256,72): error TS2352: Conversion of type 'undefined' to type 'Fiber<unknown>' may be a mistake because neither type sufficiently overlaps with the other. If this was intentional, convert the expression to 'unknown' first.
packages/effect-handlers/src/builtins.ts(257,37): error TS2352: Conversion of type 'undefined' to type 'Fiber<unknown>' may be a mistake because neither type sufficiently overlaps with the other. If this was intentional, convert the expression to 'unknown' first.
packages/effect-handlers/src/builtins.ts(260,35): error TS2352: Conversion of type 'undefined' to type '(() => unknown)[]' may be a mistake because neither type sufficiently overlaps with the other. If this was intentional, convert the expression to 'unknown' first.
packages/effect-handlers/src/builtins.ts(261,43): error TS2352: Conversion of type 'undefined' to type '(() => unknown)[]' may be a mistake because neither type sufficiently overlaps with the other. If this was intentional, convert the expression to 'unknown' first.
packages/effect-handlers/src/builtins.ts(261,87): error TS2352: Conversion of type 'undefined' to type 'unknown[]' may be a mistake because neither type sufficiently overlaps with the other. If this was intentional, convert the expression to 'unknown' first.
packages/effect-handlers/src/builtins.ts(265,73): error TS2345: Argument of type '[() => A]' is not assignable to parameter of type 'never'.
packages/effect-handlers/src/builtins.ts(266,75): error TS2345: Argument of type '[Fiber<A>]' is not assignable to parameter of type 'never'.
packages/effect-handlers/src/builtins.ts(267,62): error TS2345: Argument of type '[number]' is not assignable to parameter of type 'never'.
packages/effect-handlers/src/builtins.ts(293,25): error TS2345: Argument of type '[{ message: string; context: Record<string, unknown> | undefined; }]' is not assignable to parameter of type 'never'.
packages/effect-handlers/src/builtins.ts(295,24): error TS2345: Argument of type '[{ message: string; context: Record<string, unknown> | undefined; }]' is not assignable to parameter of type 'never'.
packages/effect-handlers/src/builtins.ts(297,24): error TS2345: Argument of type '[{ message: string; context: Record<string, unknown> | undefined; }]' is not assignable to parameter of type 'never'.
packages/effect-handlers/src/builtins.ts(299,25): error TS2345: Argument of type '[{ message: string; context: Record<string, unknown> | undefined; }]' is not assignable to parameter of type 'never'.
packages/effect-handlers/src/builtins.ts(339,61): error TS2352: Conversion of type 'undefined' to type 'Date' may be a mistake because neither type sufficiently overlaps with the other. If this was intentional, convert the expression to 'unknown' first.
packages/effect-handlers/src/builtins.ts(341,41): error TS2352: Conversion of type 'undefined' to type '() => unknown' may be a mistake because neither type sufficiently overlaps with the other. If this was intentional, convert the expression to 'unknown' first.
packages/effect-handlers/src/builtins.ts(341,78): error TS2352: Conversion of type 'undefined' to type '[unknown, number]' may be a mistake because neither type sufficiently overlaps with the other. If this was intentional, convert the expression to 'unknown' first.
packages/effect-handlers/src/builtins.ts(345,26): error TS2345: Argument of type '[]' is not assignable to parameter of type 'never'.
packages/effect-handlers/src/builtins.ts(346,28): error TS2345: Argument of type '[]' is not assignable to parameter of type 'never'.
packages/effect-handlers/src/builtins.ts(380,41): error TS2352: Conversion of type 'undefined' to type '{ min: number; max: number; }' may be a mistake because neither type sufficiently overlaps with the other. If this was intentional, convert the expression to 'unknown' first.
packages/effect-handlers/src/builtins.ts(388,81): error TS2345: Argument of type '[{ min: number; max: number; }]' is not assignable to parameter of type 'never'.
packages/effect-handlers/src/builtins.ts(389,32): error TS2345: Argument of type '[]' is not assignable to parameter of type 'never'.
packages/effect-handlers/src/builtins.ts(390,34): error TS2345: Argument of type '[]' is not assignable to parameter of type 'never'.
packages/effect-handlers/src/builtins.ts(391,31): error TS2345: Argument of type '[]' is not assignable to parameter of type 'never'.
packages/effect-handlers/src/builtins.ts(392,69): error TS2345: Argument of type '[A[]]' is not assignable to parameter of type 'never'.
packages/effect-handlers/src/combinators.ts(190,13): error TS2345: Argument of type '() => Generator<EffectRequest<any, any>, any, any>' is not assignable to parameter of type '() => Generator<Eff<EffectSignature<any>, unknown>, any, unknown>'.
  Call signature return types 'Generator<EffectRequest<any, any>, any, any>' and 'Generator<Eff<EffectSignature<any>, unknown>, any, unknown>' are incompatible.
    The types returned by 'next(...)' are incompatible between these types.
      Type 'IteratorResult<EffectRequest<any, any>, any>' is not assignable to type 'IteratorResult<Eff<EffectSignature<any>, unknown>, any>'.
        Type 'IteratorYieldResult<EffectRequest<any, any>>' is not assignable to type 'IteratorResult<Eff<EffectSignature<any>, unknown>, any>'.
          Type 'IteratorYieldResult<EffectRequest<any, any>>' is not assignable to type 'IteratorYieldResult<Eff<EffectSignature<any>, unknown>>'.
            Type 'EffectRequest<any, any>' is missing the following properties from type 'Eff<EffectSignature<any>, unknown>': _tag, _effects, _result, map, and 2 more.
packages/effect-handlers/src/combinators.ts(201,13): error TS2345: Argument of type '() => Generator<EffectRequest<any, any>, any, any>' is not assignable to parameter of type '() => Generator<Eff<EffectSignature<any>, unknown>, any, unknown>'.
  Call signature return types 'Generator<EffectRequest<any, any>, any, any>' and 'Generator<Eff<EffectSignature<any>, unknown>, any, unknown>' are incompatible.
    The types returned by 'next(...)' are incompatible between these types.
      Type 'IteratorResult<EffectRequest<any, any>, any>' is not assignable to type 'IteratorResult<Eff<EffectSignature<any>, unknown>, any>'.
        Type 'IteratorYieldResult<EffectRequest<any, any>>' is not assignable to type 'IteratorResult<Eff<EffectSignature<any>, unknown>, any>'.
          Type 'IteratorYieldResult<EffectRequest<any, any>>' is not assignable to type 'IteratorYieldResult<Eff<EffectSignature<any>, unknown>>'.
            Type 'EffectRequest<any, any>' is missing the following properties from type 'Eff<EffectSignature<any>, unknown>': _tag, _effects, _result, map, and 2 more.
packages/effect-handlers/src/effect.ts(90,15): error TS2352: Conversion of type 'undefined' to type 'E1 | E2' may be a mistake because neither type sufficiently overlaps with the other. If this was intentional, convert the expression to 'unknown' first.
packages/effect-handlers/src/effect.ts(228,15): error TS2352: Conversion of type 'undefined' to type 'E' may be a mistake because neither type sufficiently overlaps with the other. If this was intentional, convert the expression to 'unknown' first.
  'E' could be instantiated with an arbitrary type which could be unrelated to 'undefined'.
packages/effect-handlers/src/handler.ts(75,15): error TS2352: Conversion of type 'undefined' to type 'RemoveEffect<Row, E>' may be a mistake because neither type sufficiently overlaps with the other. If this was intentional, convert the expression to 'unknown' first.
packages/effect-handlers/src/handler.ts(79,42): error TS2345: Argument of type 'unknown' is not assignable to parameter of type 'R'.
  'R' could be instantiated with an arbitrary type which could be unrelated to 'unknown'.
packages/effect-handlers/src/handler.ts(113,24): error TS1163: A 'yield' expression is only allowed in a generator body.
packages/effect-handlers/src/handler.ts(159,42): error TS2538: Type 'symbol' cannot be used as an index type.
packages/effect-handlers/src/handler.ts(258,28): error TS7057: 'yield' expression implicitly results in an 'any' type because its containing generator lacks a return-type annotation.
packages/effect-handlers/src/index.ts(9,1): error TS2308: Module './effect' has already exported a member named 'AsyncEffect'. Consider explicitly re-exporting to resolve the ambiguity.
packages/effect-handlers/src/inference.ts(155,10): error TS2352: Conversion of type 'undefined' to type 'E1 | E2' may be a mistake because neither type sufficiently overlaps with the other. If this was intentional, convert the expression to 'unknown' first.
packages/effect-handlers/src/inference.ts(165,10): error TS2352: Conversion of type 'undefined' to type 'Exclude<R, E>' may be a mistake because neither type sufficiently overlaps with the other. If this was intentional, convert the expression to 'unknown' first.
packages/env-reality-checker/src/fixtures.test.ts(90,13): error TS2502: 'definitions' is referenced directly or indirectly in its own type annotation.
packages/env-reality-checker/src/index.test.ts(157,53): error TS2345: Argument of type '{ name: string; file: string; line: number; source: "env-file"; required: boolean; sensitive: boolean; }[]' is not assignable to parameter of type 'EnvUsage[]'.
  Property 'hasDefault' is missing in type '{ name: string; file: string; line: number; source: "env-file"; required: boolean; sensitive: boolean; }' but required in type 'EnvUsage'.
packages/env-reality-checker/src/index.test.ts(226,35): error TS2345: Argument of type '{ definitions: never[]; usages: never[]; claims: { id: string; type: "used-but-undefined"; variable: string; severity: "error"; message: string; usage: { name: string; file: string; line: number; source: "process.env"; hasDefault: boolean; }; remediation: string[]; }[]; summary: { ...; }; }' is not assignable to parameter of type 'EnvRealityResult'.
  Types of property 'claims' are incompatible.
    Type '{ id: string; type: "used-but-undefined"; variable: string; severity: "error"; message: string; usage: { name: string; file: string; line: number; source: "process.env"; hasDefault: boolean; }; remediation: string[]; }[]' is not assignable to type 'EnvRealityClaim[]'.
      Type '{ id: string; type: "used-but-undefined"; variable: string; severity: "error"; message: string; usage: { name: string; file: string; line: number; source: "process.env"; hasDefault: boolean; }; remediation: string[]; }' is not assignable to type 'EnvRealityClaim'.
        Types of property 'remediation' are incompatible.
          Type 'string[]' is not assignable to type 'RemediationAction[]'.
            Type 'string' is not assignable to type 'RemediationAction'.
packages/evaluator/tests/builtins.test.ts(49,13): error TS2345: Argument of type 'unknown[]' is not assignable to parameter of type 'Value[]'.
  Type 'unknown' is not assignable to type 'Value'.
packages/evaluator/tests/environment.test.ts(314,39): error TS2554: Expected 0 arguments, but got 2.
packages/evaluator/tests/environment.test.ts(316,39): error TS2554: Expected 0 arguments, but got 3.
packages/evaluator/tests/environment.test.ts(318,39): error TS2554: Expected 0 arguments, but got 2.
packages/evaluator/tests/verifier.test.ts(626,19): error TS2349: This expression is not callable.
  Type 'String' has no call signatures.
packages/fake-success-ui-detector/tests/fixtures/try-catch-toast-success.tsx(5,23): error TS2307: Cannot find module 'react-hot-toast' or its corresponding type declarations.
packages/formal-verification/src/smt.ts(68,27): error TS7016: Could not find a declaration file for module '@isl-lang/isl-smt'. 'C:/Users/mevla/OneDrive/Desktop/projects/IntentOS/packages/isl-smt/dist/index.js' implicitly has an 'any' type.
  Try `npm i --save-dev @types/isl-lang__isl-smt` if it exists or add a new declaration (.d.ts) file containing `declare module '@isl-lang/isl-smt';`
packages/formal-verification/src/smt.ts(73,52): error TS7016: Could not find a declaration file for module '@isl-lang/isl-smt'. 'C:/Users/mevla/OneDrive/Desktop/projects/IntentOS/packages/isl-smt/dist/index.js' implicitly has an 'any' type.
  Try `npm i --save-dev @types/isl-lang__isl-smt` if it exists or add a new declaration (.d.ts) file containing `declare module '@isl-lang/isl-smt';`
packages/formal-verification/src/smt.ts(77,27): error TS7016: Could not find a declaration file for module '@isl-lang/isl-smt'. 'C:/Users/mevla/OneDrive/Desktop/projects/IntentOS/packages/isl-smt/dist/index.js' implicitly has an 'any' type.
  Try `npm i --save-dev @types/isl-lang__isl-smt` if it exists or add a new declaration (.d.ts) file containing `declare module '@isl-lang/isl-smt';`
packages/formal-verification/src/smt.ts(90,22): error TS7016: Could not find a declaration file for module '@isl-lang/isl-smt'. 'C:/Users/mevla/OneDrive/Desktop/projects/IntentOS/packages/isl-smt/dist/index.js' implicitly has an 'any' type.
  Try `npm i --save-dev @types/isl-lang__isl-smt` if it exists or add a new declaration (.d.ts) file containing `declare module '@isl-lang/isl-smt';`
packages/formal-verification/src/smt.ts(209,4): error TS2366: Function lacks ending return statement and return type does not include 'undefined'.
packages/generator-sdk/src/generator.ts(10,3): error TS2305: Module '"@isl-lang/isl-core"' has no exported member 'EntityDeclaration'.
packages/generator-sdk/src/generator.ts(12,3): error TS2305: Module '"@isl-lang/isl-core"' has no exported member 'TypeDeclaration'.
packages/generator-sdk/src/generator.ts(13,3): error TS2305: Module '"@isl-lang/isl-core"' has no exported member 'EnumDeclaration'.
packages/generator-sdk/src/generator.ts(128,78): error TS2339: Property 'enums' does not exist on type 'Domain'.
packages/generator-sdk/src/generator.ts(132,35): error TS2339: Property 'enums' does not exist on type 'Domain'.
packages/generator-sdk/src/generator.ts(135,77): error TS2339: Property 'enums' does not exist on type 'Domain'.
packages/generator-sdk/src/types.ts(9,3): error TS2305: Module '"@isl-lang/isl-core"' has no exported member 'EntityDeclaration'.
packages/generator-sdk/src/types.ts(11,3): error TS2305: Module '"@isl-lang/isl-core"' has no exported member 'TypeDeclaration'.
packages/generator-sdk/src/types.ts(12,3): error TS2305: Module '"@isl-lang/isl-core"' has no exported member 'EnumDeclaration'.
packages/generator-sdk/src/types.ts(13,3): error TS2305: Module '"@isl-lang/isl-core"' has no exported member 'FieldDeclaration'.
packages/generator-sdk/src/types.ts(14,3): error TS2724: '"@isl-lang/isl-core"' has no exported member named 'TypeExpression'. Did you mean 'Expression'?
packages/generator-sdk/src/visitors/behavior.ts(9,3): error TS2305: Module '"@isl-lang/isl-core"' has no exported member 'FieldDeclaration'.
packages/generator-sdk/src/visitors/behavior.ts(10,3): error TS2305: Module '"@isl-lang/isl-core"' has no exported member 'ErrorDeclaration'.
packages/generator-sdk/src/visitors/behavior.ts(11,3): error TS2724: '"@isl-lang/isl-core"' has no exported member named 'TypeExpression'. Did you mean 'Expression'?
packages/generator-sdk/src/visitors/behavior.ts(188,63): error TS2339: Property 'conditions' does not exist on type 'Expression[]'.
packages/generator-sdk/src/visitors/behavior.ts(195,65): error TS2339: Property 'conditions' does not exist on type 'PostconditionBlock[]'.
packages/generator-sdk/src/visitors/behavior.ts(202,36): error TS2339: Property 'conditions' does not exist on type 'Expression[]'.
packages/generator-sdk/src/visitors/behavior.ts(209,37): error TS2339: Property 'conditions' does not exist on type 'PostconditionBlock[]'.
packages/generator-sdk/src/visitors/behavior.ts(220,49): error TS2339: Property 'actors' does not exist on type 'ActorSpec[]'.
packages/generator-sdk/src/visitors/behavior.ts(227,29): error TS2339: Property 'actors' does not exist on type 'ActorSpec[]'.
packages/generator-sdk/src/visitors/behavior.ts(227,41): error TS7006: Parameter 'a' implicitly has an 'any' type.
packages/generator-sdk/src/visitors/behavior.ts(238,53): error TS2339: Property 'requirements' does not exist on type 'SecuritySpec[]'.
packages/generator-sdk/src/visitors/behavior.ts(245,31): error TS2339: Property 'requirements' does not exist on type 'SecuritySpec[]'.
packages/generator-sdk/src/visitors/behavior.ts(256,53): error TS2339: Property 'requirements' does not exist on type 'TemporalSpec[]'.
packages/generator-sdk/src/visitors/behavior.ts(263,31): error TS2339: Property 'requirements' does not exist on type 'TemporalSpec[]'.
packages/generator-sdk/src/visitors/composite.ts(9,3): error TS2305: Module '"@isl-lang/isl-core"' has no exported member 'EntityDeclaration'.
packages/generator-sdk/src/visitors/composite.ts(11,3): error TS2305: Module '"@isl-lang/isl-core"' has no exported member 'TypeDeclaration'.
packages/generator-sdk/src/visitors/composite.ts(12,3): error TS2305: Module '"@isl-lang/isl-core"' has no exported member 'EnumDeclaration'.
packages/generator-sdk/src/visitors/entity.ts(8,3): error TS2305: Module '"@isl-lang/isl-core"' has no exported member 'EntityDeclaration'.
packages/generator-sdk/src/visitors/entity.ts(9,3): error TS2305: Module '"@isl-lang/isl-core"' has no exported member 'FieldDeclaration'.
packages/generator-sdk/src/visitors/entity.ts(90,34): error TS7006: Parameter 'f' implicitly has an 'any' type.
packages/generator-sdk/src/visitors/entity.ts(97,34): error TS7006: Parameter 'f' implicitly has an 'any' type.
packages/generator-sdk/src/visitors/entity.ts(105,8): error TS7006: Parameter 'a' implicitly has an 'any' type.
packages/generator-sdk/src/visitors/entity.ts(117,8): error TS7006: Parameter 'a' implicitly has an 'any' type.
packages/generator-sdk/src/visitors/entity.ts(126,34): error TS7006: Parameter 'f' implicitly has an 'any' type.
packages/generator-sdk/src/visitors/entity.ts(134,8): error TS7006: Parameter 'f' implicitly has an 'any' type.
packages/generator-sdk/src/visitors/entity.ts(142,34): error TS7006: Parameter 'f' implicitly has an 'any' type.
packages/generator-sdk/src/visitors/entity.ts(150,8): error TS7006: Parameter 'f' implicitly has an 'any' type.
packages/generator-sdk/src/visitors/type.ts(8,3): error TS2305: Module '"@isl-lang/isl-core"' has no exported member 'TypeDeclaration'.
packages/generator-sdk/src/visitors/type.ts(9,3): error TS2305: Module '"@isl-lang/isl-core"' has no exported member 'EnumDeclaration'.
packages/generator-sdk/src/visitors/type.ts(10,3): error TS2724: '"@isl-lang/isl-core"' has no exported member named 'TypeExpression'. Did you mean 'Expression'?
packages/generator-sdk/src/visitors/type.ts(11,3): error TS2305: Module '"@isl-lang/isl-core"' has no exported member 'TypeConstraint'.
packages/generator-sdk/src/visitors/type.ts(130,8): error TS7006: Parameter 'c' implicitly has an 'any' type.
packages/generator-sdk/src/visitors/type.ts(152,34): error TS7006: Parameter 'c' implicitly has an 'any' type.
packages/generator-sdk/src/visitors/type.ts(192,35): error TS7006: Parameter 'v' implicitly has an 'any' type.
packages/generator-sdk/src/visitors/type.ts(207,8): error TS7006: Parameter 'v' implicitly has an 'any' type.
packages/generator-sdk/tests/generator.test.ts(20,10): error TS2352: Conversion of type '{ kind: "DomainDeclaration"; name: { kind: "Identifier"; name: string; span: { start: number; end: number; line: number; column: number; }; }; imports: never[]; entities: any[]; types: never[]; enums: { kind: string; name: { ...; }; variants: { ...; }[]; span: { start: number; end: number; line: number; column: numb...' to type 'Domain' may be a mistake because neither type sufficiently overlaps with the other. If this was intentional, convert the expression to 'unknown' first.
  Type '{ kind: "DomainDeclaration"; name: { kind: "Identifier"; name: string; span: { start: number; end: number; line: number; column: number; }; }; imports: never[]; entities: any[]; types: never[]; enums: { kind: string; name: { ...; }; variants: { ...; }[]; span: { ...; }; }[]; behaviors: Behavior[]; invariants: never[...' is missing the following properties from type 'Domain': version, uses, policies, views, and 3 more.
packages/generator-sdk/tests/generator.test.ts(78,10): error TS2352: Conversion of type '{ kind: "BehaviorDeclaration"; name: { kind: "Identifier"; name: string; span: { start: number; end: number; line: number; column: number; }; }; description: { kind: "StringLiteral"; value: string; span: { start: number; end: number; line: number; column: number; }; }; input: { ...; }; output: { ...; }; span: { star...' to type 'Behavior' may be a mistake because neither type sufficiently overlaps with the other. If this was intentional, convert the expression to 'unknown' first.
  Type '{ kind: "BehaviorDeclaration"; name: { kind: "Identifier"; name: string; span: { start: number; end: number; line: number; column: number; }; }; description: { kind: "StringLiteral"; value: string; span: { ...; }; }; input: { ...; }; output: { ...; }; span: { ...; }; }' is missing the following properties from type 'Behavior': preconditions, postconditions, invariants, temporal, and 3 more.
packages/generator-sdk/tests/visitors.test.ts(141,22): error TS2352: Conversion of type '{ kind: "BehaviorDeclaration"; name: { kind: "Identifier"; name: string; span: { start: number; end: number; line: number; column: number; }; }; input: { kind: "InputBlock"; fields: { kind: "FieldDeclaration"; ... 5 more ...; span: { start: number; end: number; line: number; column: number; }; }[]; span: { start: nu...' to type 'Behavior' may be a mistake because neither type sufficiently overlaps with the other. If this was intentional, convert the expression to 'unknown' first.
  Type '{ kind: "BehaviorDeclaration"; name: { kind: "Identifier"; name: string; span: { start: number; end: number; line: number; column: number; }; }; input: { kind: "InputBlock"; fields: { kind: "FieldDeclaration"; ... 5 more ...; span: { ...; }; }[]; span: { ...; }; }; output: { ...; }; span: { ...; }; }' is missing the following properties from type 'Behavior': preconditions, postconditions, invariants, temporal, and 3 more.
packages/generator-sdk/tests/visitors.test.ts(175,22): error TS2352: Conversion of type '{ kind: "BehaviorDeclaration"; name: { kind: "Identifier"; name: string; span: { start: number; end: number; line: number; column: number; }; }; output: { kind: "OutputBlock"; success: { kind: "SimpleType"; name: { ...; }; span: { start: number; end: number; line: number; column: number; }; }; errors: ({ ...; } | { ...' to type 'Behavior' may be a mistake because neither type sufficiently overlaps with the other. If this was intentional, convert the expression to 'unknown' first.
  Type '{ kind: "BehaviorDeclaration"; name: { kind: "Identifier"; name: string; span: { start: number; end: number; line: number; column: number; }; }; output: { kind: "OutputBlock"; success: { kind: "SimpleType"; name: { ...; }; span: { ...; }; }; errors: ({ ...; } | { ...; })[]; span: { ...; }; }; span: { ...; }; }' is missing the following properties from type 'Behavior': input, preconditions, postconditions, invariants, and 4 more.
packages/github-app/src/services/checks.ts(56,26): error TS2551: Property 'getInstallationId' does not exist on type 'App<Options>'. Did you mean 'getInstallationUrl'?
packages/github-app/src/services/checks.ts(59,26): error TS2339: Property 'rest' does not exist on type 'Octokit'.
packages/github-app/src/services/checks.ts(73,26): error TS2551: Property 'getInstallationId' does not exist on type 'App<Options>'. Did you mean 'getInstallationUrl'?
packages/github-app/src/services/checks.ts(76,26): error TS2339: Property 'rest' does not exist on type 'Octokit'.
packages/github-app/src/services/sarif.ts(8,36): error TS2307: Cannot find module '@isl-lang/isl-policy-packs' or its corresponding type declarations.
packages/github-app/src/webhooks.ts(7,35): error TS2307: Cannot find module '@octokit/webhooks-types' or its corresponding type declarations.
packages/health-check/tests/analyzer.test.ts(77,37): error TS2345: Argument of type 'MockDomain' is not assignable to parameter of type 'ISLDomain'.
  Types of property 'behaviors' are incompatible.
    Type '{ kind: "Behavior"; name: { name: string; }; observability?: unknown; security?: unknown[] | undefined; }[]' is not assignable to type 'ISLBehavior[]'.
      Type '{ kind: "Behavior"; name: { name: string; }; observability?: unknown; security?: unknown[] | undefined; }' is not assignable to type 'ISLBehavior'.
        Types of property 'observability' are incompatible.
          Type 'unknown' is not assignable to type 'ISLObservabilitySpec | undefined'.
packages/health-check/tests/analyzer.test.ts(98,37): error TS2345: Argument of type 'MockDomain' is not assignable to parameter of type 'ISLDomain'.
  Types of property 'behaviors' are incompatible.
    Type '{ kind: "Behavior"; name: { name: string; }; observability?: unknown; security?: unknown[] | undefined; }[]' is not assignable to type 'ISLBehavior[]'.
      Type '{ kind: "Behavior"; name: { name: string; }; observability?: unknown; security?: unknown[] | undefined; }' is not assignable to type 'ISLBehavior'.
        Types of property 'observability' are incompatible.
          Type 'unknown' is not assignable to type 'ISLObservabilitySpec | undefined'.
packages/health-check/tests/analyzer.test.ts(117,37): error TS2345: Argument of type 'MockDomain' is not assignable to parameter of type 'ISLDomain'.
  Types of property 'behaviors' are incompatible.
    Type '{ kind: "Behavior"; name: { name: string; }; observability?: unknown; security?: unknown[] | undefined; }[]' is not assignable to type 'ISLBehavior[]'.
      Type '{ kind: "Behavior"; name: { name: string; }; observability?: unknown; security?: unknown[] | undefined; }' is not assignable to type 'ISLBehavior'.
        Types of property 'observability' are incompatible.
          Type 'unknown' is not assignable to type 'ISLObservabilitySpec | undefined'.
packages/health-check/tests/analyzer.test.ts(134,37): error TS2345: Argument of type 'MockDomain' is not assignable to parameter of type 'ISLDomain'.
  Types of property 'behaviors' are incompatible.
    Type '{ kind: "Behavior"; name: { name: string; }; observability?: unknown; security?: unknown[] | undefined; }[]' is not assignable to type 'ISLBehavior[]'.
      Type '{ kind: "Behavior"; name: { name: string; }; observability?: unknown; security?: unknown[] | undefined; }' is not assignable to type 'ISLBehavior'.
        Types of property 'observability' are incompatible.
          Type 'unknown' is not assignable to type 'ISLObservabilitySpec | undefined'.
packages/health-check/tests/analyzer.test.ts(150,37): error TS2345: Argument of type 'MockDomain' is not assignable to parameter of type 'ISLDomain'.
  Types of property 'behaviors' are incompatible.
    Type '{ kind: "Behavior"; name: { name: string; }; observability?: unknown; security?: unknown[] | undefined; }[]' is not assignable to type 'ISLBehavior[]'.
      Type '{ kind: "Behavior"; name: { name: string; }; observability?: unknown; security?: unknown[] | undefined; }' is not assignable to type 'ISLBehavior'.
        Types of property 'observability' are incompatible.
          Type 'unknown' is not assignable to type 'ISLObservabilitySpec | undefined'.
packages/health-check/tests/analyzer.test.ts(184,37): error TS2345: Argument of type 'MockDomain' is not assignable to parameter of type 'ISLDomain'.
  Types of property 'behaviors' are incompatible.
    Type '{ kind: "Behavior"; name: { name: string; }; observability?: unknown; security?: unknown[] | undefined; }[]' is not assignable to type 'ISLBehavior[]'.
      Type '{ kind: "Behavior"; name: { name: string; }; observability?: unknown; security?: unknown[] | undefined; }' is not assignable to type 'ISLBehavior'.
        Types of property 'observability' are incompatible.
          Type 'unknown' is not assignable to type 'ISLObservabilitySpec | undefined'.
packages/health-check/tests/analyzer.test.ts(224,37): error TS2345: Argument of type 'MockDomain' is not assignable to parameter of type 'ISLDomain'.
  Types of property 'behaviors' are incompatible.
    Type '{ kind: "Behavior"; name: { name: string; }; observability?: unknown; security?: unknown[] | undefined; }[]' is not assignable to type 'ISLBehavior[]'.
      Type '{ kind: "Behavior"; name: { name: string; }; observability?: unknown; security?: unknown[] | undefined; }' is not assignable to type 'ISLBehavior'.
        Types of property 'observability' are incompatible.
          Type 'unknown' is not assignable to type 'ISLObservabilitySpec | undefined'.
packages/health-check/tests/analyzer.test.ts(258,32): error TS2345: Argument of type 'MockDomain' is not assignable to parameter of type 'ISLDomain'.
  Types of property 'behaviors' are incompatible.
    Type '{ kind: "Behavior"; name: { name: string; }; observability?: unknown; security?: unknown[] | undefined; }[]' is not assignable to type 'ISLBehavior[]'.
      Type '{ kind: "Behavior"; name: { name: string; }; observability?: unknown; security?: unknown[] | undefined; }' is not assignable to type 'ISLBehavior'.
        Types of property 'observability' are incompatible.
          Type 'unknown' is not assignable to type 'ISLObservabilitySpec | undefined'.
packages/health-check/tests/generators.test.ts(305,52): error TS2345: Argument of type 'Mock<[deferToNext: "route"], void>' is not assignable to parameter of type 'NextFunction'.
  Types of parameters 'deferToNext' and 'deferToNext' are incompatible.
    Type '"router"' is not assignable to type '"route"'.
packages/health-check/tests/generators.test.ts(325,52): error TS2345: Argument of type 'Mock<[deferToNext: "route"], void>' is not assignable to parameter of type 'NextFunction'.
  Types of parameters 'deferToNext' and 'deferToNext' are incompatible.
    Type '"router"' is not assignable to type '"route"'.
packages/health-check/tests/generators.test.ts(338,52): error TS2345: Argument of type 'Mock<[deferToNext: "route"], void>' is not assignable to parameter of type 'NextFunction'.
  Types of parameters 'deferToNext' and 'deferToNext' are incompatible.
    Type '"router"' is not assignable to type '"route"'.
packages/health-check/tests/generators.test.ts(351,46): error TS2345: Argument of type 'Mock<[deferToNext: "route"], void>' is not assignable to parameter of type 'NextFunction'.
  Types of parameters 'deferToNext' and 'deferToNext' are incompatible.
    Type '"router"' is not assignable to type '"route"'.
packages/health-check/tests/generators.test.ts(366,52): error TS2345: Argument of type 'Mock<[deferToNext: "route"], void>' is not assignable to parameter of type 'NextFunction'.
  Types of parameters 'deferToNext' and 'deferToNext' are incompatible.
    Type '"router"' is not assignable to type '"route"'.
packages/health-check/tests/generators.test.ts(380,52): error TS2345: Argument of type 'Mock<[deferToNext: "route"], void>' is not assignable to parameter of type 'NextFunction'.
  Types of parameters 'deferToNext' and 'deferToNext' are incompatible.
    Type '"router"' is not assignable to type '"route"'.
packages/health-check/tests/generators.test.ts(410,50): error TS2345: Argument of type 'Mock<[deferToNext: "route"], void>' is not assignable to parameter of type 'NextFunction'.
  Types of parameters 'deferToNext' and 'deferToNext' are incompatible.
    Type '"router"' is not assignable to type '"route"'.
packages/health-check/tests/generators.test.ts(423,50): error TS2345: Argument of type 'Mock<[deferToNext: "route"], void>' is not assignable to parameter of type 'NextFunction'.
  Types of parameters 'deferToNext' and 'deferToNext' are incompatible.
    Type '"router"' is not assignable to type '"route"'.
packages/interpreter/src/bindings.ts(9,28): error TS7016: Could not find a declaration file for module '@isl-lang/runtime-interpreter'. 'C:/Users/mevla/OneDrive/Desktop/projects/IntentOS/packages/runtime-interpreter/dist/index.js' implicitly has an 'any' type.
  Try `npm i --save-dev @types/isl-lang__runtime-interpreter` if it exists or add a new declaration (.d.ts) file containing `declare module '@isl-lang/runtime-interpreter';`
packages/interpreter/src/executor.ts(6,28): error TS7016: Could not find a declaration file for module '@isl-lang/runtime-interpreter'. 'C:/Users/mevla/OneDrive/Desktop/projects/IntentOS/packages/runtime-interpreter/dist/index.js' implicitly has an 'any' type.
  Try `npm i --save-dev @types/isl-lang__runtime-interpreter` if it exists or add a new declaration (.d.ts) file containing `declare module '@isl-lang/runtime-interpreter';`
packages/interpreter/src/interpreter.ts(12,8): error TS7016: Could not find a declaration file for module '@isl-lang/runtime-interpreter'. 'C:/Users/mevla/OneDrive/Desktop/projects/IntentOS/packages/runtime-interpreter/dist/index.js' implicitly has an 'any' type.
  Try `npm i --save-dev @types/isl-lang__runtime-interpreter` if it exists or add a new declaration (.d.ts) file containing `declare module '@isl-lang/runtime-interpreter';`
packages/interpreter/src/interpreter.ts(13,26): error TS7016: Could not find a declaration file for module '@isl-lang/runtime-interpreter'. 'C:/Users/mevla/OneDrive/Desktop/projects/IntentOS/packages/runtime-interpreter/dist/index.js' implicitly has an 'any' type.
  Try `npm i --save-dev @types/isl-lang__runtime-interpreter` if it exists or add a new declaration (.d.ts) file containing `declare module '@isl-lang/runtime-interpreter';`
packages/interpreter/src/scenarios.ts(6,41): error TS7016: Could not find a declaration file for module '@isl-lang/runtime-interpreter'. 'C:/Users/mevla/OneDrive/Desktop/projects/IntentOS/packages/runtime-interpreter/dist/index.js' implicitly has an 'any' type.
  Try `npm i --save-dev @types/isl-lang__runtime-interpreter` if it exists or add a new declaration (.d.ts) file containing `declare module '@isl-lang/runtime-interpreter';`
packages/interpreter/src/simulator.ts(7,28): error TS7016: Could not find a declaration file for module '@isl-lang/runtime-interpreter'. 'C:/Users/mevla/OneDrive/Desktop/projects/IntentOS/packages/runtime-interpreter/dist/index.js' implicitly has an 'any' type.
  Try `npm i --save-dev @types/isl-lang__runtime-interpreter` if it exists or add a new declaration (.d.ts) file containing `declare module '@isl-lang/runtime-interpreter';`
packages/interpreter/src/simulator.ts(8,26): error TS7016: Could not find a declaration file for module '@isl-lang/runtime-interpreter'. 'C:/Users/mevla/OneDrive/Desktop/projects/IntentOS/packages/runtime-interpreter/dist/index.js' implicitly has an 'any' type.
  Try `npm i --save-dev @types/isl-lang__runtime-interpreter` if it exists or add a new declaration (.d.ts) file containing `declare module '@isl-lang/runtime-interpreter';`
packages/interpreter/src/simulator.ts(9,52): error TS7016: Could not find a declaration file for module '@isl-lang/runtime-interpreter'. 'C:/Users/mevla/OneDrive/Desktop/projects/IntentOS/packages/runtime-interpreter/dist/index.js' implicitly has an 'any' type.
  Try `npm i --save-dev @types/isl-lang__runtime-interpreter` if it exists or add a new declaration (.d.ts) file containing `declare module '@isl-lang/runtime-interpreter';`
packages/interpreter/src/types.ts(15,8): error TS7016: Could not find a declaration file for module '@isl-lang/runtime-interpreter'. 'C:/Users/mevla/OneDrive/Desktop/projects/IntentOS/packages/runtime-interpreter/dist/index.js' implicitly has an 'any' type.
  Try `npm i --save-dev @types/isl-lang__runtime-interpreter` if it exists or add a new declaration (.d.ts) file containing `declare module '@isl-lang/runtime-interpreter';`
packages/interpreter/tests/interpreter.test.ts(26,15): error TS2724: '"../src"' has no exported member named 'Value'. Did you mean 'toValue'?
packages/interpreter/tests/scenarios.test.ts(6,41): error TS7016: Could not find a declaration file for module '@isl-lang/runtime-interpreter'. 'C:/Users/mevla/OneDrive/Desktop/projects/IntentOS/packages/runtime-interpreter/dist/index.js' implicitly has an 'any' type.
  Try `npm i --save-dev @types/isl-lang__runtime-interpreter` if it exists or add a new declaration (.d.ts) file containing `declare module '@isl-lang/runtime-interpreter';`
packages/interpreter/tests/simulator.test.ts(82,64): error TS2345: Argument of type 'unknown' is not assignable to parameter of type 'TestData'.
packages/isl-adapters/src/cli/demo-command.ts(194,40): error TS7016: Could not find a declaration file for module '@isl-lang/verified-build'. 'C:/Users/mevla/OneDrive/Desktop/projects/IntentOS/packages/verified-build/dist/index.js' implicitly has an 'any' type.
  Try `npm i --save-dev @types/isl-lang__verified-build` if it exists or add a new declaration (.d.ts) file containing `declare module '@isl-lang/verified-build';`
packages/isl-adapters/tests/auth-adapter.test.ts(657,22): error TS2339: Property 'hasState' does not exist on type 'AuthAdapter'.
packages/isl-ai/src/analysis.ts(8,3): error TS2305: Module '"@isl-lang/isl-core"' has no exported member 'FieldDeclaration'.
packages/isl-ai/src/analysis.ts(218,67): error TS2339: Property 'requirements' does not exist on type 'SecuritySpec[]'.
packages/isl-ai/src/analysis.ts(225,28): error TS2339: Property 'span' does not exist on type 'Behavior'.
packages/isl-ai/src/analysis.ts(248,29): error TS2339: Property 'span' does not exist on type 'Field'.
packages/isl-ai/src/analysis.ts(258,39): error TS2339: Property 'actors' does not exist on type 'ActorSpec[]'.
packages/isl-ai/src/analysis.ts(258,51): error TS7006: Parameter 'a' implicitly has an 'any' type.
packages/isl-ai/src/analysis.ts(259,45): error TS2339: Property 'requirements' does not exist on type 'SecuritySpec[]'.
packages/isl-ai/src/analysis.ts(259,63): error TS7006: Parameter 's' implicitly has an 'any' type.
packages/isl-ai/src/analysis.ts(267,28): error TS2339: Property 'span' does not exist on type 'Behavior'.
packages/isl-ai/src/analysis.ts(412,61): error TS2339: Property 'conditions' does not exist on type 'PostconditionBlock[]'.
packages/isl-ai/src/analysis.ts(452,41): error TS2339: Property 'conditions' does not exist on type 'Expression[]'.
packages/isl-ai/src/analysis.ts(452,86): error TS2339: Property 'conditions' does not exist on type 'PostconditionBlock[]'.
packages/isl-ai/src/analysis.ts(477,102): error TS2339: Property 'conditions' does not exist on type 'Expression[]'.
packages/isl-ai/src/analysis.ts(478,105): error TS2339: Property 'conditions' does not exist on type 'PostconditionBlock[]'.
packages/isl-ai/src/analysis.ts(479,88): error TS2339: Property 'requirements' does not exist on type 'SecuritySpec[]'.
packages/isl-ai/src/analysis.ts(520,28): error TS7006: Parameter 'a' implicitly has an 'any' type.
packages/isl-ai/src/prompts/templates.ts(10,3): error TS2305: Module '"@isl-lang/isl-core"' has no exported member 'EntityDeclaration'.
packages/isl-ai/src/prompts/templates.ts(12,3): error TS2724: '"@isl-lang/isl-core"' has no exported member named 'TypeExpression'. Did you mean 'Expression'?
packages/isl-ai/src/prompts/templates.ts(101,52): error TS2339: Property 'conditions' does not exist on type 'Expression[]'.
packages/isl-ai/src/prompts/templates.ts(113,53): error TS2339: Property 'conditions' does not exist on type 'PostconditionBlock[]'.
packages/isl-ai/src/prompts/templates.ts(137,48): error TS2339: Property 'expression' does not exist on type 'Expression'.
  Property 'expression' does not exist on type 'Identifier'.
packages/isl-ai/src/prompts/templates.ts(167,41): error TS2339: Property 'requirements' does not exist on type 'TemporalSpec[]'.
packages/isl-ai/src/prompts/templates.ts(177,41): error TS2339: Property 'requirements' does not exist on type 'SecuritySpec[]'.
packages/isl-ai/src/prompts/templates.ts(238,52): error TS2339: Property 'conditions' does not exist on type 'Expression[]'.
packages/isl-ai/src/prompts/templates.ts(249,53): error TS2339: Property 'conditions' does not exist on type 'PostconditionBlock[]'.
packages/isl-ai/src/prompts/templates.ts(266,52): error TS2339: Property 'expression' does not exist on type 'Expression'.
  Property 'expression' does not exist on type 'Identifier'.
packages/isl-ai/src/prompts/templates.ts(314,19): error TS2339: Property 'unit' does not exist on type 'NumberLiteral'.
packages/isl-ai/src/prompts/templates.ts(314,47): error TS2339: Property 'unit' does not exist on type 'NumberLiteral'.
packages/isl-ai/src/prompts/templates.ts(319,10): error TS2678: Type '"MemberExpression"' is not comparable to type '"MapExpr" | "Identifier" | "QualifiedName" | "Literal" | "StringLiteral" | "NumberLiteral" | "BooleanLiteral" | "NullLiteral" | "DurationLiteral" | "RegexLiteral" | "BinaryExpr" | ... 10 more ... | "ListExpr"'.
packages/isl-ai/src/prompts/templates.ts(320,43): error TS2339: Property 'object' does not exist on type 'never'.
packages/isl-ai/src/prompts/templates.ts(320,59): error TS2339: Property 'property' does not exist on type 'never'.
packages/isl-ai/src/prompts/templates.ts(321,10): error TS2678: Type '"CallExpression"' is not comparable to type '"MapExpr" | "Identifier" | "QualifiedName" | "Literal" | "StringLiteral" | "NumberLiteral" | "BooleanLiteral" | "NullLiteral" | "DurationLiteral" | "RegexLiteral" | "BinaryExpr" | ... 10 more ... | "ListExpr"'.
packages/isl-ai/src/prompts/templates.ts(322,25): error TS2339: Property 'arguments' does not exist on type 'never'.
packages/isl-ai/src/prompts/templates.ts(323,43): error TS2339: Property 'callee' does not exist on type 'never'.
packages/isl-ai/src/prompts/templates.ts(324,10): error TS2678: Type '"ComparisonExpression"' is not comparable to type '"MapExpr" | "Identifier" | "QualifiedName" | "Literal" | "StringLiteral" | "NumberLiteral" | "BooleanLiteral" | "NullLiteral" | "DurationLiteral" | "RegexLiteral" | "BinaryExpr" | ... 10 more ... | "ListExpr"'.
packages/isl-ai/src/prompts/templates.ts(325,43): error TS2339: Property 'left' does not exist on type 'never'.
packages/isl-ai/src/prompts/templates.ts(325,57): error TS2339: Property 'operator' does not exist on type 'never'.
packages/isl-ai/src/prompts/templates.ts(325,95): error TS2339: Property 'right' does not exist on type 'never'.
packages/isl-ai/src/prompts/templates.ts(326,10): error TS2678: Type '"LogicalExpression"' is not comparable to type '"MapExpr" | "Identifier" | "QualifiedName" | "Literal" | "StringLiteral" | "NumberLiteral" | "BooleanLiteral" | "NullLiteral" | "DurationLiteral" | "RegexLiteral" | "BinaryExpr" | ... 10 more ... | "ListExpr"'.
packages/isl-ai/src/prompts/templates.ts(327,43): error TS2339: Property 'left' does not exist on type 'never'.
packages/isl-ai/src/prompts/templates.ts(327,57): error TS2339: Property 'operator' does not exist on type 'never'.
packages/isl-ai/src/prompts/templates.ts(327,95): error TS2339: Property 'right' does not exist on type 'never'.
packages/isl-ai/src/prompts/templates.ts(328,10): error TS2678: Type '"BinaryExpression"' is not comparable to type '"MapExpr" | "Identifier" | "QualifiedName" | "Literal" | "StringLiteral" | "NumberLiteral" | "BooleanLiteral" | "NullLiteral" | "DurationLiteral" | "RegexLiteral" | "BinaryExpr" | ... 10 more ... | "ListExpr"'.
packages/isl-ai/src/prompts/templates.ts(329,43): error TS2339: Property 'left' does not exist on type 'never'.
packages/isl-ai/src/prompts/templates.ts(329,57): error TS2339: Property 'operator' does not exist on type 'never'.
packages/isl-ai/src/prompts/templates.ts(329,95): error TS2339: Property 'right' does not exist on type 'never'.
packages/isl-ai/src/prompts/templates.ts(330,10): error TS2678: Type '"UnaryExpression"' is not comparable to type '"MapExpr" | "Identifier" | "QualifiedName" | "Literal" | "StringLiteral" | "NumberLiteral" | "BooleanLiteral" | "NullLiteral" | "DurationLiteral" | "RegexLiteral" | "BinaryExpr" | ... 10 more ... | "ListExpr"'.
packages/isl-ai/src/prompts/templates.ts(331,22): error TS2339: Property 'operator' does not exist on type 'never'.
packages/isl-ai/src/prompts/templates.ts(331,60): error TS2339: Property 'operand' does not exist on type 'never'.
packages/isl-ai/src/prompts/templates.ts(332,10): error TS2678: Type '"OldExpression"' is not comparable to type '"MapExpr" | "Identifier" | "QualifiedName" | "Literal" | "StringLiteral" | "NumberLiteral" | "BooleanLiteral" | "NullLiteral" | "DurationLiteral" | "RegexLiteral" | "BinaryExpr" | ... 10 more ... | "ListExpr"'.
packages/isl-ai/src/prompts/templates.ts(333,47): error TS2339: Property 'expression' does not exist on type 'never'.
packages/isl-ai/src/prompts/templates.ts(352,32): error TS7006: Parameter 'v' implicitly has an 'any' type.
packages/isl-ai/src/types.ts(7,3): error TS2305: Module '"@isl-lang/isl-core"' has no exported member 'EntityDeclaration'.
packages/isl-cli/src/commands/check.ts(9,10): error TS2305: Module '"@isl-lang/isl-core"' has no exported member 'parseISL'.
packages/isl-cli/src/commands/compile.ts(10,10): error TS2305: Module '"@isl-lang/isl-core"' has no exported member 'parseISL'.
packages/isl-cli/src/commands/compile.ts(38,33): error TS7006: Parameter 'e' implicitly has an 'any' type.
packages/isl-cli/src/commands/compile.ts(49,37): error TS2353: Object literal may only specify known properties, and 'generateMocks' does not exist in type '{ framework?: string | undefined; }'.
packages/isl-cli/src/commands/compile.ts(54,41): error TS18048: 'result.types' is possibly 'undefined'.
packages/isl-cli/src/commands/compile.ts(55,34): error TS18048: 'result.types' is possibly 'undefined'.
packages/isl-cli/src/commands/compile.ts(61,41): error TS18048: 'result.tests' is possibly 'undefined'.
packages/isl-cli/src/commands/compile.ts(62,34): error TS18048: 'result.tests' is possibly 'undefined'.
packages/isl-cli/src/commands/generate.ts(11,10): error TS2305: Module '"@isl-lang/isl-core"' has no exported member 'parseISL'.
packages/isl-cli/src/commands/generate.ts(46,33): error TS7006: Parameter 'e' implicitly has an 'any' type.
packages/isl-cli/src/commands/test.ts(12,28): error TS2307: Cannot find module '@isl-lang/trace-viewer' or its corresponding type declarations.
packages/isl-cli/src/commands/verify.ts(17,10): error TS2305: Module '"@isl-lang/isl-core"' has no exported member 'parseISL'.
packages/isl-cli/src/commands/verify.ts(103,34): error TS7006: Parameter 'e' implicitly has an 'any' type.
packages/isl-cli/src/commands/verify.ts(218,24): error TS2339: Property 'value' does not exist on type 'Identifier'.
packages/isl-cli/src/commands/verify.ts(251,41): error TS2339: Property 'value' does not exist on type 'Identifier'.
packages/isl-cli/src/commands/verify.ts(257,55): error TS2339: Property 'conditions' does not exist on type 'PostconditionBlock[]'.
packages/isl-cli/src/commands/verify.ts(260,40): error TS2339: Property 'value' does not exist on type 'Identifier'.
packages/isl-cli/src/commands/verify.ts(263,37): error TS2339: Property 'value' does not exist on type 'Identifier'.
packages/isl-cli/src/commands/verify.ts(281,38): error TS2339: Property 'value' does not exist on type 'Identifier'.
packages/isl-cli/src/commands/verify.ts(281,55): error TS2339: Property 'span' does not exist on type 'Expression'.
  Property 'span' does not exist on type 'Identifier'.
packages/isl-cli/src/commands/verify.ts(282,49): error TS2339: Property 'expression' does not exist on type 'Expression'.
  Property 'expression' does not exist on type 'Identifier'.
packages/isl-cli/src/commands/verify.ts(284,35): error TS2339: Property 'value' does not exist on type 'Identifier'.
packages/isl-cli/src/commands/verify.ts(287,23): error TS2339: Property 'span' does not exist on type 'Expression'.
  Property 'span' does not exist on type 'Identifier'.
packages/isl-cli/src/commands/verify.ts(288,25): error TS2339: Property 'span' does not exist on type 'Expression'.
  Property 'span' does not exist on type 'Identifier'.
packages/isl-cli/src/commands/verify.ts(289,26): error TS2339: Property 'span' does not exist on type 'Expression'.
  Property 'span' does not exist on type 'Identifier'.
packages/isl-cli/src/commands/verify.ts(290,28): error TS2339: Property 'span' does not exist on type 'Expression'.
  Property 'span' does not exist on type 'Identifier'.
packages/isl-cli/src/commands/verify.ts(292,27): error TS2339: Property 'expression' does not exist on type 'Expression'.
  Property 'expression' does not exist on type 'Identifier'.
packages/isl-cli/src/commands/verify.ts(301,38): error TS2339: Property 'value' does not exist on type 'Identifier'.
packages/isl-cli/src/commands/verify.ts(301,57): error TS2339: Property 'span' does not exist on type 'TemporalSpec'.
packages/isl-cli/src/commands/verify.ts(302,50): error TS2339: Property 'expression' does not exist on type 'TemporalSpec'.
packages/isl-cli/src/commands/verify.ts(304,35): error TS2339: Property 'value' does not exist on type 'Identifier'.
packages/isl-cli/src/commands/verify.ts(307,24): error TS2339: Property 'span' does not exist on type 'TemporalSpec'.
packages/isl-cli/src/commands/verify.ts(308,26): error TS2339: Property 'span' does not exist on type 'TemporalSpec'.
packages/isl-cli/src/commands/verify.ts(310,28): error TS2339: Property 'expression' does not exist on type 'TemporalSpec'.
packages/isl-cli/src/commands/verify.ts(319,38): error TS2339: Property 'value' does not exist on type 'Identifier'.
packages/isl-cli/src/commands/verify.ts(319,55): error TS2339: Property 'span' does not exist on type 'SecuritySpec'.
packages/isl-cli/src/commands/verify.ts(320,49): error TS2339: Property 'expression' does not exist on type 'SecuritySpec'.
packages/isl-cli/src/commands/verify.ts(322,35): error TS2339: Property 'value' does not exist on type 'Identifier'.
packages/isl-cli/src/commands/verify.ts(325,23): error TS2339: Property 'span' does not exist on type 'SecuritySpec'.
packages/isl-cli/src/commands/verify.ts(326,25): error TS2339: Property 'span' does not exist on type 'SecuritySpec'.
packages/isl-cli/src/commands/verify.ts(328,27): error TS2339: Property 'expression' does not exist on type 'SecuritySpec'.
packages/isl-cli/src/commands/verify.ts(336,32): error TS2339: Property 'invariants' does not exist on type 'InvariantBlock'.
packages/isl-cli/src/commands/verify.ts(771,24): error TS2339: Property 'value' does not exist on type 'Identifier'.
packages/isl-cli/src/index.ts(159,11): error TS2353: Object literal may only specify known properties, and 'implementation' does not exist in type 'VerifyOptions'.
packages/isl-cli/src/index.ts(163,35): error TS2339: Property 'success' does not exist on type 'VerifyCommandResult'.
packages/isl-compiler/tests/core-loop.test.ts(13,10): error TS2305: Module '"@isl-lang/isl-core"' has no exported member 'parseISL'.
packages/isl-compiler/tests/core-loop.test.ts(42,48): error TS7006: Parameter 'e' implicitly has an 'any' type.
packages/isl-compiler/tests/core-loop.test.ts(43,50): error TS7006: Parameter 'b' implicitly has an 'any' type.
packages/isl-expression-evaluator/tests/diagnostics.test.ts(416,7): error TS2322: Type '{ kind: "NumberLiteral"; value: number; location: SourceLocation; }' is not assignable to type 'Expression'.
  Property 'isFloat' is missing in type '{ kind: "NumberLiteral"; value: number; location: SourceLocation; }' but required in type 'NumberLiteral'.
packages/isl-expression-evaluator/tests/golden-evaluator.test.ts(85,38): error TS2322: Type 'string' is not assignable to type '"ms" | "days" | "hours" | "minutes" | "seconds"'.
packages/isl-expression-evaluator/tests/v1-evaluator-enhanced.test.ts(91,44): error TS2322: Type 'string' is not assignable to type '"ms" | "days" | "hours" | "minutes" | "seconds"'.
packages/isl-expression-evaluator/tests/v1-evaluator.test.ts(1209,18): error TS2352: Conversion of type '{ kind: "UnsupportedExpr"; location: { file: string; line: number; column: number; endLine: number; endColumn: number; }; }' to type 'Expression' may be a mistake because neither type sufficiently overlaps with the other. If this was intentional, convert the expression to 'unknown' first.
  Property 'entries' is missing in type '{ kind: "UnsupportedExpr"; location: { file: string; line: number; column: number; endLine: number; endColumn: number; }; }' but required in type 'MapExpr'.
packages/isl-expression-evaluator/tests/v1-evaluator.test.ts(1376,22): error TS2769: No overload matches this call.
  Overload 1 of 4, '(iterable?: Iterable<readonly [string, boolean]> | null | undefined): Map<string, boolean>', gave the following error.
    Argument of type '([string, string] | [string, false])[]' is not assignable to parameter of type 'Iterable<readonly [string, boolean]>'.
      The types returned by '[Symbol.iterator]().next(...)' are incompatible between these types.
        Type 'IteratorResult<[string, string] | [string, false], undefined>' is not assignable to type 'IteratorResult<readonly [string, boolean], any>'.
          Type 'IteratorYieldResult<[string, string] | [string, false]>' is not assignable to type 'IteratorResult<readonly [string, boolean], any>'.
            Type 'IteratorYieldResult<[string, string] | [string, false]>' is not assignable to type 'IteratorYieldResult<readonly [string, boolean]>'.
              Type '[string, string] | [string, false]' is not assignable to type 'readonly [string, boolean]'.
                Type '[string, string]' is not assignable to type 'readonly [string, boolean]'.
                  Type at position 1 in source is not compatible with type at position 1 in target.
                    Type 'string' is not assignable to type 'boolean'.
  Overload 2 of 4, '(entries?: readonly (readonly [string, boolean])[] | null | undefined): Map<string, boolean>', gave the following error.
    Type 'string' is not assignable to type 'boolean'.
packages/isl-federation/tests/federation.test.ts(36,7): error TS2741: Property 'annotations' is missing in type '{ kind: "TypeDeclaration"; name: { kind: "Identifier"; name: string; location: AST.SourceLocation; }; definition: { kind: "PrimitiveType"; name: "String"; location: AST.SourceLocation; }; location: AST.SourceLocation; }' but required in type 'TypeDeclaration'.
packages/isl-federation/tests/federation.test.ts(316,11): error TS2322: Type '"ImportDeclaration"' is not assignable to type '"Import"'.
packages/isl-firewall/src/go/parser.ts(41,56): error TS2694: Namespace 'Parser' has no exported member 'Language'.
packages/isl-gate/src/verdict-scoring/scorer.test.ts(12,25): error TS2459: Module '"./scorer.js"' declares 'DEFAULT_SCORING_CONFIG' locally, but it is not exported.
packages/isl-gate/tests/trust-score.test.ts(578,64): error TS2554: Expected 2-3 arguments, but got 4.
packages/isl-gate/tests/trust-score.test.ts(579,72): error TS2554: Expected 2-3 arguments, but got 4.
packages/isl-gate/tests/trust-score.test.ts(580,76): error TS2554: Expected 2-3 arguments, but got 4.
packages/isl-gate/tests/trust-score.test.ts(595,64): error TS2554: Expected 2-3 arguments, but got 4.
packages/isl-gate/tests/trust-score.test.ts(596,72): error TS2554: Expected 2-3 arguments, but got 4.
packages/isl-gate/tests/trust-score.test.ts(634,7): error TS2554: Expected 2-3 arguments, but got 5.
packages/isl-gate/tests/trust-score.test.ts(641,7): error TS2554: Expected 2-3 arguments, but got 5.
packages/isl-gate/tests/trust-score.test.ts(661,7): error TS2554: Expected 2-3 arguments, but got 5.
packages/isl-gate/tests/trust-score.test.ts(686,7): error TS2554: Expected 2-3 arguments, but got 5.
packages/isl-healer/tests/fixtures/expected-healed.ts(8,27): error TS2307: Cannot find module '@/lib/rate-limit' or its corresponding type declarations.
packages/isl-healer/tests/fixtures/expected-healed.ts(9,23): error TS2307: Cannot find module '@/lib/audit' or its corresponding type declarations.
packages/isl-healer/tests/fixtures/expected-healed.ts(18,25): error TS2339: Property 'ip' does not exist on type 'Request'.
packages/isl-healer/tests/fixtures/expected-healed.ts(30,28): error TS2304: Cannot find name 'InputSchema'.
packages/isl-healer/tests/healer.test.ts(338,48): error TS2554: Expected 0 arguments, but got 1.
packages/isl-healer/tests/healer.test.ts(348,48): error TS2554: Expected 0 arguments, but got 1.
packages/isl-healer/tests/healer.test.ts(361,48): error TS2554: Expected 0 arguments, but got 1.
packages/isl-healer/tests/healer.test.ts(369,28): error TS2339: Property 'getCoverageStats' does not exist on type 'FixRecipeRegistryImpl'.
packages/isl-pbt/tests/generators.test.ts(104,35): error TS2345: Argument of type 'Generator<boolean>' is not assignable to parameter of type 'Generator<number>'.
  Type 'boolean' is not assignable to type 'number'.
packages/isl-pbt/tests/generators.test.ts(121,34): error TS2345: Argument of type 'Generator<string>' is not assignable to parameter of type 'Generator<number>'.
  Type 'string' is not assignable to type 'number'.
packages/isl-pbt/tests/generators.test.ts(132,34): error TS2345: Argument of type 'Generator<string>' is not assignable to parameter of type 'Generator<number>'.
  Type 'string' is not assignable to type 'number'.
packages/isl-pbt/tests/generators.test.ts(141,34): error TS2345: Argument of type 'Generator<string>' is not assignable to parameter of type 'Generator<number>'.
  Type 'string' is not assignable to type 'number'.
packages/isl-pbt/tests/generators.test.ts(151,34): error TS2345: Argument of type 'Generator<string>' is not assignable to parameter of type 'Generator<number>'.
  Type 'string' is not assignable to type 'number'.
packages/isl-pbt/tests/generators.test.ts(159,34): error TS2345: Argument of type 'Generator<string>' is not assignable to parameter of type 'Generator<number>'.
  Type 'string' is not assignable to type 'number'.
packages/isl-pbt/tests/generators.test.ts(209,34): error TS2345: Argument of type 'Generator<string>' is not assignable to parameter of type 'Generator<number>'.
  Type 'string' is not assignable to type 'number'.
packages/isl-pbt/tests/generators.test.ts(270,34): error TS2345: Argument of type 'Generator<string>' is not assignable to parameter of type 'Generator<number>'.
  Type 'string' is not assignable to type 'number'.
packages/isl-pbt/tests/generators.test.ts(278,34): error TS2345: Argument of type 'Generator<"RED" | "GREEN" | "BLUE">' is not assignable to parameter of type 'Generator<number>'.
  Type 'string' is not assignable to type 'number'.
    Type 'string' is not assignable to type 'number'.
packages/isl-pbt/tests/generators.test.ts(286,46): error TS2345: Argument of type 'Generator<number | undefined>' is not assignable to parameter of type 'Generator<number>'.
  Type 'number | undefined' is not assignable to type 'number'.
    Type 'undefined' is not assignable to type 'number'.
packages/isl-pbt/tests/generators.test.ts(326,34): error TS2345: Argument of type 'Generator<unknown>' is not assignable to parameter of type 'Generator<number>'.
  Type 'unknown' is not assignable to type 'number'.
packages/isl-pbt/tests/postcondition-evaluator.test.ts(26,37): error TS2353: Object literal may only specify known properties, and 'offset' does not exist in type 'SourceLocation'.
packages/isl-pipeline/src/healer.ts(239,10): error TS2678: Type '"nextjs-app-router"' is not comparable to type '"nextjs" | "express" | "fastify" | "nestjs" | "hono" | "unknown"'.
packages/isl-pipeline/src/healer.ts(241,10): error TS2678: Type '"nextjs-pages"' is not comparable to type '"nextjs" | "express" | "fastify" | "nestjs" | "hono" | "unknown"'.
packages/isl-pipeline/src/healer.ts(242,10): error TS2678: Type '"nextjs-legacy"' is not comparable to type '"nextjs" | "express" | "fastify" | "nestjs" | "hono" | "unknown"'.
packages/isl-pipeline/src/performance/benchmark.ts(14,10): error TS2305: Module '"@isl-lang/isl-core"' has no exported member 'parseISL'.
packages/isl-pipeline/src/performance/incremental.ts(12,10): error TS2305: Module '"@isl-lang/isl-core"' has no exported member 'parseISL'.
packages/isl-pipeline/src/performance/profiler.ts(230,5): error TS2322: Type 'unknown' is not assignable to type 'ReturnType<T>'.
packages/isl-pipeline/tests/fix-recipes.test.ts(194,19): error TS2739: Type '{ name: string; intents: never[]; preconditions: never[]; postconditions: never[]; }' is missing the following properties from type 'BehaviorAST': kind, description, input, output, invariants
packages/isl-pipeline/tests/fix-recipes.test.ts(199,7): error TS2322: Type '"nextjs-app-router"' is not assignable to type '"nextjs" | "express" | "fastify" | "nestjs" | "hono" | "unknown"'.
packages/isl-pipeline/tests/performance-budget.test.ts(11,10): error TS2305: Module '"@isl-lang/isl-core"' has no exported member 'parseISL'.
packages/isl-policy-packs/tests/bundle.test.ts(109,40): error TS2345: Argument of type '{ auth: { enabled: boolean; ruleOverrides: { 'auth/bypass-detected': { enabled: boolean; severity: string; }; }; }; }' is not assignable to parameter of type 'Record<string, PolicyPackConfig>'.
  Property 'auth' is incompatible with index signature.
    Type '{ enabled: boolean; ruleOverrides: { 'auth/bypass-detected': { enabled: boolean; severity: string; }; }; }' is not assignable to type 'PolicyPackConfig'.
      Types of property 'ruleOverrides' are incompatible.
        Type '{ 'auth/bypass-detected': { enabled: boolean; severity: string; }; }' is not assignable to type 'Record<string, { enabled?: boolean | undefined; severity?: PolicySeverity | undefined; config?: Record<string, unknown> | undefined; }>'.
          Property ''auth/bypass-detected'' is incompatible with index signature.
            Type '{ enabled: boolean; severity: string; }' is not assignable to type '{ enabled?: boolean | undefined; severity?: PolicySeverity | undefined; config?: Record<string, unknown> | undefined; }'.
              Types of property 'severity' are incompatible.
                Type 'string' is not assignable to type 'PolicySeverity | undefined'.
packages/isl-policy-packs/tests/bundle.test.ts(382,14): error TS2339: Property 'clear' does not exist on type 'PolicyPackRegistry'.
packages/isl-proof/test-types.ts(105,8): error TS2307: Cannot find module './index.js' or its corresponding type declarations.
packages/isl-proof/test-types.ts(191,8): error TS2307: Cannot find module './index.js' or its corresponding type declarations.
packages/isl-proof/tests/fail-closed.test.ts(110,5): error TS2353: Object literal may only specify known properties, and 'contentHash' does not exist in type 'StdlibVersion'.
packages/isl-proof/tests/golden-snapshots.test.ts(14,10): error TS2305: Module '"@isl-lang/isl-core"' has no exported member 'parseISL'.
packages/isl-proof/tests/golden-snapshots.test.ts(411,9): error TS2322: Type '"behavior_call"' is not assignable to type '"error" | "call" | "return" | "state_change" | "check"'.
packages/isl-proof/tests/golden-snapshots.test.ts(481,9): error TS2322: Type '"behavior_call"' is not assignable to type '"error" | "call" | "return" | "state_change" | "check"'.
packages/isl-proof/tests/verification-engine.test.ts(8,10): error TS2305: Module '"@isl-lang/isl-core"' has no exported member 'parseISL'.
packages/isl-semantic-analysis/src/passes/cyclic-dependencies.ts(15,15): error TS2305: Module '"@isl-lang/isl-core/ast"' has no exported member 'EntityDeclaration'.
packages/isl-semantic-analysis/src/passes/enhanced-consistency-checker.ts(12,15): error TS2305: Module '"@isl-lang/isl-core/ast"' has no exported member 'ConditionBlock'.
packages/isl-semantic-analysis/src/passes/enhanced-consistency-checker.ts(12,31): error TS2305: Module '"@isl-lang/isl-core/ast"' has no exported member 'SecurityBlock'.
packages/isl-semantic-analysis/src/passes/enhanced-consistency-checker.ts(12,46): error TS2305: Module '"@isl-lang/isl-core/ast"' has no exported member 'TemporalBlock'.
packages/isl-semantic-analysis/src/passes/type-coherence.ts(15,15): error TS2305: Module '"@isl-lang/isl-core/ast"' has no exported member 'EntityDeclaration'.
packages/isl-semantic-analysis/src/passes/unused-symbols.ts(13,15): error TS2305: Module '"@isl-lang/isl-core/ast"' has no exported member 'EntityDeclaration'.
packages/isl-semantic-analysis/tests/enhanced-consistency-checker.test.ts(68,66): error TS2353: Object literal may only specify known properties, and 'span' does not exist in type 'Identifier'.
packages/isl-semantic-analysis/tests/enhanced-consistency-checker.test.ts(70,9): error TS2353: Object literal may only specify known properties, and 'kind' does not exist in type 'Expression[]'.
packages/isl-semantic-analysis/tests/enhanced-consistency-checker.test.ts(110,57): error TS2353: Object literal may only specify known properties, and 'span' does not exist in type 'Identifier'.
packages/isl-semantic-analysis/tests/enhanced-consistency-checker.test.ts(112,9): error TS2353: Object literal may only specify known properties, and 'kind' does not exist in type 'Expression[]'.
packages/isl-semantic-analysis/tests/enhanced-consistency-checker.test.ts(159,64): error TS2353: Object literal may only specify known properties, and 'span' does not exist in type 'Identifier'.
packages/isl-semantic-analysis/tests/enhanced-consistency-checker.test.ts(161,9): error TS2353: Object literal may only specify known properties, and 'kind' does not exist in type 'Expression[]'.
packages/isl-semantic-analysis/tests/enhanced-consistency-checker.test.ts(189,64): error TS2353: Object literal may only specify known properties, and 'span' does not exist in type 'Identifier'.
packages/isl-semantic-analysis/tests/enhanced-consistency-checker.test.ts(191,9): error TS2322: Type '"InputBlock"' is not assignable to type '"InputSpec"'.
packages/isl-semantic-analysis/tests/enhanced-consistency-checker.test.ts(194,13): error TS2322: Type '"FieldDeclaration"' is not assignable to type '"Field"'.
packages/isl-semantic-analysis/tests/enhanced-consistency-checker.test.ts(195,60): error TS2353: Object literal may only specify known properties, and 'span' does not exist in type 'Identifier'.
packages/isl-semantic-analysis/tests/enhanced-consistency-checker.test.ts(196,21): error TS2322: Type '"SimpleType"' is not assignable to type '"PrimitiveType" | "ConstrainedType" | "EnumType" | "StructType" | "UnionType" | "ListType" | "MapType" | "OptionalType" | "ReferenceType"'.
packages/isl-semantic-analysis/tests/enhanced-consistency-checker.test.ts(196,49): error TS2322: Type '"Identifier"' is not assignable to type '"QualifiedName"'.
packages/isl-semantic-analysis/tests/enhanced-consistency-checker.test.ts(200,13): error TS2322: Type '"FieldDeclaration"' is not assignable to type '"Field"'.
packages/isl-semantic-analysis/tests/enhanced-consistency-checker.test.ts(201,62): error TS2353: Object literal may only specify known properties, and 'span' does not exist in type 'Identifier'.
packages/isl-semantic-analysis/tests/enhanced-consistency-checker.test.ts(202,21): error TS2322: Type '"SimpleType"' is not assignable to type '"PrimitiveType" | "ConstrainedType" | "EnumType" | "StructType" | "UnionType" | "ListType" | "MapType" | "OptionalType" | "ReferenceType"'.
packages/isl-semantic-analysis/tests/enhanced-consistency-checker.test.ts(202,49): error TS2322: Type '"Identifier"' is not assignable to type '"QualifiedName"'.
packages/isl-semantic-analysis/tests/enhanced-consistency-checker.test.ts(209,9): error TS2353: Object literal may only specify known properties, and 'kind' does not exist in type 'Expression[]'.
packages/isl-semantic-analysis/tests/enhanced-consistency-checker.test.ts(236,58): error TS2353: Object literal may only specify known properties, and 'span' does not exist in type 'Identifier'.
packages/isl-semantic-analysis/tests/enhanced-consistency-checker.test.ts(238,9): error TS2353: Object literal may only specify known properties, and 'kind' does not exist in type 'Expression[]'.
packages/isl-semantic-analysis/tests/enhanced-consistency-checker.test.ts(278,50): error TS2353: Object literal may only specify known properties, and 'span' does not exist in type 'Identifier'.
packages/isl-semantic-analysis/tests/enhanced-consistency-checker.test.ts(280,9): error TS2322: Type '"InputBlock"' is not assignable to type '"InputSpec"'.
packages/isl-semantic-analysis/tests/enhanced-consistency-checker.test.ts(283,13): error TS2322: Type '"FieldDeclaration"' is not assignable to type '"Field"'.
packages/isl-semantic-analysis/tests/enhanced-consistency-checker.test.ts(284,56): error TS2353: Object literal may only specify known properties, and 'span' does not exist in type 'Identifier'.
packages/isl-semantic-analysis/tests/enhanced-consistency-checker.test.ts(285,21): error TS2322: Type '"SimpleType"' is not assignable to type '"PrimitiveType" | "ConstrainedType" | "EnumType" | "StructType" | "UnionType" | "ListType" | "MapType" | "OptionalType" | "ReferenceType"'.
packages/isl-semantic-analysis/tests/enhanced-consistency-checker.test.ts(285,49): error TS2322: Type '"Identifier"' is not assignable to type '"QualifiedName"'.
packages/isl-semantic-analysis/tests/enhanced-consistency-checker.test.ts(289,13): error TS2322: Type '"FieldDeclaration"' is not assignable to type '"Field"'.
packages/isl-semantic-analysis/tests/enhanced-consistency-checker.test.ts(290,59): error TS2353: Object literal may only specify known properties, and 'span' does not exist in type 'Identifier'.
packages/isl-semantic-analysis/tests/enhanced-consistency-checker.test.ts(291,21): error TS2322: Type '"SimpleType"' is not assignable to type '"PrimitiveType" | "ConstrainedType" | "EnumType" | "StructType" | "UnionType" | "ListType" | "MapType" | "OptionalType" | "ReferenceType"'.
packages/isl-semantic-analysis/tests/enhanced-consistency-checker.test.ts(291,49): error TS2322: Type '"Identifier"' is not assignable to type '"QualifiedName"'.
packages/isl-semantic-analysis/tests/enhanced-consistency-checker.test.ts(295,13): error TS2322: Type '"FieldDeclaration"' is not assignable to type '"Field"'.
packages/isl-semantic-analysis/tests/enhanced-consistency-checker.test.ts(296,61): error TS2353: Object literal may only specify known properties, and 'span' does not exist in type 'Identifier'.
packages/isl-semantic-analysis/tests/enhanced-consistency-checker.test.ts(297,21): error TS2322: Type '"SimpleType"' is not assignable to type '"PrimitiveType" | "ConstrainedType" | "EnumType" | "StructType" | "UnionType" | "ListType" | "MapType" | "OptionalType" | "ReferenceType"'.
packages/isl-semantic-analysis/tests/enhanced-consistency-checker.test.ts(297,49): error TS2322: Type '"Identifier"' is not assignable to type '"QualifiedName"'.
packages/isl-semantic-analysis/tests/enhanced-consistency-checker.test.ts(304,9): error TS2353: Object literal may only specify known properties, and 'kind' does not exist in type 'Expression[]'.
packages/isl-semantic-analysis/tests/enhanced-consistency-checker.test.ts(347,9): error TS2353: Object literal may only specify known properties, and 'kind' does not exist in type 'SecuritySpec[]'.
packages/isl-semantic-analysis/tests/enhanced-consistency-checker.test.ts(377,9): error TS2353: Object literal may only specify known properties, and 'kind' does not exist in type 'TemporalSpec[]'.
packages/isl-semantic-analysis/tests/enhanced-consistency-checker.test.ts(397,61): error TS2353: Object literal may only specify known properties, and 'span' does not exist in type 'Identifier'.
packages/isl-semantic-analysis/tests/enhanced-consistency-checker.test.ts(399,9): error TS2353: Object literal may only specify known properties, and 'kind' does not exist in type 'Expression[]'.
packages/isl-semantic-analysis/tests/enhanced-consistency-checker.test.ts(446,68): error TS2353: Object literal may only specify known properties, and 'span' does not exist in type 'Identifier'.
packages/isl-semantic-analysis/tests/enhanced-consistency-checker.test.ts(448,9): error TS2353: Object literal may only specify known properties, and 'kind' does not exist in type 'TemporalSpec[]'.
packages/isl-semantic-analysis/tests/enhanced-consistency-checker.test.ts(468,57): error TS2353: Object literal may only specify known properties, and 'span' does not exist in type 'Identifier'.
packages/isl-semantic-analysis/tests/enhanced-consistency-checker.test.ts(470,9): error TS2353: Object literal may only specify known properties, and 'kind' does not exist in type 'Expression[]'.
packages/isl-semantic-analysis/tests/enhanced-consistency-checker.test.ts(521,49): error TS2345: Argument of type '{ kind: "ComparisonExpression"; operator: string; left: { kind: "Identifier"; name: string; span: { start: { line: number; column: number; offset: number; }; end: { line: number; column: number; offset: number; }; }; }; right: { ...; }; span: { start: { line: number; column: number; offset: number; }; end: { line: n...' is not assignable to parameter of type 'Expression'.
  Property 'location' is missing in type '{ kind: "ComparisonExpression"; operator: string; left: { kind: "Identifier"; name: string; span: { start: { line: number; column: number; offset: number; }; end: { line: number; column: number; offset: number; }; }; }; right: { ...; }; span: { start: { line: number; column: number; offset: number; }; end: { line: n...' but required in type 'BinaryExpr'.
packages/isl-semantic-analysis/tests/enhanced-consistency-checker.test.ts(533,49): error TS2345: Argument of type '{ kind: "BooleanLiteral"; value: boolean; span: { start: { line: number; column: number; offset: number; }; end: { line: number; column: number; offset: number; }; }; }' is not assignable to parameter of type 'Expression'.
  Property 'location' is missing in type '{ kind: "BooleanLiteral"; value: boolean; span: { start: { line: number; column: number; offset: number; }; end: { line: number; column: number; offset: number; }; }; }' but required in type 'BooleanLiteral'.
packages/isl-semantic-analysis/tests/enhanced-consistency-checker.test.ts(547,49): error TS2345: Argument of type '{ kind: "ComparisonExpression"; operator: string; left: { kind: "Identifier"; name: string; span: { start: { line: number; column: number; offset: number; }; end: { line: number; column: number; offset: number; }; }; }; right: { ...; }; span: { start: { line: number; column: number; offset: number; }; end: { line: n...' is not assignable to parameter of type 'Expression'.
  Property 'location' is missing in type '{ kind: "ComparisonExpression"; operator: string; left: { kind: "Identifier"; name: string; span: { start: { line: number; column: number; offset: number; }; end: { line: number; column: number; offset: number; }; }; }; right: { ...; }; span: { start: { line: number; column: number; offset: number; }; end: { line: n...' but required in type 'BinaryExpr'.
packages/isl-semantic-analysis/tests/enhanced-consistency-checker.test.ts(615,52): error TS2345: Argument of type '{ kind: "Identifier"; name: string; span: { start: { line: number; column: number; offset: number; }; end: { line: number; column: number; offset: number; }; }; }' is not assignable to parameter of type 'Expression | undefined'.
  Property 'location' is missing in type '{ kind: "Identifier"; name: string; span: { start: { line: number; column: number; offset: number; }; end: { line: number; column: number; offset: number; }; }; }' but required in type 'Identifier'.
packages/isl-semantic-analysis/tests/enhanced-consistency-checker.test.ts(626,52): error TS2345: Argument of type '{ kind: "MemberExpression"; object: { kind: "Identifier"; name: string; span: { start: { line: number; column: number; offset: number; }; end: { line: number; column: number; offset: number; }; }; }; property: { ...; }; span: { start: { line: number; column: number; offset: number; }; end: { line: number; column: nu...' is not assignable to parameter of type 'Expression | undefined'.
  Type '{ kind: "MemberExpression"; object: { kind: "Identifier"; name: string; span: { start: { line: number; column: number; offset: number; }; end: { line: number; column: number; offset: number; }; }; }; property: { ...; }; span: { start: { line: number; column: number; offset: number; }; end: { line: number; column: nu...' is not assignable to type 'Identifier | QualifiedName | Literal | StringLiteral | NumberLiteral | BooleanLiteral | ... 15 more ... | MapExpr'.
    Property 'location' is missing in type '{ kind: "MemberExpression"; object: { kind: "Identifier"; name: string; span: { start: { line: number; column: number; offset: number; }; end: { line: number; column: number; offset: number; }; }; }; property: { ...; }; span: { start: { line: number; column: number; offset: number; }; end: { line: number; column: nu...' but required in type 'MemberExpr'.
packages/isl-semantic-analysis/tests/enhanced-consistency-checker.test.ts(722,68): error TS2353: Object literal may only specify known properties, and 'span' does not exist in type 'Identifier'.
packages/isl-semantic-analysis/tests/enhanced-consistency-checker.test.ts(724,15): error TS2322: Type '"InputBlock"' is not assignable to type '"InputSpec"'.
packages/isl-semantic-analysis/tests/enhanced-consistency-checker.test.ts(727,19): error TS2322: Type '"FieldDeclaration"' is not assignable to type '"Field"'.
packages/isl-semantic-analysis/tests/enhanced-consistency-checker.test.ts(728,67): error TS2353: Object literal may only specify known properties, and 'span' does not exist in type 'Identifier'.
packages/isl-semantic-analysis/tests/enhanced-consistency-checker.test.ts(729,27): error TS2322: Type '"SimpleType"' is not assignable to type '"PrimitiveType" | "ConstrainedType" | "EnumType" | "StructType" | "UnionType" | "ListType" | "MapType" | "OptionalType" | "ReferenceType"'.
packages/isl-semantic-analysis/tests/enhanced-consistency-checker.test.ts(729,55): error TS2322: Type '"Identifier"' is not assignable to type '"QualifiedName"'.
packages/isl-semantic-analysis/tests/enhanced-consistency-checker.test.ts(736,15): error TS2353: Object literal may only specify known properties, and 'kind' does not exist in type 'Expression[]'.
packages/isl-semantic-analysis/tests/new-passes.test.ts(16,67): error TS2305: Module '"@isl-lang/isl-core"' has no exported member 'EntityDeclaration'.
packages/isl-semantic-analysis/tests/new-passes.test.ts(38,5): error TS2353: Object literal may only specify known properties, and 'start' does not exist in type 'SourceSpan'.
packages/isl-semantic-analysis/tests/new-passes.test.ts(94,10): error TS2352: Conversion of type '{ kind: "BehaviorDeclaration"; name: { kind: "Identifier"; name: string; span: SourceSpan; }; span: SourceSpan; input: { kind: "InputBlock"; fields: { kind: "FieldDeclaration"; name: { ...; }; type: { ...; }; span: SourceSpan; }[]; span: SourceSpan; }; ... 7 more ...; compliance: null; }' to type 'Behavior' may be a mistake because neither type sufficiently overlaps with the other. If this was intentional, convert the expression to 'unknown' first.
  Property 'location' is missing in type '{ kind: "BehaviorDeclaration"; name: { kind: "Identifier"; name: string; span: SourceSpan; }; span: SourceSpan; input: { kind: "InputBlock"; fields: { kind: "FieldDeclaration"; name: { ...; }; type: { ...; }; span: SourceSpan; }[]; span: SourceSpan; }; ... 7 more ...; compliance: null; }' but required in type 'Behavior'.
packages/isl-semantic-analysis/tests/new-passes.test.ts(169,7): error TS2322: Type 'unknown[]' is not assignable to type 'Import[]'.
  Type 'unknown' is not assignable to type 'Import'.
packages/isl-semantic-analysis/tests/new-passes.test.ts(200,7): error TS2322: Type 'unknown[]' is not assignable to type 'Import[]'.
  Type 'unknown' is not assignable to type 'Import'.
packages/isl-semantic-analysis/tests/new-passes.test.ts(351,7): error TS2353: Object literal may only specify known properties, and 'enums' does not exist in type 'Partial<Domain>'.
packages/isl-semantic-analysis/tests/new-passes.test.ts(538,19): error TS2322: Type '{ code: string; category: "semantic"; severity: "error"; message: string; location: { file: string; line: number; column: number; endLine: number; endColumn: number; }; source: string; }' is not assignable to type 'Diagnostic'.
  Types of property 'source' are incompatible.
    Type 'string' is not assignable to type '"verifier" | "parser" | "typechecker" | "evaluator" | "cli" | "lsp" | "lexer"'.
packages/isl-semantic-analysis/tests/new-passes.test.ts(546,19): error TS2322: Type '{ code: string; category: "semantic"; severity: "error"; message: string; location: { file: string; line: number; column: number; endLine: number; endColumn: number; }; source: string; }' is not assignable to type 'Diagnostic'.
  Types of property 'source' are incompatible.
    Type 'string' is not assignable to type '"verifier" | "parser" | "typechecker" | "evaluator" | "cli" | "lsp" | "lexer"'.
packages/isl-semantic-analysis/tests/pass-runner.test.ts(27,5): error TS2353: Object literal may only specify known properties, and 'start' does not exist in type 'SourceSpan'.
packages/isl-semantic-analysis/tests/pass-runner.test.ts(677,9): error TS2352: Conversion of type '{ behaviors: { kind: "BehaviorDeclaration"; name: { kind: "Identifier"; name: string; span: SourceSpan; }; span: SourceSpan; input: { kind: string; name: { kind: string; name: string; span: SourceSpan; }; type: { ...; }; span: SourceSpan; }[]; ... 7 more ...; compliance: null; }[]; }' to type 'Partial<Domain>' may be a mistake because neither type sufficiently overlaps with the other. If this was intentional, convert the expression to 'unknown' first.
  Types of property 'behaviors' are incompatible.
    Type '{ kind: "BehaviorDeclaration"; name: { kind: "Identifier"; name: string; span: SourceSpan; }; span: SourceSpan; input: { kind: string; name: { kind: string; name: string; span: SourceSpan; }; type: { ...; }; span: SourceSpan; }[]; ... 7 more ...; compliance: null; }[]' is not comparable to type 'Behavior[]'.
      Object literal may only specify known properties, and 'span' does not exist in type 'Behavior'.
packages/isl-semantic-analysis/tests/pass-runner.test.ts(759,9): error TS2352: Conversion of type '{ entities: { kind: "EntityDeclaration"; name: { kind: "Identifier"; name: string; span: SourceSpan; }; span: SourceSpan; fields: { kind: "FieldDeclaration"; name: { kind: "Identifier"; name: string; span: SourceSpan; }; type: { ...; }; span: SourceSpan; }[]; invariants: null; lifecycle: null; }[]; }' to type 'Partial<Domain>' may be a mistake because neither type sufficiently overlaps with the other. If this was intentional, convert the expression to 'unknown' first.
  Types of property 'entities' are incompatible.
    Type '{ kind: "EntityDeclaration"; name: { kind: "Identifier"; name: string; span: SourceSpan; }; span: SourceSpan; fields: { kind: "FieldDeclaration"; name: { kind: "Identifier"; name: string; span: SourceSpan; }; type: { ...; }; span: SourceSpan; }[]; invariants: null; lifecycle: null; }[]' is not comparable to type 'Entity[]'.
      Object literal may only specify known properties, and 'span' does not exist in type 'Entity'.
packages/isl-semantic-analysis/tests/pass-runner.test.ts(787,9): error TS2352: Conversion of type '{ types: { kind: "TypeDeclaration"; name: { kind: "Identifier"; name: string; span: SourceSpan; }; span: SourceSpan; type: { kind: string; name: { kind: string; name: string; span: SourceSpan; }; span: SourceSpan; }; constraints: null; }[]; }' to type 'Partial<Domain>' may be a mistake because neither type sufficiently overlaps with the other. If this was intentional, convert the expression to 'unknown' first.
  Types of property 'types' are incompatible.
    Type '{ kind: "TypeDeclaration"; name: { kind: "Identifier"; name: string; span: SourceSpan; }; span: SourceSpan; type: { kind: string; name: { kind: string; name: string; span: SourceSpan; }; span: SourceSpan; }; constraints: null; }[]' is not comparable to type 'TypeDeclaration[]'.
      Object literal may only specify known properties, and 'span' does not exist in type 'TypeDeclaration'.
packages/isl-semantic-analysis/tests/semantic-passes.test.ts(15,67): error TS2305: Module '"@isl-lang/isl-core"' has no exported member 'EntityDeclaration'.
packages/isl-semantic-analysis/tests/semantic-passes.test.ts(35,5): error TS2353: Object literal may only specify known properties, and 'start' does not exist in type 'SourceSpan'.
packages/isl-semantic-analysis/tests/semantic-passes.test.ts(89,10): error TS2352: Conversion of type '{ kind: "BehaviorDeclaration"; name: { kind: "Identifier"; name: string; span: SourceSpan; }; span: SourceSpan; input: { kind: string; name: { kind: string; name: string; span: SourceSpan; }; type: { ...; }; span: SourceSpan; }[]; ... 7 more ...; compliance: null; }' to type 'Behavior' may be a mistake because neither type sufficiently overlaps with the other. If this was intentional, convert the expression to 'unknown' first.
  Property 'location' is missing in type '{ kind: "BehaviorDeclaration"; name: { kind: "Identifier"; name: string; span: SourceSpan; }; span: SourceSpan; input: { kind: string; name: { kind: string; name: string; span: SourceSpan; }; type: { ...; }; span: SourceSpan; }[]; ... 7 more ...; compliance: null; }' but required in type 'Behavior'.
packages/isl-semantic-analysis/tests/semantic-passes.test.ts(226,53): error TS2353: Object literal may only specify known properties, and 'span' does not exist in type 'Identifier'.
packages/isl-semantic-analysis/tests/semantic-passes.test.ts(425,13): error TS2353: Object literal may only specify known properties, and 'guard' does not exist in type '{ expression: unknown; }'.
packages/isl-semantic-analysis/tests/semantic-passes.test.ts(435,13): error TS2353: Object literal may only specify known properties, and 'guard' does not exist in type '{ expression: unknown; }'.
packages/isl-semantic-analysis/tests/semantic-passes.test.ts(744,19): error TS2352: Conversion of type '{ preconditions: null; postconditions: null; kind: "Behavior"; name: Identifier; description?: StringLiteral; actors?: ActorSpec[]; ... 7 more ...; location: SourceLocation; }' to type 'Behavior' may be a mistake because neither type sufficiently overlaps with the other. If this was intentional, convert the expression to 'unknown' first.
  Types of property 'preconditions' are incompatible.
    Type 'null' is not comparable to type 'Expression[]'.
packages/isl-semantic-analysis/tests/semantic-passes.test.ts(777,19): error TS2322: Type '{ code: string; category: "semantic"; severity: "error"; message: string; location: { file: string; line: number; column: number; endLine: number; endColumn: number; }; source: string; }' is not assignable to type 'Diagnostic'.
  Types of property 'source' are incompatible.
    Type 'string' is not assignable to type '"verifier" | "parser" | "typechecker" | "evaluator" | "cli" | "lsp" | "lexer"'.
packages/isl-semantic-analysis/tests/semantic-passes.test.ts(785,19): error TS2322: Type '{ code: string; category: "semantic"; severity: "error"; message: string; location: { file: string; line: number; column: number; endLine: number; endColumn: number; }; source: string; }' is not assignable to type 'Diagnostic'.
  Types of property 'source' are incompatible.
    Type 'string' is not assignable to type '"verifier" | "parser" | "typechecker" | "evaluator" | "cli" | "lsp" | "lexer"'.
packages/isl-smt/src/diagnostics.ts(551,7): error TS2322: Type 'number | bigint' is not assignable to type 'number | undefined'.
  Type 'bigint' is not assignable to type 'number'.
packages/isl-smt/src/encoder.ts(18,3): error TS2305: Module '"@isl-lang/isl-core/ast"' has no exported member 'Expression'.
packages/isl-smt/src/encoder.ts(19,3): error TS2305: Module '"@isl-lang/isl-core/ast"' has no exported member 'Identifier'.
packages/isl-smt/src/encoder.ts(20,3): error TS2305: Module '"@isl-lang/isl-core/ast"' has no exported member 'BooleanLiteral'.
packages/isl-smt/src/encoder.ts(21,3): error TS2305: Module '"@isl-lang/isl-core/ast"' has no exported member 'NumberLiteral'.
packages/isl-smt/src/encoder.ts(22,3): error TS2305: Module '"@isl-lang/isl-core/ast"' has no exported member 'StringLiteral'.
packages/isl-smt/src/encoder.ts(23,3): error TS2305: Module '"@isl-lang/isl-core/ast"' has no exported member 'NullLiteral'.
packages/isl-smt/src/encoder.ts(24,3): error TS2305: Module '"@isl-lang/isl-core/ast"' has no exported member 'BinaryExpression'.
packages/isl-smt/src/encoder.ts(25,3): error TS2305: Module '"@isl-lang/isl-core/ast"' has no exported member 'UnaryExpression'.
packages/isl-smt/src/encoder.ts(26,3): error TS2305: Module '"@isl-lang/isl-core/ast"' has no exported member 'ComparisonExpression'.
packages/isl-smt/src/encoder.ts(27,3): error TS2305: Module '"@isl-lang/isl-core/ast"' has no exported member 'LogicalExpression'.
packages/isl-smt/src/encoder.ts(28,3): error TS2305: Module '"@isl-lang/isl-core/ast"' has no exported member 'QuantifiedExpression'.
packages/isl-smt/src/encoder.ts(29,3): error TS2305: Module '"@isl-lang/isl-core/ast"' has no exported member 'MemberExpression'.
packages/isl-smt/src/encoder.ts(30,3): error TS2305: Module '"@isl-lang/isl-core/ast"' has no exported member 'CallExpression'.
packages/isl-smt/src/encoder.ts(31,3): error TS2305: Module '"@isl-lang/isl-core/ast"' has no exported member 'OldExpression'.
packages/isl-smt/src/encoder.ts(32,3): error TS2305: Module '"@isl-lang/isl-core/ast"' has no exported member 'ConditionStatement'.
packages/isl-smt/src/encoder.ts(33,3): error TS2305: Module '"@isl-lang/isl-core/ast"' has no exported member 'TypeConstraint'.
packages/isl-smt/src/encoder.ts(1005,41): error TS7006: Parameter 'a' implicitly has an 'any' type.
packages/isl-smt/src/encoder.ts(1020,39): error TS7006: Parameter 'a' implicitly has an 'any' type.
packages/isl-smt/src/external-solver.ts(1178,9): error TS2322: Type '{ retryAttempts: number; solverTimeMs?: number | undefined; memoryUsed?: number; conflicts?: number; decisions?: number; actualSolver?: ExternalSolver; }' is not assignable to type 'SolverStats'.
  Types of property 'solverTimeMs' are incompatible.
    Type 'number | undefined' is not assignable to type 'number'.
      Type 'undefined' is not assignable to type 'number'.
packages/isl-smt/src/smtlib-generator.ts(18,3): error TS2305: Module '"@isl-lang/isl-core/ast"' has no exported member 'ConditionStatement'.
packages/isl-smt/src/smtlib-generator.ts(19,3): error TS2305: Module '"@isl-lang/isl-core/ast"' has no exported member 'ConditionBlock'.
packages/isl-smt/src/smtlib-generator.ts(20,3): error TS2305: Module '"@isl-lang/isl-core/ast"' has no exported member 'TypeConstraint'.
packages/isl-smt/src/solver.ts(314,50): error TS2307: Cannot find module '@isl-lang/solver-z3-wasm' or its corresponding type declarations.
packages/isl-smt/src/solver.ts(327,49): error TS2307: Cannot find module '@isl-lang/solver-z3-wasm' or its corresponding type declarations.
packages/isl-smt/src/types.ts(42,15): error TS2305: Module '"@isl-lang/isl-core/ast"' has no exported member 'ConditionStatement'.
packages/isl-smt/src/types.ts(42,35): error TS2305: Module '"@isl-lang/isl-core/ast"' has no exported member 'TypeConstraint'.
packages/isl-smt/src/verifier.ts(14,3): error TS2305: Module '"@isl-lang/isl-core/ast"' has no exported member 'TypeDeclaration'.
packages/isl-smt/src/verifier.ts(15,3): error TS2305: Module '"@isl-lang/isl-core/ast"' has no exported member 'ConditionBlock'.
packages/isl-smt/src/verifier.ts(16,3): error TS2305: Module '"@isl-lang/isl-core/ast"' has no exported member 'ConditionStatement'.
packages/isl-smt/src/verifier.ts(17,3): error TS2305: Module '"@isl-lang/isl-core/ast"' has no exported member 'TypeConstraint'.
packages/isl-smt/src/verifier.ts(18,3): error TS2305: Module '"@isl-lang/isl-core/ast"' has no exported member 'FieldDeclaration'.
packages/isl-smt/src/verifier.ts(64,24): error TS18046: 'domain.types' is of type 'unknown'.
packages/isl-smt/src/verifier.ts(99,42): error TS2339: Property 'fields' does not exist on type '{}'.
packages/isl-smt/src/verifier.ts(107,75): error TS2339: Property 'success' does not exist on type '{}'.
packages/isl-smt/src/verifier.ts(607,7): error TS2322: Type '"builtin" | "z3" | "cvc5" | "z3-wasm"' is not assignable to type '"builtin" | "z3" | "cvc5"'.
  Type '"z3-wasm"' is not assignable to type '"builtin" | "z3" | "cvc5"'.
packages/isl-smt/src/verifier.ts(772,9): error TS2322: Type '"builtin" | "z3" | "cvc5" | "z3-wasm"' is not assignable to type '"builtin" | "z3" | "cvc5"'.
  Type '"z3-wasm"' is not assignable to type '"builtin" | "z3" | "cvc5"'.
packages/isl-smt/tests/builtin-solver.test.ts(45,21): error TS2339: Property 'model' does not exist on type 'SMTCheckResult'.
  Property 'model' does not exist on type '{ status: "unsat"; }'.
packages/isl-smt/tests/builtin-solver.test.ts(46,21): error TS2339: Property 'model' does not exist on type 'SMTCheckResult'.
  Property 'model' does not exist on type '{ status: "unsat"; }'.
packages/isl-smt/tests/builtin-solver.test.ts(47,21): error TS2339: Property 'model' does not exist on type 'SMTCheckResult'.
  Property 'model' does not exist on type '{ status: "unsat"; }'.
packages/isl-smt/tests/builtin-solver.test.ts(103,21): error TS2339: Property 'model' does not exist on type 'SMTCheckResult'.
  Property 'model' does not exist on type '{ status: "unsat"; }'.
packages/isl-smt/tests/builtin-solver.test.ts(119,27): error TS2339: Property 'model' does not exist on type 'SMTCheckResult'.
  Property 'model' does not exist on type '{ status: "unsat"; }'.
packages/isl-smt/tests/builtin-solver.test.ts(149,21): error TS2339: Property 'model' does not exist on type 'SMTCheckResult'.
  Property 'model' does not exist on type '{ status: "unsat"; }'.
packages/isl-smt/tests/builtin-solver.test.ts(170,27): error TS2339: Property 'model' does not exist on type 'SMTCheckResult'.
  Property 'model' does not exist on type '{ status: "unsat"; }'.
packages/isl-smt/tests/builtin-solver.test.ts(171,27): error TS2339: Property 'model' does not exist on type 'SMTCheckResult'.
  Property 'model' does not exist on type '{ status: "unsat"; }'.
packages/isl-smt/tests/builtin-solver.test.ts(190,27): error TS2339: Property 'model' does not exist on type 'SMTCheckResult'.
  Property 'model' does not exist on type '{ status: "unsat"; }'.
packages/isl-smt/tests/builtin-solver.test.ts(258,21): error TS2339: Property 'model' does not exist on type 'SMTCheckResult'.
  Property 'model' does not exist on type '{ status: "unsat"; }'.
packages/isl-smt/tests/builtin-solver.test.ts(259,21): error TS2339: Property 'model' does not exist on type 'SMTCheckResult'.
  Property 'model' does not exist on type '{ status: "unsat"; }'.
packages/isl-smt/tests/smt.test.ts(13,55): error TS2305: Module '"@isl-lang/isl-core/ast"' has no exported member 'ConditionBlock'.
packages/isl-smt/tests/smt.test.ts(13,71): error TS2305: Module '"@isl-lang/isl-core/ast"' has no exported member 'ConditionStatement'.
packages/isl-smt/tests/smt.test.ts(13,91): error TS2305: Module '"@isl-lang/isl-core/ast"' has no exported member 'TypeDeclaration'.
packages/isl-smt/tests/smt.test.ts(13,108): error TS2305: Module '"@isl-lang/isl-core/ast"' has no exported member 'TypeConstraint'.
packages/isl-test-runtime/src/trace-emitter.ts(10,66): error TS2307: Cannot find module '@isl-lang/trace-viewer' or its corresponding type declarations.
packages/isl-verify-pipeline/src/pipeline.ts(29,3): error TS2459: Module '"./stages/test-runner.js"' declares 'TestRunnerOutput' locally, but it is not exported.
packages/isl-verify-pipeline/src/pipeline.ts(35,3): error TS2459: Module '"./stages/trace-collector.js"' declares 'TraceCollectorOutput' locally, but it is not exported.
packages/isl-verify-pipeline/src/pipeline.ts(40,3): error TS2724: '"./stages/postcondition-evaluator.js"' has no exported member named 'PostconditionEvaluatorOutput'. Did you mean 'PostconditionEvaluatorConfig'?
packages/isl-verify-pipeline/src/pipeline.ts(45,3): error TS2459: Module '"./stages/invariant-checker.js"' declares 'InvariantCheckerOutput' locally, but it is not exported.
packages/isl-verify-pipeline/src/pipeline.ts(50,3): error TS2459: Module '"./stages/smt-checker.js"' declares 'SMTCheckerOutput' locally, but it is not exported.
packages/isl-verify-pipeline/src/pipeline.ts(119,63): error TS2339: Property 'value' does not exist on type 'Identifier'.
packages/isl-verify-pipeline/src/pipeline.ts(328,39): error TS2339: Property 'value' does not exist on type 'Identifier'.
packages/isl-verify-pipeline/src/pipeline.ts(362,11): error TS2352: Conversion of type 'Error & Record<"category", unknown>' to type 'StageError' may be a mistake because neither type sufficiently overlaps with the other. If this was intentional, convert the expression to 'unknown' first.
  Type 'Error & Record<"category", unknown>' is missing the following properties from type 'StageError': code, stage, recoverable
packages/isl-verify-pipeline/src/pipeline.ts(409,11): error TS2352: Conversion of type 'Error & Record<"category", unknown>' to type 'StageError' may be a mistake because neither type sufficiently overlaps with the other. If this was intentional, convert the expression to 'unknown' first.
  Type 'Error & Record<"category", unknown>' is missing the following properties from type 'StageError': code, stage, recoverable
packages/isl-verify-pipeline/src/pipeline.ts(452,12): error TS2352: Conversion of type '{ kind: "DomainDeclaration"; name: { kind: "Identifier"; value: string; }; version: { kind: "StringLiteral"; value: string; } | undefined; entities: never[]; behaviors: never[]; invariants: never[]; imports: never[]; exports: never[]; }' to type 'Domain' may be a mistake because neither type sufficiently overlaps with the other. If this was intentional, convert the expression to 'unknown' first.
  Type '{ kind: "DomainDeclaration"; name: { kind: "Identifier"; value: string; }; version: { kind: "StringLiteral"; value: string; } | undefined; entities: never[]; behaviors: never[]; invariants: never[]; imports: never[]; exports: never[]; }' is missing the following properties from type 'Domain': uses, types, policies, views, and 3 more.
packages/isl-verify-pipeline/src/stages/invariant-checker.ts(24,10): error TS2459: Module '"./trace-collector.js"' declares 'flattenEvents' locally, but it is not exported.
packages/isl-verify-pipeline/src/stages/invariant-checker.ts(65,30): error TS2339: Property 'value' does not exist on type 'Identifier'.
packages/isl-verify-pipeline/src/stages/invariant-checker.ts(65,47): error TS2339: Property 'span' does not exist on type 'Expression'.
  Property 'span' does not exist on type 'Identifier'.
packages/isl-verify-pipeline/src/stages/invariant-checker.ts(67,33): error TS2339: Property 'value' does not exist on type 'Identifier'.
packages/isl-verify-pipeline/src/stages/invariant-checker.ts(68,51): error TS2339: Property 'expression' does not exist on type 'Expression'.
  Property 'expression' does not exist on type 'Identifier'.
packages/isl-verify-pipeline/src/stages/invariant-checker.ts(69,28): error TS2339: Property 'expression' does not exist on type 'Expression'.
  Property 'expression' does not exist on type 'Identifier'.
packages/isl-verify-pipeline/src/stages/invariant-checker.ts(70,29): error TS2339: Property 'span' does not exist on type 'Expression'.
  Property 'span' does not exist on type 'Identifier'.
packages/isl-verify-pipeline/src/stages/invariant-checker.ts(71,21): error TS2339: Property 'span' does not exist on type 'Expression'.
  Property 'span' does not exist on type 'Identifier'.
packages/isl-verify-pipeline/src/stages/invariant-checker.ts(72,21): error TS2339: Property 'span' does not exist on type 'Expression'.
  Property 'span' does not exist on type 'Identifier'.
packages/isl-verify-pipeline/src/stages/invariant-checker.ts(73,23): error TS2339: Property 'span' does not exist on type 'Expression'.
  Property 'span' does not exist on type 'Identifier'.
packages/isl-verify-pipeline/src/stages/invariant-checker.ts(74,24): error TS2339: Property 'span' does not exist on type 'Expression'.
  Property 'span' does not exist on type 'Identifier'.
packages/isl-verify-pipeline/src/stages/invariant-checker.ts(75,26): error TS2339: Property 'span' does not exist on type 'Expression'.
  Property 'span' does not exist on type 'Identifier'.
packages/isl-verify-pipeline/src/stages/invariant-checker.ts(83,32): error TS2339: Property 'invariants' does not exist on type 'InvariantBlock'.
packages/isl-verify-pipeline/src/stages/invariant-checker.ts(106,28): error TS2339: Property 'value' does not exist on type 'Identifier'.
packages/isl-verify-pipeline/src/stages/invariant-checker.ts(106,52): error TS2339: Property 'span' does not exist on type 'Expression'.
  Property 'span' does not exist on type 'Identifier'.
packages/isl-verify-pipeline/src/stages/invariant-checker.ts(108,29): error TS2339: Property 'value' does not exist on type 'Identifier'.
packages/isl-verify-pipeline/src/stages/invariant-checker.ts(109,51): error TS2339: Property 'expression' does not exist on type 'Expression'.
  Property 'expression' does not exist on type 'Identifier'.
packages/isl-verify-pipeline/src/stages/invariant-checker.ts(110,28): error TS2339: Property 'expression' does not exist on type 'Expression'.
  Property 'expression' does not exist on type 'Identifier'.
packages/isl-verify-pipeline/src/stages/invariant-checker.ts(111,29): error TS2339: Property 'span' does not exist on type 'Expression'.
  Property 'span' does not exist on type 'Identifier'.
packages/isl-verify-pipeline/src/stages/invariant-checker.ts(112,21): error TS2339: Property 'span' does not exist on type 'Expression'.
  Property 'span' does not exist on type 'Identifier'.
packages/isl-verify-pipeline/src/stages/invariant-checker.ts(113,21): error TS2339: Property 'span' does not exist on type 'Expression'.
  Property 'span' does not exist on type 'Identifier'.
packages/isl-verify-pipeline/src/stages/invariant-checker.ts(114,23): error TS2339: Property 'span' does not exist on type 'Expression'.
  Property 'span' does not exist on type 'Identifier'.
packages/isl-verify-pipeline/src/stages/invariant-checker.ts(115,24): error TS2339: Property 'span' does not exist on type 'Expression'.
  Property 'span' does not exist on type 'Identifier'.
packages/isl-verify-pipeline/src/stages/invariant-checker.ts(116,26): error TS2339: Property 'span' does not exist on type 'Expression'.
  Property 'span' does not exist on type 'Identifier'.
packages/isl-verify-pipeline/src/stages/postcondition-evaluator.ts(61,53): error TS2339: Property 'conditions' does not exist on type 'PostconditionBlock[]'.
packages/isl-verify-pipeline/src/stages/postcondition-evaluator.ts(69,43): error TS2339: Property 'value' does not exist on type 'Identifier'.
packages/isl-verify-pipeline/src/stages/postcondition-evaluator.ts(73,35): error TS2339: Property 'value' does not exist on type 'Identifier'.
packages/isl-verify-pipeline/src/stages/smt-checker.ts(281,30): error TS7016: Could not find a declaration file for module '@isl-lang/isl-smt'. 'C:/Users/mevla/OneDrive/Desktop/projects/IntentOS/packages/isl-smt/dist/index.js' implicitly has an 'any' type.
  Try `npm i --save-dev @types/isl-lang__isl-smt` if it exists or add a new declaration (.d.ts) file containing `declare module '@isl-lang/isl-smt';`
packages/isl-verify-pipeline/src/stages/smt-checker.ts(283,55): error TS7016: Could not find a declaration file for module '@isl-lang/isl-smt'. 'C:/Users/mevla/OneDrive/Desktop/projects/IntentOS/packages/isl-smt/dist/index.js' implicitly has an 'any' type.
  Try `npm i --save-dev @types/isl-lang__isl-smt` if it exists or add a new declaration (.d.ts) file containing `declare module '@isl-lang/isl-smt';`
packages/isl-verify-pipeline/src/stages/smt-checker.ts(287,30): error TS7016: Could not find a declaration file for module '@isl-lang/isl-smt'. 'C:/Users/mevla/OneDrive/Desktop/projects/IntentOS/packages/isl-smt/dist/index.js' implicitly has an 'any' type.
  Try `npm i --save-dev @types/isl-lang__isl-smt` if it exists or add a new declaration (.d.ts) file containing `declare module '@isl-lang/isl-smt';`
packages/isl-verify-pipeline/src/stages/smt-checker.ts(320,62): error TS2307: Cannot find module '@isl-lang/prover' or its corresponding type declarations.
packages/isl-verify-pipeline/src/stages/smt-checker.ts(392,94): error TS2694: Namespace '"@isl-lang/isl-core/ast"' has no exported member 'Expression'.
packages/isl-verify-pipeline/src/stages/smt-resolution.ts(90,30): error TS7016: Could not find a declaration file for module '@isl-lang/isl-smt'. 'C:/Users/mevla/OneDrive/Desktop/projects/IntentOS/packages/isl-smt/dist/index.js' implicitly has an 'any' type.
  Try `npm i --save-dev @types/isl-lang__isl-smt` if it exists or add a new declaration (.d.ts) file containing `declare module '@isl-lang/isl-smt';`
packages/isl-verify-pipeline/src/verifier.ts(118,35): error TS2339: Property 'invariants' does not exist on type 'InvariantBlock'.
packages/isl-verify-pipeline/src/verifier.ts(119,28): error TS2339: Property 'invariants' does not exist on type 'InvariantBlock'.
packages/isl-verify-pipeline/src/verifier.ts(141,28): error TS2339: Property 'value' does not exist on type 'Identifier'.
packages/isl-verify-pipeline/src/verifier.ts(141,52): error TS2339: Property 'span' does not exist on type 'Expression'.
  Property 'span' does not exist on type 'Identifier'.
packages/isl-verify-pipeline/src/verifier.ts(143,42): error TS2339: Property 'expression' does not exist on type 'Expression'.
  Property 'expression' does not exist on type 'Identifier'.
packages/isl-verify-pipeline/src/verifier.ts(144,28): error TS2339: Property 'expression' does not exist on type 'Expression'.
  Property 'expression' does not exist on type 'Identifier'.
packages/isl-verify-pipeline/src/verifier.ts(145,29): error TS2339: Property 'span' does not exist on type 'Expression'.
  Property 'span' does not exist on type 'Identifier'.
packages/isl-verify-pipeline/src/verifier.ts(146,21): error TS2339: Property 'span' does not exist on type 'Expression'.
  Property 'span' does not exist on type 'Identifier'.
packages/isl-verify-pipeline/src/verifier.ts(147,21): error TS2339: Property 'span' does not exist on type 'Expression'.
  Property 'span' does not exist on type 'Identifier'.
packages/isl-verify-pipeline/src/verifier.ts(148,23): error TS2339: Property 'span' does not exist on type 'Expression'.
  Property 'span' does not exist on type 'Identifier'.
packages/isl-verify-pipeline/src/verifier.ts(160,52): error TS2339: Property 'conditions' does not exist on type 'PostconditionBlock[]'.
packages/isl-verify-pipeline/src/verifier.ts(168,30): error TS2339: Property 'value' does not exist on type 'Identifier'.
packages/isl-verify-pipeline/src/verifier.ts(170,33): error TS2339: Property 'value' does not exist on type 'Identifier'.
packages/isl-verify-pipeline/src/verifier.ts(193,28): error TS2339: Property 'value' does not exist on type 'Identifier'.
packages/isl-verify-pipeline/src/verifier.ts(193,45): error TS2339: Property 'span' does not exist on type 'Expression'.
  Property 'span' does not exist on type 'Identifier'.
packages/isl-verify-pipeline/src/verifier.ts(195,31): error TS2339: Property 'value' does not exist on type 'Identifier'.
packages/isl-verify-pipeline/src/verifier.ts(196,40): error TS2339: Property 'expression' does not exist on type 'Expression'.
  Property 'expression' does not exist on type 'Identifier'.
packages/isl-verify-pipeline/src/verifier.ts(197,26): error TS2339: Property 'expression' does not exist on type 'Expression'.
  Property 'expression' does not exist on type 'Identifier'.
packages/isl-verify-pipeline/src/verifier.ts(198,27): error TS2339: Property 'span' does not exist on type 'Expression'.
  Property 'span' does not exist on type 'Identifier'.
packages/isl-verify-pipeline/src/verifier.ts(199,19): error TS2339: Property 'span' does not exist on type 'Expression'.
  Property 'span' does not exist on type 'Identifier'.
packages/isl-verify-pipeline/src/verifier.ts(200,19): error TS2339: Property 'span' does not exist on type 'Expression'.
  Property 'span' does not exist on type 'Identifier'.
packages/isl-verify-pipeline/src/verifier.ts(201,21): error TS2339: Property 'span' does not exist on type 'Expression'.
  Property 'span' does not exist on type 'Identifier'.
packages/isl-verify-pipeline/src/verifier.ts(212,48): error TS2339: Property 'statements' does not exist on type 'Expression[]'.
packages/isl-verify-pipeline/src/verifier.ts(213,42): error TS2339: Property 'statements' does not exist on type 'Expression[]'.
packages/isl-verify-pipeline/src/verifier.ts(216,28): error TS2339: Property 'value' does not exist on type 'Identifier'.
packages/isl-verify-pipeline/src/verifier.ts(218,31): error TS2339: Property 'value' does not exist on type 'Identifier'.
packages/isl-verify-pipeline/src/verifier.ts(782,34): error TS2339: Property 'value' does not exist on type 'Identifier'.
packages/isl-verify-pipeline/src/verifier.ts(1049,31): error TS2322: Type 'Domain | undefined' is not assignable to type 'Domain | null'.
  Type 'undefined' is not assignable to type 'Domain | null'.
packages/isl-verify-pipeline/src/verifier.ts(1058,29): error TS2322: Type 'Domain | undefined' is not assignable to type 'Domain | null'.
  Type 'undefined' is not assignable to type 'Domain | null'.
packages/isl-verify-pipeline/src/verifier.ts(1072,31): error TS2322: Type 'Domain | undefined' is not assignable to type 'Domain | null'.
  Type 'undefined' is not assignable to type 'Domain | null'.
packages/isl-verify-pipeline/tests/integration/login-behavior.test.ts(694,53): error TS2367: This comparison appears to be unintentional because the types 'boolean' and 'string' have no overlap.
packages/islstudio/src/baseline.ts(63,15): error TS2339: Property 'filePath' does not exist on type 'RuleViolation'.
packages/islstudio/src/baseline.ts(64,15): error TS2339: Property 'line' does not exist on type 'RuleViolation'.
packages/islstudio/src/baseline.ts(65,61): error TS2339: Property 'filePath' does not exist on type 'RuleViolation'.
packages/islstudio/src/baseline.ts(106,34): error TS2339: Property 'filePath' does not exist on type 'RuleViolation'.
packages/islstudio/src/enterprise/audit.ts(81,17): error TS2339: Property 'filePath' does not exist on type 'RuleViolation'.
packages/islstudio/src/enterprise/audit.ts(82,17): error TS2339: Property 'line' does not exist on type 'RuleViolation'.
packages/islstudio/src/enterprise/audit.ts(85,33): error TS2339: Property 'evidence' does not exist on type 'GateResult'.
packages/islstudio/src/formatters.ts(41,22): error TS2339: Property 'filePath' does not exist on type 'RuleViolation'.
packages/islstudio/src/formatters.ts(52,24): error TS2339: Property 'line' does not exist on type 'RuleViolation'.
packages/islstudio/src/formatters.ts(52,37): error TS2339: Property 'line' does not exist on type 'RuleViolation'.
packages/islstudio/src/formatters.ts(108,26): error TS2339: Property 'filePath' does not exist on type 'RuleViolation'.
packages/islstudio/src/formatters.ts(112,32): error TS2339: Property 'line' does not exist on type 'RuleViolation'.
packages/islstudio/src/formatters.ts(193,32): error TS2339: Property 'filePath' does not exist on type 'RuleViolation'.
packages/islstudio/src/gate.ts(106,11): error TS2353: Object literal may only specify known properties, and 'filePath' does not exist in type 'RuleViolation'.
packages/islstudio/src/gate.ts(114,28): error TS2339: Property 'filePath' does not exist on type 'RuleViolation'.
packages/islstudio/src/gate.ts(114,60): error TS2339: Property 'filePath' does not exist on type 'RuleViolation'.
packages/islstudio/src/gate.ts(116,28): error TS2339: Property 'line' does not exist on type 'RuleViolation'.
packages/islstudio/src/gate.ts(116,44): error TS2339: Property 'line' does not exist on type 'RuleViolation'.
packages/islstudio/src/gate.ts(165,24): error TS2339: Property 'filePath' does not exist on type 'RuleViolation'.
packages/islstudio/src/gate.ts(165,56): error TS2339: Property 'filePath' does not exist on type 'RuleViolation'.
packages/islstudio/src/gate.ts(167,24): error TS2339: Property 'line' does not exist on type 'RuleViolation'.
packages/islstudio/src/gate.ts(167,40): error TS2339: Property 'line' does not exist on type 'RuleViolation'.
packages/islstudio/src/gate.ts(174,34): error TS2339: Property 'filePath' does not exist on type 'RuleViolation'.
packages/islstudio/src/gate.ts(174,54): error TS2339: Property 'line' does not exist on type 'RuleViolation'.
packages/islstudio/src/init-command.ts(205,34): error TS2345: Argument of type 'string[]' is not assignable to parameter of type 'GateFile[]'.
  Type 'string' is not assignable to type 'GateFile'.
packages/islstudio/src/proof-cli.ts(238,15): error TS2339: Property 'filePath' does not exist on type 'RuleViolation'.
packages/islstudio/src/proof-cli.ts(239,15): error TS2339: Property 'line' does not exist on type 'RuleViolation'.
packages/islstudio/src/report.ts(25,23): error TS2339: Property 'filePath' does not exist on type 'RuleViolation'.
packages/islstudio/tests/gate.test.ts(230,42): error TS2339: Property 'filePath' does not exist on type 'RuleViolation'.
packages/islstudio/tests/gate.test.ts(231,37): error TS2339: Property 'filePath' does not exist on type 'RuleViolation'.
packages/islstudio/tests/gate.test.ts(271,41): error TS2345: Argument of type '{ verdict: "NO_SHIP"; score: number; violations: { ruleId: string; message: string; tier: "hard_block"; filePath: string; }[]; fingerprint: string; summary: { filesChecked: number; blockers: number; warnings: number; }; }' is not assignable to parameter of type 'GateResult'.
  Type '{ verdict: "NO_SHIP"; score: number; violations: { ruleId: string; message: string; tier: "hard_block"; filePath: string; }[]; fingerprint: string; summary: { filesChecked: number; blockers: number; warnings: number; }; }' is missing the following properties from type 'GateResult': policyBundleVersion, rulepackVersions, timestamp
packages/islstudio/tests/gate.test.ts(279,37): error TS2345: Argument of type '{ verdict: "NO_SHIP"; score: number; violations: { ruleId: string; message: string; tier: "hard_block"; filePath: string; }[]; fingerprint: string; summary: { filesChecked: number; blockers: number; warnings: number; }; }' is not assignable to parameter of type 'GateResult'.
  Type '{ verdict: "NO_SHIP"; score: number; violations: { ruleId: string; message: string; tier: "hard_block"; filePath: string; }[]; fingerprint: string; summary: { filesChecked: number; blockers: number; warnings: number; }; }' is missing the following properties from type 'GateResult': policyBundleVersion, rulepackVersions, timestamp
packages/islstudio/tests/gate.test.ts(287,37): error TS2345: Argument of type '{ verdict: "NO_SHIP"; score: number; violations: { ruleId: string; message: string; tier: "hard_block"; filePath: string; }[]; fingerprint: string; summary: { filesChecked: number; blockers: number; warnings: number; }; }' is not assignable to parameter of type 'GateResult'.
  Type '{ verdict: "NO_SHIP"; score: number; violations: { ruleId: string; message: string; tier: "hard_block"; filePath: string; }[]; fingerprint: string; summary: { filesChecked: number; blockers: number; warnings: number; }; }' is missing the following properties from type 'GateResult': policyBundleVersion, rulepackVersions, timestamp
packages/lsp-server/tests/code-actions.test.ts(57,30): error TS2345: Argument of type '{ uri: string; getText: () => string; positionAt: (offset: number) => { line: number; character: number; }; offsetAt: (position: { line: number; character: number; }) => number; lineCount: number; }' is not assignable to parameter of type 'TextDocument'.
  Type '{ uri: string; getText: () => string; positionAt: (offset: number) => { line: number; character: number; }; offsetAt: (position: { line: number; character: number; }) => number; lineCount: number; }' is missing the following properties from type 'TextDocument': languageId, version
packages/lsp-server/tests/code-actions.test.ts(80,30): error TS2345: Argument of type '{ uri: string; getText: () => string; positionAt: (offset: number) => { line: number; character: number; }; offsetAt: (position: { line: number; character: number; }) => number; lineCount: number; }' is not assignable to parameter of type 'TextDocument'.
  Type '{ uri: string; getText: () => string; positionAt: (offset: number) => { line: number; character: number; }; offsetAt: (position: { line: number; character: number; }) => number; lineCount: number; }' is missing the following properties from type 'TextDocument': languageId, version
packages/lsp-server/tests/code-actions.test.ts(100,30): error TS2345: Argument of type '{ uri: string; getText: () => string; positionAt: (offset: number) => { line: number; character: number; }; offsetAt: (position: { line: number; character: number; }) => number; lineCount: number; }' is not assignable to parameter of type 'TextDocument'.
  Type '{ uri: string; getText: () => string; positionAt: (offset: number) => { line: number; character: number; }; offsetAt: (position: { line: number; character: number; }) => number; lineCount: number; }' is missing the following properties from type 'TextDocument': languageId, version
packages/lsp-server/tests/code-actions.test.ts(125,30): error TS2345: Argument of type '{ uri: string; getText: () => string; positionAt: (offset: number) => { line: number; character: number; }; offsetAt: (position: { line: number; character: number; }) => number; lineCount: number; }' is not assignable to parameter of type 'TextDocument'.
  Type '{ uri: string; getText: () => string; positionAt: (offset: number) => { line: number; character: number; }; offsetAt: (position: { line: number; character: number; }) => number; lineCount: number; }' is missing the following properties from type 'TextDocument': languageId, version
packages/lsp-server/tests/code-actions.test.ts(151,30): error TS2345: Argument of type '{ uri: string; getText: () => string; positionAt: (offset: number) => { line: number; character: number; }; offsetAt: (position: { line: number; character: number; }) => number; lineCount: number; }' is not assignable to parameter of type 'TextDocument'.
  Type '{ uri: string; getText: () => string; positionAt: (offset: number) => { line: number; character: number; }; offsetAt: (position: { line: number; character: number; }) => number; lineCount: number; }' is missing the following properties from type 'TextDocument': languageId, version
packages/lsp-server/tests/code-actions.test.ts(182,30): error TS2345: Argument of type '{ uri: string; getText: () => string; positionAt: (offset: number) => { line: number; character: number; }; offsetAt: (position: { line: number; character: number; }) => number; lineCount: number; }' is not assignable to parameter of type 'TextDocument'.
  Type '{ uri: string; getText: () => string; positionAt: (offset: number) => { line: number; character: number; }; offsetAt: (position: { line: number; character: number; }) => number; lineCount: number; }' is missing the following properties from type 'TextDocument': languageId, version
packages/lsp-server/tests/code-actions.test.ts(212,30): error TS2345: Argument of type '{ uri: string; getText: () => string; positionAt: (offset: number) => { line: number; character: number; }; offsetAt: (position: { line: number; character: number; }) => number; lineCount: number; }' is not assignable to parameter of type 'TextDocument'.
  Type '{ uri: string; getText: () => string; positionAt: (offset: number) => { line: number; character: number; }; offsetAt: (position: { line: number; character: number; }) => number; lineCount: number; }' is missing the following properties from type 'TextDocument': languageId, version
packages/lsp-server/tests/diagnostics-snapshot.test.ts(39,54): error TS2339: Property 'localeCompare' does not exist on type 'string | number'.
  Property 'localeCompare' does not exist on type 'number'.
packages/lsp-server/tests/server.test.ts(53,30): error TS2345: Argument of type '{ uri: string; getText: () => string; positionAt: (offset: number) => { line: number; character: number; }; offsetAt: (position: { line: number; character: number; }) => number; lineCount: number; }' is not assignable to parameter of type 'TextDocument'.
  Type '{ uri: string; getText: () => string; positionAt: (offset: number) => { line: number; character: number; }; offsetAt: (position: { line: number; character: number; }) => number; lineCount: number; }' is missing the following properties from type 'TextDocument': languageId, version
packages/lsp-server/tests/server.test.ts(55,32): error TS2339: Property 'getAnalysis' does not exist on type 'ISLDocumentManager'.
packages/lsp-server/tests/server.test.ts(64,30): error TS2345: Argument of type '{ uri: string; getText: () => string; positionAt: (offset: number) => { line: number; character: number; }; offsetAt: (position: { line: number; character: number; }) => number; lineCount: number; }' is not assignable to parameter of type 'TextDocument'.
  Type '{ uri: string; getText: () => string; positionAt: (offset: number) => { line: number; character: number; }; offsetAt: (position: { line: number; character: number; }) => number; lineCount: number; }' is missing the following properties from type 'TextDocument': languageId, version
packages/lsp-server/tests/server.test.ts(65,33): error TS2339: Property 'getAnalysis' does not exist on type 'ISLDocumentManager'.
packages/lsp-server/tests/server.test.ts(68,30): error TS2345: Argument of type '{ uri: string; getText: () => string; positionAt: (offset: number) => { line: number; character: number; }; offsetAt: (position: { line: number; character: number; }) => number; lineCount: number; }' is not assignable to parameter of type 'TextDocument'.
  Type '{ uri: string; getText: () => string; positionAt: (offset: number) => { line: number; character: number; }; offsetAt: (position: { line: number; character: number; }) => number; lineCount: number; }' is missing the following properties from type 'TextDocument': languageId, version
packages/lsp-server/tests/server.test.ts(69,33): error TS2339: Property 'getAnalysis' does not exist on type 'ISLDocumentManager'.
packages/lsp-server/tests/server.test.ts(78,30): error TS2345: Argument of type '{ uri: string; getText: () => string; positionAt: (offset: number) => { line: number; character: number; }; offsetAt: (position: { line: number; character: number; }) => number; lineCount: number; }' is not assignable to parameter of type 'TextDocument'.
  Type '{ uri: string; getText: () => string; positionAt: (offset: number) => { line: number; character: number; }; offsetAt: (position: { line: number; character: number; }) => number; lineCount: number; }' is missing the following properties from type 'TextDocument': languageId, version
packages/lsp-server/tests/server.test.ts(79,22): error TS2339: Property 'getAnalysis' does not exist on type 'ISLDocumentManager'.
packages/lsp-server/tests/server.test.ts(82,22): error TS2339: Property 'getAnalysis' does not exist on type 'ISLDocumentManager'.
packages/lsp-server/tests/server.test.ts(96,30): error TS2345: Argument of type '{ uri: string; getText: () => string; positionAt: (offset: number) => { line: number; character: number; }; offsetAt: (position: { line: number; character: number; }) => number; lineCount: number; }' is not assignable to parameter of type 'TextDocument'.
  Type '{ uri: string; getText: () => string; positionAt: (offset: number) => { line: number; character: number; }; offsetAt: (position: { line: number; character: number; }) => number; lineCount: number; }' is missing the following properties from type 'TextDocument': languageId, version
packages/lsp-server/tests/server.test.ts(98,45): error TS2554: Expected 0 arguments, but got 1.
packages/lsp-server/tests/server.test.ts(111,30): error TS2345: Argument of type '{ uri: string; getText: () => string; positionAt: (offset: number) => { line: number; character: number; }; offsetAt: (position: { line: number; character: number; }) => number; lineCount: number; }' is not assignable to parameter of type 'TextDocument'.
  Type '{ uri: string; getText: () => string; positionAt: (offset: number) => { line: number; character: number; }; offsetAt: (position: { line: number; character: number; }) => number; lineCount: number; }' is missing the following properties from type 'TextDocument': languageId, version
packages/lsp-server/tests/server.test.ts(113,45): error TS2554: Expected 0 arguments, but got 1.
packages/lsp-server/tests/server.test.ts(137,30): error TS2345: Argument of type '{ uri: string; getText: () => string; positionAt: (offset: number) => { line: number; character: number; }; offsetAt: (position: { line: number; character: number; }) => number; lineCount: number; }' is not assignable to parameter of type 'TextDocument'.
  Type '{ uri: string; getText: () => string; positionAt: (offset: number) => { line: number; character: number; }; offsetAt: (position: { line: number; character: number; }) => number; lineCount: number; }' is missing the following properties from type 'TextDocument': languageId, version
packages/lsp-server/tests/server.test.ts(139,36): error TS2339: Property 'getCompletions' does not exist on type 'ISLCompletionProvider'.
packages/lsp-server/tests/server.test.ts(141,38): error TS7006: Parameter 'c' implicitly has an 'any' type.
packages/lsp-server/tests/server.test.ts(159,30): error TS2345: Argument of type '{ uri: string; getText: () => string; positionAt: (offset: number) => { line: number; character: number; }; offsetAt: (position: { line: number; character: number; }) => number; lineCount: number; }' is not assignable to parameter of type 'TextDocument'.
  Type '{ uri: string; getText: () => string; positionAt: (offset: number) => { line: number; character: number; }; offsetAt: (position: { line: number; character: number; }) => number; lineCount: number; }' is missing the following properties from type 'TextDocument': languageId, version
packages/lsp-server/tests/server.test.ts(161,36): error TS2339: Property 'getCompletions' does not exist on type 'ISLCompletionProvider'.
packages/lsp-server/tests/server.test.ts(163,38): error TS7006: Parameter 'c' implicitly has an 'any' type.
packages/lsp-server/tests/server.test.ts(181,30): error TS2345: Argument of type '{ uri: string; getText: () => string; positionAt: (offset: number) => { line: number; character: number; }; offsetAt: (position: { line: number; character: number; }) => number; lineCount: number; }' is not assignable to parameter of type 'TextDocument'.
  Type '{ uri: string; getText: () => string; positionAt: (offset: number) => { line: number; character: number; }; offsetAt: (position: { line: number; character: number; }) => number; lineCount: number; }' is missing the following properties from type 'TextDocument': languageId, version
packages/lsp-server/tests/server.test.ts(183,36): error TS2339: Property 'getCompletions' does not exist on type 'ISLCompletionProvider'.
packages/lsp-server/tests/server.test.ts(185,38): error TS7006: Parameter 'c' implicitly has an 'any' type.
packages/lsp-server/tests/server.test.ts(211,30): error TS2345: Argument of type '{ uri: string; getText: () => string; positionAt: (offset: number) => { line: number; character: number; }; offsetAt: (position: { line: number; character: number; }) => number; lineCount: number; }' is not assignable to parameter of type 'TextDocument'.
  Type '{ uri: string; getText: () => string; positionAt: (offset: number) => { line: number; character: number; }; offsetAt: (position: { line: number; character: number; }) => number; lineCount: number; }' is missing the following properties from type 'TextDocument': languageId, version
packages/lsp-server/tests/server.test.ts(213,30): error TS2339: Property 'getHover' does not exist on type 'ISLHoverProvider'.
packages/lsp-server/tests/server.test.ts(227,30): error TS2345: Argument of type '{ uri: string; getText: () => string; positionAt: (offset: number) => { line: number; character: number; }; offsetAt: (position: { line: number; character: number; }) => number; lineCount: number; }' is not assignable to parameter of type 'TextDocument'.
  Type '{ uri: string; getText: () => string; positionAt: (offset: number) => { line: number; character: number; }; offsetAt: (position: { line: number; character: number; }) => number; lineCount: number; }' is missing the following properties from type 'TextDocument': languageId, version
packages/lsp-server/tests/server.test.ts(229,30): error TS2339: Property 'getHover' does not exist on type 'ISLHoverProvider'.
packages/lsp-server/tests/server.test.ts(253,30): error TS2345: Argument of type '{ uri: string; getText: () => string; positionAt: (offset: number) => { line: number; character: number; }; offsetAt: (position: { line: number; character: number; }) => number; lineCount: number; }' is not assignable to parameter of type 'TextDocument'.
  Type '{ uri: string; getText: () => string; positionAt: (offset: number) => { line: number; character: number; }; offsetAt: (position: { line: number; character: number; }) => number; lineCount: number; }' is missing the following properties from type 'TextDocument': languageId, version
packages/lsp-server/tests/server.test.ts(255,36): error TS2339: Property 'getDiagnostics' does not exist on type 'ISLDiagnosticsProvider'.
packages/lsp-server/tests/server.test.ts(267,30): error TS2345: Argument of type '{ uri: string; getText: () => string; positionAt: (offset: number) => { line: number; character: number; }; offsetAt: (position: { line: number; character: number; }) => number; lineCount: number; }' is not assignable to parameter of type 'TextDocument'.
  Type '{ uri: string; getText: () => string; positionAt: (offset: number) => { line: number; character: number; }; offsetAt: (position: { line: number; character: number; }) => number; lineCount: number; }' is missing the following properties from type 'TextDocument': languageId, version
packages/lsp-server/tests/server.test.ts(269,36): error TS2339: Property 'getDiagnostics' does not exist on type 'ISLDiagnosticsProvider'.
packages/lsp-server/tests/server.test.ts(271,31): error TS7006: Parameter 'd' implicitly has an 'any' type.
packages/lsp-server/tests/server.test.ts(287,30): error TS2345: Argument of type '{ uri: string; getText: () => string; positionAt: (offset: number) => { line: number; character: number; }; offsetAt: (position: { line: number; character: number; }) => number; lineCount: number; }' is not assignable to parameter of type 'TextDocument'.
  Type '{ uri: string; getText: () => string; positionAt: (offset: number) => { line: number; character: number; }; offsetAt: (position: { line: number; character: number; }) => number; lineCount: number; }' is missing the following properties from type 'TextDocument': languageId, version
packages/lsp-server/tests/server.test.ts(289,36): error TS2339: Property 'getDiagnostics' does not exist on type 'ISLDiagnosticsProvider'.
packages/lsp-server/tests/server.test.ts(291,31): error TS7006: Parameter 'd' implicitly has an 'any' type.
packages/lsp-server/tests/server.test.ts(318,30): error TS2345: Argument of type '{ uri: string; getText: () => string; positionAt: (offset: number) => { line: number; character: number; }; offsetAt: (position: { line: number; character: number; }) => number; lineCount: number; }' is not assignable to parameter of type 'TextDocument'.
  Type '{ uri: string; getText: () => string; positionAt: (offset: number) => { line: number; character: number; }; offsetAt: (position: { line: number; character: number; }) => number; lineCount: number; }' is missing the following properties from type 'TextDocument': languageId, version
packages/lsp-server/tests/server.test.ts(321,35): error TS2339: Property 'getDefinition' does not exist on type 'ISLDefinitionProvider'.
packages/lsp-server/tests/server.test.ts(339,30): error TS2345: Argument of type '{ uri: string; getText: () => string; positionAt: (offset: number) => { line: number; character: number; }; offsetAt: (position: { line: number; character: number; }) => number; lineCount: number; }' is not assignable to parameter of type 'TextDocument'.
  Type '{ uri: string; getText: () => string; positionAt: (offset: number) => { line: number; character: number; }; offsetAt: (position: { line: number; character: number; }) => number; lineCount: number; }' is missing the following properties from type 'TextDocument': languageId, version
packages/lsp-server/tests/server.test.ts(342,35): error TS2339: Property 'getDefinition' does not exist on type 'ISLDefinitionProvider'.
packages/lsp-server/tests/server.test.ts(376,30): error TS2345: Argument of type '{ uri: string; getText: () => string; positionAt: (offset: number) => { line: number; character: number; }; offsetAt: (position: { line: number; character: number; }) => number; lineCount: number; }' is not assignable to parameter of type 'TextDocument'.
  Type '{ uri: string; getText: () => string; positionAt: (offset: number) => { line: number; character: number; }; offsetAt: (position: { line: number; character: number; }) => number; lineCount: number; }' is missing the following properties from type 'TextDocument': languageId, version
packages/lsp-server/tests/server.test.ts(378,32): error TS2339: Property 'getDocumentSymbols' does not exist on type 'ISLSymbolProvider'.
packages/lsp-server/tests/server.test.ts(383,35): error TS7006: Parameter 's' implicitly has an 'any' type.
packages/lsp-server/tests/server.test.ts(402,30): error TS2345: Argument of type '{ uri: string; getText: () => string; positionAt: (offset: number) => { line: number; character: number; }; offsetAt: (position: { line: number; character: number; }) => number; lineCount: number; }' is not assignable to parameter of type 'TextDocument'.
  Type '{ uri: string; getText: () => string; positionAt: (offset: number) => { line: number; character: number; }; offsetAt: (position: { line: number; character: number; }) => number; lineCount: number; }' is missing the following properties from type 'TextDocument': languageId, version
packages/lsp-server/tests/server.test.ts(404,32): error TS2339: Property 'getDocumentSymbols' does not exist on type 'ISLSymbolProvider'.
packages/lsp-server/tests/server.test.ts(406,35): error TS7006: Parameter 's' implicitly has an 'any' type.
packages/lsp-server/tests/server.test.ts(407,43): error TS7006: Parameter 's' implicitly has an 'any' type.
packages/lsp-server/tests/server.test.ts(431,30): error TS2554: Expected 2 arguments, but got 1.
packages/lsp-server/tests/server.test.ts(446,30): error TS2554: Expected 2 arguments, but got 1.
packages/lsp/src/definitions.ts(28,38): error TS2339: Property 'span' does not exist on type 'Identifier'.
packages/lsp/src/definitions.ts(37,40): error TS2339: Property 'span' does not exist on type 'Identifier'.
packages/lsp/src/definitions.ts(42,24): error TS2339: Property 'enums' does not exist on type 'Domain'.
packages/lsp/src/definitions.ts(42,36): error TS7006: Parameter 'e' implicitly has an 'any' type.
packages/lsp/src/definitions.ts(55,40): error TS2339: Property 'span' does not exist on type 'Identifier'.
packages/lsp/src/definitions.ts(65,39): error TS2339: Property 'span' does not exist on type 'Identifier'.
packages/lsp/src/definitions.ts(77,41): error TS2339: Property 'span' does not exist on type 'Identifier'.
packages/lsp/src/definitions.ts(90,41): error TS2339: Property 'span' does not exist on type 'Identifier'.
packages/lsp/src/definitions.ts(97,30): error TS2339: Property 'enums' does not exist on type 'Domain'.
packages/lsp/src/definitions.ts(98,55): error TS7006: Parameter 'v' implicitly has an 'any' type.
packages/lsp/src/definitions.ts(115,43): error TS2339: Property 'span' does not exist on type 'Identifier'.
packages/lsp/src/definitions.ts(191,18): error TS2339: Property 'start' does not exist on type 'SourceSpan'.
packages/lsp/src/definitions.ts(192,23): error TS2339: Property 'start' does not exist on type 'SourceSpan'.
packages/lsp/src/definitions.ts(195,18): error TS2339: Property 'end' does not exist on type 'SourceSpan'.
packages/lsp/src/definitions.ts(196,23): error TS2339: Property 'end' does not exist on type 'SourceSpan'.
packages/lsp/src/documents.ts(8,3): error TS2305: Module '"@isl-lang/isl-core"' has no exported member 'parseISL'.
packages/lsp/src/documents.ts(10,8): error TS2305: Module '"@isl-lang/isl-core"' has no exported member 'EntityDeclaration'.
packages/lsp/src/documents.ts(12,8): error TS2305: Module '"@isl-lang/isl-core"' has no exported member 'TypeDeclaration'.
packages/lsp/src/documents.ts(13,8): error TS2305: Module '"@isl-lang/isl-core"' has no exported member 'EnumDeclaration'.
packages/lsp/src/documents.ts(14,8): error TS2305: Module '"@isl-lang/isl-core"' has no exported member 'FieldDeclaration'.
packages/lsp/src/documents.ts(15,8): error TS2305: Module '"@isl-lang/isl-core"' has no exported member 'Identifier'.
packages/lsp/src/documents.ts(16,8): error TS2305: Module '"@isl-lang/isl-core"' has no exported member 'ASTNode'.
packages/lsp/src/documents.ts(46,39): error TS7006: Parameter 'err' implicitly has an 'any' type.
packages/lsp/src/documents.ts(101,17): error TS2339: Property 'span' does not exist on type 'Domain'.
packages/lsp/src/documents.ts(110,22): error TS2339: Property 'span' does not exist on type 'Entity'.
packages/lsp/src/documents.ts(120,23): error TS2339: Property 'span' does not exist on type 'Field'.
packages/lsp/src/documents.ts(132,24): error TS2339: Property 'span' does not exist on type 'Behavior'.
packages/lsp/src/documents.ts(143,25): error TS2339: Property 'span' does not exist on type 'Field'.
packages/lsp/src/documents.ts(156,25): error TS2339: Property 'span' does not exist on type 'ErrorSpec'.
packages/lsp/src/documents.ts(169,20): error TS2339: Property 'span' does not exist on type 'TypeDeclaration'.
packages/lsp/src/documents.ts(176,32): error TS2339: Property 'enums' does not exist on type 'Domain'.
packages/lsp/src/documents.ts(181,48): error TS7006: Parameter 'v' implicitly has an 'any' type.
packages/lsp/src/documents.ts(231,27): error TS2339: Property 'enums' does not exist on type 'Domain'.
packages/lsp/src/documents.ts(231,38): error TS7006: Parameter 'e' implicitly has an 'any' type.
packages/lsp/src/documents.ts(273,30): error TS2339: Property 'enums' does not exist on type 'Domain'.
packages/lsp/src/documents.ts(273,42): error TS7006: Parameter 'e' implicitly has an 'any' type.
packages/lsp/src/documents.ts(274,36): error TS7006: Parameter 'v' implicitly has an 'any' type.
packages/lsp/src/documents.ts(307,19): error TS2339: Property 'start' does not exist on type 'SourceSpan'.
packages/lsp/src/documents.ts(307,45): error TS2339: Property 'end' does not exist on type 'SourceSpan'.
packages/lsp/src/documents.ts(310,21): error TS2339: Property 'start' does not exist on type 'SourceSpan'.
packages/lsp/src/documents.ts(310,49): error TS2339: Property 'start' does not exist on type 'SourceSpan'.
packages/lsp/src/documents.ts(313,21): error TS2339: Property 'end' does not exist on type 'SourceSpan'.
packages/lsp/src/documents.ts(313,47): error TS2339: Property 'end' does not exist on type 'SourceSpan'.
packages/lsp/tests/server.test.ts(9,10): error TS2724: '"../src/hover.js"' has no exported member named 'getHoverInfo'. Did you mean 'getHover'?
packages/lsp/tests/server.test.ts(11,10): error TS2305: Module '"../src/diagnostics.js"' has no exported member 'validateDocument'.
packages/lsp/tests/server.test.ts(118,40): error TS2345: Argument of type 'ISLDocument' is not assignable to parameter of type 'string'.
packages/lsp/tests/server.test.ts(137,40): error TS2345: Argument of type 'ISLDocument' is not assignable to parameter of type 'string'.
packages/lsp/tests/server.test.ts(263,29): error TS7006: Parameter 'd' implicitly has an 'any' type.
packages/lsp/tests/server.test.ts(279,29): error TS7006: Parameter 'd' implicitly has an 'any' type.
packages/lsp/tests/server.test.ts(294,29): error TS7006: Parameter 'd' implicitly has an 'any' type.
packages/marketplace-web/src/app/intents/[name]/page.tsx(16,43): error TS2307: Cannot find module '@/components/TrustBadge' or its corresponding type declarations.
packages/marketplace-web/src/app/intents/[name]/page.tsx(17,44): error TS2307: Cannot find module '@/components/InstallButton' or its corresponding type declarations.
packages/marketplace-web/src/app/intents/[name]/page.tsx(18,58): error TS2307: Cannot find module '@/components/ui/tabs' or its corresponding type declarations.
packages/marketplace-web/src/app/intents/[name]/page.tsx(19,27): error TS2307: Cannot find module '@/hooks/useMarketplace' or its corresponding type declarations.
packages/marketplace-web/src/app/intents/[name]/page.tsx(20,46): error TS2307: Cannot find module '@/lib/utils' or its corresponding type declarations.
packages/marketplace-web/src/app/intents/[name]/page.tsx(141,27): error TS7006: Parameter 'tag' implicitly has an 'any' type.
packages/marketplace-web/src/app/intents/[name]/page.tsx(206,46): error TS7006: Parameter 'clause' implicitly has an 'any' type.
packages/marketplace-web/src/app/intents/[name]/page.tsx(206,54): error TS7006: Parameter 'i' implicitly has an 'any' type.
packages/marketplace-web/src/app/intents/[name]/page.tsx(226,47): error TS7006: Parameter 'clause' implicitly has an 'any' type.
packages/marketplace-web/src/app/intents/[name]/page.tsx(226,55): error TS7006: Parameter 'i' implicitly has an 'any' type.
packages/marketplace-web/src/app/intents/[name]/page.tsx(246,43): error TS7006: Parameter 'clause' implicitly has an 'any' type.
packages/marketplace-web/src/app/intents/[name]/page.tsx(246,51): error TS7006: Parameter 'i' implicitly has an 'any' type.
packages/marketplace-web/src/app/intents/[name]/page.tsx(259,33): error TS7006: Parameter 'version' implicitly has an 'any' type.
packages/marketplace-web/src/app/intents/[name]/page.tsx(259,42): error TS7006: Parameter 'i' implicitly has an 'any' type.
packages/marketplace-web/src/app/layout.tsx(4,20): error TS2307: Cannot find module '@/lib/utils' or its corresponding type declarations.
packages/marketplace-web/src/app/page.tsx(4,27): error TS2307: Cannot find module '@/components/SearchBar' or its corresponding type declarations.
packages/marketplace-web/src/app/page.tsx(5,28): error TS2307: Cannot find module '@/components/IntentCard' or its corresponding type declarations.
packages/marketplace-web/src/app/page.tsx(6,28): error TS2307: Cannot find module '@/components/TrustBadge' or its corresponding type declarations.
packages/marketplace-web/src/app/page.tsx(7,32): error TS2307: Cannot find module '@/hooks/useMarketplace' or its corresponding type declarations.
packages/marketplace-web/src/app/page.tsx(8,28): error TS2307: Cannot find module '@/types' or its corresponding type declarations.
packages/marketplace-web/src/app/page.tsx(60,30): error TS7006: Parameter 'intent' implicitly has an 'any' type.
packages/marketplace-web/src/app/page.tsx(89,29): error TS7006: Parameter 'intent' implicitly has an 'any' type.
packages/marketplace-web/src/app/page.tsx(102,30): error TS7006: Parameter 'category' implicitly has an 'any' type.
packages/marketplace-web/src/app/search/page.tsx(6,27): error TS2307: Cannot find module '@/components/SearchBar' or its corresponding type declarations.
packages/marketplace-web/src/app/search/page.tsx(7,28): error TS2307: Cannot find module '@/components/IntentCard' or its corresponding type declarations.
packages/marketplace-web/src/app/search/page.tsx(8,27): error TS2307: Cannot find module '@/hooks/useMarketplace' or its corresponding type declarations.
packages/marketplace-web/src/app/search/page.tsx(9,49): error TS2307: Cannot find module '@/types' or its corresponding type declarations.
packages/marketplace-web/src/app/search/page.tsx(16,8): error TS2307: Cannot find module '@/components/ui/select' or its corresponding type declarations.
packages/marketplace-web/src/app/search/page.tsx(69,33): error TS7006: Parameter 'value' implicitly has an 'any' type.
packages/marketplace-web/src/app/search/page.tsx(78,36): error TS7006: Parameter 'cat' implicitly has an 'any' type.
packages/marketplace-web/src/app/search/page.tsx(92,33): error TS7006: Parameter 'value' implicitly has an 'any' type.
packages/marketplace-web/src/app/search/page.tsx(128,33): error TS7006: Parameter 'value' implicitly has an 'any' type.
packages/marketplace-web/src/app/search/page.tsx(177,37): error TS7006: Parameter 'intent' implicitly has an 'any' type.
packages/marketplace-web/src/components/InstallButton.tsx(5,20): error TS2307: Cannot find module '@/lib/utils' or its corresponding type declarations.
packages/marketplace-web/src/components/IntentCard.tsx(5,46): error TS2307: Cannot find module '@/lib/utils' or its corresponding type declarations.
packages/marketplace-web/src/components/IntentCard.tsx(7,29): error TS2307: Cannot find module '@/types' or its corresponding type declarations.
packages/marketplace-web/src/components/IntentCard.tsx(54,41): error TS7006: Parameter 'tag' implicitly has an 'any' type.
packages/marketplace-web/src/components/SearchBar.tsx(6,20): error TS2307: Cannot find module '@/lib/utils' or its corresponding type declarations.
packages/marketplace-web/src/components/TrustBadge.tsx(4,35): error TS2307: Cannot find module '@/lib/utils' or its corresponding type declarations.
packages/marketplace-web/src/components/TrustBadge.tsx(68,9): error TS7053: Element implicitly has an 'any' type because expression of type 'any' can't be used to index type '{ verified: string; high: string; medium: string; low: string; }'.
packages/marketplace-web/src/components/TrustBadge.tsx(69,9): error TS7053: Element implicitly has an 'any' type because expression of type 'any' can't be used to index type '{ verified: string; high: string; medium: string; low: string; }'.
packages/marketplace-web/src/components/TrustBadge.tsx(79,12): error TS7053: Element implicitly has an 'any' type because expression of type 'any' can't be used to index type '{ verified: string; high: string; medium: string; low: string; }'.
packages/marketplace-web/src/components/TrustBadge.tsx(104,76): error TS7053: Element implicitly has an 'any' type because expression of type 'any' can't be used to index type '{ verified: string; high: string; medium: string; low: string; }'.
packages/marketplace-web/src/components/ui/button.tsx(4,20): error TS2307: Cannot find module '@/lib/utils' or its corresponding type declarations.
packages/marketplace-web/src/components/ui/select.tsx(6,20): error TS2307: Cannot find module '@/lib/utils' or its corresponding type declarations.
packages/marketplace-web/src/components/ui/tabs.tsx(5,20): error TS2307: Cannot find module '@/lib/utils' or its corresponding type declarations.
packages/marketplace-web/src/hooks/useMarketplace.ts(4,74): error TS2307: Cannot find module '@/types' or its corresponding type declarations.
packages/marketplace-web/src/hooks/useMarketplace.ts(322,24): error TS7006: Parameter 't' implicitly has an 'any' type.
packages/migrations/src/differ.ts(9,3): error TS2305: Module '"@isl-lang/isl-core"' has no exported member 'EntityDeclaration'.
packages/migrations/src/differ.ts(10,3): error TS2305: Module '"@isl-lang/isl-core"' has no exported member 'FieldDeclaration'.
packages/migrations/src/differ.ts(11,3): error TS2305: Module '"@isl-lang/isl-core"' has no exported member 'EnumDeclaration'.
packages/migrations/src/differ.ts(12,3): error TS2305: Module '"@isl-lang/isl-core"' has no exported member 'TypeDeclaration'.
packages/migrations/src/differ.ts(43,41): error TS2339: Property 'enums' does not exist on type 'Domain'.
packages/migrations/src/differ.ts(43,58): error TS2339: Property 'enums' does not exist on type 'Domain'.
packages/migrations/src/differ.ts(80,36): error TS7006: Parameter 'f' implicitly has an 'any' type.
packages/migrations/src/differ.ts(275,43): error TS7006: Parameter 'v' implicitly has an 'any' type.
packages/migrations/src/differ.ts(286,45): error TS7006: Parameter 'v' implicitly has an 'any' type.
packages/migrations/src/differ.ts(295,48): error TS7006: Parameter 'v' implicitly has an 'any' type.
packages/migrations/src/differ.ts(296,48): error TS7006: Parameter 'v' implicitly has an 'any' type.
packages/migrations/src/differ.ts(305,11): error TS2322: Type 'unknown[] | undefined' is not assignable to type 'string[] | undefined'.
  Type 'unknown[]' is not assignable to type 'string[]'.
    Type 'unknown' is not assignable to type 'string'.
packages/migrations/src/differ.ts(306,11): error TS2322: Type 'unknown[] | undefined' is not assignable to type 'string[] | undefined'.
  Type 'unknown[]' is not assignable to type 'string[]'.
    Type 'unknown' is not assignable to type 'string'.
packages/migrations/src/types.ts(9,3): error TS2305: Module '"@isl-lang/isl-core"' has no exported member 'EntityDeclaration'.
packages/migrations/src/types.ts(10,3): error TS2305: Module '"@isl-lang/isl-core"' has no exported member 'FieldDeclaration'.
packages/migrations/src/types.ts(11,3): error TS2305: Module '"@isl-lang/isl-core"' has no exported member 'TypeDeclaration'.
packages/migrations/src/types.ts(12,3): error TS2305: Module '"@isl-lang/isl-core"' has no exported member 'EnumDeclaration'.
packages/migrations/src/types.ts(13,3): error TS2724: '"@isl-lang/isl-core"' has no exported member named 'TypeExpression'. Did you mean 'Expression'?
packages/migrations/src/utils.ts(8,3): error TS2724: '"@isl-lang/isl-core"' has no exported member named 'TypeExpression'. Did you mean 'Expression'?
packages/migrations/src/utils.ts(10,3): error TS2305: Module '"@isl-lang/isl-core"' has no exported member 'FieldDeclaration'.
packages/migrations/src/utils.ts(11,3): error TS2305: Module '"@isl-lang/isl-core"' has no exported member 'TypeConstraint'.
packages/migrations/src/utils.ts(12,3): error TS2305: Module '"@isl-lang/isl-core"' has no exported member 'Annotation'.
packages/migrations/src/utils.ts(93,32): error TS7006: Parameter 'v' implicitly has an 'any' type.
packages/migrations/src/utils.ts(96,38): error TS7006: Parameter 'f' implicitly has an 'any' type.
packages/migrations/src/utils.ts(344,10): error TS2678: Type '"BinaryExpression"' is not comparable to type '"MapExpr" | "Identifier" | "QualifiedName" | "Literal" | "StringLiteral" | "NumberLiteral" | "BooleanLiteral" | "NullLiteral" | "DurationLiteral" | "RegexLiteral" | "BinaryExpr" | ... 10 more ... | "ListExpr"'.
packages/migrations/src/utils.ts(345,41): error TS2339: Property 'left' does not exist on type 'never'.
packages/migrations/src/utils.ts(345,55): error TS2339: Property 'operator' does not exist on type 'never'.
packages/migrations/src/utils.ts(345,91): error TS2339: Property 'right' does not exist on type 'never'.
packages/migrations/src/utils.ts(347,10): error TS2678: Type '"MemberExpression"' is not comparable to type '"MapExpr" | "Identifier" | "QualifiedName" | "Literal" | "StringLiteral" | "NumberLiteral" | "BooleanLiteral" | "NullLiteral" | "DurationLiteral" | "RegexLiteral" | "BinaryExpr" | ... 10 more ... | "ListExpr"'.
packages/migrations/src/utils.ts(348,41): error TS2339: Property 'object' does not exist on type 'never'.
packages/migrations/src/utils.ts(348,57): error TS2339: Property 'property' does not exist on type 'never'.
packages/migrations/src/utils.ts(350,10): error TS2678: Type '"CallExpression"' is not comparable to type '"MapExpr" | "Identifier" | "QualifiedName" | "Literal" | "StringLiteral" | "NumberLiteral" | "BooleanLiteral" | "NullLiteral" | "DurationLiteral" | "RegexLiteral" | "BinaryExpr" | ... 10 more ... | "ListExpr"'.
packages/migrations/src/utils.ts(351,25): error TS2339: Property 'arguments' does not exist on type 'never'.
packages/migrations/src/utils.ts(352,41): error TS2339: Property 'callee' does not exist on type 'never'.
packages/migrations/src/utils.ts(434,33): error TS7006: Parameter 'a' implicitly has an 'any' type.
packages/migrations/src/utils.ts(444,45): error TS7006: Parameter 'a' implicitly has an 'any' type.
packages/migrations/tests/differ.test.ts(6,34): error TS2305: Module '"@isl-lang/isl-core"' has no exported member 'EntityDeclaration'.
packages/migrations/tests/differ.test.ts(6,53): error TS2305: Module '"@isl-lang/isl-core"' has no exported member 'FieldDeclaration'.
packages/migrations/tests/differ.test.ts(48,5): error TS2322: Type '"DomainDeclaration"' is not assignable to type '"Domain"'.
packages/migrations/tests/differ.test.ts(49,5): error TS2741: Property 'location' is missing in type '{ kind: "Identifier"; name: string; span: { start: { line: number; column: number; offset: number; }; end: { line: number; column: number; offset: number; }; }; }' but required in type 'Identifier'.
packages/migrations/tests/differ.test.ts(50,5): error TS2322: Type '{ kind: "StringLiteral"; value: string; span: { start: { line: number; column: number; offset: number; }; end: { line: number; column: number; offset: number; }; }; } | undefined' is not assignable to type 'StringLiteral'.
  Type 'undefined' is not assignable to type 'StringLiteral'.
packages/mock-detector/src/claim-graph.ts(9,28): error TS7016: Could not find a declaration file for module '@isl-lang/claims-verifier'. 'C:/Users/mevla/OneDrive/Desktop/projects/IntentOS/packages/claims-verifier/dist/index.js' implicitly has an 'any' type.
  Try `npm i --save-dev @types/isl-lang__claims-verifier` if it exists or add a new declaration (.d.ts) file containing `declare module '@isl-lang/claims-verifier';`
packages/mock-detector/src/claims.ts(8,63): error TS7016: Could not find a declaration file for module '@isl-lang/claims-verifier'. 'C:/Users/mevla/OneDrive/Desktop/projects/IntentOS/packages/claims-verifier/dist/index.js' implicitly has an 'any' type.
  Try `npm i --save-dev @types/isl-lang__claims-verifier` if it exists or add a new declaration (.d.ts) file containing `declare module '@isl-lang/claims-verifier';`
packages/mock-detector/src/detector.ts(207,7): error TS2353: Object literal may only specify known properties, and 'precisionScore' does not exist in type '{ truePositives: number; falsePositives: number; score: number; }'.
packages/mock-detector/tests/fixtures/should-flag/hardcoded-success.ts(4,10): error TS2393: Duplicate function implementation.
packages/mock-detector/tests/fixtures/should-flag/placeholder-array.ts(4,7): error TS2451: Cannot redeclare block-scoped variable 'users'.
packages/mock-detector/tests/fixtures/should-not-flag/legitimate-success.ts(4,16): error TS2393: Duplicate function implementation.
packages/mock-detector/tests/fixtures/should-not-flag/legitimate-success.ts(6,26): error TS2304: Cannot find name 'paymentGateway'.
packages/mock-detector/tests/fixtures/should-not-flag/legitimate-success.ts(9,37): error TS18046: 'error' is of type 'unknown'.
packages/mock-detector/tests/fixtures/should-not-flag/real-user-data.ts(4,7): error TS2451: Cannot redeclare block-scoped variable 'users'.
packages/mock-detector/tests/fixtures/should-not-flag/real-user-data.ts(4,15): error TS1375: 'await' expressions are only allowed at the top level of a file when that file is a module, but this file has no imports or exports. Consider adding an empty 'export {}' to make this file a module.
packages/mock-detector/tests/fixtures/should-not-flag/real-user-data.ts(4,21): error TS2304: Cannot find name 'db'.
packages/mock-detector/tests/fixtures/should-not-flag/real-user-data.ts(5,1): error TS1108: A 'return' statement can only be used within a function body.
packages/mock-server/tests/server.test.ts(373,11): error TS2322: Type '(input: { email?: string; }) => boolean' is not assignable to type '(input: unknown) => boolean'.
  Types of parameters 'input' and 'input' are incompatible.
    Type 'unknown' is not assignable to type '{ email?: string | undefined; }'.
packages/opentelemetry/src/instrumentation/grpc.ts(9,3): error TS2305: Module '"@grpc/grpc-js"' has no exported member 'ServerUnaryCall'.
packages/opentelemetry/src/instrumentation/grpc.ts(10,3): error TS2305: Module '"@grpc/grpc-js"' has no exported member 'ServerReadableStream'.
packages/opentelemetry/src/instrumentation/grpc.ts(11,3): error TS2305: Module '"@grpc/grpc-js"' has no exported member 'ServerWritableStream'.
packages/opentelemetry/src/instrumentation/grpc.ts(12,3): error TS2305: Module '"@grpc/grpc-js"' has no exported member 'ServerDuplexStream'.
packages/opentelemetry/src/instrumentation/grpc.ts(13,3): error TS2305: Module '"@grpc/grpc-js"' has no exported member 'Metadata'.
packages/opentelemetry/src/instrumentation/grpc.ts(14,3): error TS2305: Module '"@grpc/grpc-js"' has no exported member 'UntypedServiceImplementation'.
packages/opentelemetry/src/instrumentation/grpc.ts(15,3): error TS2305: Module '"@grpc/grpc-js"' has no exported member 'handleUnaryCall'.
packages/opentelemetry/src/instrumentation/grpc.ts(16,3): error TS2305: Module '"@grpc/grpc-js"' has no exported member 'handleClientStreamingCall'.
packages/opentelemetry/src/instrumentation/grpc.ts(17,3): error TS2305: Module '"@grpc/grpc-js"' has no exported member 'handleServerStreamingCall'.
packages/opentelemetry/src/instrumentation/grpc.ts(18,3): error TS2305: Module '"@grpc/grpc-js"' has no exported member 'handleBidiStreamingCall'.
packages/opentelemetry/src/instrumentation/grpc.ts(19,3): error TS2305: Module '"@grpc/grpc-js"' has no exported member 'sendUnaryData'.
packages/opentelemetry/src/instrumentation/grpc.ts(200,13): error TS7006: Parameter 'error' implicitly has an 'any' type.
packages/opentelemetry/src/instrumentation/grpc.ts(201,13): error TS7006: Parameter 'value' implicitly has an 'any' type.
packages/opentelemetry/src/instrumentation/grpc.ts(202,13): error TS7006: Parameter 'trailer' implicitly has an 'any' type.
packages/opentelemetry/src/instrumentation/grpc.ts(203,13): error TS7006: Parameter 'flags' implicitly has an 'any' type.
packages/opentelemetry/src/instrumentation/grpc.ts(271,11): error TS7006: Parameter 'error' implicitly has an 'any' type.
packages/opentelemetry/src/instrumentation/grpc.ts(272,11): error TS7006: Parameter 'value' implicitly has an 'any' type.
packages/opentelemetry/src/instrumentation/grpc.ts(273,11): error TS7006: Parameter 'trailer' implicitly has an 'any' type.
packages/opentelemetry/src/instrumentation/grpc.ts(274,11): error TS7006: Parameter 'flags' implicitly has an 'any' type.
packages/opentelemetry/src/instrumentation/grpc.ts(355,27): error TS7006: Parameter 'error' implicitly has an 'any' type.
packages/opentelemetry/src/instrumentation/grpc.ts(435,27): error TS7006: Parameter 'error' implicitly has an 'any' type.
packages/opentelemetry/tests/tracer.test.ts(293,25): error TS2693: 'CoverageMetrics' only refers to a type, but is being used as a value here.
packages/opentelemetry/tests/tracer.test.ts(308,25): error TS2693: 'CoverageMetrics' only refers to a type, but is being used as a value here.
packages/parser/src/index.ts(12,18): error TS1205: Re-exporting a type when 'isolatedModules' is enabled requires using 'export type'.
packages/parser/tests/advanced-features.test.ts(719,12): error TS18048: 'result.tokens' is possibly 'undefined'.
packages/parser/tests/advanced-features.test.ts(722,25): error TS18048: 'result.tokens' is possibly 'undefined'.
packages/parser/tests/lexer.test.ts(162,62): error TS2367: This comparison appears to be unintentional because the types '"KEYWORD"' and '"EOF"' have no overlap.
packages/parser/tests/xfail-harness.test.ts(17,8): error TS5097: An import path can only end with a '.ts' extension when 'allowImportingTsExtensions' is enabled.
packages/phantom-dependency-scanner/tests/fixtures/missing-dependency/src/index.ts(1,26): error TS7016: Could not find a declaration file for module 'lodash'. 'C:/Users/mevla/OneDrive/Desktop/projects/IntentOS/node_modules/.pnpm/lodash@4.17.23/node_modules/lodash/lodash.js' implicitly has an 'any' type.
  Try `npm i --save-dev @types/lodash` if it exists or add a new declaration (.d.ts) file containing `declare module 'lodash';`
packages/phantom-dependency-scanner/tests/fixtures/unresolvable-import/src/index.ts(1,27): error TS2307: Cannot find module './nonexistent' or its corresponding type declarations.
packages/phantom-dependency-scanner/tests/fixtures/unresolvable-import/src/index.ts(2,23): error TS2307: Cannot find module '../missing' or its corresponding type declarations.
packages/phantom-dependency-scanner/tests/fixtures/valid-project/src/index.ts(1,26): error TS7016: Could not find a declaration file for module 'lodash'. 'C:/Users/mevla/OneDrive/Desktop/projects/IntentOS/node_modules/.pnpm/lodash@4.17.23/node_modules/lodash/lodash.js' implicitly has an 'any' type.
  Try `npm i --save-dev @types/lodash` if it exists or add a new declaration (.d.ts) file containing `declare module 'lodash';`
packages/phantom-dependency-scanner/tests/fixtures/workspace-project/src/index.ts(1,26): error TS7016: Could not find a declaration file for module 'lodash'. 'C:/Users/mevla/OneDrive/Desktop/projects/IntentOS/node_modules/.pnpm/lodash@4.17.23/node_modules/lodash/lodash.js' implicitly has an 'any' type.
  Try `npm i --save-dev @types/lodash` if it exists or add a new declaration (.d.ts) file containing `declare module 'lodash';`
packages/phantom-dependency-scanner/tests/fixtures/workspace-project/src/index.ts(2,10): error TS2305: Module '"@isl-lang/isl-core"' has no exported member 'SomeType'.
packages/playground/src/app/layout.tsx(4,20): error TS2307: Cannot find module '@/lib/utils' or its corresponding type declarations.
packages/playground/src/app/page.tsx(6,49): error TS2307: Cannot find module '@/lib/compiler' or its corresponding type declarations.
packages/playground/src/app/page.tsx(7,93): error TS2307: Cannot find module '@/lib/generator' or its corresponding type declarations.
packages/playground/src/app/page.tsx(8,37): error TS2307: Cannot find module '@/lib/share' or its corresponding type declarations.
packages/playground/src/app/page.tsx(9,43): error TS2307: Cannot find module '@/examples' or its corresponding type declarations.
packages/playground/src/app/page.tsx(10,42): error TS2307: Cannot find module '@/components/Toolbar' or its corresponding type declarations.
packages/playground/src/app/page.tsx(11,28): error TS2307: Cannot find module '@/components/ErrorPanel' or its corresponding type declarations.
packages/playground/src/app/page.tsx(12,26): error TS2307: Cannot find module '@/components/Examples' or its corresponding type declarations.
packages/playground/src/app/page.tsx(13,29): error TS2307: Cannot find module '@/components/ShareButton' or its corresponding type declarations.
packages/playground/src/app/page.tsx(16,37): error TS2307: Cannot find module '@/components/Editor' or its corresponding type declarations.
packages/playground/src/app/page.tsx(21,38): error TS2307: Cannot find module '@/components/Preview' or its corresponding type declarations.
packages/playground/src/app/page.tsx(189,17): error TS2322: Type '{ value: string; onChange: (newCode: string) => void; errors: CompileError[]; }' is not assignable to type 'IntrinsicAttributes'.
  Property 'value' does not exist on type 'IntrinsicAttributes'.
packages/playground/src/app/page.tsx(206,24): error TS2322: Type '{ value: string; language: string; }' is not assignable to type 'IntrinsicAttributes'.
  Property 'value' does not exist on type 'IntrinsicAttributes'.
packages/playground/src/components/Editor.tsx(6,35): error TS2307: Cannot find module '@/lib/compiler' or its corresponding type declarations.
packages/playground/src/components/ErrorPanel.tsx(4,20): error TS2307: Cannot find module '@/lib/utils' or its corresponding type declarations.
packages/playground/src/components/ErrorPanel.tsx(5,35): error TS2307: Cannot find module '@/lib/compiler' or its corresponding type declarations.
packages/playground/src/components/Examples.tsx(5,43): error TS2307: Cannot find module '@/examples' or its corresponding type declarations.
packages/playground/src/components/Examples.tsx(6,20): error TS2307: Cannot find module '@/lib/utils' or its corresponding type declarations.
packages/playground/src/components/ShareButton.tsx(5,68): error TS2307: Cannot find module '@/lib/share' or its corresponding type declarations.
packages/playground/src/components/ShareButton.tsx(6,20): error TS2307: Cannot find module '@/lib/utils' or its corresponding type declarations.
packages/playground/src/components/Toolbar.tsx(3,20): error TS2307: Cannot find module '@/lib/utils' or its corresponding type declarations.
packages/playground/src/components/Toolbar.tsx(6,33): error TS2307: Cannot find module '@/lib/share' or its corresponding type declarations.
packages/repl/src/commands/call.ts(6,23): error TS2305: Module '"../types.js"' has no exported member 'CommandResult'.
packages/repl/src/commands/call.ts(6,38): error TS2305: Module '"../types.js"' has no exported member 'Behavior'.
packages/repl/src/commands/call.ts(6,48): error TS2305: Module '"../types.js"' has no exported member 'BehaviorResult'.
packages/repl/src/commands/call.ts(19,27): error TS2339: Property 'behaviors' does not exist on type 'Domain'.
packages/repl/src/commands/call.ts(19,42): error TS7006: Parameter 'b' implicitly has an 'any' type.
packages/repl/src/commands/call.ts(86,57): error TS7006: Parameter 'f' implicitly has an 'any' type.
packages/repl/src/commands/check.ts(6,23): error TS2305: Module '"../types.js"' has no exported member 'CommandResult'.
packages/repl/src/commands/check.ts(6,38): error TS2305: Module '"../types.js"' has no exported member 'CheckResult'.
packages/repl/src/commands/check.ts(6,51): error TS2305: Module '"../types.js"' has no exported member 'CheckError'.
packages/repl/src/commands/check.ts(6,63): error TS2305: Module '"../types.js"' has no exported member 'CheckWarning'.
packages/repl/src/commands/check.ts(23,31): error TS2339: Property 'entities' does not exist on type 'Domain'.
packages/repl/src/commands/check.ts(28,33): error TS2339: Property 'behaviors' does not exist on type 'Domain'.
packages/repl/src/commands/check.ts(33,29): error TS2339: Property 'types' does not exist on type 'Domain'.
packages/repl/src/commands/check.ts(38,34): error TS2339: Property 'invariants' does not exist on type 'Domain'.
packages/repl/src/commands/check.ts(46,41): error TS2339: Property 'name' does not exist on type 'string'.
packages/repl/src/commands/check.ts(49,28): error TS2339: Property 'entities' does not exist on type 'Domain'.
packages/repl/src/commands/check.ts(50,28): error TS2339: Property 'behaviors' does not exist on type 'Domain'.
packages/repl/src/commands/check.ts(51,28): error TS2339: Property 'types' does not exist on type 'Domain'.
packages/repl/src/commands/check.ts(86,18): error TS2339: Property 'entities' does not exist on type 'Domain'.
packages/repl/src/commands/check.ts(110,60): error TS7006: Parameter 's' implicitly has an 'any' type.
packages/repl/src/commands/check.ts(140,20): error TS2339: Property 'behaviors' does not exist on type 'Domain'.
packages/repl/src/commands/check.ts(188,27): error TS2339: Property 'entities' does not exist on type 'Domain'.
packages/repl/src/commands/check.ts(188,41): error TS7006: Parameter 'e' implicitly has an 'any' type.
packages/repl/src/commands/check.ts(209,16): error TS2339: Property 'types' does not exist on type 'Domain'.
packages/repl/src/commands/check.ts(221,16): error TS2339: Property 'types' does not exist on type 'Domain'.
packages/repl/src/commands/check.ts(299,16): error TS2339: Property 'types' does not exist on type 'Domain'.
packages/repl/src/commands/check.ts(309,29): error TS2339: Property 'entities' does not exist on type 'Domain'.
packages/repl/src/commands/check.ts(309,43): error TS7006: Parameter 'e' implicitly has an 'any' type.
packages/repl/src/commands/check.ts(310,27): error TS2339: Property 'types' does not exist on type 'Domain'.
packages/repl/src/commands/check.ts(310,38): error TS7006: Parameter 't' implicitly has an 'any' type.
packages/repl/src/commands/check.ts(329,21): error TS2339: Property 'invariants' does not exist on type 'Domain'.
packages/repl/src/commands/generate.ts(6,23): error TS2305: Module '"../types.js"' has no exported member 'CommandResult'.
packages/repl/src/commands/generate.ts(7,10): error TS2305: Module '"../formatter.js"' has no exported member 'formatType'.
packages/repl/src/commands/generate.ts(61,40): error TS2339: Property 'name' does not exist on type 'string'.
packages/repl/src/commands/generate.ts(61,49): error TS18048: 'domain.version' is possibly 'undefined'.
packages/repl/src/commands/generate.ts(61,64): error TS2551: Property 'value' does not exist on type 'string'. Did you mean 'valueOf'?
packages/repl/src/commands/generate.ts(65,31): error TS2339: Property 'entities' does not exist on type 'Domain'.
packages/repl/src/commands/generate.ts(77,33): error TS2339: Property 'behaviors' does not exist on type 'Domain'.
packages/repl/src/commands/generate.ts(94,29): error TS2339: Property 'types' does not exist on type 'Domain'.
packages/repl/src/commands/generate.ts(113,40): error TS2339: Property 'name' does not exist on type 'string'.
packages/repl/src/commands/generate.ts(119,31): error TS2339: Property 'entities' does not exist on type 'Domain'.
packages/repl/src/commands/generate.ts(143,33): error TS2339: Property 'behaviors' does not exist on type 'Domain'.
packages/repl/src/commands/generate.ts(191,31): error TS2339: Property 'name' does not exist on type 'string'.
packages/repl/src/commands/generate.ts(193,26): error TS18048: 'domain.version' is possibly 'undefined'.
packages/repl/src/commands/generate.ts(193,41): error TS2551: Property 'value' does not exist on type 'string'. Did you mean 'valueOf'?
packages/repl/src/commands/generate.ts(194,14): error TS2339: Property 'owner' does not exist on type 'Domain'.
packages/repl/src/commands/generate.ts(195,33): error TS2339: Property 'owner' does not exist on type 'Domain'.
packages/repl/src/commands/generate.ts(202,31): error TS2339: Property 'entities' does not exist on type 'Domain'.
packages/repl/src/commands/generate.ts(223,33): error TS2339: Property 'behaviors' does not exist on type 'Domain'.
packages/repl/src/commands/generate.ts(276,40): error TS2339: Property 'name' does not exist on type 'string'.
packages/repl/src/commands/generate.ts(283,33): error TS2339: Property 'behaviors' does not exist on type 'Domain'.
packages/repl/src/commands/generate.ts(314,40): error TS2339: Property 'name' does not exist on type 'string'.
packages/repl/src/commands/generate.ts(317,31): error TS2339: Property 'entities' does not exist on type 'Domain'.
packages/repl/src/commands/generate.ts(343,35): error TS2339: Property 'types' does not exist on type 'Domain'.
packages/repl/src/commands/generate.ts(372,36): error TS2339: Property 'types' does not exist on type 'Domain'.
packages/repl/src/commands/generate.ts(395,47): error TS2339: Property 'types' does not exist on type 'Domain'.
packages/repl/src/commands/generate.ts(401,41): error TS7006: Parameter 'v' implicitly has an 'any' type.
packages/repl/src/commands/generate.ts(405,37): error TS7006: Parameter 'f' implicitly has an 'any' type.
packages/repl/src/commands/help.ts(6,15): error TS2305: Module '"../types.js"' has no exported member 'CommandResult'.
packages/repl/src/commands/help.ts(347,28): error TS2339: Property 'name' does not exist on type 'string'.
packages/repl/src/commands/help.ts(348,28): error TS2339: Property 'name' does not exist on type 'string'.
packages/repl/src/commands/help.ts(350,17): error TS18048: 'domain.version' is possibly 'undefined'.
packages/repl/src/commands/help.ts(350,32): error TS2551: Property 'value' does not exist on type 'string'. Did you mean 'valueOf'?
packages/repl/src/commands/help.ts(355,31): error TS2339: Property 'entities' does not exist on type 'Domain'.
packages/repl/src/commands/help.ts(363,33): error TS2339: Property 'behaviors' does not exist on type 'Domain'.
packages/repl/src/commands/help.ts(368,14): error TS2339: Property 'types' does not exist on type 'Domain'.
packages/repl/src/commands/help.ts(371,31): error TS2339: Property 'types' does not exist on type 'Domain'.
packages/repl/src/commands/inspect.ts(6,23): error TS2305: Module '"../types.js"' has no exported member 'CommandResult'.
packages/repl/src/commands/inspect.ts(7,10): error TS2305: Module '"../formatter.js"' has no exported member 'formatEntity'.
packages/repl/src/commands/inspect.ts(7,24): error TS2305: Module '"../formatter.js"' has no exported member 'formatBehavior'.
packages/repl/src/commands/inspect.ts(7,40): error TS2305: Module '"../formatter.js"' has no exported member 'formatType'.
packages/repl/src/commands/inspect.ts(7,52): error TS2305: Module '"../formatter.js"' has no exported member 'formatDomainSummary'.
packages/repl/src/commands/inspect.ts(32,25): error TS2339: Property 'entities' does not exist on type 'Domain'.
packages/repl/src/commands/inspect.ts(32,39): error TS7006: Parameter 'e' implicitly has an 'any' type.
packages/repl/src/commands/inspect.ts(42,27): error TS2339: Property 'behaviors' does not exist on type 'Domain'.
packages/repl/src/commands/inspect.ts(42,42): error TS7006: Parameter 'b' implicitly has an 'any' type.
packages/repl/src/commands/inspect.ts(52,23): error TS2339: Property 'types' does not exist on type 'Domain'.
packages/repl/src/commands/inspect.ts(52,34): error TS7006: Parameter 't' implicitly has an 'any' type.
packages/repl/src/commands/inspect.ts(62,28): error TS2339: Property 'invariants' does not exist on type 'Domain'.
packages/repl/src/commands/inspect.ts(62,44): error TS7006: Parameter 'i' implicitly has an 'any' type.
packages/repl/src/commands/inspect.ts(72,25): error TS2339: Property 'policies' does not exist on type 'Domain'.
packages/repl/src/commands/inspect.ts(72,39): error TS7006: Parameter 'p' implicitly has an 'any' type.
packages/repl/src/commands/inspect.ts(83,15): error TS2339: Property 'entities' does not exist on type 'Domain'.
packages/repl/src/commands/inspect.ts(83,28): error TS7006: Parameter 'e' implicitly has an 'any' type.
packages/repl/src/commands/inspect.ts(84,15): error TS2339: Property 'behaviors' does not exist on type 'Domain'.
packages/repl/src/commands/inspect.ts(84,29): error TS7006: Parameter 'b' implicitly has an 'any' type.
packages/repl/src/commands/inspect.ts(85,15): error TS2339: Property 'types' does not exist on type 'Domain'.
packages/repl/src/commands/inspect.ts(85,25): error TS7006: Parameter 't' implicitly has an 'any' type.
packages/repl/src/commands/inspect.ts(97,45): error TS2339: Property 'types' does not exist on type 'Domain'.
packages/repl/src/commands/inspect.ts(164,49): error TS2339: Property 'invariants' does not exist on type 'Domain'.
packages/repl/src/commands/inspect.ts(189,38): error TS2339: Property 'policies' does not exist on type 'Domain'.
packages/repl/src/commands/inspect.ts(230,35): error TS2339: Property 'entities' does not exist on type 'Domain'.
packages/repl/src/commands/inspect.ts(238,37): error TS2339: Property 'behaviors' does not exist on type 'Domain'.
packages/repl/src/commands/inspect.ts(246,33): error TS2339: Property 'types' does not exist on type 'Domain'.
packages/repl/src/commands/inspect.ts(253,32): error TS2339: Property 'invariants' does not exist on type 'Domain'.
packages/repl/src/commands/inspect.ts(262,35): error TS2339: Property 'policies' does not exist on type 'Domain'.
packages/repl/src/commands/load.ts(8,23): error TS2305: Module '"../types.js"' has no exported member 'CommandResult'.
packages/repl/src/commands/load.ts(8,38): error TS2305: Module '"../types.js"' has no exported member 'ParseResult'.
packages/repl/src/commands/load.ts(8,51): error TS2305: Module '"../types.js"' has no exported member 'CheckResult'.
packages/repl/src/commands/load.ts(28,5): error TS2322: Type '{ name: string; }' is not assignable to type 'string'.
packages/repl/src/commands/load.ts(29,5): error TS2322: Type '{ value: string; }' is not assignable to type 'string'.
packages/repl/src/commands/load.ts(51,51): error TS2339: Property 'entities' does not exist on type 'Domain'.
packages/repl/src/commands/load.ts(52,26): error TS2339: Property 'entities' does not exist on type 'Domain'.
packages/repl/src/commands/load.ts(78,52): error TS2339: Property 'behaviors' does not exist on type 'Domain'.
packages/repl/src/commands/load.ts(79,27): error TS2339: Property 'behaviors' does not exist on type 'Domain'.
packages/repl/src/commands/load.ts(109,46): error TS2339: Property 'entities' does not exist on type 'Domain'.
packages/repl/src/commands/load.ts(110,24): error TS2339: Property 'entities' does not exist on type 'Domain'.
packages/repl/src/commands/load.ts(177,45): error TS7006: Parameter 'e' implicitly has an 'any' type.
packages/repl/src/commands/load.ts(229,37): error TS7006: Parameter 'e' implicitly has an 'any' type.
packages/repl/src/commands/verify.ts(6,23): error TS2305: Module '"../types.js"' has no exported member 'CommandResult'.
packages/repl/src/commands/verify.ts(6,38): error TS2305: Module '"../types.js"' has no exported member 'Behavior'.
packages/repl/src/commands/verify.ts(6,48): error TS2305: Module '"../types.js"' has no exported member 'Expression'.
packages/repl/src/commands/verify.ts(7,10): error TS2305: Module '"../formatter.js"' has no exported member 'formatExpression'.
packages/repl/src/commands/verify.ts(62,27): error TS2339: Property 'behaviors' does not exist on type 'Domain'.
packages/repl/src/commands/verify.ts(62,42): error TS7006: Parameter 'b' implicitly has an 'any' type.
packages/repl/src/commands/verify.ts(64,30): error TS2339: Property 'behaviors' does not exist on type 'Domain'.
packages/repl/src/commands/verify.ts(64,44): error TS7006: Parameter 'b' implicitly has an 'any' type.
packages/repl/src/commands/verify.ts(140,52): error TS7006: Parameter 'pre' implicitly has an 'any' type.
packages/repl/src/commands/verify.ts(144,54): error TS7006: Parameter 'post' implicitly has an 'any' type.
packages/repl/src/commands/verify.ts(148,45): error TS7006: Parameter 'err' implicitly has an 'any' type.
packages/repl/src/commands/verify.ts(154,48): error TS7006: Parameter 'effect' implicitly has an 'any' type.
packages/repl/src/commands/verify.ts(157,22): error TS2339: Property 'entities' does not exist on type 'Domain'.
packages/repl/src/commands/verify.ts(157,36): error TS7006: Parameter 'e' implicitly has an 'any' type.
packages/repl/src/commands/verify.ts(161,42): error TS7006: Parameter 'p' implicitly has an 'any' type.
packages/repl/src/commands/verify.ts(162,44): error TS7006: Parameter 'p' implicitly has an 'any' type.
packages/repl/src/commands/verify.ts(163,48): error TS7006: Parameter 'e' implicitly has an 'any' type.
packages/repl/src/commands/verify.ts(168,33): error TS7006: Parameter 'p' implicitly has an 'any' type.
packages/repl/src/commands/verify.ts(168,73): error TS7006: Parameter 'p' implicitly has an 'any' type.
packages/repl/src/commands/verify.ts(205,33): error TS2339: Property 'behaviors' does not exist on type 'Domain'.
packages/runtime-sdk/src/client.ts(7,10): error TS2305: Module '"@isl-lang/isl-core"' has no exported member 'parseISL'.
packages/runtime-sdk/src/client.ts(68,50): error TS2339: Property 'conditions' does not exist on type 'Expression[]'.
packages/runtime-sdk/src/client.ts(68,66): error TS7006: Parameter 'c' implicitly has an 'any' type.
packages/runtime-sdk/src/client.ts(71,52): error TS2339: Property 'conditions' does not exist on type 'PostconditionBlock[]'.
packages/runtime-sdk/src/client.ts(71,68): error TS7006: Parameter 'c' implicitly has an 'any' type.
packages/runtime-sdk/src/client.ts(75,53): error TS2339: Property 'expression' does not exist on type 'Expression'.
  Property 'expression' does not exist on type 'Identifier'.
packages/runtime-sdk/tests/sdk.test.ts(337,8): error TS2339: Property 'pre' does not exist on type '(input: any, ctx?: ExecutionContext | undefined) => Promise<unknown>'.
packages/runtime-sdk/tests/sdk.test.ts(353,8): error TS2339: Property 'post' does not exist on type '(input: any, ctx?: ExecutionContext | undefined) => Promise<unknown>'.
packages/sdk-generator/src/index.ts(13,60): error TS2307: Cannot find module './generator.js' or its corresponding type declarations.
packages/sdk-generator/src/index.ts(14,40): error TS2307: Cannot find module './languages/typescript.js' or its corresponding type declarations.
packages/sdk-generator/src/languages/go.ts(6,33): error TS2307: Cannot find module '../generator.js' or its corresponding type declarations.
packages/sdk-generator/src/languages/python.ts(6,33): error TS2307: Cannot find module '../generator.js' or its corresponding type declarations.
packages/sdk-generator/src/languages/rust.ts(6,33): error TS2307: Cannot find module '../generator.js' or its corresponding type declarations.
packages/sdk-react-native/__tests__/validators.test.ts(68,7): error TS2345: Argument of type '(input: { email: string; }) => ValidationResult' is not assignable to parameter of type '(input: unknown) => ValidationResult'.
  Types of parameters 'input' and 'input' are incompatible.
    Type 'unknown' is not assignable to type '{ email: string; }'.
packages/sdk-react-native/src/client/ISLClient.ts(178,79): error TS2339: Property 'key' does not exist on type 'Partial<CacheConfig>'.
packages/sdk-react-native/src/client/ISLClient.ts(191,36): error TS2339: Property 'maxRetries' does not exist on type 'RetryConfig | Partial<RetryConfig>'.
  Property 'maxRetries' does not exist on type 'Partial<RetryConfig>'.
packages/sdk-react-native/src/client/ISLClient.ts(234,63): error TS2551: Property 'ttlMs' does not exist on type 'Partial<CacheConfig>'. Did you mean 'ttl'?
packages/sdk-react-native/src/client/ISLClient.ts(234,84): error TS2339: Property 'key' does not exist on type 'Partial<CacheConfig>'.
packages/sdk-react-native/src/client/ISLClient.ts(262,37): error TS2339: Property 'maxRetries' does not exist on type 'RetryConfig | Partial<RetryConfig>'.
  Property 'maxRetries' does not exist on type 'Partial<RetryConfig>'.
packages/sdk-react-native/src/client/ISLClient.ts(263,60): error TS2345: Argument of type 'RetryConfig | Partial<RetryConfig>' is not assignable to parameter of type 'RetryConfig'.
  Type 'Partial<RetryConfig>' is missing the following properties from type 'RetryConfig': maxRetries, initialDelayMs, maxDelayMs
packages/sdk-typescript/src/client.ts(52,35): error TS2345: Argument of type 'ISLClientConfig' is not assignable to parameter of type 'ServiceConfig'.
  Property 'authToken' is optional in type 'ISLClientConfig' but required in type 'ServiceConfig'.
packages/sdk-typescript/src/services/user-service.ts(5,48): error TS2305: Module '"../config"' has no exported member 'InterceptorsConfig'.
packages/sdk/tests/verify.test.ts(195,22): error TS2352: Conversion of type 'AuthoritativeGateInput' to type 'Record<string, unknown>' may be a mistake because neither type sufficiently overlaps with the other. If this was intentional, convert the expression to 'unknown' first.
  Index signature for type 'string' is missing in type 'AuthoritativeGateInput'.
packages/security-verifier-enhancer/tests/fixtures/middleware/auth.ts(7,18): error TS2430: Interface 'AuthenticatedRequest' incorrectly extends interface 'Request<ParamsDictionary, any, any, ParsedQs, Record<string, any>>'.
  Types of property 'user' are incompatible.
    Type '{ id: string; role: string; } | undefined' is not assignable to type 'User | undefined'.
      Type '{ id: string; role: string; }' is missing the following properties from type 'User': email, name, teams
packages/security-verifier-enhancer/tests/fixtures/routes/correct-auth.ts(24,7): error TS2367: This comparison appears to be unintentional because the types 'Role | undefined' and '"ADMIN"' have no overlap.
packages/security-verifier-enhancer/tests/fixtures/routes/correct-auth.ts(40,16): error TS2698: Spread types may only be created from object types.
packages/security-verifier-enhancer/tests/fixtures/routes/missing-auth.ts(39,16): error TS2698: Spread types may only be created from object types.
packages/semantics/tests/compatibility.test.ts(27,15): error TS2769: No overload matches this call.
  The last overload gave the following error.
    Argument of type '{ expression: string; expected: boolean; rationale: string; }[] | ({ expression: string; expected: number; rationale: string; } | { expression: string; expected: string; rationale: string; })[] | { ...; }[]' is not assignable to parameter of type 'TemplateStringsArray'.
      Property 'raw' is missing in type '{ expression: string; expected: boolean; rationale: string; }[]' but required in type 'TemplateStringsArray'.
packages/semantics/tests/compatibility.test.ts(29,9): error TS2345: Argument of type '({ expected }: any) => void' is not assignable to parameter of type '(...args: any[] | [any]) => Awaitable<void>'.
  Types of parameters '__0' and 'args' are incompatible.
    Type 'any[] | [any]' is not assignable to type '[any]'.
      Type 'any[]' is not assignable to type '[any]'.
        Target requires 1 element(s) but source may have fewer.
packages/sentry/tests/middleware.test.ts(25,3): error TS2724: '"../src/middleware"' has no exported member named 'sentryISLErrorHandler'. Did you mean 'islErrorHandler'?
packages/sentry/tests/middleware.test.ts(26,3): error TS2724: '"../src/middleware"' has no exported member named 'createISLMiddleware'. Did you mean 'koaISLMiddleware'?
packages/sentry/tests/middleware.test.ts(59,23): error TS2345: Argument of type '{ statusCode: number; on: Mock<[event: any, callback: any], void>; }' is not assignable to parameter of type 'ExpressResponse'.
  Property 'end' is missing in type '{ statusCode: number; on: Mock<[event: any, callback: any], void>; }' but required in type 'ExpressResponse'.
packages/sentry/tests/middleware.test.ts(83,23): error TS2345: Argument of type '{ statusCode: number; on: Mock<any, any>; }' is not assignable to parameter of type 'ExpressResponse'.
  Property 'end' is missing in type '{ statusCode: number; on: Mock<any, any>; }' but required in type 'ExpressResponse'.
packages/solver-z3-wasm/src/adapter.ts(8,49): error TS2307: Cannot find module '@isl-lang/isl-smt' or its corresponding type declarations.
packages/solver-z3-wasm/src/expr-converter.ts(82,10): error TS2678: Type '"Bool"' is not comparable to type '"Add" | "Eq" | "Select" | "Var" | "Exists" | "And" | "Or" | "Not" | "Implies" | "Abs" | "Let" | "BoolConst" | "IntConst" | "RealConst" | "StringConst" | "BitVecConst" | "Iff" | "Ite" | ... 13 more ... | "Apply"'.
packages/solver-z3-wasm/src/expr-converter.ts(83,32): error TS2339: Property 'value' does not exist on type 'never'.
packages/solver-z3-wasm/src/expr-converter.ts(85,10): error TS2678: Type '"Int"' is not comparable to type '"Add" | "Eq" | "Select" | "Var" | "Exists" | "And" | "Or" | "Not" | "Implies" | "Abs" | "Let" | "BoolConst" | "IntConst" | "RealConst" | "StringConst" | "BitVecConst" | "Iff" | "Ite" | ... 13 more ... | "Apply"'.
packages/solver-z3-wasm/src/expr-converter.ts(88,38): error TS2339: Property 'value' does not exist on type 'never'.
packages/solver-z3-wasm/src/expr-converter.ts(88,63): error TS2339: Property 'value' does not exist on type 'never'.
packages/solver-z3-wasm/src/expr-converter.ts(166,10): error TS2678: Type '"Int"' is not comparable to type '"Add" | "Eq" | "Select" | "Var" | "Exists" | "And" | "Or" | "Not" | "Implies" | "Abs" | "Let" | "BoolConst" | "IntConst" | "RealConst" | "StringConst" | "BitVecConst" | "Iff" | "Ite" | ... 13 more ... | "Apply"'.
packages/solver-z3-wasm/src/expr-converter.ts(167,31): error TS2339: Property 'value' does not exist on type 'never'.
packages/solver-z3-wasm/src/expr-converter.ts(218,9): error TS2367: This comparison appears to be unintentional because the types '"Assert" | "DeclareConst" | "DeclareFun" | "DeclareSort" | "DeclareDatatype" | "DefineFun"' and '"Const"' have no overlap.
packages/solver-z3-wasm/src/expr-converter.ts(219,16): error TS2339: Property 'sort' does not exist on type 'never'.
packages/solver-z3-wasm/src/expr-converter.ts(220,23): error TS2339: Property 'name' does not exist on type 'never'.
packages/solver-z3-wasm/src/expr-converter.ts(220,48): error TS2339: Property 'name' does not exist on type 'never'.
packages/solver-z3-wasm/src/expr-converter.ts(221,23): error TS2339: Property 'sort' does not exist on type 'never'.
packages/solver-z3-wasm/src/expr-converter.ts(222,23): error TS2339: Property 'name' does not exist on type 'never'.
packages/solver-z3-wasm/src/expr-converter.ts(222,49): error TS2339: Property 'name' does not exist on type 'never'.
packages/solver-z3-wasm/src/index.ts(41,37): error TS2307: Cannot find module '@isl-lang/isl-smt' or its corresponding type declarations.
packages/solver-z3-wasm/src/wasm-solver.ts(20,37): error TS2307: Cannot find module '@isl-lang/isl-smt' or its corresponding type declarations.
packages/solver-z3-wasm/src/wasm-solver.ts(89,18): error TS2352: Conversion of type 'Z3HighLevel & { em: any; Z3: { mk_context: (c: Z3_config) => Z3_context; mk_context_rc: (c: Z3_config) => Z3_context; global_param_set: (param_id: string, param_value: string) => void; ... 765 more ...; qe_lite: (c: Z3_context, vars: Z3_ast_vector, body: Z3_ast) => Z3_ast; }; }' to type '{ init: () => Promise<{ Z3: unknown; Context: new (name: string) => unknown; }>; } | null' may be a mistake because neither type sufficiently overlaps with the other. If this was intentional, convert the expression to 'unknown' first.
packages/solver-z3-wasm/src/wasm-solver.ts(354,15): error TS2367: This comparison appears to be unintentional because the types '"Assert" | "DeclareConst" | "DeclareFun" | "DeclareSort" | "DeclareDatatype" | "DefineFun"' and '"Const"' have no overlap.
packages/solver-z3-wasm/src/wasm-solver.ts(355,22): error TS2339: Property 'sort' does not exist on type 'never'.
packages/solver-z3-wasm/src/wasm-solver.ts(356,29): error TS2339: Property 'name' does not exist on type 'never'.
packages/solver-z3-wasm/src/wasm-solver.ts(356,54): error TS2339: Property 'name' does not exist on type 'never'.
packages/solver-z3-wasm/src/wasm-solver.ts(436,12): error TS2678: Type '"Int"' is not comparable to type '"Add" | "Eq" | "Select" | "Var" | "Exists" | "And" | "Or" | "Not" | "Implies" | "Abs" | "Let" | "BoolConst" | "IntConst" | "RealConst" | "StringConst" | "BitVecConst" | "Iff" | "Ite" | ... 13 more ... | "Apply"'.
packages/solver-z3-wasm/src/wasm-solver.ts(437,33): error TS2339: Property 'value' does not exist on type 'never'.
packages/solver-z3-wasm/src/wasm-solver.ts(442,21): error TS2339: Property 'gt' does not exist on type 'number | { ge: (val: unknown) => unknown; le: (val: unknown) => unknown; gt: (val: unknown) => unknown; lt: (val: unknown) => unknown; }'.
  Property 'gt' does not exist on type 'number'.
packages/solver-z3-wasm/src/wasm-solver.ts(448,21): error TS2339: Property 'lt' does not exist on type 'number | { ge: (val: unknown) => unknown; le: (val: unknown) => unknown; gt: (val: unknown) => unknown; lt: (val: unknown) => unknown; }'.
  Property 'lt' does not exist on type 'number'.
packages/solver-z3-wasm/src/wasm-solver.ts(454,21): error TS2339: Property 'ge' does not exist on type 'number | { ge: (val: unknown) => unknown; le: (val: unknown) => unknown; gt: (val: unknown) => unknown; lt: (val: unknown) => unknown; }'.
  Property 'ge' does not exist on type 'number'.
packages/solver-z3-wasm/src/wasm-solver.ts(460,21): error TS2339: Property 'le' does not exist on type 'number | { ge: (val: unknown) => unknown; le: (val: unknown) => unknown; gt: (val: unknown) => unknown; lt: (val: unknown) => unknown; }'.
  Property 'le' does not exist on type 'number'.
packages/solver-z3-wasm/src/wasm-solver.ts(496,9): error TS2367: This comparison appears to be unintentional because the types '"Add" | "Eq" | "Select" | "Exists" | "And" | "Or" | "Not" | "Implies" | "Abs" | "Let" | "BoolConst" | "IntConst" | "RealConst" | "StringConst" | "BitVecConst" | "Iff" | "Ite" | "Distinct" | ... 12 more ... | "Apply"' and '"Int"' have no overlap.
packages/solver-z3-wasm/src/wasm-solver.ts(497,19): error TS2339: Property 'value' does not exist on type 'never'.
packages/solver-z3-wasm/tests/wasm-solver.test.ts(132,27): error TS2769: No overload matches this call.
  Overload 1 of 4, '(iterable?: Iterable<readonly [string, () => SMTSort]> | null | undefined): Map<string, () => SMTSort>', gave the following error.
    Argument of type '[string, SMTSort][]' is not assignable to parameter of type 'Iterable<readonly [string, () => SMTSort]>'.
      The types returned by '[Symbol.iterator]().next(...)' are incompatible between these types.
        Type 'IteratorResult<[string, SMTSort], undefined>' is not assignable to type 'IteratorResult<readonly [string, () => SMTSort], any>'.
          Type 'IteratorYieldResult<[string, SMTSort]>' is not assignable to type 'IteratorResult<readonly [string, () => SMTSort], any>'.
            Type 'IteratorYieldResult<[string, SMTSort]>' is not assignable to type 'IteratorYieldResult<readonly [string, () => SMTSort]>'.
              Type '[string, SMTSort]' is not assignable to type 'readonly [string, () => SMTSort]'.
                Type at position 1 in source is not compatible with type at position 1 in target.
                  Type 'SMTSort' is not assignable to type '() => SMTSort'.
                    Type '{ kind: "Bool"; }' is not assignable to type '() => SMTSort'.
                      Type '{ kind: "Bool"; }' provides no match for the signature '(): SMTSort'.
  Overload 2 of 4, '(entries?: readonly (readonly [string, () => SMTSort])[] | null | undefined): Map<string, () => SMTSort>', gave the following error.
    Type 'SMTSort' is not assignable to type '() => SMTSort'.
      Type '{ kind: "Bool"; }' is not assignable to type '() => SMTSort'.
        Type '{ kind: "Bool"; }' provides no match for the signature '(): SMTSort'.
packages/solver-z3-wasm/tests/wasm-solver.test.ts(137,68): error TS2345: Argument of type 'Map<string, () => SMTSort>' is not assignable to parameter of type 'Map<string, SMTSort>'.
  Type '() => SMTSort' is not assignable to type 'SMTSort'.
packages/solver-z3-wasm/tests/wasm-solver.test.ts(152,22): error TS2769: No overload matches this call.
  Overload 1 of 4, '(iterable?: Iterable<readonly [string, () => SMTSort]> | null | undefined): Map<string, () => SMTSort>', gave the following error.
    Argument of type '[string, SMTSort][]' is not assignable to parameter of type 'Iterable<readonly [string, () => SMTSort]>'.
      The types returned by '[Symbol.iterator]().next(...)' are incompatible between these types.
        Type 'IteratorResult<[string, SMTSort], undefined>' is not assignable to type 'IteratorResult<readonly [string, () => SMTSort], any>'.
          Type 'IteratorYieldResult<[string, SMTSort]>' is not assignable to type 'IteratorResult<readonly [string, () => SMTSort], any>'.
            Type 'IteratorYieldResult<[string, SMTSort]>' is not assignable to type 'IteratorYieldResult<readonly [string, () => SMTSort]>'.
              Type '[string, SMTSort]' is not assignable to type 'readonly [string, () => SMTSort]'.
                Type at position 1 in source is not compatible with type at position 1 in target.
                  Type 'SMTSort' is not assignable to type '() => SMTSort'.
                    Type '{ kind: "Bool"; }' is not assignable to type '() => SMTSort'.
                      Type '{ kind: "Bool"; }' provides no match for the signature '(): SMTSort'.
  Overload 2 of 4, '(entries?: readonly (readonly [string, () => SMTSort])[] | null | undefined): Map<string, () => SMTSort>', gave the following error.
    Type 'SMTSort' is not assignable to type '() => SMTSort'.
      Type '{ kind: "Bool"; }' is not assignable to type '() => SMTSort'.
        Type '{ kind: "Bool"; }' provides no match for the signature '(): SMTSort'.
packages/solver-z3-wasm/tests/wasm-solver.test.ts(159,92): error TS2345: Argument of type 'Map<string, () => SMTSort>' is not assignable to parameter of type 'Map<string, SMTSort>'.
  Type '() => SMTSort' is not assignable to type 'SMTSort'.
packages/spec-assist/src/validator.ts(162,19): error TS2339: Property 'ast' does not exist on type 'ParseResult'.
packages/spec-assist/src/validator.ts(224,36): error TS2307: Cannot find module '@isl-lang/isl-semantic-analysis' or its corresponding type declarations.
packages/spec-assist/src/validator.ts(230,46): error TS2339: Property 'ast' does not exist on type 'ParseResult'.
packages/spec-assist/src/validator.ts(235,62): error TS2339: Property 'ast' does not exist on type 'ParseResult'.
packages/spec-assist/src/validator.ts(301,46): error TS2339: Property 'ast' does not exist on type 'ParseResult'.
packages/spec-assist/src/validator.ts(307,19): error TS2339: Property 'ast' does not exist on type 'ParseResult'.
packages/spec-assist/src/validator.ts(308,36): error TS2339: Property 'ast' does not exist on type 'ParseResult'.
packages/spec-assist/src/validator.ts(315,42): error TS2339: Property 'blockingIssues' does not exist on type 'EvidenceReport'.
packages/spec-reviewer/src/analyzers/best-practices.ts(7,55): error TS2305: Module '"@isl-lang/isl-core"' has no exported member 'EntityDeclaration'.
packages/spec-reviewer/src/analyzers/best-practices.ts(82,24): error TS2339: Property 'span' does not exist on type 'Domain'.
packages/spec-reviewer/src/analyzers/best-practices.ts(82,46): error TS2339: Property 'span' does not exist on type 'Domain'.
packages/spec-reviewer/src/analyzers/best-practices.ts(82,78): error TS2339: Property 'span' does not exist on type 'Domain'.
packages/spec-reviewer/src/analyzers/best-practices.ts(94,24): error TS2339: Property 'span' does not exist on type 'Domain'.
packages/spec-reviewer/src/analyzers/best-practices.ts(94,46): error TS2339: Property 'span' does not exist on type 'Domain'.
packages/spec-reviewer/src/analyzers/best-practices.ts(94,78): error TS2339: Property 'span' does not exist on type 'Domain'.
packages/spec-reviewer/src/analyzers/best-practices.ts(105,24): error TS2339: Property 'span' does not exist on type 'Domain'.
packages/spec-reviewer/src/analyzers/best-practices.ts(105,46): error TS2339: Property 'span' does not exist on type 'Domain'.
packages/spec-reviewer/src/analyzers/best-practices.ts(105,78): error TS2339: Property 'span' does not exist on type 'Domain'.
packages/spec-reviewer/src/analyzers/best-practices.ts(132,41): error TS7006: Parameter 'f' implicitly has an 'any' type.
packages/spec-reviewer/src/analyzers/best-practices.ts(134,25): error TS7006: Parameter 'a' implicitly has an 'any' type.
packages/spec-reviewer/src/analyzers/best-practices.ts(151,43): error TS7006: Parameter 'f' implicitly has an 'any' type.
packages/spec-reviewer/src/analyzers/best-practices.ts(186,46): error TS7006: Parameter 'f' implicitly has an 'any' type.
packages/spec-reviewer/src/analyzers/best-practices.ts(216,26): error TS2339: Property 'span' does not exist on type 'Behavior'.
packages/spec-reviewer/src/analyzers/best-practices.ts(216,50): error TS2339: Property 'span' does not exist on type 'Behavior'.
packages/spec-reviewer/src/analyzers/best-practices.ts(216,84): error TS2339: Property 'span' does not exist on type 'Behavior'.
packages/spec-reviewer/src/analyzers/best-practices.ts(228,26): error TS2339: Property 'span' does not exist on type 'Behavior'.
packages/spec-reviewer/src/analyzers/best-practices.ts(228,50): error TS2339: Property 'span' does not exist on type 'Behavior'.
packages/spec-reviewer/src/analyzers/best-practices.ts(228,84): error TS2339: Property 'span' does not exist on type 'Behavior'.
packages/spec-reviewer/src/analyzers/best-practices.ts(245,28): error TS2339: Property 'span' does not exist on type 'Behavior'.
packages/spec-reviewer/src/analyzers/best-practices.ts(245,52): error TS2339: Property 'span' does not exist on type 'Behavior'.
packages/spec-reviewer/src/analyzers/best-practices.ts(245,86): error TS2339: Property 'span' does not exist on type 'Behavior'.
packages/spec-reviewer/src/analyzers/best-practices.ts(260,26): error TS2339: Property 'span' does not exist on type 'Behavior'.
packages/spec-reviewer/src/analyzers/best-practices.ts(260,50): error TS2339: Property 'span' does not exist on type 'Behavior'.
packages/spec-reviewer/src/analyzers/best-practices.ts(260,84): error TS2339: Property 'span' does not exist on type 'Behavior'.
packages/spec-reviewer/src/analyzers/best-practices.ts(308,28): error TS2339: Property 'span' does not exist on type 'Behavior'.
packages/spec-reviewer/src/analyzers/best-practices.ts(308,52): error TS2339: Property 'span' does not exist on type 'Behavior'.
packages/spec-reviewer/src/analyzers/best-practices.ts(308,86): error TS2339: Property 'span' does not exist on type 'Behavior'.
packages/spec-reviewer/src/analyzers/best-practices.ts(337,26): error TS2339: Property 'span' does not exist on type 'Entity'.
packages/spec-reviewer/src/analyzers/best-practices.ts(337,48): error TS2339: Property 'span' does not exist on type 'Entity'.
packages/spec-reviewer/src/analyzers/best-practices.ts(337,80): error TS2339: Property 'span' does not exist on type 'Entity'.
packages/spec-reviewer/src/analyzers/completeness.ts(45,26): error TS2339: Property 'span' does not exist on type 'Entity'.
packages/spec-reviewer/src/analyzers/completeness.ts(45,48): error TS2339: Property 'span' does not exist on type 'Entity'.
packages/spec-reviewer/src/analyzers/completeness.ts(45,80): error TS2339: Property 'span' does not exist on type 'Entity'.
packages/spec-reviewer/src/analyzers/completeness.ts(58,26): error TS2339: Property 'span' does not exist on type 'Entity'.
packages/spec-reviewer/src/analyzers/completeness.ts(58,48): error TS2339: Property 'span' does not exist on type 'Entity'.
packages/spec-reviewer/src/analyzers/completeness.ts(58,80): error TS2339: Property 'span' does not exist on type 'Entity'.
packages/spec-reviewer/src/analyzers/completeness.ts(72,24): error TS2339: Property 'span' does not exist on type 'TypeDeclaration'.
packages/spec-reviewer/src/analyzers/completeness.ts(72,44): error TS2339: Property 'span' does not exist on type 'TypeDeclaration'.
packages/spec-reviewer/src/analyzers/completeness.ts(72,74): error TS2339: Property 'span' does not exist on type 'TypeDeclaration'.
packages/spec-reviewer/src/analyzers/completeness.ts(85,28): error TS2339: Property 'span' does not exist on type 'Behavior'.
packages/spec-reviewer/src/analyzers/completeness.ts(85,52): error TS2339: Property 'span' does not exist on type 'Behavior'.
packages/spec-reviewer/src/analyzers/completeness.ts(85,86): error TS2339: Property 'span' does not exist on type 'Behavior'.
packages/spec-reviewer/src/analyzers/completeness.ts(117,26): error TS2339: Property 'span' does not exist on type 'Behavior'.
packages/spec-reviewer/src/analyzers/completeness.ts(117,50): error TS2339: Property 'span' does not exist on type 'Behavior'.
packages/spec-reviewer/src/analyzers/completeness.ts(117,84): error TS2339: Property 'span' does not exist on type 'Behavior'.
packages/spec-reviewer/src/analyzers/completeness.ts(129,26): error TS2339: Property 'span' does not exist on type 'Behavior'.
packages/spec-reviewer/src/analyzers/completeness.ts(129,50): error TS2339: Property 'span' does not exist on type 'Behavior'.
packages/spec-reviewer/src/analyzers/completeness.ts(129,84): error TS2339: Property 'span' does not exist on type 'Behavior'.
packages/spec-reviewer/src/analyzers/completeness.ts(140,26): error TS2339: Property 'span' does not exist on type 'Behavior'.
packages/spec-reviewer/src/analyzers/completeness.ts(140,50): error TS2339: Property 'span' does not exist on type 'Behavior'.
packages/spec-reviewer/src/analyzers/completeness.ts(140,84): error TS2339: Property 'span' does not exist on type 'Behavior'.
packages/spec-reviewer/src/analyzers/completeness.ts(151,26): error TS2339: Property 'span' does not exist on type 'Behavior'.
packages/spec-reviewer/src/analyzers/completeness.ts(151,50): error TS2339: Property 'span' does not exist on type 'Behavior'.
packages/spec-reviewer/src/analyzers/completeness.ts(151,84): error TS2339: Property 'span' does not exist on type 'Behavior'.
packages/spec-reviewer/src/analyzers/completeness.ts(162,26): error TS2339: Property 'span' does not exist on type 'Behavior'.
packages/spec-reviewer/src/analyzers/completeness.ts(162,50): error TS2339: Property 'span' does not exist on type 'Behavior'.
packages/spec-reviewer/src/analyzers/completeness.ts(162,84): error TS2339: Property 'span' does not exist on type 'Behavior'.
packages/spec-reviewer/src/analyzers/consistency.ts(93,33): error TS2339: Property 'enums' does not exist on type 'Domain'.
packages/spec-reviewer/src/analyzers/consistency.ts(116,27): error TS2339: Property 'span' does not exist on type 'Field'.
packages/spec-reviewer/src/analyzers/consistency.ts(116,48): error TS2339: Property 'span' does not exist on type 'Field'.
packages/spec-reviewer/src/analyzers/consistency.ts(116,79): error TS2339: Property 'span' does not exist on type 'Field'.
packages/spec-reviewer/src/analyzers/consistency.ts(134,29): error TS2339: Property 'span' does not exist on type 'Field'.
packages/spec-reviewer/src/analyzers/consistency.ts(134,50): error TS2339: Property 'span' does not exist on type 'Field'.
packages/spec-reviewer/src/analyzers/consistency.ts(134,81): error TS2339: Property 'span' does not exist on type 'Field'.
packages/spec-reviewer/src/analyzers/consistency.ts(182,33): error TS2339: Property 'conditions' does not exist on type 'Expression[]'.
packages/spec-reviewer/src/analyzers/consistency.ts(183,54): error TS2339: Property 'conditions' does not exist on type 'Expression[]'.
packages/spec-reviewer/src/analyzers/consistency.ts(192,34): error TS2339: Property 'span' does not exist on type 'Behavior'.
packages/spec-reviewer/src/analyzers/consistency.ts(192,58): error TS2339: Property 'span' does not exist on type 'Behavior'.
packages/spec-reviewer/src/analyzers/consistency.ts(192,92): error TS2339: Property 'span' does not exist on type 'Behavior'.
packages/spec-reviewer/src/analyzers/consistency.ts(231,34): error TS2339: Property 'conditions' does not exist on type 'PostconditionBlock[]'.
packages/spec-reviewer/src/analyzers/consistency.ts(236,33): error TS2339: Property 'conditions' does not exist on type 'Expression[]'.
packages/spec-reviewer/src/analyzers/consistency.ts(265,32): error TS2339: Property 'span' does not exist on type 'Behavior'.
packages/spec-reviewer/src/analyzers/consistency.ts(265,56): error TS2339: Property 'span' does not exist on type 'Behavior'.
packages/spec-reviewer/src/analyzers/consistency.ts(265,90): error TS2339: Property 'span' does not exist on type 'Behavior'.
packages/spec-reviewer/src/analyzers/consistency.ts(294,34): error TS2339: Property 'span' does not exist on type 'InvariantBlock'.
packages/spec-reviewer/src/analyzers/consistency.ts(294,64): error TS2339: Property 'span' does not exist on type 'InvariantBlock'.
packages/spec-reviewer/src/analyzers/consistency.ts(294,104): error TS2339: Property 'span' does not exist on type 'InvariantBlock'.
packages/spec-reviewer/src/analyzers/consistency.ts(317,38): error TS2339: Property 'states' does not exist on type 'LifecycleTransition'.
packages/spec-reviewer/src/analyzers/consistency.ts(327,22): error TS2339: Property 'states' does not exist on type 'LifecycleTransition'.
packages/spec-reviewer/src/analyzers/consistency.ts(328,39): error TS2339: Property 'states' does not exist on type 'LifecycleTransition'.
packages/spec-reviewer/src/analyzers/consistency.ts(332,40): error TS2339: Property 'states' does not exist on type 'LifecycleTransition'.
packages/spec-reviewer/src/analyzers/consistency.ts(333,36): error TS2339: Property 'states' does not exist on type 'LifecycleTransition'.
packages/spec-reviewer/src/analyzers/consistency.ts(351,26): error TS2339: Property 'span' does not exist on type 'Entity'.
packages/spec-reviewer/src/analyzers/consistency.ts(351,48): error TS2339: Property 'span' does not exist on type 'Entity'.
packages/spec-reviewer/src/analyzers/consistency.ts(351,80): error TS2339: Property 'span' does not exist on type 'Entity'.
packages/spec-reviewer/src/analyzers/naming.ts(90,29): error TS2339: Property 'span' does not exist on type 'Identifier'.
packages/spec-reviewer/src/analyzers/naming.ts(90,56): error TS2339: Property 'span' does not exist on type 'Identifier'.
packages/spec-reviewer/src/analyzers/naming.ts(90,93): error TS2339: Property 'span' does not exist on type 'Identifier'.
packages/spec-reviewer/src/analyzers/naming.ts(103,29): error TS2339: Property 'span' does not exist on type 'Identifier'.
packages/spec-reviewer/src/analyzers/naming.ts(103,56): error TS2339: Property 'span' does not exist on type 'Identifier'.
packages/spec-reviewer/src/analyzers/naming.ts(103,93): error TS2339: Property 'span' does not exist on type 'Identifier'.
packages/spec-reviewer/src/analyzers/naming.ts(126,31): error TS2339: Property 'span' does not exist on type 'Identifier'.
packages/spec-reviewer/src/analyzers/naming.ts(126,58): error TS2339: Property 'span' does not exist on type 'Identifier'.
packages/spec-reviewer/src/analyzers/naming.ts(126,95): error TS2339: Property 'span' does not exist on type 'Identifier'.
packages/spec-reviewer/src/analyzers/naming.ts(138,31): error TS2339: Property 'span' does not exist on type 'Identifier'.
packages/spec-reviewer/src/analyzers/naming.ts(138,58): error TS2339: Property 'span' does not exist on type 'Identifier'.
packages/spec-reviewer/src/analyzers/naming.ts(138,95): error TS2339: Property 'span' does not exist on type 'Identifier'.
packages/spec-reviewer/src/analyzers/naming.ts(150,31): error TS2339: Property 'span' does not exist on type 'Identifier'.
packages/spec-reviewer/src/analyzers/naming.ts(150,58): error TS2339: Property 'span' does not exist on type 'Identifier'.
packages/spec-reviewer/src/analyzers/naming.ts(150,95): error TS2339: Property 'span' does not exist on type 'Identifier'.
packages/spec-reviewer/src/analyzers/naming.ts(174,33): error TS2339: Property 'span' does not exist on type 'Identifier'.
packages/spec-reviewer/src/analyzers/naming.ts(174,62): error TS2339: Property 'span' does not exist on type 'Identifier'.
packages/spec-reviewer/src/analyzers/naming.ts(174,101): error TS2339: Property 'span' does not exist on type 'Identifier'.
packages/spec-reviewer/src/analyzers/naming.ts(186,33): error TS2339: Property 'span' does not exist on type 'Identifier'.
packages/spec-reviewer/src/analyzers/naming.ts(186,62): error TS2339: Property 'span' does not exist on type 'Identifier'.
packages/spec-reviewer/src/analyzers/naming.ts(186,101): error TS2339: Property 'span' does not exist on type 'Identifier'.
packages/spec-reviewer/src/analyzers/naming.ts(198,33): error TS2339: Property 'span' does not exist on type 'Identifier'.
packages/spec-reviewer/src/analyzers/naming.ts(198,62): error TS2339: Property 'span' does not exist on type 'Identifier'.
packages/spec-reviewer/src/analyzers/naming.ts(198,101): error TS2339: Property 'span' does not exist on type 'Identifier'.
packages/spec-reviewer/src/analyzers/naming.ts(222,29): error TS2339: Property 'span' does not exist on type 'Identifier'.
packages/spec-reviewer/src/analyzers/naming.ts(222,54): error TS2339: Property 'span' does not exist on type 'Identifier'.
packages/spec-reviewer/src/analyzers/naming.ts(222,89): error TS2339: Property 'span' does not exist on type 'Identifier'.
packages/spec-reviewer/src/analyzers/naming.ts(234,29): error TS2339: Property 'span' does not exist on type 'Identifier'.
packages/spec-reviewer/src/analyzers/naming.ts(234,54): error TS2339: Property 'span' does not exist on type 'Identifier'.
packages/spec-reviewer/src/analyzers/naming.ts(234,89): error TS2339: Property 'span' does not exist on type 'Identifier'.
packages/spec-reviewer/src/analyzers/naming.ts(259,32): error TS2339: Property 'span' does not exist on type 'Identifier'.
packages/spec-reviewer/src/analyzers/naming.ts(259,58): error TS2339: Property 'span' does not exist on type 'Identifier'.
packages/spec-reviewer/src/analyzers/naming.ts(259,94): error TS2339: Property 'span' does not exist on type 'Identifier'.
packages/spec-reviewer/src/analyzers/naming.ts(271,32): error TS2339: Property 'span' does not exist on type 'Identifier'.
packages/spec-reviewer/src/analyzers/naming.ts(271,58): error TS2339: Property 'span' does not exist on type 'Identifier'.
packages/spec-reviewer/src/analyzers/naming.ts(271,94): error TS2339: Property 'span' does not exist on type 'Identifier'.
packages/spec-reviewer/src/analyzers/naming.ts(283,32): error TS2339: Property 'span' does not exist on type 'Identifier'.
packages/spec-reviewer/src/analyzers/naming.ts(283,58): error TS2339: Property 'span' does not exist on type 'Identifier'.
packages/spec-reviewer/src/analyzers/naming.ts(283,94): error TS2339: Property 'span' does not exist on type 'Identifier'.
packages/spec-reviewer/src/analyzers/naming.ts(310,34): error TS2339: Property 'span' does not exist on type 'Identifier'.
packages/spec-reviewer/src/analyzers/naming.ts(310,60): error TS2339: Property 'span' does not exist on type 'Identifier'.
packages/spec-reviewer/src/analyzers/naming.ts(310,96): error TS2339: Property 'span' does not exist on type 'Identifier'.
packages/spec-reviewer/src/analyzers/naming.ts(327,33): error TS2339: Property 'enums' does not exist on type 'Domain'.
packages/spec-reviewer/src/analyzers/performance.ts(96,27): error TS2339: Property 'span' does not exist on type 'Field'.
packages/spec-reviewer/src/analyzers/performance.ts(96,48): error TS2339: Property 'span' does not exist on type 'Field'.
packages/spec-reviewer/src/analyzers/performance.ts(96,79): error TS2339: Property 'span' does not exist on type 'Field'.
packages/spec-reviewer/src/analyzers/performance.ts(109,27): error TS2339: Property 'span' does not exist on type 'Field'.
packages/spec-reviewer/src/analyzers/performance.ts(109,48): error TS2339: Property 'span' does not exist on type 'Field'.
packages/spec-reviewer/src/analyzers/performance.ts(109,79): error TS2339: Property 'span' does not exist on type 'Field'.
packages/spec-reviewer/src/analyzers/performance.ts(121,27): error TS2339: Property 'span' does not exist on type 'Field'.
packages/spec-reviewer/src/analyzers/performance.ts(121,48): error TS2339: Property 'span' does not exist on type 'Field'.
packages/spec-reviewer/src/analyzers/performance.ts(121,79): error TS2339: Property 'span' does not exist on type 'Field'.
packages/spec-reviewer/src/analyzers/performance.ts(149,30): error TS2339: Property 'span' does not exist on type 'Behavior'.
packages/spec-reviewer/src/analyzers/performance.ts(149,54): error TS2339: Property 'span' does not exist on type 'Behavior'.
packages/spec-reviewer/src/analyzers/performance.ts(149,88): error TS2339: Property 'span' does not exist on type 'Behavior'.
packages/spec-reviewer/src/analyzers/performance.ts(189,30): error TS2339: Property 'span' does not exist on type 'Behavior'.
packages/spec-reviewer/src/analyzers/performance.ts(189,54): error TS2339: Property 'span' does not exist on type 'Behavior'.
packages/spec-reviewer/src/analyzers/performance.ts(189,88): error TS2339: Property 'span' does not exist on type 'Behavior'.
packages/spec-reviewer/src/analyzers/performance.ts(199,30): error TS2339: Property 'span' does not exist on type 'Behavior'.
packages/spec-reviewer/src/analyzers/performance.ts(199,54): error TS2339: Property 'span' does not exist on type 'Behavior'.
packages/spec-reviewer/src/analyzers/performance.ts(199,88): error TS2339: Property 'span' does not exist on type 'Behavior'.
packages/spec-reviewer/src/analyzers/performance.ts(229,30): error TS2339: Property 'span' does not exist on type 'Behavior'.
packages/spec-reviewer/src/analyzers/performance.ts(229,54): error TS2339: Property 'span' does not exist on type 'Behavior'.
packages/spec-reviewer/src/analyzers/performance.ts(229,88): error TS2339: Property 'span' does not exist on type 'Behavior'.
packages/spec-reviewer/src/analyzers/performance.ts(248,46): error TS2339: Property 'requirements' does not exist on type 'TemporalSpec[]'.
packages/spec-reviewer/src/analyzers/performance.ts(261,34): error TS2339: Property 'span' does not exist on type 'Behavior'.
packages/spec-reviewer/src/analyzers/performance.ts(261,58): error TS2339: Property 'span' does not exist on type 'Behavior'.
packages/spec-reviewer/src/analyzers/performance.ts(261,92): error TS2339: Property 'span' does not exist on type 'Behavior'.
packages/spec-reviewer/src/analyzers/performance.ts(273,34): error TS2339: Property 'span' does not exist on type 'Behavior'.
packages/spec-reviewer/src/analyzers/performance.ts(273,58): error TS2339: Property 'span' does not exist on type 'Behavior'.
packages/spec-reviewer/src/analyzers/performance.ts(273,92): error TS2339: Property 'span' does not exist on type 'Behavior'.
packages/spec-reviewer/src/analyzers/performance.ts(293,17): error TS2339: Property 'computed' does not exist on type 'Field'.
packages/spec-reviewer/src/analyzers/performance.ts(304,29): error TS2339: Property 'span' does not exist on type 'Field'.
packages/spec-reviewer/src/analyzers/performance.ts(304,50): error TS2339: Property 'span' does not exist on type 'Field'.
packages/spec-reviewer/src/analyzers/performance.ts(304,81): error TS2339: Property 'span' does not exist on type 'Field'.
packages/spec-reviewer/src/analyzers/security.ts(7,55): error TS2305: Module '"@isl-lang/isl-core"' has no exported member 'FieldDeclaration'.
packages/spec-reviewer/src/analyzers/security.ts(113,28): error TS2339: Property 'span' does not exist on type 'Behavior'.
packages/spec-reviewer/src/analyzers/security.ts(113,52): error TS2339: Property 'span' does not exist on type 'Behavior'.
packages/spec-reviewer/src/analyzers/security.ts(113,86): error TS2339: Property 'span' does not exist on type 'Behavior'.
packages/spec-reviewer/src/analyzers/security.ts(146,31): error TS2339: Property 'span' does not exist on type 'Field'.
packages/spec-reviewer/src/analyzers/security.ts(146,52): error TS2339: Property 'span' does not exist on type 'Field'.
packages/spec-reviewer/src/analyzers/security.ts(146,83): error TS2339: Property 'span' does not exist on type 'Field'.
packages/spec-reviewer/src/analyzers/security.ts(181,31): error TS2339: Property 'span' does not exist on type 'Field'.
packages/spec-reviewer/src/analyzers/security.ts(181,52): error TS2339: Property 'span' does not exist on type 'Field'.
packages/spec-reviewer/src/analyzers/security.ts(181,83): error TS2339: Property 'span' does not exist on type 'Field'.
packages/spec-reviewer/src/analyzers/security.ts(203,47): error TS2339: Property 'requirements' does not exist on type 'SecuritySpec[]'.
packages/spec-reviewer/src/analyzers/security.ts(204,9): error TS7006: Parameter 'r' implicitly has an 'any' type.
packages/spec-reviewer/src/analyzers/security.ts(213,30): error TS2339: Property 'span' does not exist on type 'Behavior'.
packages/spec-reviewer/src/analyzers/security.ts(213,54): error TS2339: Property 'span' does not exist on type 'Behavior'.
packages/spec-reviewer/src/analyzers/security.ts(213,88): error TS2339: Property 'span' does not exist on type 'Behavior'.
packages/spec-reviewer/src/analyzers/security.ts(233,42): error TS2339: Property 'requirements' does not exist on type 'SecuritySpec[]'.
packages/spec-reviewer/src/analyzers/security.ts(234,9): error TS7006: Parameter 'r' implicitly has an 'any' type.
packages/spec-reviewer/src/analyzers/security.ts(245,30): error TS2339: Property 'span' does not exist on type 'Behavior'.
packages/spec-reviewer/src/analyzers/security.ts(245,54): error TS2339: Property 'span' does not exist on type 'Behavior'.
packages/spec-reviewer/src/analyzers/security.ts(245,88): error TS2339: Property 'span' does not exist on type 'Behavior'.
packages/spec-reviewer/src/analyzers/security.ts(275,39): error TS2339: Property 'constraints' does not exist on type 'Field'.
packages/spec-reviewer/src/analyzers/security.ts(275,60): error TS2339: Property 'constraints' does not exist on type 'Field'.
packages/spec-reviewer/src/analyzers/security.ts(283,31): error TS2339: Property 'span' does not exist on type 'Field'.
packages/spec-reviewer/src/analyzers/security.ts(283,52): error TS2339: Property 'span' does not exist on type 'Field'.
packages/spec-reviewer/src/analyzers/security.ts(283,83): error TS2339: Property 'span' does not exist on type 'Field'.
packages/spec-reviewer/src/analyzers/security.ts(312,29): error TS2339: Property 'span' does not exist on type 'Field'.
packages/spec-reviewer/src/analyzers/security.ts(312,50): error TS2339: Property 'span' does not exist on type 'Field'.
packages/spec-reviewer/src/analyzers/security.ts(312,81): error TS2339: Property 'span' does not exist on type 'Field'.
packages/spec-reviewer/src/analyzers/security.ts(325,29): error TS2339: Property 'span' does not exist on type 'Field'.
packages/spec-reviewer/src/analyzers/security.ts(325,50): error TS2339: Property 'span' does not exist on type 'Field'.
packages/spec-reviewer/src/analyzers/security.ts(325,81): error TS2339: Property 'span' does not exist on type 'Field'.
packages/spec-reviewer/src/analyzers/security.ts(356,29): error TS2339: Property 'span' does not exist on type 'Field'.
packages/spec-reviewer/src/analyzers/security.ts(356,50): error TS2339: Property 'span' does not exist on type 'Field'.
packages/spec-reviewer/src/analyzers/security.ts(356,81): error TS2339: Property 'span' does not exist on type 'Field'.
packages/spec-reviewer/src/analyzers/security.ts(422,34): error TS7006: Parameter 'c' implicitly has an 'any' type.
packages/spec-reviewer/src/analyzers/security.ts(428,34): error TS7006: Parameter 'c' implicitly has an 'any' type.
packages/spec-reviewer/src/reviewer.ts(394,35): error TS2339: Property 'enums' does not exist on type 'Domain'.
packages/spec-reviewer/src/reviewer.ts(395,74): error TS7006: Parameter 'v' implicitly has an 'any' type.
packages/spec-reviewer/src/suggestions/generator.ts(7,55): error TS2305: Module '"@isl-lang/isl-core"' has no exported member 'EntityDeclaration'.
packages/spec-reviewer/src/suggestions/generator.ts(85,36): error TS7006: Parameter 'f' implicitly has an 'any' type.
packages/spec-reviewer/src/suggestions/generator.ts(86,43): error TS7006: Parameter 'f' implicitly has an 'any' type.
packages/spec-reviewer/src/suggestions/generator.ts(87,43): error TS7006: Parameter 'f' implicitly has an 'any' type.
packages/spec-reviewer/src/suggestions/generator.ts(88,41): error TS7006: Parameter 'f' implicitly has an 'any' type.
packages/spec-reviewer/src/suggestions/generator.ts(180,75): error TS2339: Property 'span' does not exist on type 'Behavior'.
packages/spec-reviewer/src/suggestions/generator.ts(194,75): error TS2339: Property 'span' does not exist on type 'Behavior'.
packages/spec-reviewer/src/suggestions/generator.ts(203,73): error TS2339: Property 'span' does not exist on type 'Behavior'.
packages/spec-reviewer/src/suggestions/generator.ts(211,73): error TS2339: Property 'span' does not exist on type 'Behavior'.
packages/spec-reviewer/src/suggestions/generator.ts(224,75): error TS2339: Property 'span' does not exist on type 'Behavior'.
packages/spec-reviewer/src/suggestions/generator.ts(233,75): error TS2339: Property 'span' does not exist on type 'Behavior'.
packages/spec-reviewer/src/suggestions/generator.ts(241,75): error TS2339: Property 'span' does not exist on type 'Behavior'.
packages/spec-reviewer/src/suggestions/generator.ts(250,73): error TS2339: Property 'span' does not exist on type 'Behavior'.
packages/spec-reviewer/src/suggestions/generator.ts(270,24): error TS2339: Property 'span' does not exist on type 'Domain'.
packages/spec-reviewer/src/suggestions/generator.ts(270,46): error TS2339: Property 'span' does not exist on type 'Domain'.
packages/spec-reviewer/src/suggestions/generator.ts(270,78): error TS2339: Property 'span' does not exist on type 'Domain'.
packages/spec-reviewer/tests/reviewer.test.ts(6,34): error TS2305: Module '"@isl-lang/isl-core"' has no exported member 'EntityDeclaration'.
packages/spec-reviewer/tests/reviewer.test.ts(6,74): error TS2305: Module '"@isl-lang/isl-core"' has no exported member 'FieldDeclaration'.
packages/spec-reviewer/tests/reviewer.test.ts(32,5): error TS2741: Property 'location' is missing in type '{ kind: "Identifier"; name: string; }' but required in type 'Identifier'.
packages/spec-reviewer/tests/reviewer.test.ts(63,5): error TS2741: Property 'location' is missing in type '{ kind: "Identifier"; name: string; }' but required in type 'Identifier'.
packages/spec-reviewer/tests/reviewer.test.ts(64,5): error TS2322: Type 'InputSpec | undefined' is not assignable to type 'InputSpec'.
  Type 'undefined' is not assignable to type 'InputSpec'.
packages/spec-reviewer/tests/reviewer.test.ts(65,5): error TS2322: Type 'OutputSpec | { success: { kind: "SimpleType"; name: { kind: "Identifier"; name: string; }; }; errors: never[]; }' is not assignable to type 'OutputSpec'.
  Type '{ success: { kind: "SimpleType"; name: { kind: "Identifier"; name: string; }; }; errors: never[]; }' is missing the following properties from type 'OutputSpec': kind, location
packages/spec-reviewer/tests/reviewer.test.ts(69,5): error TS2322: Type 'Expression[] | undefined' is not assignable to type 'Expression[]'.
  Type 'undefined' is not assignable to type 'Expression[]'.
packages/spec-reviewer/tests/reviewer.test.ts(70,5): error TS2322: Type 'PostconditionBlock[] | undefined' is not assignable to type 'PostconditionBlock[]'.
  Type 'undefined' is not assignable to type 'PostconditionBlock[]'.
packages/spec-reviewer/tests/reviewer.test.ts(71,5): error TS2322: Type 'TemporalSpec[] | undefined' is not assignable to type 'TemporalSpec[]'.
  Type 'undefined' is not assignable to type 'TemporalSpec[]'.
packages/spec-reviewer/tests/reviewer.test.ts(72,5): error TS2322: Type 'SecuritySpec[] | undefined' is not assignable to type 'SecuritySpec[]'.
  Type 'undefined' is not assignable to type 'SecuritySpec[]'.
packages/spec-reviewer/tests/reviewer.test.ts(186,24): error TS2322: Type '"SimpleType"' is not assignable to type '"PrimitiveType" | "ConstrainedType" | "EnumType" | "StructType" | "UnionType" | "ListType" | "MapType" | "OptionalType" | "ReferenceType"'.
packages/spec-reviewer/tests/reviewer.test.ts(186,52): error TS2322: Type '"Identifier"' is not assignable to type '"QualifiedName"'.
packages/spec-reviewer/tests/reviewer.test.ts(188,17): error TS2741: Property 'location' is missing in type '{ kind: "Identifier"; name: string; }' but required in type 'Identifier'.
packages/spec-reviewer/tests/reviewer.test.ts(189,17): error TS2741: Property 'location' is missing in type '{ kind: "Identifier"; name: string; }' but required in type 'Identifier'.
packages/spec-reviewer/tests/reviewer.test.ts(298,11): error TS2739: Type '{ fields: never[]; }' is missing the following properties from type 'InputSpec': kind, location
packages/spec-reviewer/tests/reviewer.test.ts(462,11): error TS2739: Type '{ fields: never[]; }' is missing the following properties from type 'InputSpec': kind, location
packages/spec-reviewer/tests/reviewer.test.ts(564,7): error TS2322: Type 'string' is not assignable to type 'StringLiteral'.
packages/spec-reviewer/tests/reviewer.test.ts(576,11): error TS2322: Type 'string' is not assignable to type 'StringLiteral'.
packages/spec-reviewer/tests/reviewer.test.ts(577,11): error TS2739: Type '{ fields: never[]; }' is missing the following properties from type 'InputSpec': kind, location
packages/spec-reviewer/tests/reviewer.test.ts(627,7): error TS2322: Type 'string' is not assignable to type 'StringLiteral'.
packages/spec-reviewer/tests/reviewer.test.ts(742,7): error TS2322: Type 'string' is not assignable to type 'StringLiteral'.
packages/spec-reviewer/tests/reviewer.test.ts(772,11): error TS2322: Type 'string' is not assignable to type 'StringLiteral'.
packages/spec-reviewer/tests/reviewer.test.ts(777,17): error TS2741: Property 'location' is missing in type '{ kind: "Identifier"; name: string; }' but required in type 'Identifier'.
packages/spec-reviewer/tests/reviewer.test.ts(778,25): error TS2322: Type '"SimpleType"' is not assignable to type '"PrimitiveType" | "ConstrainedType" | "EnumType" | "StructType" | "UnionType" | "ListType" | "MapType" | "OptionalType" | "ReferenceType"'.
packages/spec-reviewer/tests/reviewer.test.ts(778,53): error TS2322: Type '"Identifier"' is not assignable to type '"QualifiedName"'.
packages/spec-reviewer/tests/reviewer.test.ts(784,24): error TS2322: Type '"SimpleType"' is not assignable to type '"PrimitiveType" | "ConstrainedType" | "EnumType" | "StructType" | "UnionType" | "ListType" | "MapType" | "OptionalType" | "ReferenceType"'.
packages/spec-reviewer/tests/reviewer.test.ts(784,52): error TS2322: Type '"Identifier"' is not assignable to type '"QualifiedName"'.
packages/spec-reviewer/tests/reviewer.test.ts(786,17): error TS2741: Property 'location' is missing in type '{ kind: "Identifier"; name: string; }' but required in type 'Identifier'.
packages/spec-reviewer/tests/reviewer.test.ts(790,13): error TS2353: Object literal may only specify known properties, and 'conditions' does not exist in type 'Expression[]'.
packages/spec-reviewer/tests/reviewer.test.ts(793,13): error TS2353: Object literal may only specify known properties, and 'conditions' does not exist in type 'PostconditionBlock[]'.
packages/spec-reviewer/tests/reviewer.test.ts(797,11): error TS2322: Type 'string' is not assignable to type 'StringLiteral'.
packages/spec-reviewer/tests/reviewer.test.ts(802,17): error TS2741: Property 'location' is missing in type '{ kind: "Identifier"; name: string; }' but required in type 'Identifier'.
packages/spec-reviewer/tests/reviewer.test.ts(803,25): error TS2322: Type '"SimpleType"' is not assignable to type '"PrimitiveType" | "ConstrainedType" | "EnumType" | "StructType" | "UnionType" | "ListType" | "MapType" | "OptionalType" | "ReferenceType"'.
packages/spec-reviewer/tests/reviewer.test.ts(803,53): error TS2322: Type '"Identifier"' is not assignable to type '"QualifiedName"'.
packages/spec-reviewer/tests/reviewer.test.ts(809,24): error TS2322: Type '"SimpleType"' is not assignable to type '"PrimitiveType" | "ConstrainedType" | "EnumType" | "StructType" | "UnionType" | "ListType" | "MapType" | "OptionalType" | "ReferenceType"'.
packages/spec-reviewer/tests/reviewer.test.ts(809,52): error TS2322: Type '"Identifier"' is not assignable to type '"QualifiedName"'.
packages/spec-reviewer/tests/reviewer.test.ts(811,17): error TS2741: Property 'location' is missing in type '{ kind: "Identifier"; name: string; }' but required in type 'Identifier'.
packages/stdlib-auth/adapters/express/index.ts(36,18): error TS2430: Interface 'AuthenticatedRequest' incorrectly extends interface 'Request<ParamsDictionary, any, any, ParsedQs, Record<string, any>>'.
  Types of property 'user' are incompatible.
    Type '{ id: string; email: string; roles: string[]; } | undefined' is not assignable to type 'User | undefined'.
      Type '{ id: string; email: string; roles: string[]; }' is missing the following properties from type 'User': name, role, teams
packages/stdlib-auth/adapters/express/index.ts(224,19): error TS2339: Property 'data' does not exist on type 'AuthError'.
packages/stdlib-auth/adapters/express/index.ts(224,41): error TS2339: Property 'data' does not exist on type 'AuthError'.
packages/stdlib-auth/adapters/fastify/index.ts(15,3): error TS2305: Module '"../../implementations/typescript/index.js"' has no exported member 'RefreshTokenInput'.
packages/stdlib-auth/adapters/fastify/index.ts(16,3): error TS2305: Module '"../../implementations/typescript/index.js"' has no exported member 'RefreshTokenOutput'.
packages/stdlib-auth/adapters/fastify/index.ts(202,17): error TS2339: Property 'data' does not exist on type 'AuthError'.
packages/stdlib-auth/adapters/fastify/index.ts(202,39): error TS2339: Property 'data' does not exist on type 'AuthError'.
packages/stdlib-auth/adapters/fastify/index.ts(208,11): error TS2339: Property 'setCookie' does not exist on type 'FastifyReply<RawServerDefault, IncomingMessage, ServerResponse<IncomingMessage>, RouteGenericInterface, unknown, FastifySchema, FastifyTypeProviderDefault, unknown>'.
packages/stdlib-auth/adapters/fastify/index.ts(262,11): error TS2339: Property 'clearCookie' does not exist on type 'FastifyReply<RawServerDefault, IncomingMessage, ServerResponse<IncomingMessage>, RouteGenericInterface, unknown, FastifySchema, FastifyTypeProviderDefault, unknown>'.
packages/stdlib-auth/examples/express-app/server.ts(7,26): error TS2307: Cannot find module 'cookie-parser' or its corresponding type declarations.
packages/stdlib-auth/examples/express-app/server.ts(11,8): error TS2307: Cannot find module '@isl-lang/stdlib-auth' or its corresponding type declarations.
packages/stdlib-auth/examples/express-app/server.ts(67,3): error TS2554: Expected 3 arguments, but got 1.
packages/stdlib-auth/examples/express-app/server.ts(67,3): error TS2769: No overload matches this call.
  The last overload gave the following error.
    Argument of type 'Promise<void>' is not assignable to parameter of type 'RequestHandlerParams<ParamsDictionary, any, any, ParsedQs, Record<string, any>>'.
packages/stdlib-auth/examples/fastify-app/server.ts(12,8): error TS2307: Cannot find module '@isl-lang/stdlib-auth' or its corresponding type declarations.
packages/stdlib-auth/tests/adapters.test.ts(38,7): error TS2322: Type '{ mockReturnThis: () => ...; mockReturnValue: (value: any) => ...; }' is not assignable to type '<Code extends number>(statusCode: Code) => FastifyReply<RawServerDefault, IncomingMessage, ServerResponse<IncomingMessage>, ... 4 more ..., ResolveReplyTypeWithRouteGeneric<...>>'.
  Type '{ mockReturnThis: () => ...; mockReturnValue: (value: any) => ...; }' provides no match for the signature '<Code extends number>(statusCode: Code): FastifyReply<RawServerDefault, IncomingMessage, ServerResponse<IncomingMessage>, ... 4 more ..., ResolveReplyTypeWithRouteGeneric<...>>'.
packages/stdlib-auth/tests/adapters.test.ts(39,7): error TS2322: Type '{ mockReturnThis: () => ...; mockReturnValue: (value: any) => ...; }' is not assignable to type '(payload?: unknown) => FastifyReply<RawServerDefault, IncomingMessage, ServerResponse<IncomingMessage>, RouteGenericInterface, unknown, FastifySchema, FastifyTypeProviderDefault, unknown>'.
  Type '{ mockReturnThis: () => ...; mockReturnValue: (value: any) => ...; }' provides no match for the signature '(payload?: unknown): FastifyReply<RawServerDefault, IncomingMessage, ServerResponse<IncomingMessage>, RouteGenericInterface, unknown, FastifySchema, FastifyTypeProviderDefault, unknown>'.
packages/stdlib-auth/tests/adapters.test.ts(63,33): error TS2339: Property 'data' does not exist on type 'Result<LoginOutput>'.
  Property 'data' does not exist on type '{ success: false; error: AuthError; }'.
packages/stdlib-auth/tests/adapters.test.ts(129,7): error TS2322: Type '{ mockReturnThis: () => ...; mockReturnValue: (value: any) => ...; }' is not assignable to type '(code: number) => Response<any, Record<string, any>>'.
  Type '{ mockReturnThis: () => ...; mockReturnValue: (value: any) => ...; }' provides no match for the signature '(code: number): Response<any, Record<string, any>>'.
packages/stdlib-auth/tests/adapters.test.ts(130,7): error TS2322: Type '{ mockReturnThis: () => ...; mockReturnValue: (value: any) => ...; }' is not assignable to type 'Send<any, Response<any, Record<string, any>>>'.
  Type '{ mockReturnThis: () => ...; mockReturnValue: (value: any) => ...; }' provides no match for the signature '(body?: any): Response<any, Record<string, any>>'.
packages/stdlib-auth/tests/adapters.test.ts(133,5): error TS2322: Type '{ mockReturnThis: () => { mockReturnThis: ...; mockReturnValue: (value: any) => ...; }; mockReturnValue: (value: any) => { mockReturnThis: () => ...; mockReturnValue: ...; }; }' is not assignable to type 'NextFunction'.
  Type '{ mockReturnThis: () => { mockReturnThis: ...; mockReturnValue: (value: any) => ...; }; mockReturnValue: (value: any) => { mockReturnThis: () => ...; mockReturnValue: ...; }; }' provides no match for the signature '(err?: any): void'.
packages/stdlib-auth/tests/adapters.test.ts(156,33): error TS2339: Property 'data' does not exist on type 'Result<LoginOutput>'.
  Property 'data' does not exist on type '{ success: false; error: AuthError; }'.
packages/stdlib-billing/implementations/typescript/stripe.ts(461,13): error TS2352: Conversion of type 'Stripe.Checkout.Session | Stripe.BillingPortal.Session | Customer | Subscription | Invoice | SetupIntent | InvoiceItem | PaymentIntent | ... 64 more ... | ReceivedDebit' to type 'Record<string, unknown>' may be a mistake because neither type sufficiently overlaps with the other. If this was intentional, convert the expression to 'unknown' first.
  Type 'ReceivedDebit' is not comparable to type 'Record<string, unknown>'.
    Index signature for type 'string' is missing in type 'ReceivedDebit'.
packages/stdlib-billing/tests/billing.test.ts(365,9): error TS2322: Type '"card"' is not assignable to type 'PaymentMethodType'.
packages/stdlib-core/tests/geo.test.ts(356,7): error TS2322: Type '"XX"' is not assignable to type 'USState'.
packages/stdlib-http/src/client.ts(198,9): error TS2769: No overload matches this call.
  Overload 1 of 3, '(input: string | URL | Request, init?: RequestInit | undefined): Promise<Response>', gave the following error.
    Type 'BodyInit_ | undefined' is not assignable to type 'BodyInit | null | undefined'.
      Type '_SourceUri' is not assignable to type 'BodyInit | null | undefined'.
        Type '_SourceUri' is missing the following properties from type 'URLSearchParams': size, append, delete, get, and 9 more.
  Overload 2 of 3, '(input: RequestInfo, init?: RequestInit | undefined): Promise<Response>', gave the following error.
    Type 'BodyInit_ | undefined' is not assignable to type 'BodyInit | null | undefined'.
      Type '_SourceUri' is not assignable to type 'BodyInit | null | undefined'.
        Type '_SourceUri' is missing the following properties from type 'URLSearchParams': size, append, delete, get, and 9 more.
  Overload 3 of 3, '(input: URL | RequestInfo, init?: RequestInit | undefined): Promise<Response>', gave the following error.
    Type 'BodyInit_ | undefined' is not assignable to type 'BodyInit | null | undefined'.
      Type '_SourceUri' is not assignable to type 'BodyInit | null | undefined'.
        Type '_SourceUri' is missing the following properties from type 'URLSearchParams': size, append, delete, get, and 9 more.
packages/stdlib-payments/implementations/typescript/payment.ts(183,13): error TS2322: Type 'PaymentErrorCode | undefined' is not assignable to type 'PaymentErrorCode'.
  Type 'undefined' is not assignable to type 'PaymentErrorCode'.
packages/stdlib-payments/implementations/typescript/payment.ts(184,13): error TS2322: Type 'string | undefined' is not assignable to type 'string'.
  Type 'undefined' is not assignable to type 'string'.
packages/stdlib-payments/implementations/typescript/payment.ts(185,13): error TS2322: Type 'boolean | undefined' is not assignable to type 'boolean'.
  Type 'undefined' is not assignable to type 'boolean'.
packages/stdlib-payments/implementations/typescript/payment.ts(306,11): error TS2322: Type 'string | undefined' is not assignable to type 'string'.
  Type 'undefined' is not assignable to type 'string'.
packages/stdlib-payments/implementations/typescript/payment.ts(307,11): error TS2322: Type 'boolean | undefined' is not assignable to type 'boolean'.
  Type 'undefined' is not assignable to type 'boolean'.
packages/stdlib-payments/tests/payments.test.ts(60,9): error TS2416: Property 'getPaymentMethod' in type 'MockPaymentProvider' is not assignable to the same property in base type 'PaymentProviderAdapter'.
  Type '(token: PaymentMethodToken) => Promise<{ type: "card"; token: PaymentMethodToken; brand: "VISA"; lastFour: string; expMonth: number; expYear: number; } | null>' is not assignable to type '(token: PaymentMethodToken) => Promise<PaymentMethod | null>'.
    Type 'Promise<{ type: "card"; token: PaymentMethodToken; brand: "VISA"; lastFour: string; expMonth: number; expYear: number; } | null>' is not assignable to type 'Promise<PaymentMethod | null>'.
      Type '{ type: "card"; token: PaymentMethodToken; brand: "VISA"; lastFour: string; expMonth: number; expYear: number; } | null' is not assignable to type 'PaymentMethod | null'.
        Type '{ type: "card"; token: PaymentMethodToken; brand: "VISA"; lastFour: string; expMonth: number; expYear: number; }' is not assignable to type 'PaymentMethod | null'.
          Type '{ type: "card"; token: PaymentMethodToken; brand: "VISA"; lastFour: string; expMonth: number; expYear: number; }' is not assignable to type 'CardPaymentMethod'.
            Types of property 'brand' are incompatible.
              Type '"VISA"' is not assignable to type 'CardBrand'.
packages/stdlib-payments/tests/payments.test.ts(99,5): error TS2322: Type 'MockPaymentProvider' is not assignable to type 'PaymentProviderAdapter'.
  The types returned by 'getPaymentMethod(...)' are incompatible between these types.
    Type 'Promise<{ type: "card"; token: PaymentMethodToken; brand: "VISA"; lastFour: string; expMonth: number; expYear: number; } | null>' is not assignable to type 'Promise<PaymentMethod | null>'.
      Type '{ type: "card"; token: PaymentMethodToken; brand: "VISA"; lastFour: string; expMonth: number; expYear: number; } | null' is not assignable to type 'PaymentMethod | null'.
        Type '{ type: "card"; token: PaymentMethodToken; brand: "VISA"; lastFour: string; expMonth: number; expYear: number; }' is not assignable to type 'PaymentMethod | null'.
          Type '{ type: "card"; token: PaymentMethodToken; brand: "VISA"; lastFour: string; expMonth: number; expYear: number; }' is not assignable to type 'CardPaymentMethod'.
            Types of property 'brand' are incompatible.
              Type '"VISA"' is not assignable to type 'CardBrand'.
packages/stdlib-payments/tests/payments.test.ts(620,7): error TS2322: Type 'Map<WebhookProvider.STRIPE, MockPaymentProvider>' is not assignable to type 'Map<WebhookProvider, PaymentProviderAdapter>'.
  Type 'MockPaymentProvider' is not assignable to type 'PaymentProviderAdapter'.
    The types returned by 'getPaymentMethod(...)' are incompatible between these types.
      Type 'Promise<{ type: "card"; token: PaymentMethodToken; brand: "VISA"; lastFour: string; expMonth: number; expYear: number; } | null>' is not assignable to type 'Promise<PaymentMethod | null>'.
        Type '{ type: "card"; token: PaymentMethodToken; brand: "VISA"; lastFour: string; expMonth: number; expYear: number; } | null' is not assignable to type 'PaymentMethod | null'.
          Type '{ type: "card"; token: PaymentMethodToken; brand: "VISA"; lastFour: string; expMonth: number; expYear: number; }' is not assignable to type 'PaymentMethod | null'.
            Type '{ type: "card"; token: PaymentMethodToken; brand: "VISA"; lastFour: string; expMonth: number; expYear: number; }' is not assignable to type 'CardPaymentMethod'.
              Types of property 'brand' are incompatible.
                Type '"VISA"' is not assignable to type 'CardBrand'.
packages/stdlib-runtime/tests/string.test.ts(115,59): error TS2551: Property 'value' does not exist on type 'string'. Did you mean 'valueOf'?
packages/stdlib-workflow/implementations/typescript/compensation.ts(164,19): error TS1361: 'StepStatus' cannot be used as a value because it was imported using 'import type'.
packages/stdlib-workflow/implementations/typescript/compensation.ts(184,21): error TS1361: 'StepStatus' cannot be used as a value because it was imported using 'import type'.
packages/stdlib-workflow/implementations/typescript/compensation.ts(193,21): error TS1361: 'StepStatus' cannot be used as a value because it was imported using 'import type'.
packages/stdlib-workflow/implementations/typescript/engine.ts(44,19): error TS1361: 'RetryStrategy' cannot be used as a value because it was imported using 'import type'.
packages/stdlib-workflow/implementations/typescript/engine.ts(89,15): error TS1361: 'WorkflowStatus' cannot be used as a value because it was imported using 'import type'.
packages/stdlib-workflow/implementations/typescript/engine.ts(135,29): error TS1361: 'WorkflowStatus' cannot be used as a value because it was imported using 'import type'.
packages/stdlib-workflow/implementations/typescript/engine.ts(143,48): error TS1361: 'StepStatus' cannot be used as a value because it was imported using 'import type'.
packages/stdlib-workflow/implementations/typescript/engine.ts(172,25): error TS1361: 'StepStatus' cannot be used as a value because it was imported using 'import type'.
packages/stdlib-workflow/implementations/typescript/engine.ts(205,29): error TS1361: 'WorkflowStatus' cannot be used as a value because it was imported using 'import type'.
packages/stdlib-workflow/implementations/typescript/engine.ts(209,23): error TS1361: 'WorkflowStatus' cannot be used as a value because it was imported using 'import type'.
packages/stdlib-workflow/implementations/typescript/engine.ts(231,29): error TS1361: 'WorkflowStatus' cannot be used as a value because it was imported using 'import type'.
packages/stdlib-workflow/implementations/typescript/engine.ts(235,23): error TS1361: 'WorkflowStatus' cannot be used as a value because it was imported using 'import type'.
packages/stdlib-workflow/implementations/typescript/engine.ts(245,47): error TS1361: 'StepStatus' cannot be used as a value because it was imported using 'import type'.
packages/stdlib-workflow/implementations/typescript/engine.ts(277,23): error TS1361: 'WorkflowStatus' cannot be used as a value because it was imported using 'import type'.
packages/stdlib-workflow/implementations/typescript/engine.ts(303,29): error TS1361: 'WorkflowStatus' cannot be used as a value because it was imported using 'import type'.
packages/stdlib-workflow/implementations/typescript/engine.ts(307,29): error TS1361: 'WorkflowStatus' cannot be used as a value because it was imported using 'import type'.
packages/stdlib-workflow/implementations/typescript/engine.ts(315,23): error TS1361: 'WorkflowStatus' cannot be used as a value because it was imported using 'import type'.
packages/stdlib-workflow/implementations/typescript/engine.ts(350,25): error TS1361: 'StepStatus' cannot be used as a value because it was imported using 'import type'.
packages/stdlib-workflow/implementations/typescript/engine.ts(362,19): error TS1361: 'StepStatus' cannot be used as a value because it was imported using 'import type'.
packages/stdlib-workflow/implementations/typescript/engine.ts(365,23): error TS1361: 'WorkflowStatus' cannot be used as a value because it was imported using 'import type'.
packages/stdlib-workflow/implementations/typescript/engine.ts(395,15): error TS1361: 'StepStatus' cannot be used as a value because it was imported using 'import type'.
packages/stdlib-workflow/implementations/typescript/engine.ts(406,19): error TS1361: 'StepStatus' cannot be used as a value because it was imported using 'import type'.
packages/stdlib-workflow/implementations/typescript/engine.ts(439,21): error TS1361: 'StepStatus' cannot be used as a value because it was imported using 'import type'.
packages/stdlib-workflow/implementations/typescript/engine.ts(474,21): error TS1361: 'StepStatus' cannot be used as a value because it was imported using 'import type'.
packages/stdlib-workflow/implementations/typescript/engine.ts(485,19): error TS1361: 'StepStatus' cannot be used as a value because it was imported using 'import type'.
packages/stdlib-workflow/implementations/typescript/engine.ts(497,49): error TS1361: 'FailureAction' cannot be used as a value because it was imported using 'import type'.
packages/stdlib-workflow/implementations/typescript/engine.ts(500,12): error TS1361: 'FailureAction' cannot be used as a value because it was imported using 'import type'.
packages/stdlib-workflow/implementations/typescript/engine.ts(504,12): error TS1361: 'FailureAction' cannot be used as a value because it was imported using 'import type'.
packages/stdlib-workflow/implementations/typescript/engine.ts(505,23): error TS1361: 'StepStatus' cannot be used as a value because it was imported using 'import type'.
packages/stdlib-workflow/implementations/typescript/engine.ts(509,12): error TS1361: 'FailureAction' cannot be used as a value because it was imported using 'import type'.
packages/stdlib-workflow/implementations/typescript/engine.ts(513,12): error TS1361: 'FailureAction' cannot be used as a value because it was imported using 'import type'.
packages/stdlib-workflow/implementations/typescript/engine.ts(515,27): error TS1361: 'WorkflowStatus' cannot be used as a value because it was imported using 'import type'.
packages/stdlib-workflow/implementations/typescript/engine.ts(533,25): error TS1361: 'WorkflowStatus' cannot be used as a value because it was imported using 'import type'.
packages/stdlib-workflow/implementations/typescript/engine.ts(593,23): error TS1361: 'WorkflowStatus' cannot be used as a value because it was imported using 'import type'.
packages/stdlib-workflow/implementations/typescript/engine.ts(603,66): error TS1361: 'StepStatus' cannot be used as a value because it was imported using 'import type'.
packages/stdlib-workflow/implementations/typescript/engine.ts(650,7): error TS1361: 'WorkflowStatus' cannot be used as a value because it was imported using 'import type'.
packages/stdlib-workflow/implementations/typescript/engine.ts(651,7): error TS1361: 'WorkflowStatus' cannot be used as a value because it was imported using 'import type'.
packages/stdlib-workflow/implementations/typescript/engine.ts(652,7): error TS1361: 'WorkflowStatus' cannot be used as a value because it was imported using 'import type'.
packages/stdlib-workflow/implementations/typescript/index.ts(11,1): error TS2308: Module './saga.js' has already exported a member named 'withRetry'. Consider explicitly re-exporting to resolve the ambiguity.
packages/stdlib-workflow/implementations/typescript/saga.ts(113,18): error TS1361: 'FailureAction' cannot be used as a value because it was imported using 'import type'.
packages/stdlib-workflow/implementations/typescript/saga.ts(311,35): error TS1361: 'RetryStrategy' cannot be used as a value because it was imported using 'import type'.
packages/stdlib-workflow/tests/workflow.test.ts(40,42): error TS1362: 'WorkflowStatus' cannot be used as a value because it was exported using 'export type'.
packages/stdlib-workflow/tests/workflow.test.ts(133,42): error TS1362: 'WorkflowStatus' cannot be used as a value because it was exported using 'export type'.
packages/stdlib-workflow/tests/workflow.test.ts(174,42): error TS1362: 'WorkflowStatus' cannot be used as a value because it was exported using 'export type'.
packages/stdlib-workflow/tests/workflow.test.ts(267,51): error TS1362: 'WorkflowStatus' cannot be used as a value because it was exported using 'export type'.
packages/stdlib-workflow/tests/workflow.test.ts(433,49): error TS1362: 'WorkflowStatus' cannot be used as a value because it was exported using 'export type'.
packages/test-generator/fixtures/auth-login.verify.test.ts(9,23): error TS2307: Cannot find module '../src/Login' or its corresponding type declarations.
packages/test-generator/fixtures/auth-login.verify.test.ts(10,15): error TS2305: Module '"../src/types"' has no exported member 'LoginInput'.
packages/test-generator/fixtures/auth-login.verify.test.ts(10,27): error TS2305: Module '"../src/types"' has no exported member 'LoginResult'.
packages/test-generator/fixtures/auth-login.verify.test.ts(13,31): error TS2307: Cannot find module './fixtures' or its corresponding type declarations.
packages/test-generator/fixtures/file-upload.verify.test.ts(9,28): error TS2307: Cannot find module '../src/UploadFile' or its corresponding type declarations.
packages/test-generator/fixtures/file-upload.verify.test.ts(10,15): error TS2305: Module '"../src/types"' has no exported member 'UploadFileInput'.
packages/test-generator/fixtures/file-upload.verify.test.ts(10,32): error TS2305: Module '"../src/types"' has no exported member 'UploadFileResult'.
packages/test-generator/fixtures/file-upload.verify.test.ts(13,28): error TS2307: Cannot find module './fixtures' or its corresponding type declarations.
packages/test-generator/fixtures/payment-charge.verify.test.ts(9,31): error TS2307: Cannot find module '../src/ChargePayment' or its corresponding type declarations.
packages/test-generator/fixtures/payment-charge.verify.test.ts(10,15): error TS2305: Module '"../src/types"' has no exported member 'ChargePaymentInput'.
packages/test-generator/fixtures/payment-charge.verify.test.ts(10,35): error TS2305: Module '"../src/types"' has no exported member 'ChargePaymentResult'.
packages/test-generator/fixtures/payment-charge.verify.test.ts(13,34): error TS2307: Cannot find module './fixtures' or its corresponding type declarations.
packages/test-generator/fixtures/rate-limit.verify.test.ts(9,31): error TS2307: Cannot find module '../src/HandleRequest' or its corresponding type declarations.
packages/test-generator/fixtures/rate-limit.verify.test.ts(10,15): error TS2305: Module '"../src/types"' has no exported member 'HandleRequestInput'.
packages/test-generator/fixtures/rate-limit.verify.test.ts(10,35): error TS2305: Module '"../src/types"' has no exported member 'HandleRequestResult'.
packages/test-generator/fixtures/rate-limit.verify.test.ts(13,32): error TS2307: Cannot find module './fixtures' or its corresponding type declarations.
packages/test-generator/fixtures/user-create.verify.test.ts(9,28): error TS2307: Cannot find module '../src/CreateUser' or its corresponding type declarations.
packages/test-generator/fixtures/user-create.verify.test.ts(10,15): error TS2305: Module '"../src/types"' has no exported member 'CreateUserInput'.
packages/test-generator/fixtures/user-create.verify.test.ts(10,32): error TS2305: Module '"../src/types"' has no exported member 'CreateUserResult'.
packages/test-generator/fixtures/user-create.verify.test.ts(13,22): error TS2307: Cannot find module './fixtures' or its corresponding type declarations.
packages/test-generator/src/generator.ts(316,3): error TS2304: Cannot find name 'scenarioTestsBlock'.
packages/test-generator/src/generator.ts(318,3): error TS2304: Cannot find name 'pbtStubs'.
packages/test-generator/src/generator.ts(792,17): error TS2304: Cannot find name 'DomainType'.
packages/test-generator/src/scenario-generator.ts(166,37): error TS2367: This comparison appears to be unintentional because the types 'BinaryOperator' and '"is"' have no overlap.
packages/test-generator/src/scenario-generator.ts(167,46): error TS2339: Property 'left' does not exist on type 'never'.
packages/test-generator/src/scenario-generator.ts(168,47): error TS2339: Property 'right' does not exist on type 'never'.
packages/test-generator/src/scenario-generator.ts(227,24): error TS18048: 'expr.property' is possibly 'undefined'.
packages/test-generator/src/scenario-generator.ts(235,18): error TS2367: This comparison appears to be unintentional because the types 'BinaryOperator' and '"is"' have no overlap.
packages/test-generator/src/scenario-generator.ts(239,36): error TS2339: Property 'name' does not exist on type 'Expression'.
  Property 'name' does not exist on type 'QualifiedName'.
packages/test-generator/tests/behavior-to-test-cases.test.ts(24,3): error TS2741: Property 'uses' is missing in type '{ kind: "Domain"; name: { kind: "Identifier"; name: string; location: AST.SourceLocation; }; version: { kind: "StringLiteral"; value: string; location: AST.SourceLocation; }; imports: never[]; ... 8 more ...; location: AST.SourceLocation; }' but required in type 'Domain'.
packages/test-generator/tests/behavior-to-test-cases.test.ts(262,15): error TS2322: Type '"is"' is not assignable to type 'BinaryOperator'.
packages/test-generator/tests/ci-integration.test.ts(40,44): error TS2339: Property 'ast' does not exist on type 'ParseResult'.
packages/test-generator/tests/ci-integration.test.ts(42,30): error TS2339: Property 'ast' does not exist on type 'ParseResult'.
packages/test-generator/tests/data-synthesis.test.ts(27,14): error TS2694: Namespace '"C:/Users/mevla/OneDrive/Desktop/projects/IntentOS/packages/parser/dist/index"' has no exported member 'TypeAlias'.
packages/test-generator/tests/data-synthesis.test.ts(29,3): error TS2741: Property 'uses' is missing in type '{ kind: "Domain"; name: { kind: "Identifier"; name: string; location: AST.SourceLocation; }; version: { kind: "StringLiteral"; value: string; location: AST.SourceLocation; }; imports: never[]; ... 8 more ...; location: AST.SourceLocation; }' but required in type 'Domain'.
packages/test-generator/tests/data-synthesis.test.ts(104,5): error TS2322: Type '{ name: string; value: Expression; }[]' is not assignable to type 'Constraint[]'.
  Type '{ name: string; value: Expression; }' is missing the following properties from type 'Constraint': kind, location
packages/test-generator/tests/e2e-generation.test.ts(47,44): error TS2339: Property 'ast' does not exist on type 'ParseResult'.
packages/test-generator/tests/e2e-generation.test.ts(54,25): error TS2339: Property 'ast' does not exist on type 'ParseResult'.
packages/test-generator/tests/e2e-generation.test.ts(359,70): error TS2339: Property 'toBe' does not exist on type 'boolean'.
packages/test-generator/tests/enhanced-generation.test.ts(23,14): error TS2694: Namespace '"C:/Users/mevla/OneDrive/Desktop/projects/IntentOS/packages/parser/dist/index"' has no exported member 'TypeAlias'.
packages/test-generator/tests/enhanced-generation.test.ts(25,3): error TS2741: Property 'uses' is missing in type '{ kind: "Domain"; name: { kind: "Identifier"; name: string; location: AST.SourceLocation; }; version: { kind: "StringLiteral"; value: string; location: AST.SourceLocation; }; imports: never[]; ... 8 more ...; location: AST.SourceLocation; }' but required in type 'Domain'.
packages/test-generator/tests/enhanced-generation.test.ts(111,5): error TS2322: Type '{ name: string; value: Expression; }[]' is not assignable to type 'Constraint[]'.
  Type '{ name: string; value: Expression; }' is missing the following properties from type 'Constraint': kind, location
packages/test-generator/tests/generator.test.ts(15,3): error TS2741: Property 'uses' is missing in type '{ kind: "Domain"; name: { kind: "Identifier"; name: string; location: AST.SourceLocation; }; version: { kind: "StringLiteral"; value: string; location: AST.SourceLocation; }; imports: never[]; ... 8 more ...; location: AST.SourceLocation; }' but required in type 'Domain'.
packages/test-generator/tests/golden-output.test.ts(46,50): error TS2339: Property 'ast' does not exist on type 'ParseResult'.
packages/test-generator/tests/golden-output.test.ts(57,40): error TS2339: Property 'ast' does not exist on type 'ParseResult'.
packages/test-generator/tests/golden-output.test.ts(63,31): error TS2339: Property 'ast' does not exist on type 'ParseResult'.
packages/test-generator/tests/integration-sample-domains.test.ts(51,52): error TS2339: Property 'ast' does not exist on type 'ParseResult'.
packages/test-generator/tests/integration-sample-domains.test.ts(65,29): error TS2339: Property 'ast' does not exist on type 'ParseResult'.
packages/test-generator/tests/integration-sample-domains.test.ts(66,29): error TS2339: Property 'ast' does not exist on type 'ParseResult'.
packages/test-generator/tests/integration-sample-domains.test.ts(70,27): error TS2339: Property 'ast' does not exist on type 'ParseResult'.
packages/test-generator/tests/integration-sample-domains.test.ts(72,51): error TS2339: Property 'ast' does not exist on type 'ParseResult'.
packages/test-generator/tests/integration-sample-domains.test.ts(83,44): error TS2339: Property 'ast' does not exist on type 'ParseResult'.
packages/test-generator/tests/integration-sample-domains.test.ts(83,62): error TS7006: Parameter 'b' implicitly has an 'any' type.
packages/test-generator/tests/integration-sample-domains.test.ts(94,27): error TS2339: Property 'ast' does not exist on type 'ParseResult'.
packages/test-generator/tests/integration-sample-domains.test.ts(96,51): error TS2339: Property 'ast' does not exist on type 'ParseResult'.
packages/test-generator/tests/integration-sample-domains.test.ts(113,27): error TS2339: Property 'ast' does not exist on type 'ParseResult'.
packages/test-generator/tests/integration-sample-domains.test.ts(115,51): error TS2339: Property 'ast' does not exist on type 'ParseResult'.
packages/test-generator/tests/integration-sample-domains.test.ts(128,27): error TS2339: Property 'ast' does not exist on type 'ParseResult'.
packages/test-generator/tests/integration-sample-domains.test.ts(130,43): error TS2339: Property 'ast' does not exist on type 'ParseResult'.
packages/test-generator/tests/integration-sample-domains.test.ts(136,51): error TS2339: Property 'ast' does not exist on type 'ParseResult'.
packages/test-generator/tests/integration-sample-domains.test.ts(141,44): error TS2339: Property 'ast' does not exist on type 'ParseResult'.
packages/test-generator/tests/integration-sample-domains.test.ts(155,27): error TS2339: Property 'ast' does not exist on type 'ParseResult'.
packages/test-generator/tests/integration-sample-domains.test.ts(157,51): error TS2339: Property 'ast' does not exist on type 'ParseResult'.
packages/test-generator/tests/integration-sample-domains.test.ts(168,27): error TS2339: Property 'ast' does not exist on type 'ParseResult'.
packages/test-generator/tests/integration-sample-domains.test.ts(170,52): error TS2339: Property 'ast' does not exist on type 'ParseResult'.
packages/test-generator/tests/integration-sample-domains.test.ts(174,52): error TS2339: Property 'ast' does not exist on type 'ParseResult'.
packages/test-generator/tests/integration-sample-domains.test.ts(188,27): error TS2339: Property 'ast' does not exist on type 'ParseResult'.
packages/test-generator/tests/integration-sample-domains.test.ts(190,51): error TS2339: Property 'ast' does not exist on type 'ParseResult'.
packages/test-generator/tests/integration-sample-domains.test.ts(211,27): error TS2339: Property 'ast' does not exist on type 'ParseResult'.
packages/test-generator/tests/integration-sample-domains.test.ts(213,51): error TS2339: Property 'ast' does not exist on type 'ParseResult'.
packages/test-generator/tests/integration-sample-domains.test.ts(219,72): error TS2339: Property 'ast' does not exist on type 'ParseResult'.
packages/test-generator/tests/integration-sample-domains.test.ts(238,40): error TS2339: Property 'ast' does not exist on type 'ParseResult'.
packages/test-generator/tests/integration-sample-domains.test.ts(243,45): error TS2339: Property 'ast' does not exist on type 'ParseResult'.
packages/test-generator/tests/integration-sample-domains.test.ts(274,40): error TS2339: Property 'ast' does not exist on type 'ParseResult'.
packages/test-generator/tests/integration-sample-domains.test.ts(276,45): error TS2339: Property 'ast' does not exist on type 'ParseResult'.
packages/trace-viewer/src/app/page.tsx(4,32): error TS2307: Cannot find module '@/lib/player' or its corresponding type declarations.
packages/trace-viewer/src/app/page.tsx(5,76): error TS2307: Cannot find module '@/lib/trace' or its corresponding type declarations.
packages/trace-viewer/src/app/page.tsx(6,26): error TS2307: Cannot find module '@/components/Controls' or its corresponding type declarations.
packages/trace-viewer/src/app/page.tsx(7,31): error TS2307: Cannot find module '@/components/TraceTimeline' or its corresponding type declarations.
packages/trace-viewer/src/app/page.tsx(8,32): error TS2307: Cannot find module '@/components/StateInspector' or its corresponding type declarations.
packages/trace-viewer/src/app/page.tsx(9,27): error TS2307: Cannot find module '@/components/CallStack' or its corresponding type declarations.
packages/trace-viewer/src/app/page.tsx(10,32): error TS2307: Cannot find module '@/components/ExpressionEval' or its corresponding type declarations.
packages/trace-viewer/src/app/page.tsx(11,28): error TS2307: Cannot find module '@/components/DiffViewer' or its corresponding type declarations.
packages/trace-viewer/src/app/page.tsx(12,28): error TS2307: Cannot find module '@/types' or its corresponding type declarations.
packages/trace-viewer/src/components/Controls.tsx(3,32): error TS2307: Cannot find module '@/lib/player' or its corresponding type declarations.
packages/trace-viewer/src/components/Controls.tsx(4,32): error TS2307: Cannot find module '@/types' or its corresponding type declarations.
packages/trace-viewer/src/components/Controls.tsx(170,35): error TS7006: Parameter 't' implicitly has an 'any' type.
packages/trace-viewer/src/components/ExpressionEval.tsx(5,46): error TS2307: Cannot find module '@/types' or its corresponding type declarations.
packages/trace-viewer/src/components/StateInspector.tsx(5,28): error TS2307: Cannot find module '@/types' or its corresponding type declarations.
packages/trace-viewer/src/components/TraceTimeline.tsx(4,32): error TS2307: Cannot find module '@/lib/player' or its corresponding type declarations.
packages/trace-viewer/src/components/TraceTimeline.tsx(6,49): error TS2307: Cannot find module '@/types' or its corresponding type declarations.
packages/trace-viewer/src/components/TraceTimeline.tsx(112,32): error TS7006: Parameter 'event' implicitly has an 'any' type.
packages/trace-viewer/src/components/TraceTimeline.tsx(112,39): error TS7006: Parameter 'index' implicitly has an 'any' type.
packages/trace-viewer/src/lib/player.ts(8,76): error TS2307: Cannot find module '@/types' or its corresponding type declarations.
packages/trace-viewer/src/lib/player.ts(126,30): error TS7006: Parameter 'e' implicitly has an 'any' type.
packages/trace-viewer/src/lib/trace.ts(15,8): error TS2307: Cannot find module '@/types' or its corresponding type declarations.
packages/trace-viewer/src/lib/trace.ts(164,5): error TS7006: Parameter 'e' implicitly has an 'any' type.
packages/trace-viewer/src/lib/trace.ts(175,5): error TS7006: Parameter 'e' implicitly has an 'any' type.
packages/typechecker/tests/checker.test.ts(722,36): error TS2345: Argument of type '{ kind: string; name: { kind: "Identifier"; name: string; location: { file: string; line: number; column: number; endLine: number; endColumn: number; }; }; version: { kind: "StringLiteral"; value: string; location: { file: string; line: number; column: number; endLine: number; endColumn: number; }; }; ... 9 more ......' is not assignable to parameter of type 'Domain'.
  Types of property 'kind' are incompatible.
    Type 'string' is not assignable to type '"Domain"'.
packages/typechecker/tests/checker.test.ts(725,36): error TS2345: Argument of type '{ kind: string; name: { kind: "Identifier"; name: string; location: { file: string; line: number; column: number; endLine: number; endColumn: number; }; }; version: { kind: "StringLiteral"; value: string; location: { file: string; line: number; column: number; endLine: number; endColumn: number; }; }; ... 9 more ......' is not assignable to parameter of type 'Domain'.
  Types of property 'kind' are incompatible.
    Type 'string' is not assignable to type '"Domain"'.
packages/typechecker/tests/fixtures.test.ts(120,24): error TS1308: 'await' expressions are only allowed within async functions and at the top levels of modules.
packages/ui-generator/src/mapper.ts(22,25): error TS2339: Property 'enums' does not exist on type 'Domain'.
packages/ui-generator/src/mapper.ts(23,40): error TS7006: Parameter 'e' implicitly has an 'any' type.
packages/ui-generator/src/mapper.ts(24,68): error TS2345: Argument of type 'Set<unknown>' is not assignable to parameter of type 'Set<string>'.
  Type 'unknown' is not assignable to type 'string'.
packages/ui-generator/src/mapper.ts(25,72): error TS2345: Argument of type 'Set<unknown>' is not assignable to parameter of type 'Set<string>'.
  Type 'unknown' is not assignable to type 'string'.
packages/ui-generator/src/mapper.ts(40,15): error TS2694: Namespace '"@isl-lang/isl-core"' has no exported member 'EntityDeclaration'.
packages/ui-generator/src/mapper.ts(47,32): error TS7006: Parameter 'f' implicitly has an 'any' type.
packages/ui-generator/src/mapper.ts(88,14): error TS2694: Namespace '"@isl-lang/isl-core"' has no exported member 'FieldDeclaration'.
packages/ui-generator/src/mapper.ts(92,52): error TS7006: Parameter 'a' implicitly has an 'any' type.
packages/ui-generator/src/mapper.ts(112,28): error TS2694: Namespace '"@isl-lang/isl-core"' has no exported member 'EnumDeclaration'.
packages/ui-generator/src/mapper.ts(115,32): error TS7006: Parameter 'v' implicitly has an 'any' type.
packages/ui-generator/src/mapper.ts(124,14): error TS2694: Namespace '"@isl-lang/isl-core"' has no exported member 'FieldDeclaration'.
packages/ui-generator/src/mapper.ts(127,54): error TS7006: Parameter 'a' implicitly has an 'any' type.
packages/ui-generator/src/mapper.ts(162,36): error TS2724: '"@isl-lang/isl-core"' has no exported member named 'TypeExpression'. Did you mean 'Expression'?
packages/ui-generator/src/mapper.ts(171,33): error TS7006: Parameter 'v' implicitly has an 'any' type.
packages/ui-generator/src/mapper.ts(214,7): error TS2367: This comparison appears to be unintentional because the types '"PrimitiveType" | "ConstrainedType" | "EnumType" | "StructType" | "UnionType" | "ListType" | "MapType" | "OptionalType" | "ReferenceType"' and '"SimpleType"' have no overlap.
packages/ui-generator/src/mapper.ts(214,41): error TS2339: Property 'name' does not exist on type 'never'.
packages/ui-generator/src/validation.ts(13,51): error TS2694: Namespace '"@isl-lang/isl-core"' has no exported member 'FieldDeclaration'.
packages/ui-generator/src/validation.ts(115,50): error TS2339: Property 'conditions' does not exist on type 'Expression[]'.
packages/ui-generator/src/validation.ts(133,7): error TS2367: This comparison appears to be unintentional because the types '"MapExpr" | "Identifier" | "QualifiedName" | "Literal" | "StringLiteral" | "NumberLiteral" | "BooleanLiteral" | "NullLiteral" | "DurationLiteral" | "RegexLiteral" | "BinaryExpr" | ... 10 more ... | "ListExpr"' and '"ComparisonExpression"' have no overlap.
packages/ui-generator/src/validation.ts(133,47): error TS2367: This comparison appears to be unintentional because the types '"MapExpr" | "Identifier" | "QualifiedName" | "Literal" | "StringLiteral" | "NumberLiteral" | "BooleanLiteral" | "NullLiteral" | "DurationLiteral" | "RegexLiteral" | "BinaryExpr" | ... 10 more ... | "ListExpr"' and '"BinaryExpression"' have no overlap.
packages/ui-generator/src/validation.ts(134,51): error TS2694: Namespace '"@isl-lang/isl-core"' has no exported member 'ComparisonExpression'.
packages/ui-generator/src/validation.ts(139,7): error TS2367: This comparison appears to be unintentional because the types '"MapExpr" | "Identifier" | "QualifiedName" | "Literal" | "StringLiteral" | "NumberLiteral" | "BooleanLiteral" | "NullLiteral" | "DurationLiteral" | "RegexLiteral" | "BinaryExpr" | ... 10 more ... | "ListExpr"' and '"MemberExpression"' have no overlap.
packages/ui-generator/src/validation.ts(140,28): error TS2694: Namespace '"@isl-lang/isl-core"' has no exported member 'MemberExpression'.
packages/ui-generator/src/validation.ts(162,7): error TS2367: This comparison appears to be unintentional because the types '"MapExpr" | "Identifier" | "QualifiedName" | "Literal" | "StringLiteral" | "NumberLiteral" | "BooleanLiteral" | "NullLiteral" | "DurationLiteral" | "RegexLiteral" | "BinaryExpr" | ... 10 more ... | "ListExpr"' and '"MemberExpression"' have no overlap.
packages/ui-generator/src/validation.ts(163,28): error TS2694: Namespace '"@isl-lang/isl-core"' has no exported member 'MemberExpression'.
packages/ui-generator/src/validation.ts(237,58): error TS2694: Namespace '"@isl-lang/isl-core"' has no exported member 'NumberLiteral'.
packages/ui-generator/src/validation.ts(238,58): error TS2694: Namespace '"@isl-lang/isl-core"' has no exported member 'StringLiteral'.
packages/ui-generator/src/validation.ts(239,59): error TS2694: Namespace '"@isl-lang/isl-core"' has no exported member 'BooleanLiteral'.
packages/ui-generator/src/validation.ts(244,55): error TS2694: Namespace '"@isl-lang/isl-core"' has no exported member 'Identifier'.
packages/ui-generator/src/validation.ts(248,42): error TS2724: '"@isl-lang/isl-core"' has no exported member named 'TypeExpression'. Did you mean 'Expression'?
packages/ui-generator/tests/fixtures.ts(7,3): error TS2305: Module '"@isl-lang/isl-core"' has no exported member 'EntityDeclaration'.
packages/ui-generator/tests/fixtures.ts(9,3): error TS2305: Module '"@isl-lang/isl-core"' has no exported member 'EnumDeclaration'.
packages/ui-generator/tests/fixtures.ts(10,3): error TS2305: Module '"@isl-lang/isl-core"' has no exported member 'FieldDeclaration'.
packages/ui-generator/tests/fixtures.ts(11,3): error TS2724: '"@isl-lang/isl-core"' has no exported member named 'TypeExpression'. Did you mean 'Expression'?
packages/ui-generator/tests/fixtures.ts(12,3): error TS2305: Module '"@isl-lang/isl-core"' has no exported member 'TypeConstraint'.
packages/ui-generator/tests/fixtures.ts(13,3): error TS2305: Module '"@isl-lang/isl-core"' has no exported member 'Annotation'.
packages/ui-generator/tests/fixtures.ts(14,3): error TS2305: Module '"@isl-lang/isl-core"' has no exported member 'Identifier'.
packages/ui-generator/tests/fixtures.ts(15,3): error TS2305: Module '"@isl-lang/isl-core"' has no exported member 'StringLiteral'.
packages/ui-generator/tests/fixtures.ts(16,3): error TS2305: Module '"@isl-lang/isl-core"' has no exported member 'NumberLiteral'.
packages/ui-generator/tests/fixtures.ts(17,3): error TS2305: Module '"@isl-lang/isl-core"' has no exported member 'InputBlock'.
packages/ui-generator/tests/fixtures.ts(18,3): error TS2305: Module '"@isl-lang/isl-core"' has no exported member 'OutputBlock'.
packages/ui-generator/tests/fixtures.ts(19,3): error TS2305: Module '"@isl-lang/isl-core"' has no exported member 'ErrorDeclaration'.
packages/ui-generator/tests/fixtures.ts(20,3): error TS2305: Module '"@isl-lang/isl-core"' has no exported member 'ConditionBlock'.
packages/ui-generator/tests/fixtures.ts(21,3): error TS2305: Module '"@isl-lang/isl-core"' has no exported member 'Condition'.
packages/ui-generator/tests/fixtures.ts(22,3): error TS2305: Module '"@isl-lang/isl-core"' has no exported member 'ConditionStatement'.
packages/ui-generator/tests/fixtures.ts(26,28): error TS2353: Object literal may only specify known properties, and 'start' does not exist in type 'SourceSpan'.
packages/ui-generator/tests/fixtures.ts(162,3): error TS2322: Type '"BehaviorDeclaration"' is not assignable to type '"Behavior"'.
packages/ui-generator/tests/fixtures.ts(165,5): error TS2322: Type '"InputBlock"' is not assignable to type '"InputSpec"'.
packages/ui-generator/tests/fixtures.ts(174,5): error TS2322: Type '"OutputBlock"' is not assignable to type '"OutputSpec"'.
packages/ui-generator/tests/fixtures.ts(239,3): error TS2322: Type '"BehaviorDeclaration"' is not assignable to type '"Behavior"'.
packages/ui-generator/tests/fixtures.ts(242,5): error TS2322: Type '"InputBlock"' is not assignable to type '"InputSpec"'.
packages/ui-generator/tests/fixtures.ts(251,5): error TS2322: Type '"OutputBlock"' is not assignable to type '"OutputSpec"'.
packages/ui-generator/tests/fixtures.ts(264,3): error TS2322: Type '"DomainDeclaration"' is not assignable to type '"Domain"'.
packages/ui-generator/tests/fixtures.ts(318,3): error TS2322: Type '"BehaviorDeclaration"' is not assignable to type '"Behavior"'.
packages/ui-generator/tests/fixtures.ts(321,5): error TS2322: Type '"InputBlock"' is not assignable to type '"InputSpec"'.
packages/ui-generator/tests/fixtures.ts(330,5): error TS2322: Type '"OutputBlock"' is not assignable to type '"OutputSpec"'.
packages/ui-generator/tests/fixtures.ts(340,3): error TS2322: Type '"DomainDeclaration"' is not assignable to type '"Domain"'.
packages/verified-build/src/index.ts(459,7): error TS18048: 'filesToCheck' is possibly 'undefined'.
packages/verified-build/src/index.ts(461,7): error TS18048: 'filesToCheck' is possibly 'undefined'.
packages/verifier-chaos/tests/fixture-types.test.ts(32,18): error TS2352: Conversion of type '{ behaviors: never[]; }' to type 'Domain' may be a mistake because neither type sufficiently overlaps with the other. If this was intentional, convert the expression to 'unknown' first.
  Type '{ behaviors: never[]; }' is missing the following properties from type 'Domain': kind, name, version, uses, and 9 more.
packages/verifier-chaos/tests/fixture-types.test.ts(68,18): error TS2352: Conversion of type '{ behaviors: never[]; }' to type 'Domain' may be a mistake because neither type sufficiently overlaps with the other. If this was intentional, convert the expression to 'unknown' first.
  Type '{ behaviors: never[]; }' is missing the following properties from type 'Domain': kind, name, version, uses, and 9 more.
packages/verifier-chaos/tests/resilience.test.ts(13,55): error TS2305: Module '"@isl-lang/isl-core"' has no exported member 'Identifier'.
packages/verifier-runtime/tests/evaluator.bench.test.ts(7,35): error TS2459: Module '"../src/evaluator.js"' declares 'EvaluationContext' locally, but it is not exported.
packages/verifier-runtime/tests/evaluator.test.ts(9,8): error TS2459: Module '"../src/evaluator.js"' declares 'EvaluationContext' locally, but it is not exported.
packages/verifier-runtime/tests/verifier.test.ts(202,7): error TS2741: Property 'uses' is missing in type 'import("C:/Users/mevla/OneDrive/Desktop/projects/IntentOS/master_contracts/ast").Domain' but required in type 'import("C:/Users/mevla/OneDrive/Desktop/projects/IntentOS/packages/parser/dist/index").Domain'.
packages/verifier-runtime/tests/verifier.test.ts(374,45): error TS2345: Argument of type 'import("C:/Users/mevla/OneDrive/Desktop/projects/IntentOS/master_contracts/ast").Domain' is not assignable to parameter of type 'import("C:/Users/mevla/OneDrive/Desktop/projects/IntentOS/packages/parser/dist/index").Domain'.
  Property 'uses' is missing in type 'import("C:/Users/mevla/OneDrive/Desktop/projects/IntentOS/master_contracts/ast").Domain' but required in type 'import("C:/Users/mevla/OneDrive/Desktop/projects/IntentOS/packages/parser/dist/index").Domain'.
packages/verifier-runtime/tests/verifier.test.ts(384,45): error TS2345: Argument of type 'import("C:/Users/mevla/OneDrive/Desktop/projects/IntentOS/master_contracts/ast").Domain' is not assignable to parameter of type 'import("C:/Users/mevla/OneDrive/Desktop/projects/IntentOS/packages/parser/dist/index").Domain'.
  Property 'uses' is missing in type 'import("C:/Users/mevla/OneDrive/Desktop/projects/IntentOS/master_contracts/ast").Domain' but required in type 'import("C:/Users/mevla/OneDrive/Desktop/projects/IntentOS/packages/parser/dist/index").Domain'.
packages/verifier-runtime/tests/verifier.test.ts(393,45): error TS2345: Argument of type 'import("C:/Users/mevla/OneDrive/Desktop/projects/IntentOS/master_contracts/ast").Domain' is not assignable to parameter of type 'import("C:/Users/mevla/OneDrive/Desktop/projects/IntentOS/packages/parser/dist/index").Domain'.
  Property 'uses' is missing in type 'import("C:/Users/mevla/OneDrive/Desktop/projects/IntentOS/master_contracts/ast").Domain' but required in type 'import("C:/Users/mevla/OneDrive/Desktop/projects/IntentOS/packages/parser/dist/index").Domain'.
packages/verifier-runtime/tests/verifier.test.ts(412,7): error TS2741: Property 'uses' is missing in type 'import("C:/Users/mevla/OneDrive/Desktop/projects/IntentOS/master_contracts/ast").Domain' but required in type 'import("C:/Users/mevla/OneDrive/Desktop/projects/IntentOS/packages/parser/dist/index").Domain'.
packages/verifier-runtime/tests/verifier.test.ts(430,7): error TS2741: Property 'uses' is missing in type 'import("C:/Users/mevla/OneDrive/Desktop/projects/IntentOS/master_contracts/ast").Domain' but required in type 'import("C:/Users/mevla/OneDrive/Desktop/projects/IntentOS/packages/parser/dist/index").Domain'.
packages/verifier-runtime/tests/verifier.test.ts(455,7): error TS2741: Property 'uses' is missing in type 'import("C:/Users/mevla/OneDrive/Desktop/projects/IntentOS/master_contracts/ast").Domain' but required in type 'import("C:/Users/mevla/OneDrive/Desktop/projects/IntentOS/packages/parser/dist/index").Domain'.
packages/verifier-runtime/tests/verifier.test.ts(475,7): error TS2741: Property 'uses' is missing in type 'import("C:/Users/mevla/OneDrive/Desktop/projects/IntentOS/master_contracts/ast").Domain' but required in type 'import("C:/Users/mevla/OneDrive/Desktop/projects/IntentOS/packages/parser/dist/index").Domain'.
packages/verifier-runtime/tests/verifier.test.ts(505,49): error TS2345: Argument of type 'import("C:/Users/mevla/OneDrive/Desktop/projects/IntentOS/master_contracts/ast").Domain' is not assignable to parameter of type 'import("C:/Users/mevla/OneDrive/Desktop/projects/IntentOS/packages/parser/dist/index").Domain'.
  Property 'uses' is missing in type 'import("C:/Users/mevla/OneDrive/Desktop/projects/IntentOS/master_contracts/ast").Domain' but required in type 'import("C:/Users/mevla/OneDrive/Desktop/projects/IntentOS/packages/parser/dist/index").Domain'.
packages/verifier-runtime/tests/verifier.test.ts(528,49): error TS2345: Argument of type 'import("C:/Users/mevla/OneDrive/Desktop/projects/IntentOS/master_contracts/ast").Domain' is not assignable to parameter of type 'import("C:/Users/mevla/OneDrive/Desktop/projects/IntentOS/packages/parser/dist/index").Domain'.
  Property 'uses' is missing in type 'import("C:/Users/mevla/OneDrive/Desktop/projects/IntentOS/master_contracts/ast").Domain' but required in type 'import("C:/Users/mevla/OneDrive/Desktop/projects/IntentOS/packages/parser/dist/index").Domain'.
packages/verifier-runtime/tests/verifier.test.ts(549,49): error TS2345: Argument of type 'import("C:/Users/mevla/OneDrive/Desktop/projects/IntentOS/master_contracts/ast").Domain' is not assignable to parameter of type 'import("C:/Users/mevla/OneDrive/Desktop/projects/IntentOS/packages/parser/dist/index").Domain'.
  Property 'uses' is missing in type 'import("C:/Users/mevla/OneDrive/Desktop/projects/IntentOS/master_contracts/ast").Domain' but required in type 'import("C:/Users/mevla/OneDrive/Desktop/projects/IntentOS/packages/parser/dist/index").Domain'.
packages/verifier-runtime/tests/verifier.test.ts(577,49): error TS2345: Argument of type 'import("C:/Users/mevla/OneDrive/Desktop/projects/IntentOS/master_contracts/ast").Domain' is not assignable to parameter of type 'import("C:/Users/mevla/OneDrive/Desktop/projects/IntentOS/packages/parser/dist/index").Domain'.
  Property 'uses' is missing in type 'import("C:/Users/mevla/OneDrive/Desktop/projects/IntentOS/master_contracts/ast").Domain' but required in type 'import("C:/Users/mevla/OneDrive/Desktop/projects/IntentOS/packages/parser/dist/index").Domain'.
packages/verifier-runtime/tests/verifier.test.ts(601,49): error TS2345: Argument of type 'import("C:/Users/mevla/OneDrive/Desktop/projects/IntentOS/master_contracts/ast").Domain' is not assignable to parameter of type 'import("C:/Users/mevla/OneDrive/Desktop/projects/IntentOS/packages/parser/dist/index").Domain'.
  Property 'uses' is missing in type 'import("C:/Users/mevla/OneDrive/Desktop/projects/IntentOS/master_contracts/ast").Domain' but required in type 'import("C:/Users/mevla/OneDrive/Desktop/projects/IntentOS/packages/parser/dist/index").Domain'.
packages/verifier-runtime/tests/verifier.test.ts(625,49): error TS2345: Argument of type 'import("C:/Users/mevla/OneDrive/Desktop/projects/IntentOS/master_contracts/ast").Domain' is not assignable to parameter of type 'import("C:/Users/mevla/OneDrive/Desktop/projects/IntentOS/packages/parser/dist/index").Domain'.
  Property 'uses' is missing in type 'import("C:/Users/mevla/OneDrive/Desktop/projects/IntentOS/master_contracts/ast").Domain' but required in type 'import("C:/Users/mevla/OneDrive/Desktop/projects/IntentOS/packages/parser/dist/index").Domain'.
packages/verifier-sandbox/src/acceptance.test.ts(51,14): error TS2322: Type 'string | undefined' is not assignable to type 'string'.
  Type 'undefined' is not assignable to type 'string'.
packages/verifier-sandbox/src/acceptance.test.ts(97,14): error TS2322: Type 'string | undefined' is not assignable to type 'string'.
  Type 'undefined' is not assignable to type 'string'.
packages/verifier-sandbox/src/acceptance.test.ts(127,14): error TS2322: Type 'string | undefined' is not assignable to type 'string'.
  Type 'undefined' is not assignable to type 'string'.
packages/verifier-sandbox/src/acceptance.test.ts(159,9): error TS2322: Type 'string | undefined' is not assignable to type 'string'.
  Type 'undefined' is not assignable to type 'string'.
packages/verifier-sandbox/src/acceptance.test.ts(192,14): error TS2322: Type 'string | undefined' is not assignable to type 'string'.
  Type 'undefined' is not assignable to type 'string'.
packages/verifier-sandbox/src/acceptance.test.ts(230,14): error TS2322: Type 'string | undefined' is not assignable to type 'string'.
  Type 'undefined' is not assignable to type 'string'.
packages/verifier-sandbox/src/noop-sandbox.ts(41,9): error TS2769: No overload matches this call.
  The last overload gave the following error.
    Type 'Record<string, string> | ProcessEnv' is not assignable to type 'ProcessEnv | undefined'.
      Property 'NODE_ENV' is missing in type 'Record<string, string>' but required in type 'ProcessEnv'.
packages/verifier-sandbox/src/noop-sandbox.ts(47,14): error TS2339: Property 'kill' does not exist on type 'never'.
  The intersection 'ChildProcessWithoutNullStreams & ChildProcessByStdio<Writable, Readable, Readable> & ... 7 more ... & ChildProcess' was reduced to 'never' because property 'stdin' has conflicting types in some constituents.
packages/verifier-sandbox/src/noop-sandbox.ts(61,12): error TS2339: Property 'stdout' does not exist on type 'never'.
  The intersection 'ChildProcessWithoutNullStreams & ChildProcessByStdio<Writable, Readable, Readable> & ... 7 more ... & ChildProcess' was reduced to 'never' because property 'stdin' has conflicting types in some constituents.
packages/verifier-sandbox/src/noop-sandbox.ts(61,31): error TS7006: Parameter 'data' implicitly has an 'any' type.
packages/verifier-sandbox/src/noop-sandbox.ts(65,12): error TS2339: Property 'stderr' does not exist on type 'never'.
  The intersection 'ChildProcessWithoutNullStreams & ChildProcessByStdio<Writable, Readable, Readable> & ... 7 more ... & ChildProcess' was reduced to 'never' because property 'stdin' has conflicting types in some constituents.
packages/verifier-sandbox/src/noop-sandbox.ts(65,31): error TS7006: Parameter 'data' implicitly has an 'any' type.
packages/verifier-sandbox/src/noop-sandbox.ts(69,12): error TS2339: Property 'on' does not exist on type 'never'.
  The intersection 'ChildProcessWithoutNullStreams & ChildProcessByStdio<Writable, Readable, Readable> & ... 7 more ... & ChildProcess' was reduced to 'never' because property 'stdin' has conflicting types in some constituents.
packages/verifier-sandbox/src/noop-sandbox.ts(69,24): error TS7006: Parameter 'code' implicitly has an 'any' type.
packages/verifier-sandbox/src/noop-sandbox.ts(84,12): error TS2339: Property 'on' does not exist on type 'never'.
  The intersection 'ChildProcessWithoutNullStreams & ChildProcessByStdio<Writable, Readable, Readable> & ... 7 more ... & ChildProcess' was reduced to 'never' because property 'stdin' has conflicting types in some constituents.
packages/verifier-sandbox/src/noop-sandbox.ts(84,25): error TS7006: Parameter 'error' implicitly has an 'any' type.
packages/verifier-sandbox/src/noop-sandbox.ts(100,14): error TS2339: Property 'stdin' does not exist on type 'never'.
  The intersection 'ChildProcessWithoutNullStreams & ChildProcessByStdio<Writable, Readable, Readable> & ... 7 more ... & ChildProcess' was reduced to 'never' because property 'stdin' has conflicting types in some constituents.
packages/verifier-sandbox/src/noop-sandbox.ts(101,14): error TS2339: Property 'stdin' does not exist on type 'never'.
  The intersection 'ChildProcessWithoutNullStreams & ChildProcessByStdio<Writable, Readable, Readable> & ... 7 more ... & ChildProcess' was reduced to 'never' because property 'stdin' has conflicting types in some constituents.
packages/verifier-sandbox/src/sandbox.test.ts(54,16): error TS2322: Type 'string | undefined' is not assignable to type 'string'.
  Type 'undefined' is not assignable to type 'string'.
packages/verifier-sandbox/vitest.config.ts(7,5): error TS2769: No overload matches this call.
  The last overload gave the following error.
    Object literal may only specify known properties, and 'timeout' does not exist in type 'InlineConfig'.
packages/verifier-security/tests/constant-time.test.ts(295,9): error TS2353: Object literal may only specify known properties, and 'approvedHelpers' does not exist in type 'SecurityRuleConfig'.
packages/verifier-temporal/src/trace-evaluator.ts(13,34): error TS2305: Module '"@isl-lang/isl-core"' has no exported member 'TemporalRequirement'.
packages/verifier-temporal/src/trace-evaluator.ts(461,24): error TS2339: Property 'requirements' does not exist on type 'TemporalSpec[]'.
packages/verifier-temporal/src/trace-evaluator.ts(462,39): error TS2339: Property 'requirements' does not exist on type 'TemporalSpec[]'.
packages/verifier-temporal/src/verifier.ts(8,34): error TS2305: Module '"@isl-lang/isl-core"' has no exported member 'TemporalRequirement'.
packages/verifier-temporal/src/verifier.ts(8,55): error TS2305: Module '"@isl-lang/isl-core"' has no exported member 'DurationLiteral'.
packages/verifier-temporal/src/verifier.ts(163,40): error TS2339: Property 'requirements' does not exist on type 'TemporalSpec[]'.
packages/verifier-temporal/tests/trace-temporal.test.ts(257,65): error TS2352: Conversion of type '{ kind: "task_complete"; }' to type 'TraceEvent' may be a mistake because neither type sufficiently overlaps with the other. If this was intentional, convert the expression to 'unknown' first.
  Type '{ kind: "task_complete"; }' is missing the following properties from type 'TraceEvent': time, correlationId, handler, inputs, and 2 more.
packages/verifier-temporal/tests/trace-temporal.test.ts(273,66): error TS2352: Conversion of type '{ kind: "task_complete"; }' to type 'TraceEvent' may be a mistake because neither type sufficiently overlaps with the other. If this was intentional, convert the expression to 'unknown' first.
  Type '{ kind: "task_complete"; }' is missing the following properties from type 'TraceEvent': time, correlationId, handler, inputs, and 2 more.
packages/verifier-temporal/tests/verifier.test.ts(600,46): error TS2345: Argument of type '{ kind: "Domain"; name: { kind: "Identifier"; name: string; location: never; }; version: { kind: "StringLiteral"; value: string; location: never; }; imports: never[]; types: never[]; entities: never[]; behaviors: { ...; }[]; ... 5 more ...; location: never; }' is not assignable to parameter of type 'Domain'.
  Property 'uses' is missing in type '{ kind: "Domain"; name: { kind: "Identifier"; name: string; location: never; }; version: { kind: "StringLiteral"; value: string; location: never; }; imports: never[]; types: never[]; entities: never[]; behaviors: { ...; }[]; ... 5 more ...; location: never; }' but required in type 'Domain'.
packages/verifier-temporal/tests/verifier.test.ts(609,46): error TS2345: Argument of type '{ kind: "Domain"; name: { kind: "Identifier"; name: string; location: never; }; version: { kind: "StringLiteral"; value: string; location: never; }; imports: never[]; types: never[]; entities: never[]; behaviors: { ...; }[]; ... 5 more ...; location: never; }' is not assignable to parameter of type 'Domain'.
  Property 'uses' is missing in type '{ kind: "Domain"; name: { kind: "Identifier"; name: string; location: never; }; version: { kind: "StringLiteral"; value: string; location: never; }; imports: never[]; types: never[]; entities: never[]; behaviors: { ...; }[]; ... 5 more ...; location: never; }' but required in type 'Domain'.
packages/verifier-temporal/tests/verifier.test.ts(628,46): error TS2345: Argument of type '{ behaviors: { name: { kind: "Identifier"; name: string; location: never; }; temporal: never[]; kind: "Behavior"; input: { kind: "InputSpec"; fields: never[]; location: never; }; output: { kind: "OutputSpec"; success: { ...; }; errors: never[]; location: never; }; ... 5 more ...; location: never; }[]; ... 11 more .....' is not assignable to parameter of type 'Domain'.
  Property 'uses' is missing in type '{ behaviors: { name: { kind: "Identifier"; name: string; location: never; }; temporal: never[]; kind: "Behavior"; input: { kind: "InputSpec"; fields: never[]; location: never; }; output: { kind: "OutputSpec"; success: { ...; }; errors: never[]; location: never; }; ... 5 more ...; location: never; }[]; ... 11 more .....' but required in type 'Domain'.
packages/verifier/tests/golden.test.ts(330,34): error TS2345: Argument of type '{ verdict: string; version: "1.0.0"; domain: string; behavior: string; score: number; scoreBreakdown: ScoreBreakdown; clauseResults: ClauseResult[]; summary: ReportSummary; artifacts: WorkspaceScanArtifacts; inputHash: string; }' is not assignable to parameter of type 'EvidenceReport'.
  Types of property 'verdict' are incompatible.
    Type 'string' is not assignable to type 'ShipVerdict'.
packages/versioner/tests/versioner.test.ts(8,3): error TS2305: Module '"../src/analyzer.js"' has no exported member 'ChangeAnalyzer'.
packages/versioner/tests/versioner.test.ts(10,8): error TS2305: Module '"../src/analyzer.js"' has no exported member 'DomainSpec'.
packages/versioner/tests/versioner.test.ts(16,3): error TS2305: Module '"../src/versioner.js"' has no exported member 'Versioner'.
packages/versioner/tests/versioner.test.ts(18,3): error TS2305: Module '"../src/versioner.js"' has no exported member 'changeTypeToBump'.
packages/versioner/tests/versioner.test.ts(24,3): error TS2724: '"../src/changelog.js"' has no exported member named 'ChangelogGenerator'. Did you mean 'ChangelogEntry'?
packages/versioner/tests/versioner.test.ts(26,3): error TS2724: '"../src/changelog.js"' has no exported member named 'appendToChangelog'. Did you mean 'prependToChangelog'?
packages/versioner/tests/versioner.test.ts(27,3): error TS2305: Module '"../src/changelog.js"' has no exported member 'createInitialChangelog'.
packages/versioner/tests/versioner.test.ts(158,35): error TS7006: Parameter 'c' implicitly has an 'any' type.
packages/versioner/tests/versioner.test.ts(174,35): error TS7006: Parameter 'c' implicitly has an 'any' type.
packages/versioner/tests/versioner.test.ts(190,35): error TS7006: Parameter 'c' implicitly has an 'any' type.
packages/versioner/tests/versioner.test.ts(206,35): error TS7006: Parameter 'c' implicitly has an 'any' type.
packages/versioner/tests/versioner.test.ts(230,22): error TS2322: Type '"field_removed"' is not assignable to type '"feature" | "breaking" | "fix"'.
packages/versioner/tests/versioner.test.ts(230,49): error TS2322: Type '"breaking"' is not assignable to type 'ChangeType'.
packages/versioner/tests/versioner.test.ts(234,9): error TS2322: Type 'string' is not assignable to type '{ breakingCount: number; featureCount: number; fixCount: number; suggestedBump: "none" | "patch" | "major" | "minor"; }'.
packages/versioner/tests/versioner.test.ts(239,21): error TS2339: Property 'nextVersion' does not exist on type 'SemanticVersion'.
packages/versioner/tests/versioner.test.ts(240,21): error TS2339: Property 'bump' does not exist on type 'SemanticVersion'.
packages/versioner/tests/versioner.test.ts(247,22): error TS2322: Type '"field_added"' is not assignable to type '"feature" | "breaking" | "fix"'.
packages/versioner/tests/versioner.test.ts(247,47): error TS2322: Type '"feature"' is not assignable to type 'ChangeType'.
packages/versioner/tests/versioner.test.ts(250,9): error TS2322: Type 'string' is not assignable to type '{ breakingCount: number; featureCount: number; fixCount: number; suggestedBump: "none" | "patch" | "major" | "minor"; }'.
packages/versioner/tests/versioner.test.ts(255,21): error TS2339: Property 'nextVersion' does not exist on type 'SemanticVersion'.
packages/versioner/tests/versioner.test.ts(256,21): error TS2339: Property 'bump' does not exist on type 'SemanticVersion'.
packages/versioner/tests/versioner.test.ts(264,19): error TS2322: Type '"constraint_modified"' is not assignable to type '"feature" | "breaking" | "fix"'.
packages/versioner/tests/versioner.test.ts(264,52): error TS2322: Type '"fix"' is not assignable to type 'ChangeType'.
packages/versioner/tests/versioner.test.ts(266,9): error TS2322: Type 'string' is not assignable to type '{ breakingCount: number; featureCount: number; fixCount: number; suggestedBump: "none" | "patch" | "major" | "minor"; }'.
packages/versioner/tests/versioner.test.ts(271,21): error TS2339: Property 'nextVersion' does not exist on type 'SemanticVersion'.
packages/versioner/tests/versioner.test.ts(272,21): error TS2339: Property 'bump' does not exist on type 'SemanticVersion'.
packages/versioner/tests/versioner.test.ts(282,9): error TS2322: Type 'string' is not assignable to type '{ breakingCount: number; featureCount: number; fixCount: number; suggestedBump: "none" | "patch" | "major" | "minor"; }'.
packages/versioner/tests/versioner.test.ts(287,21): error TS2339: Property 'nextVersion' does not exist on type 'SemanticVersion'.
packages/versioner/tests/versioner.test.ts(288,21): error TS2339: Property 'bump' does not exist on type 'SemanticVersion'.
packages/versioner/tests/versioner.test.ts(296,22): error TS2322: Type '"field_added"' is not assignable to type '"feature" | "breaking" | "fix"'.
packages/versioner/tests/versioner.test.ts(296,47): error TS2322: Type '"feature"' is not assignable to type 'ChangeType'.
packages/versioner/tests/versioner.test.ts(299,9): error TS2322: Type 'string' is not assignable to type '{ breakingCount: number; featureCount: number; fixCount: number; suggestedBump: "none" | "patch" | "major" | "minor"; }'.
packages/versioner/tests/versioner.test.ts(312,22): error TS2322: Type '"field_removed"' is not assignable to type '"feature" | "breaking" | "fix"'.
packages/versioner/tests/versioner.test.ts(312,49): error TS2322: Type '"breaking"' is not assignable to type 'ChangeType'.
packages/versioner/tests/versioner.test.ts(316,9): error TS2322: Type 'string' is not assignable to type '{ breakingCount: number; featureCount: number; fixCount: number; suggestedBump: "none" | "patch" | "major" | "minor"; }'.
packages/versioner/tests/versioner.test.ts(331,19): error TS2322: Type '"documentation"' is not assignable to type '"feature" | "breaking" | "fix"'.
packages/versioner/tests/versioner.test.ts(331,46): error TS2322: Type '"fix"' is not assignable to type 'ChangeType'.
packages/versioner/tests/versioner.test.ts(333,9): error TS2322: Type 'string' is not assignable to type '{ breakingCount: number; featureCount: number; fixCount: number; suggestedBump: "none" | "patch" | "major" | "minor"; }'.
packages/versioner/tests/versioner.test.ts(347,36): error TS2322: Type '"fix"' is not assignable to type 'ChangeType'.
packages/versioner/tests/versioner.test.ts(349,9): error TS2322: Type 'string' is not assignable to type '{ breakingCount: number; featureCount: number; fixCount: number; suggestedBump: "none" | "patch" | "major" | "minor"; }'.
packages/versioner/tests/versioner.test.ts(354,21): error TS2339: Property 'currentVersion' does not exist on type 'SemanticVersion'.
packages/versioner/tests/versioner.test.ts(355,21): error TS2339: Property 'nextVersion' does not exist on type 'SemanticVersion'.
packages/versioner/tests/versioner.test.ts(403,13): error TS2322: Type '"field_added"' is not assignable to type '"feature" | "breaking" | "fix"'.
packages/versioner/tests/versioner.test.ts(403,38): error TS2322: Type '"feature"' is not assignable to type 'ChangeType'.
packages/versioner/tests/versioner.test.ts(407,9): error TS2322: Type 'string' is not assignable to type '{ breakingCount: number; featureCount: number; fixCount: number; suggestedBump: "none" | "patch" | "major" | "minor"; }'.
packages/versioner/tests/versioner.test.ts(410,39): error TS2345: Argument of type '{ currentVersion: string; nextVersion: string; bump: "minor"; reason: string; isPrerelease: boolean; }' is not assignable to parameter of type 'string | SemanticVersion'.
packages/versioner/tests/versioner.test.ts(412,20): error TS2339: Property 'version' does not exist on type 'string'.
packages/versioner/tests/versioner.test.ts(413,20): error TS2339: Property 'markdown' does not exist on type 'string'.
packages/versioner/tests/versioner.test.ts(414,20): error TS2339: Property 'markdown' does not exist on type 'string'.
packages/versioner/tests/versioner.test.ts(415,20): error TS2339: Property 'plainText' does not exist on type 'string'.
packages/versioner/tests/versioner.test.ts(430,13): error TS2322: Type '"field_removed"' is not assignable to type '"feature" | "breaking" | "fix"'.
packages/versioner/tests/versioner.test.ts(430,40): error TS2322: Type '"breaking"' is not assignable to type 'ChangeType'.
packages/versioner/tests/versioner.test.ts(435,9): error TS2322: Type 'string' is not assignable to type '{ breakingCount: number; featureCount: number; fixCount: number; suggestedBump: "none" | "patch" | "major" | "minor"; }'.
packages/versioner/tests/versioner.test.ts(438,39): error TS2345: Argument of type '{ currentVersion: string; nextVersion: string; bump: "major"; reason: string; isPrerelease: boolean; }' is not assignable to parameter of type 'string | SemanticVersion'.
packages/versioner/tests/versioner.test.ts(440,20): error TS2339: Property 'markdown' does not exist on type 'string'.
packages/versioner/tests/versioner.test.ts(441,20): error TS2339: Property 'markdown' does not exist on type 'string'.
packages/versioner/tests/versioner.test.ts(459,9): error TS2322: Type 'string' is not assignable to type '{ breakingCount: number; featureCount: number; fixCount: number; suggestedBump: "none" | "patch" | "major" | "minor"; }'.
packages/versioner/tests/versioner.test.ts(462,39): error TS2345: Argument of type '{ currentVersion: string; nextVersion: string; bump: "none"; reason: string; isPrerelease: boolean; }' is not assignable to parameter of type 'string | SemanticVersion'.
packages/versioner/tests/versioner.test.ts(464,20): error TS2339: Property 'markdown' does not exist on type 'string'.
packages/versioner/tests/versioner.test.ts(518,21): error TS2339: Property 'overallType' does not exist on type 'ChangeAnalysis'.
packages/versioner/tests/versioner.test.ts(522,20): error TS2339: Property 'nextVersion' does not exist on type 'SemanticVersion'.
packages/versioner/tests/versioner.test.ts(523,20): error TS2339: Property 'bump' does not exist on type 'SemanticVersion'.
packages/versioner/tests/versioner.test.ts(527,22): error TS2339: Property 'markdown' does not exist on type 'string'.
packages/versioner/tests/versioner.test.ts(528,22): error TS2339: Property 'markdown' does not exist on type 'string'.
packages/visual-editor/src/app/page.tsx(4,24): error TS2307: Cannot find module '@/components/Canvas' or its corresponding type declarations.
packages/visual-editor/src/app/page.tsx(5,29): error TS2307: Cannot find module '@/components/ToolPalette' or its corresponding type declarations.
packages/visual-editor/src/app/page.tsx(6,33): error TS2307: Cannot find module '@/components/PropertiesPanel' or its corresponding type declarations.
packages/visual-editor/src/app/page.tsx(7,29): error TS2307: Cannot find module '@/components/CodePreview' or its corresponding type declarations.
packages/visual-editor/src/app/page.tsx(8,24): error TS2307: Cannot find module '@/components/Header' or its corresponding type declarations.
packages/visual-editor/src/components/BehaviorNode.tsx(6,39): error TS2307: Cannot find module '@/types' or its corresponding type declarations.
packages/visual-editor/src/components/BehaviorNode.tsx(7,32): error TS2307: Cannot find module '@/hooks/useEditorStore' or its corresponding type declarations.
packages/visual-editor/src/components/BehaviorNode.tsx(8,20): error TS2307: Cannot find module '@/lib/utils' or its corresponding type declarations.
packages/visual-editor/src/components/BehaviorNode.tsx(15,42): error TS7006: Parameter 'state' implicitly has an 'any' type.
packages/visual-editor/src/components/BehaviorNode.tsx(54,33): error TS7006: Parameter 'input' implicitly has an 'any' type.
packages/visual-editor/src/components/BehaviorNode.tsx(87,33): error TS7006: Parameter 'error' implicitly has an 'any' type.
packages/visual-editor/src/components/BehaviorNode.tsx(87,40): error TS7006: Parameter 'i' implicitly has an 'any' type.
packages/visual-editor/src/components/Canvas.tsx(11,27): error TS2307: Cannot find module '@/hooks/useCanvas' or its corresponding type declarations.
packages/visual-editor/src/components/Canvas.tsx(12,29): error TS2307: Cannot find module '@/hooks/useDragDrop' or its corresponding type declarations.
packages/visual-editor/src/components/CodePreview.tsx(5,29): error TS2307: Cannot find module '@/hooks/useCodeSync' or its corresponding type declarations.
packages/visual-editor/src/components/EntityNode.tsx(6,37): error TS2307: Cannot find module '@/types' or its corresponding type declarations.
packages/visual-editor/src/components/EntityNode.tsx(7,32): error TS2307: Cannot find module '@/hooks/useEditorStore' or its corresponding type declarations.
packages/visual-editor/src/components/EntityNode.tsx(8,20): error TS2307: Cannot find module '@/lib/utils' or its corresponding type declarations.
packages/visual-editor/src/components/EntityNode.tsx(15,42): error TS7006: Parameter 'state' implicitly has an 'any' type.
packages/visual-editor/src/components/EntityNode.tsx(47,28): error TS7006: Parameter 'field' implicitly has an 'any' type.
packages/visual-editor/src/components/EntityNode.tsx(73,33): error TS7006: Parameter 'inv' implicitly has an 'any' type.
packages/visual-editor/src/components/EntityNode.tsx(73,38): error TS7006: Parameter 'i' implicitly has an 'any' type.
packages/visual-editor/src/components/Header.tsx(4,32): error TS2307: Cannot find module '@/hooks/useEditorStore' or its corresponding type declarations.
packages/visual-editor/src/components/Header.tsx(5,29): error TS2307: Cannot find module '@/hooks/useCodeSync' or its corresponding type declarations.
packages/visual-editor/src/components/InvariantNode.tsx(6,40): error TS2307: Cannot find module '@/types' or its corresponding type declarations.
packages/visual-editor/src/components/InvariantNode.tsx(7,32): error TS2307: Cannot find module '@/hooks/useEditorStore' or its corresponding type declarations.
packages/visual-editor/src/components/InvariantNode.tsx(8,20): error TS2307: Cannot find module '@/lib/utils' or its corresponding type declarations.
packages/visual-editor/src/components/InvariantNode.tsx(15,42): error TS7006: Parameter 'state' implicitly has an 'any' type.
packages/visual-editor/src/components/InvariantNode.tsx(44,35): error TS7006: Parameter 'pred' implicitly has an 'any' type.
packages/visual-editor/src/components/InvariantNode.tsx(44,41): error TS7006: Parameter 'i' implicitly has an 'any' type.
packages/visual-editor/src/components/PolicyNode.tsx(6,37): error TS2307: Cannot find module '@/types' or its corresponding type declarations.
packages/visual-editor/src/components/PolicyNode.tsx(7,32): error TS2307: Cannot find module '@/hooks/useEditorStore' or its corresponding type declarations.
packages/visual-editor/src/components/PolicyNode.tsx(8,20): error TS2307: Cannot find module '@/lib/utils' or its corresponding type declarations.
packages/visual-editor/src/components/PolicyNode.tsx(15,42): error TS7006: Parameter 'state' implicitly has an 'any' type.
packages/visual-editor/src/components/PolicyNode.tsx(39,32): error TS7006: Parameter 'target' implicitly has an 'any' type.
packages/visual-editor/src/components/PolicyNode.tsx(39,40): error TS7006: Parameter 'i' implicitly has an 'any' type.
packages/visual-editor/src/components/PolicyNode.tsx(53,30): error TS7006: Parameter 'rule' implicitly has an 'any' type.
packages/visual-editor/src/components/PolicyNode.tsx(53,36): error TS7006: Parameter 'i' implicitly has an 'any' type.
packages/visual-editor/src/components/PropertiesPanel.tsx(4,49): error TS2307: Cannot find module '@/hooks/useEditorStore' or its corresponding type declarations.
packages/visual-editor/src/components/PropertiesPanel.tsx(5,79): error TS2307: Cannot find module '@/types' or its corresponding type declarations.
packages/visual-editor/src/components/PropertiesPanel.tsx(9,38): error TS7006: Parameter 'state' implicitly has an 'any' type.
packages/visual-editor/src/components/PropertiesPanel.tsx(10,38): error TS7006: Parameter 'state' implicitly has an 'any' type.
packages/visual-editor/src/components/PropertiesPanel.tsx(98,32): error TS7006: Parameter 'f' implicitly has an 'any' type.
packages/visual-editor/src/components/PropertiesPanel.tsx(105,44): error TS7006: Parameter 'f' implicitly has an 'any' type.
packages/visual-editor/src/components/PropertiesPanel.tsx(122,29): error TS7006: Parameter 'field' implicitly has an 'any' type.
packages/visual-editor/src/components/PropertiesPanel.tsx(240,29): error TS7006: Parameter 'input' implicitly has an 'any' type.
packages/visual-editor/src/components/PropertiesPanel.tsx(247,46): error TS7006: Parameter 'i' implicitly has an 'any' type.
packages/visual-editor/src/components/PropertiesPanel.tsx(258,46): error TS7006: Parameter 'i' implicitly has an 'any' type.
packages/visual-editor/src/components/PropertiesPanel.tsx(273,49): error TS7006: Parameter 'i' implicitly has an 'any' type.
packages/visual-editor/src/components/ToolPalette.tsx(5,29): error TS2307: Cannot find module '@/hooks/useDragDrop' or its corresponding type declarations.
packages/visual-editor/src/components/ToolPalette.tsx(6,44): error TS2307: Cannot find module '@/types' or its corresponding type declarations.
packages/visual-editor/src/components/TypeNode.tsx(6,35): error TS2307: Cannot find module '@/types' or its corresponding type declarations.
packages/visual-editor/src/components/TypeNode.tsx(7,32): error TS2307: Cannot find module '@/hooks/useEditorStore' or its corresponding type declarations.
packages/visual-editor/src/components/TypeNode.tsx(8,20): error TS2307: Cannot find module '@/lib/utils' or its corresponding type declarations.
packages/visual-editor/src/components/TypeNode.tsx(15,42): error TS7006: Parameter 'state' implicitly has an 'any' type.
packages/visual-editor/src/components/TypeNode.tsx(44,36): error TS7006: Parameter 'constraint' implicitly has an 'any' type.
packages/visual-editor/src/components/TypeNode.tsx(44,48): error TS7006: Parameter 'i' implicitly has an 'any' type.
packages/visual-editor/src/hooks/useCanvas.ts(6,52): error TS2307: Cannot find module '@/types' or its corresponding type declarations.
packages/visual-editor/src/hooks/useCanvas.ts(30,38): error TS7006: Parameter 'n' implicitly has an 'any' type.
packages/visual-editor/src/hooks/useCanvas.ts(31,38): error TS7006: Parameter 'n' implicitly has an 'any' type.
packages/visual-editor/src/hooks/useCodeSync.ts(5,32): error TS2307: Cannot find module '@/lib/serializer' or its corresponding type declarations.
packages/visual-editor/src/hooks/useCodeSync.ts(8,33): error TS7006: Parameter 'state' implicitly has an 'any' type.
packages/visual-editor/src/hooks/useCodeSync.ts(9,33): error TS7006: Parameter 'state' implicitly has an 'any' type.
packages/visual-editor/src/hooks/useCodeSync.ts(10,38): error TS7006: Parameter 'state' implicitly has an 'any' type.
packages/visual-editor/src/hooks/useCodeSync.ts(11,41): error TS7006: Parameter 'state' implicitly has an 'any' type.
packages/visual-editor/src/hooks/useDragDrop.ts(6,126): error TS2307: Cannot find module '@/types' or its corresponding type declarations.
packages/visual-editor/src/hooks/useDragDrop.ts(13,35): error TS7006: Parameter 'state' implicitly has an 'any' type.
packages/visual-editor/src/hooks/useEditorStore.ts(4,80): error TS2307: Cannot find module '@/types' or its corresponding type declarations.
packages/visual-editor/src/hooks/useEditorStore.ts(17,68): error TS7006: Parameter 'set' implicitly has an 'any' type.
packages/visual-editor/src/hooks/useEditorStore.ts(17,73): error TS7006: Parameter 'get' implicitly has an 'any' type.
packages/visual-editor/src/hooks/useEditorStore.ts(20,14): error TS7006: Parameter 'nodes' implicitly has an 'any' type.
packages/visual-editor/src/hooks/useEditorStore.ts(22,14): error TS7006: Parameter 'edges' implicitly has an 'any' type.
packages/visual-editor/src/hooks/useEditorStore.ts(24,13): error TS7006: Parameter 'node' implicitly has an 'any' type.
packages/visual-editor/src/hooks/useEditorStore.ts(25,10): error TS7006: Parameter 'state' implicitly has an 'any' type.
packages/visual-editor/src/hooks/useEditorStore.ts(30,16): error TS7006: Parameter 'id' implicitly has an 'any' type.
packages/visual-editor/src/hooks/useEditorStore.ts(30,20): error TS7006: Parameter 'data' implicitly has an 'any' type.
packages/visual-editor/src/hooks/useEditorStore.ts(31,10): error TS7006: Parameter 'state' implicitly has an 'any' type.
packages/visual-editor/src/hooks/useEditorStore.ts(32,31): error TS7006: Parameter 'node' implicitly has an 'any' type.
packages/visual-editor/src/hooks/useEditorStore.ts(40,16): error TS7006: Parameter 'id' implicitly has an 'any' type.
packages/visual-editor/src/hooks/useEditorStore.ts(41,10): error TS7006: Parameter 'state' implicitly has an 'any' type.
packages/visual-editor/src/hooks/useEditorStore.ts(42,34): error TS7006: Parameter 'node' implicitly has an 'any' type.
packages/visual-editor/src/hooks/useEditorStore.ts(44,10): error TS7006: Parameter 'edge' implicitly has an 'any' type.
packages/visual-editor/src/hooks/useEditorStore.ts(50,13): error TS7006: Parameter 'edge' implicitly has an 'any' type.
packages/visual-editor/src/hooks/useEditorStore.ts(51,10): error TS7006: Parameter 'state' implicitly has an 'any' type.
packages/visual-editor/src/hooks/useEditorStore.ts(56,16): error TS7006: Parameter 'id' implicitly has an 'any' type.
packages/visual-editor/src/hooks/useEditorStore.ts(57,10): error TS7006: Parameter 'state' implicitly has an 'any' type.
packages/visual-editor/src/hooks/useEditorStore.ts(58,34): error TS7006: Parameter 'edge' implicitly has an 'any' type.
packages/visual-editor/src/hooks/useEditorStore.ts(63,16): error TS7006: Parameter 'id' implicitly has an 'any' type.
packages/visual-editor/src/hooks/useEditorStore.ts(65,16): error TS7006: Parameter 'id' implicitly has an 'any' type.
packages/visual-editor/src/hooks/useEditorStore.ts(67,19): error TS7006: Parameter 'name' implicitly has an 'any' type.
packages/visual-editor/src/hooks/useEditorStore.ts(67,25): error TS7006: Parameter 'version' implicitly has an 'any' type.
packages/visual-editor/src/hooks/useEditorStore.ts(70,13): error TS7006: Parameter 'zoom' implicitly has an 'any' type.
packages/visual-editor/src/hooks/useEditorStore.ts(72,14): error TS7006: Parameter 'isDirty' implicitly has an 'any' type.
packages/visual-editor/src/hooks/useEditorStore.ts(79,33): error TS7006: Parameter 'state' implicitly has an 'any' type.
packages/visual-editor/src/hooks/useEditorStore.ts(80,42): error TS7006: Parameter 'state' implicitly has an 'any' type.
packages/visual-editor/src/hooks/useEditorStore.ts(81,22): error TS7006: Parameter 'node' implicitly has an 'any' type.
packages/visual-editor/src/hooks/useEditorStore.ts(85,33): error TS7006: Parameter 'state' implicitly has an 'any' type.
packages/visual-editor/src/hooks/useEditorStore.ts(86,42): error TS7006: Parameter 'state' implicitly has an 'any' type.
packages/visual-editor/src/hooks/useEditorStore.ts(87,22): error TS7006: Parameter 'edge' implicitly has an 'any' type.
packages/visual-editor/src/lib/layout.ts(5,54): error TS2307: Cannot find module '@/types' or its corresponding type declarations.
packages/visual-editor/src/lib/parser.ts(5,100): error TS2307: Cannot find module '@/types' or its corresponding type declarations.
packages/visual-editor/src/lib/serializer.ts(5,122): error TS2307: Cannot find module '@/types' or its corresponding type declarations.
packages/vscode-islstudio/src/intent-manager.ts(29,19): error TS2769: No overload matches this call.
  The last overload gave the following error.
    Type '(err: any, files: any) => void' has no properties in common with type 'GlobOptions'.
packages/vscode-islstudio/src/intent-manager.ts(29,20): error TS7006: Parameter 'err' implicitly has an 'any' type.
packages/vscode-islstudio/src/intent-manager.ts(29,25): error TS7006: Parameter 'files' implicitly has an 'any' type.
packages/vscode/src/__tests__/lsp-integration.test.ts(175,7): error TS2322: Type 'Mock<[method: string, param: any, token?: CancellationToken | undefined], Promise<unknown>>' is not assignable to type '{ <R, PR, E, RO>(type: ProtocolRequestType0<R, PR, E, RO>, token?: CancellationToken | undefined): Promise<R>; <P, R, PR, E, RO>(type: ProtocolRequestType<...>, params: P, token?: CancellationToken | undefined): Promise<...>; <R, E>(type: RequestType0<...>, token?: CancellationToken | undefined): Promise<...>; <P, R...'.
  Types of parameters 'method' and 'type' are incompatible.
    Type 'ProtocolRequestType0<any, any, any, any>' is not assignable to type 'string'.
packages/vscode/src/__tests__/lsp-integration.test.ts(176,7): error TS2322: Type 'Mock<[method: string, handler: GenericNotificationHandler], Disposable>' is not assignable to type '{ <RO>(type: ProtocolNotificationType0<RO>, handler: NotificationHandler0): Disposable; <P, RO>(type: ProtocolNotificationType<P, RO>, handler: NotificationHandler<...>): Disposable; (type: NotificationType0, handler: NotificationHandler0): Disposable; <P>(type: NotificationType<...>, handler: NotificationHandler<.....'.
  Types of parameters 'method' and 'type' are incompatible.
    Type 'ProtocolNotificationType0<any>' is not assignable to type 'string'.
packages/vscode/src/__tests__/lsp-integration.test.ts(194,29): error TS2352: Conversion of type 'OutputChannel' to type '{ appendLine: Mock<any[], unknown>; show: Mock<any[], unknown>; }' may be a mistake because neither type sufficiently overlaps with the other. If this was intentional, convert the expression to 'unknown' first.
  Types of property 'appendLine' are incompatible.
    Type '(value: string) => void' is missing the following properties from type 'Mock<any[], unknown>': getMockName, mockName, mock, mockClear, and 13 more.
packages/vscode/src/__tests__/lsp-integration.test.ts(237,29): error TS2352: Conversion of type 'OutputChannel' to type '{ appendLine: Mock<any[], unknown>; show: Mock<any[], unknown>; }' may be a mistake because neither type sufficiently overlaps with the other. If this was intentional, convert the expression to 'unknown' first.
  Types of property 'appendLine' are incompatible.
    Type '(value: string) => void' is missing the following properties from type 'Mock<any[], unknown>': getMockName, mockName, mock, mockClear, and 13 more.
packages/vscode/src/commands/validate.ts(22,33): error TS2345: Argument of type 'LanguageClient | undefined' is not assignable to parameter of type '() => LanguageClient | undefined'.
  Type 'undefined' is not assignable to type '() => LanguageClient | undefined'.
packages/vscode/src/isl-language/diagnostics.ts(89,33): error TS2307: Cannot find module '@isl-lang/parser' or its corresponding type declarations.
packages/vscode/src/isl-language/diagnostics.ts(96,23): error TS2339: Property 'parseISL' does not exist on type '{ default: typeof import("@isl-lang/isl-core"); }'.
packages/vscode/src/isl-language/quickFixes.ts(40,36): error TS2307: Cannot find module '@isl-lang/parser' or its corresponding type declarations.
packages/vscode/src/isl-language/quickFixes.ts(50,22): error TS2352: Conversion of type '{ default: typeof import("@isl-lang/isl-core"); }' to type '{ format: (source: string) => string; }' may be a mistake because neither type sufficiently overlaps with the other. If this was intentional, convert the expression to 'unknown' first.
  Property 'format' is missing in type '{ default: typeof import("@isl-lang/isl-core"); }' but required in type '{ format: (source: string) => string; }'.
packages/vscode/src/webviews/isl-studio/bridge/bridge.ts(151,30): error TS2345: Argument of type '{ recentPrompts: string[]; lastSpecPath: string | null; lastReportPath: string | null; }' is not assignable to parameter of type '{ recentPrompts: string[]; lastSpecPath?: string | undefined; lastReportPath?: string | undefined; }'.
  Types of property 'lastSpecPath' are incompatible.
    Type 'string | null' is not assignable to type 'string | undefined'.
      Type 'null' is not assignable to type 'string | undefined'.
packages/vscode/src/webviews/isl-studio/bridge/bridge.ts(192,5): error TS2322: Type 'RequestHandler<StudioRequest>' is not assignable to type 'RequestHandlerMap[T]'.
  Type 'RequestHandler<StudioRequest>' is not assignable to type 'RequestHandler<BuildRequest> & RequestHandler<AuditRequest> & RequestHandler<GenerateSpecRequest> & ... 8 more ... & RequestHandler<...>'.
    Type 'RequestHandler<StudioRequest>' is not assignable to type 'RequestHandler<BuildRequest>'.
      Type 'StudioRequest' is not assignable to type 'BuildRequest'.
        Type 'GenerateSpecRequest' is not assignable to type 'BuildRequest'.
          Types of property 'type' are incompatible.
            Type '"GenerateSpec"' is not assignable to type '"Build"'.
packages/vscode/src/webviews/isl-studio/bridge/bridge.ts(192,27): error TS2352: Conversion of type 'RequestHandler<Extract<GenerateSpecRequest, { type: T; }> | Extract<BuildRequest, { type: T; }> | Extract<AuditRequest, { ...; }> | ... 8 more ... | Extract<...>>' to type 'RequestHandler<StudioRequest>' may be a mistake because neither type sufficiently overlaps with the other. If this was intentional, convert the expression to 'unknown' first.
  Types of parameters 'request' and 'request' are incompatible.
    Type 'StudioRequest' is not comparable to type 'Extract<GenerateSpecRequest, { type: T; }> | Extract<BuildRequest, { type: T; }> | Extract<AuditRequest, { ...; }> | ... 8 more ... | Extract<...>'.
      Type 'CopyToClipboardRequest' is not comparable to type 'Extract<GenerateSpecRequest, { type: T; }> | Extract<BuildRequest, { type: T; }> | Extract<AuditRequest, { ...; }> | ... 8 more ... | Extract<...>'.
        Type 'CopyToClipboardRequest' is not comparable to type 'Extract<CopyToClipboardRequest, { type: T; }>'.
packages/vscode/src/webviews/isl-studio/bridge/bridge.ts(201,9): error TS2322: Type 'RequestHandler<BuildRequest> | RequestHandler<AuditRequest> | RequestHandler<GenerateSpecRequest> | ... 8 more ... | RequestHandler<...>' is not assignable to type '(RequestHandler<BuildRequest> & RequestHandler<AuditRequest> & RequestHandler<GenerateSpecRequest> & ... 8 more ... & RequestHandler<...>) | undefined'.
  Type 'RequestHandler<BuildRequest>' is not assignable to type 'RequestHandler<BuildRequest> & RequestHandler<AuditRequest> & RequestHandler<GenerateSpecRequest> & ... 8 more ... & RequestHandler<...>'.
    Type 'RequestHandler<BuildRequest>' is not assignable to type 'RequestHandler<AuditRequest>'.
      Types of parameters 'request' and 'request' are incompatible.
        Type 'AuditRequest' is not assignable to type 'BuildRequest'.
          Types of property 'type' are incompatible.
            Type '"Audit"' is not assignable to type '"Build"'.
packages/vscode/src/webviews/isl-studio/bridge/bridge.ts(244,37): error TS2345: Argument of type 'StudioRequest' is not assignable to parameter of type 'never'.
  The intersection 'BuildRequest & AuditRequest & GenerateSpecRequest & OpenReportRequest & SaveSpecRequest & ... 6 more ... & CopyToClipboardRequest' was reduced to 'never' because property 'type' has conflicting types in some constituents.
    Type 'GenerateSpecRequest' is not assignable to type 'never'.
packages/vscode/src/webviews/isl-studio/bridge/bridge.ts(275,67): error TS2345: Argument of type 'Extract<GenerateSpecResponse, { type: T; }>["payload"] | Extract<BuildResponse, { type: T; }>["payload"] | Extract<AuditResponse, { ...; }>["payload"] | ... 8 more ... | Extract<...>["payload"]' is not assignable to parameter of type 'Extract<GenerateSpecResponse, { type: T; }>["payload"] & Extract<BuildResponse, { type: T; }>["payload"] & Extract<AuditResponse, { ...; }>["payload"] & ... 8 more ... & Extract<...>["payload"]'.
  Type 'Extract<GenerateSpecResponse, { type: T; }>["payload"]' is not assignable to type 'Extract<GenerateSpecResponse, { type: T; }>["payload"] & Extract<BuildResponse, { type: T; }>["payload"] & Extract<AuditResponse, { ...; }>["payload"] & ... 8 more ... & Extract<...>["payload"]'.
    Type '{ spec?: { raw: string; formatted: string; clauses: { id: string; type: string; description: string; code?: string | undefined; }[]; assumptions: { id: string; topic: string; assumed: string; rationale: string; confidence: "high" | ... 1 more ... | "low"; }[]; openQuestions: { ...; }[]; } | undefined; savedPath?: st...' is not assignable to type 'Extract<GenerateSpecResponse, { type: T; }>["payload"] & Extract<BuildResponse, { type: T; }>["payload"] & Extract<AuditResponse, { ...; }>["payload"] & ... 8 more ... & Extract<...>["payload"]'.
      Type '{ spec?: { raw: string; formatted: string; clauses: { id: string; type: string; description: string; code?: string | undefined; }[]; assumptions: { id: string; topic: string; assumed: string; rationale: string; confidence: "high" | ... 1 more ... | "low"; }[]; openQuestions: { ...; }[]; } | undefined; savedPath?: st...' is not assignable to type 'Extract<OpenReportResponse, { type: T; }>["payload"]'.
        Type '{ spec?: { raw: string; formatted: string; clauses: { id: string; type: string; description: string; code?: string | undefined; }[]; assumptions: { id: string; topic: string; assumed: string; rationale: string; confidence: "high" | ... 1 more ... | "low"; }[]; openQuestions: { ...; }[]; } | undefined; savedPath?: st...' is not assignable to type 'Record<string, never>'.
          Property 'spec' is incompatible with index signature.
            Type '{ raw: string; formatted: string; clauses: { id: string; type: string; description: string; code?: string | undefined; }[]; assumptions: { id: string; topic: string; assumed: string; rationale: string; confidence: "high" | ... 1 more ... | "low"; }[]; openQuestions: { ...; }[]; }' is not assignable to type 'never'.
              Type 'Extract<GenerateSpecResponse, { type: T; }>["payload"]' is not assignable to type 'Extract<OpenReportResponse, { type: T; }>["payload"]'.
                Type 'Extract<GenerateSpecResponse, { type: T; }>' is not assignable to type 'Extract<OpenReportResponse, { type: T; }>'.
                  Type '{ type: T; } & GenerateSpecResponse' is not assignable to type 'Extract<OpenReportResponse, { type: T; }>'.
packages/vscode/src/webviews/isl-studio/bridge/bridge.ts(291,51): error TS2345: Argument of type 'Extract<ProgressNotification, { type: T; }>["payload"] | Extract<LogNotification, { type: T; }>["payload"] | Extract<...>["payload"] | Extract<...>["payload"]' is not assignable to parameter of type 'Extract<ProgressNotification, { type: T; }>["payload"] & Extract<LogNotification, { type: T; }>["payload"] & Extract<...>["payload"] & Extract<...>["payload"]'.
  Type 'Extract<ProgressNotification, { type: T; }>["payload"]' is not assignable to type 'Extract<ProgressNotification, { type: T; }>["payload"] & Extract<LogNotification, { type: T; }>["payload"] & Extract<...>["payload"] & Extract<...>["payload"]'.
    Type '{ operation: "generate" | "build" | "audit"; percent: number; message: string; }' is not assignable to type 'Extract<ProgressNotification, { type: T; }>["payload"] & Extract<LogNotification, { type: T; }>["payload"] & Extract<...>["payload"] & Extract<...>["payload"]'.
      Type '{ operation: "generate" | "build" | "audit"; percent: number; message: string; }' is not assignable to type 'Extract<LogNotification, { type: T; }>["payload"]'.
        Property 'level' is missing in type '{ operation: "generate" | "build" | "audit"; percent: number; message: string; }' but required in type '{ level: "warn" | "error" | "info" | "debug"; message: string; }'.
          Type 'Extract<ProgressNotification, { type: T; }>["payload"]' is not assignable to type 'Extract<LogNotification, { type: T; }>["payload"]'.
            Type 'Extract<ProgressNotification, { type: T; }>' is not assignable to type 'Extract<LogNotification, { type: T; }>'.
              Type '{ type: T; } & ProgressNotification' is not assignable to type 'Extract<LogNotification, { type: T; }>'.
packages/vscode/src/webviews/isl-studio/bridge/bridge.ts(329,30): error TS2345: Argument of type '{ recentPrompts: string[]; lastSpecPath: string | null; lastReportPath: string | null; }' is not assignable to parameter of type '{ recentPrompts: string[]; lastSpecPath?: string | undefined; lastReportPath?: string | undefined; }'.
  Types of property 'lastSpecPath' are incompatible.
    Type 'string | null' is not assignable to type 'string | undefined'.
      Type 'null' is not assignable to type 'string | undefined'.
packages/vscode/src/webviews/isl-studio/bridge/bridge.ts(422,5): error TS2322: Type '(_request: GetStateRequest, bridge: StudioBridge) => Promise<{ recentPrompts: string[]; lastSpecPath: string | null; lastReportPath: string | null; }>' is not assignable to type 'RequestHandler<GetStateRequest>'.
  Type 'Promise<{ recentPrompts: string[]; lastSpecPath: string | null; lastReportPath: string | null; }>' is not assignable to type 'Promise<{ recentPrompts: string[]; lastSpecPath?: string | undefined; lastReportPath?: string | undefined; }>'.
    Type '{ recentPrompts: string[]; lastSpecPath: string | null; lastReportPath: string | null; }' is not assignable to type '{ recentPrompts: string[]; lastSpecPath?: string | undefined; lastReportPath?: string | undefined; }'.
      Types of property 'lastSpecPath' are incompatible.
        Type 'string | null' is not assignable to type 'string | undefined'.
          Type 'null' is not assignable to type 'string | undefined'.
packages/vscode/src/webviews/isl-studio/EvidenceView.ts(141,16): error TS2540: Cannot assign to 'isLoading' because it is a read-only property.
scripts/completeness-checker.ts(258,26): error TS18047: 'manifest' is possibly 'null'.
scripts/verify-promise.ts(17,10): error TS2305: Module '"@isl-lang/isl-core"' has no exported member 'parseISL'.
scripts/verify-promise.ts(67,29): error TS7006: Parameter 'e' implicitly has an 'any' type.
stdlib/examples/stdlib-integration/implementation.ts(12,8): error TS2307: Cannot find module '@isl-lang/stdlib-auth' or its corresponding type declarations.
stdlib/examples/stdlib-integration/implementation.ts(22,8): error TS2307: Cannot find module '@isl-lang/stdlib-rate-limit' or its corresponding type declarations.
stdlib/examples/stdlib-integration/implementation.ts(28,8): error TS2307: Cannot find module '@isl-lang/stdlib-payments' or its corresponding type declarations.
stdlib/examples/stdlib-integration/implementation.ts(35,8): error TS2307: Cannot find module '@isl-lang/stdlib-audit' or its corresponding type declarations.
stdlib/examples/stdlib-integration/implementation.ts(36,38): error TS2307: Cannot find module '@isl-lang/stdlib-audit/storage/postgres' or its corresponding type declarations.
stdlib/examples/stdlib-integration/implementation.ts(105,25): error TS7006: Parameter 'violation' implicitly has an 'any' type.
stdlib/examples/stdlib-integration/implementation.ts(484,21): error TS7006: Parameter 'req' implicitly has an 'any' type.
stdlib/examples/stdlib-integration/implementation.ts(491,27): error TS7006: Parameter 'req' implicitly has an 'any' type.
stdlib/examples/stdlib-integration/implementation.ts(491,32): error TS7006: Parameter 'result' implicitly has an 'any' type.
test-fixtures/index.ts(12,7): error TS7022: '__dirname' implicitly has type 'any' because it does not have a type annotation and is referenced directly or indirectly in its own initializer.
test-fixtures/index.ts(14,5): error TS2448: Block-scoped variable '__dirname' used before its declaration.
test-fixtures/xfail-harness.ts(265,10): error TS1205: Re-exporting a type when 'isolatedModules' is enabled requires using 'export type'.
test-fixtures/xfail-harness.ts(265,23): error TS1205: Re-exporting a type when 'isolatedModules' is enabled requires using 'export type'.
tests/e2e/login/login.test.ts(58,61): error TS2345: Argument of type 'RequestInit' is not assignable to parameter of type 'import("C:/Users/mevla/OneDrive/Desktop/projects/IntentOS/node_modules/.pnpm/next@14.1.0_@babel+core@7.29.0_react-dom@18.3.1_react@18.3.1/node_modules/next/dist/server/web/spec-extension/request").RequestInit'.
  Types of property 'signal' are incompatible.
    Type 'AbortSignal | null | undefined' is not assignable to type 'AbortSignal | undefined'.
      Type 'null' is not assignable to type 'AbortSignal | undefined'.
vitest.workspace.ts(18,7): error TS2353: Object literal may only specify known properties, and 'coverage' does not exist in type 'ProjectConfig'.
vitest.workspace.ts(40,7): error TS2353: Object literal may only specify known properties, and 'coverage' does not exist in type 'ProjectConfig'.
vitest.workspace.ts(62,7): error TS2353: Object literal may only specify known properties, and 'coverage' does not exist in type 'ProjectConfig'.
vitest.workspace.ts(85,7): error TS2353: Object literal may only specify known properties, and 'coverage' does not exist in type 'ProjectConfig'.
vitest.workspace.ts(107,7): error TS2353: Object literal may only specify known properties, and 'coverage' does not exist in type 'ProjectConfig'.
vitest.workspace.ts(141,7): error TS2353: Object literal may only specify known properties, and 'coverage' does not exist in type 'ProjectConfig'.
vitest.workspace.ts(158,7): error TS2353: Object literal may only specify known properties, and 'coverage' does not exist in type 'ProjectConfig'.
vitest.workspace.ts(181,7): error TS2353: Object literal may only specify known properties, and 'coverage' does not exist in type 'ProjectConfig'.
vitest.workspace.ts(242,7): error TS2353: Object literal may only specify known properties, and 'coverage' does not exist in type 'ProjectConfig'.
vitest.workspace.ts(291,7): error TS2353: Object literal may only specify known properties, and 'coverage' does not exist in type 'ProjectConfig'.
